MSBuild version 17.14.51+25f168cee for .NET Framework

  Checking File Globs
  RawrXD_NanoQuant.vcxproj -> F:\~dev\rawrxd\build\Release\RawrXD_NanoQuant.lib
  quickjs_static.vcxproj -> F:\~dev\rawrxd\build\Release\quickjs_static.lib
  rawrxd_remote64.vcxproj -> F:\~dev\rawrxd\build\Release\rawrxd_remote64.lib
  Deep2Engine.cpp
  Deep2Engine_Speculative.cpp
  ReverseLayer.cpp
  ChatTemplate.cpp
  QuantKernelRegistry.cpp
  ModelRegistry.cpp
  Deep2Engine_VulkanRuntime.cpp
  Deep2DualGpuRowSplit.cpp
  Deep2Engine_GpuMoEMLA.cpp
  deep2_cpu_mla.cpp
  Deep2Engine_GpuForward.cpp
  Deep2Engine_SsVkDecodeBind.cpp
  Generating Code...
  InferenceEngine.vcxproj -> F:\~dev\rawrxd\build\Release\InferenceEngine.lib
  RawrXD-ModelAnalysisLib.vcxproj -> F:\~dev\rawrxd\build\Release\RawrXD-ModelAnalysisLib.lib
  RawrXD-RE-Library.vcxproj -> F:\~dev\rawrxd\build\src\reverse_engineering\Release\RawrXD-RE-Library.lib
  multiwindow_scheduler.cpp
     Creating library F:/~dev/rawrxd/build/Release/RawrXD_MultiWindow_Kernel.lib and object F:/~dev/rawrxd/build/Release/RawrXD_MultiWindow_Kernel.exp
LINK : warning LNK4217: symbol 'KernelInit' defined in 'RawrXD_MultiWindow_Kernel.obj' is imported by 'multiwindow_scheduler.obj' in function '"public: __cdecl RawrXD::MultiWindowScheduler::MultiWindowScheduler(unsigned int)" (??0MultiWindowScheduler@RawrXD@@QEAA@I@Z)' [F:\~dev\rawrxd\build\RawrXD_MultiWindow_Kernel.vcxproj]
LINK : warning LNK4217: symbol 'KernelShutdown' defined in 'RawrXD_MultiWindow_Kernel.obj' is imported by 'multiwindow_scheduler.obj' in function '"public: __cdecl RawrXD::MultiWindowScheduler::~MultiWindowScheduler(void)" (??1MultiWindowScheduler@RawrXD@@QEAA@XZ)' [F:\~dev\rawrxd\build\RawrXD_MultiWindow_Kernel.vcxproj]
LINK : warning LNK4217: symbol 'SubmitTask' defined in 'RawrXD_MultiWindow_Kernel.obj' is imported by 'multiwindow_scheduler.obj' in function '"public: unsigned int __cdecl RawrXD::MultiWindowScheduler::Submit(struct RawrXD::TaskOptions const &)" (?Submit@MultiWindowScheduler@RawrXD@@QEAAIAEBUTaskOptions@2@@Z)' [F:\~dev\rawrxd\build\RawrXD_MultiWindow_Kernel.vcxproj]
LINK : warning LNK4217: symbol 'CancelTask' defined in 'RawrXD_MultiWindow_Kernel.obj' is imported by 'multiwindow_scheduler.obj' in function '"public: bool __cdecl RawrXD::MultiWindowScheduler::Cancel(unsigned int)" (?Cancel@MultiWindowScheduler@RawrXD@@QEAA_NI@Z)' [F:\~dev\rawrxd\build\RawrXD_MultiWindow_Kernel.vcxproj]
LINK : warning LNK4217: symbol 'IsTaskComplete' defined in 'RawrXD_MultiWindow_Kernel.obj' is imported by 'multiwindow_scheduler.obj' in function '"public: bool __cdecl RawrXD::MultiWindowScheduler::IsComplete(unsigned int)const " (?IsComplete@MultiWindowScheduler@RawrXD@@QEBA_NI@Z)' [F:\~dev\rawrxd\build\RawrXD_MultiWindow_Kernel.vcxproj]
LINK : warning LNK4217: symbol 'RegisterWindow' defined in 'RawrXD_MultiWindow_Kernel.obj' is imported by 'multiwindow_scheduler.obj' in function '"public: struct RawrXD::Window __cdecl RawrXD::MultiWindowScheduler::CreateWindow(unsigned int,int,int,unsigned int,unsigned int,char const *)" (?CreateWindow@MultiWindowScheduler@RawrXD@@QEAA?AUWindow@2@IHHIIPEBD@Z)' [F:\~dev\rawrxd\build\RawrXD_MultiWindow_Kernel.vcxproj]
LINK : warning LNK4217: symbol 'UnregisterWindow' defined in 'RawrXD_MultiWindow_Kernel.obj' is imported by 'multiwindow_scheduler.obj' in function '"public: __cdecl RawrXD::MultiWindowScheduler::~MultiWindowScheduler(void)" (??1MultiWindowScheduler@RawrXD@@QEAA@XZ)' [F:\~dev\rawrxd\build\RawrXD_MultiWindow_Kernel.vcxproj]
LINK : warning LNK4217: symbol 'SendIPCMessage' defined in 'RawrXD_MultiWindow_Kernel.obj' is imported by 'multiwindow_scheduler.obj' in function '"public: bool __cdecl RawrXD::MultiWindowScheduler::SendIPC(unsigned int,unsigned int,unsigned int,void const *,unsigned int)" (?SendIPC@MultiWindowScheduler@RawrXD@@QEAA_NIIIPEBXI@Z)' [F:\~dev\rawrxd\build\RawrXD_MultiWindow_Kernel.vcxproj]
LINK : warning LNK4217: symbol 'GetKernelStats' defined in 'RawrXD_MultiWindow_Kernel.obj' is imported by 'multiwindow_scheduler.obj' in function '"public: struct MW_KernelStats __cdecl RawrXD::MultiWindowScheduler::GetStats(void)const " (?GetStats@MultiWindowScheduler@RawrXD@@QEBA?AUMW_KernelStats@@XZ)' [F:\~dev\rawrxd\build\RawrXD_MultiWindow_Kernel.vcxproj]
LINK : warning LNK4217: symbol 'SwarmBroadcast' defined in 'RawrXD_MultiWindow_Kernel.obj' is imported by 'multiwindow_scheduler.obj' in function '"public: unsigned int __cdecl RawrXD::MultiWindowScheduler::SwarmExecute(unsigned char,void const *,unsigned int,unsigned int)" (?SwarmExecute@MultiWindowScheduler@RawrXD@@QEAAIEPEBXII@Z)' [F:\~dev\rawrxd\build\RawrXD_MultiWindow_Kernel.vcxproj]
LINK : warning LNK4217: symbol 'ChainOfThought' defined in 'RawrXD_MultiWindow_Kernel.obj' is imported by 'multiwindow_scheduler.obj' in function '"public: unsigned int __cdecl RawrXD::MultiWindowScheduler::CreateCoTPipeline(unsigned int,void (__cdecl*const *)(unsigned int,bool),unsigned int)" (?CreateCoTPipeline@MultiWindowScheduler@RawrXD@@QEAAIIPEBQ6AXI_N@ZI@Z)' [F:\~dev\rawrxd\build\RawrXD_MultiWindow_Kernel.vcxproj]
LINK : warning LNK4217: symbol 'GetMicroseconds' defined in 'RawrXD_MultiWindow_Kernel.obj' is imported by 'multiwindow_scheduler.obj' in function '"public: unsigned __int64 __cdecl RawrXD::MultiWindowScheduler::GetMicros(void)const " (?GetMicros@MultiWindowScheduler@RawrXD@@QEBA_KXZ)' [F:\~dev\rawrxd\build\RawrXD_MultiWindow_Kernel.vcxproj]
  RawrXD_MultiWindow_Kernel.vcxproj -> F:\~dev\rawrxd\build\bin\Release\RawrXD_MultiWindow_Kernel.dll
  Building Custom Rule F:/~dev/rawrxd/rguf_source/CMakeLists.txt
  RGUFPlatform.cpp
  RGUFQuant.cpp
  RGUFWriter.cpp
  RGUFLoader.cpp
  Generating Code...
  rguf.vcxproj -> F:\~dev\rawrxd\build\rguf_source\Release\rguf.lib
  Building Custom Rule F:/~dev/rawrxd/CMakeLists.txt
  Assembling F:\~dev\rawrxd\src\asm\webview2_masm64_dispatcher.asm...
MASM : warning A4018: invalid command-line option : /FS [F:\~dev\rawrxd\build\RawrXD-Win32IDE.vcxproj]
  Assembling F:\~dev\rawrxd\src\asm\view_state_x64.asm...
MASM : warning A4018: invalid command-line option : /FS [F:\~dev\rawrxd\build\RawrXD-Win32IDE.vcxproj]
  Assembling F:\~dev\rawrxd\src\asm\tensor_masm.asm...
MASM : warning A4018: invalid command-line option : /FS [F:\~dev\rawrxd\build\RawrXD-Win32IDE.vcxproj]
  Assembling F:\~dev\rawrxd\src\asm\rawr_globals.asm...
MASM : warning A4018: invalid command-line option : /FS [F:\~dev\rawrxd\build\RawrXD-Win32IDE.vcxproj]
  Assembling F:\~dev\rawrxd\src\asm\rawr_cpu_features.asm...
MASM : warning A4018: invalid command-line option : /FS [F:\~dev\rawrxd\build\RawrXD-Win32IDE.vcxproj]
  Assembling F:\~dev\rawrxd\src\asm\inference_core.asm...
MASM : warning A4018: invalid command-line option : /FS [F:\~dev\rawrxd\build\RawrXD-Win32IDE.vcxproj]
  Assembling F:\~dev\rawrxd\src\asm\FlashAttention_AVX512.asm...
MASM : warning A4018: invalid command-line option : /FS [F:\~dev\rawrxd\build\RawrXD-Win32IDE.vcxproj]
  Assembling F:\~dev\rawrxd\src\asm\quant_avx2.asm...
MASM : warning A4018: invalid command-line option : /FS [F:\~dev\rawrxd\build\RawrXD-Win32IDE.vcxproj]
  Assembling F:\~dev\rawrxd\src\asm\RawrXD_KQuant_Dequant.asm...
MASM : warning A4018: invalid command-line option : /FS [F:\~dev\rawrxd\build\RawrXD-Win32IDE.vcxproj]
  Assembling F:\~dev\rawrxd\src\asm\RawrXD_AVX512_Dequant_BPE.asm...
MASM : warning A4018: invalid command-line option : /FS [F:\~dev\rawrxd\build\RawrXD-Win32IDE.vcxproj]
  Assembling F:\~dev\rawrxd\src\asm\RawrXD_PDBKernel_v3.asm...
MASM : warning A4018: invalid command-line option : /FS [F:\~dev\rawrxd\build\RawrXD-Win32IDE.vcxproj]
  Assembling F:\~dev\rawrxd\src\asm\RawrXD_ModuleEngine.asm...
MASM : warning A4018: invalid command-line option : /FS [F:\~dev\rawrxd\build\RawrXD-Win32IDE.vcxproj]
  Assembling F:\~dev\rawrxd\src\asm\request_patch.asm...
MASM : warning A4018: invalid command-line option : /FS [F:\~dev\rawrxd\build\RawrXD-Win32IDE.vcxproj]
  Assembling F:\~dev\rawrxd\src\asm\inference_kernels.asm...
MASM : warning A4018: invalid command-line option : /FS [F:\~dev\rawrxd\build\RawrXD-Win32IDE.vcxproj]
  Assembling F:\~dev\rawrxd\src\asm\model_bridge_x64.asm...
MASM : warning A4018: invalid command-line option : /FS [F:\~dev\rawrxd\build\RawrXD-Win32IDE.vcxproj]
  Assembling F:\~dev\rawrxd\src\asm\model_streamer_x64.asm...
MASM : warning A4018: invalid command-line option : /FS [F:\~dev\rawrxd\build\RawrXD-Win32IDE.vcxproj]
  Assembling F:\~dev\rawrxd\src\asm\RawrXD_DualAgent_Orchestrator.asm...
MASM : warning A4018: invalid command-line option : /FS [F:\~dev\rawrxd\build\RawrXD-Win32IDE.vcxproj]
  Assembling F:\~dev\rawrxd\src\asm\RawrXD_DiskRecoveryAgent.asm...
MASM : warning A4018: invalid command-line option : /FS [F:\~dev\rawrxd\build\RawrXD-Win32IDE.vcxproj]
  Assembling F:\~dev\rawrxd\src\asm\disk_recovery_scsi.asm...
MASM : warning A4018: invalid command-line option : /FS [F:\~dev\rawrxd\build\RawrXD-Win32IDE.vcxproj]
  Assembling F:\~dev\rawrxd\src\asm\RawrXD_Prometheus_Exporter.asm...
MASM : warning A4018: invalid command-line option : /FS [F:\~dev\rawrxd\build\RawrXD-Win32IDE.vcxproj]
  Assembling F:\~dev\rawrxd\src\asm\RawrXD_SelfPatch_Agent.asm...
MASM : warning A4018: invalid command-line option : /FS [F:\~dev\rawrxd\build\RawrXD-Win32IDE.vcxproj]
  Assembling F:\~dev\rawrxd\src\asm\RawrXD_SourceEdit_Kernel.asm...
MASM : warning A4018: invalid command-line option : /FS [F:\~dev\rawrxd\build\RawrXD-Win32IDE.vcxproj]
  Assembling F:\~dev\rawrxd\src\asm\feature_dispatch_bridge.asm...
MASM : warning A4018: invalid command-line option : /FS [F:\~dev\rawrxd\build\RawrXD-Win32IDE.vcxproj]
  Assembling F:\~dev\rawrxd\src\asm\gui_dispatch_bridge.asm...
MASM : warning A4018: invalid command-line option : /FS [F:\~dev\rawrxd\build\RawrXD-Win32IDE.vcxproj]
  Assembling F:\~dev\rawrxd\src\asm\VulkanKernel_DispatchRaw.asm...
MASM : warning A4018: invalid command-line option : /FS [F:\~dev\rawrxd\build\RawrXD-Win32IDE.vcxproj]
  Assembling F:\~dev\rawrxd\src\masm\rawrxd_math_masm.asm...
MASM : warning A4018: invalid command-line option : /FS [F:\~dev\rawrxd\build\RawrXD-Win32IDE.vcxproj]
  Assembling F:\~dev\rawrxd\src\masm\rawrxd_transformer_masm_fixed.asm...
MASM : warning A4018: invalid command-line option : /FS [F:\~dev\rawrxd\build\RawrXD-Win32IDE.vcxproj]
  Assembling F:\~dev\rawrxd\src\masm\rawrxd_transformer_full.asm...
MASM : warning A4018: invalid command-line option : /FS [F:\~dev\rawrxd\build\RawrXD-Win32IDE.vcxproj]
  Assembling F:\~dev\rawrxd\src\asm\Sovereign_KernelBridge_MASM.asm...
MASM : warning A4018: invalid command-line option : /FS [F:\~dev\rawrxd\build\RawrXD-Win32IDE.vcxproj]
  Assembling F:\~dev\rawrxd\src\asm\RawrXD_OverclockGov_Pure.asm...
MASM : warning A4018: invalid command-line option : /FS [F:\~dev\rawrxd\build\RawrXD-Win32IDE.vcxproj]
  Assembling F:\~dev\rawrxd\src\asm\RawrXD_Emitter_v1.asm...
MASM : warning A4018: invalid command-line option : /FS [F:\~dev\rawrxd\build\RawrXD-Win32IDE.vcxproj]
  Assembling F:\~dev\rawrxd\src\asm\RawrXD_IPC_Dispatcher.asm...
MASM : warning A4018: invalid command-line option : /FS [F:\~dev\rawrxd\build\RawrXD-Win32IDE.vcxproj]
  Assembling F:\~dev\rawrxd\src\asm\RawrXD_AuditSystem_Pure.asm...
MASM : warning A4018: invalid command-line option : /FS [F:\~dev\rawrxd\build\RawrXD-Win32IDE.vcxproj]
  Assembling F:\~dev\rawrxd\src\asm\Advanced_Code_Deobfuscator.asm...
MASM : warning A4018: invalid command-line option : /FS [F:\~dev\rawrxd\build\RawrXD-Win32IDE.vcxproj]
  Assembling F:\~dev\rawrxd\src\asm\agentic_deep_thinking_kernels.asm...
MASM : warning A4018: invalid command-line option : /FS [F:\~dev\rawrxd\build\RawrXD-Win32IDE.vcxproj]
  Assembling F:\~dev\rawrxd\src\deep2\sovereign_deep2_kernels.asm...
MASM : warning A4018: invalid command-line option : /FS [F:\~dev\rawrxd\build\RawrXD-Win32IDE.vcxproj]
  Assembling F:\~dev\rawrxd\src\deep2\sovereign_q4k_gemv.asm...
MASM : warning A4018: invalid command-line option : /FS [F:\~dev\rawrxd\build\RawrXD-Win32IDE.vcxproj]
  Assembling F:\~dev\rawrxd\src\deep2\sovereign_q4k_gemv_v2.asm...
MASM : warning A4018: invalid command-line option : /FS [F:\~dev\rawrxd\build\RawrXD-Win32IDE.vcxproj]
  Assembling F:\~dev\rawrxd\src\deep2\sovereign_q2k_gemv_v2.asm...
MASM : warning A4018: invalid command-line option : /FS [F:\~dev\rawrxd\build\RawrXD-Win32IDE.vcxproj]
  Assembling F:\~dev\rawrxd\src\deep2\sovereign_q3k_gemv_v2.asm...
MASM : warning A4018: invalid command-line option : /FS [F:\~dev\rawrxd\build\RawrXD-Win32IDE.vcxproj]
  Assembling F:\~dev\rawrxd\src\deep2\sovereign_moe_fused.asm...
MASM : warning A4018: invalid command-line option : /FS [F:\~dev\rawrxd\build\RawrXD-Win32IDE.vcxproj]
  Assembling F:\~dev\rawrxd\src\sovereign\puppeteer\Puppeteer_CaptureState.asm...
MASM : warning A4018: invalid command-line option : /FS [F:\~dev\rawrxd\build\RawrXD-Win32IDE.vcxproj]
  Assembling F:\~dev\rawrxd\src\asm\RawrXD_NanoQuant_Engine.asm...
MASM : warning A4018: invalid command-line option : /FS [F:\~dev\rawrxd\build\RawrXD-Win32IDE.vcxproj]
  Assembling F:\~dev\rawrxd\src\asm\RawrXD_PE_Importer.asm...
MASM : warning A4018: invalid command-line option : /FS [F:\~dev\rawrxd\build\RawrXD-Win32IDE.vcxproj]
  Assembling F:\~dev\rawrxd\src\asm\RawrXD_PE_Exporter.asm...
MASM : warning A4018: invalid command-line option : /FS [F:\~dev\rawrxd\build\RawrXD-Win32IDE.vcxproj]
  Assembling F:\~dev\rawrxd\src\asm\ghost_text_ranker.asm...
MASM : warning A4018: invalid command-line option : /FS [F:\~dev\rawrxd\build\RawrXD-Win32IDE.vcxproj]
  Assembling F:\~dev\rawrxd\src\asm\diff_engine.asm...
MASM : warning A4018: invalid command-line option : /FS [F:\~dev\rawrxd\build\RawrXD-Win32IDE.vcxproj]
  Assembling F:\~dev\rawrxd\src\asm\RawrXD_HexMag_Swarm.asm...
MASM : warning A4018: invalid command-line option : /FS [F:\~dev\rawrxd\build\RawrXD-Win32IDE.vcxproj]
  Assembling F:\~dev\rawrxd\src\asm\RawrXD_HexMag_RepeatTuner.asm...
MASM : warning A4018: invalid command-line option : /FS [F:\~dev\rawrxd\build\RawrXD-Win32IDE.vcxproj]
  main_win32.cpp
  ide_inference_gate.cpp
  ide_toolchain_gate.cpp
  gold_command_providers.cpp
  JITAssembler.cpp
  HeadlessIDE_FileAliases.cpp
  quantum_agent_orchestrator.cpp
  quantum_autonomous_todo_system.cpp
  quantum_multi_model_agent_cycling.cpp
  quantum_dynamic_time_manager.cpp
  quantum_missing_impl.cpp
  quantum_production_orchestrator.cpp
  autonomous_orchestrator.cpp
  orchestrator_cli_handler.cpp
  RawrXD_MainLoop.cpp
  agentic_bridge.cpp
  Win32SwarmBridge.cpp
  SwarmIATRegistration.cpp
  UnifiedModelMetadata.cpp
  ErrorRecoveryManager.cpp
  Generating Code...
  Compiling...
  auto_feature_registry.cpp
  Win32IDE.cpp
  Win32IDE_Core.cpp
  Win32IDE_CoreRuntimeSpine.cpp
  Win32IDE_Commands.cpp
  Win32IDE_CommandSurface.cpp
  CommandBroker.cpp
  CommandEventJournal.cpp
  SessionBinder.cpp
  CapabilityProfile.cpp
  Win32IDE_VSCodeUI.cpp
  Win32IDE_WindowOwnership.cpp
  Win32IDE_Accelerators.cpp
  IV280Bridge.cpp
  IMultiFileSearchWidget.cpp
  CICDSettings.cpp
  BenchmarkMenu.cpp
  WindowManager.cpp
  EditorOperations.cpp
  RouterOperations.cpp
  Generating Code...
  Compiling...
  Win32IDE_Watchdog.cpp
  Win32IDE_SyntaxHighlight.cpp
  Win32IDE_VisionEncoder.cpp
  Win32IDE_Themes.cpp
  Win32IDE_StreamingUX.cpp
  Win32IDE_Sidebar.cpp
  Win32IDE_Debugger.cpp
  Win32IDE_AutonomousDebugger.cpp
  Win32IDE_Annotations.cpp
  Win32IDE_ReverseEngineering.cpp
  Win32IDE_Logger.cpp
  Win32IDE_AgenticBridge.cpp
  Win32IDE_AgentCommands.cpp
  Win32IDE_TabManager.cpp
  Win32IDE_Settings.cpp
  Win32IDE_AutonomousCommunicator.cpp
  Win32IDE_AgenticComposerUX.cpp
  Win32IDE_ContextMentionParser.cpp
  Win32IDE_UnifiedTelemetry.cpp
  Win32IDE_Autonomy.cpp
  Generating Code...
  Compiling...
  Win32IDE_PowerShell.cpp
  Win32IDE_PowerShellPanel.cpp
  Win32IDE_CommandFlight.cpp
  Win32IDE_ShellLayout.cpp
  Win32IDE_MenuE2eProbe.cpp
  Win32IDE_Session.cpp
  Win32IDE_GGUFInspector.cpp
  Win32IDE_FileOps.cpp
  Win32IDE_RuntimeCert.cpp
  Win32IDE_DecompilerView.cpp
  Win32IDE_NativePipeline.cpp
  Win32IDE_ModelAnatomy.cpp
  zlib_runtime_loader.cpp
  NegativeSpaceProfiler.cpp
  unlinked_symbols_batch_022.cpp
  RawrXD_AutonomousAgenticPipeline.cpp
  RawrXD_AgentCoordinator.cpp
  Win32IDE_FeatureManifest.cpp
  Win32IDE_GhostText.cpp
  ai_completion_real.cpp
  Generating Code...
  Compiling...
  Win32IDE_OutlinePanel.cpp
  Win32IDE_RenamePreview.cpp
  Win32IDE_Tier2Cosmetics.cpp
  Win32IDE_Tier1Cosmetics.cpp
  Win32IDE_Breadcrumbs.cpp
  Win32IDE_PlanExecutor.cpp
  failure_intelligence_orchestrator.cpp
  Win32IDE_AgenticPlanningPanel.cpp
  Win32IDE_FailureDetector.cpp
  Win32IDE_FailureIntelligence.cpp
  Win32IDE_LocalServer.cpp
  Win32IDE_BackendSwitcher.cpp
  ProviderKeyStore.cpp
  ProviderKeyStore_get.cpp
  ProviderKeyStore_misc.cpp
  Win32IDE_AIBackend.cpp
  Win32IDE_LLMRouter.cpp
  Win32IDE_LSPClient.cpp
  Win32IDE_PeekOverlay.cpp
  Win32IDE_CaretAnimation.cpp
  Generating Code...
  Compiling...
  Win32IDE_ModelDiscovery.cpp
  Win32IDE_SwarmModelSelector.cpp
  Win32IDE_AsmSemantic.cpp
  Win32IDE_LSP_AI_Bridge.cpp
  Win32IDE_MultiResponse.cpp
  Win32IDE_ExecutionGovernor.cpp
  Win32IDE_LayerEviction.cpp
  Win32IDE_SubAgent.cpp
  Win32IDE_AgentHistory.cpp
  Win32IDE_AgentPanel.cpp
  Win32IDE_DiskRecovery.cpp
  Win32TerminalManager.cpp
  TransparentRenderer.cpp
  win32_plugin_loader.cpp
  Win32IDE_Plugins.cpp
  Win32IDE_HandleExtensionCommand.cpp
  ide_project_config.cpp
  QuantumAuthUI.cpp
  RDNA3_GpuDispatcher.cpp
  AgentToolHandlers.cpp
  Generating Code...
  Compiling...
  BoundedAgentLoop.cpp
  OllamaProvider.cpp
  DeterministicReplayEngine.cpp
  autonomous_recovery_orchestrator.cpp
  AgenticDeepThinkingEngine.cpp
  AgentOrchestrator.cpp
  OrchestratorBridge.cpp
  AgenticNavigator.cpp
  ToolRegistry.cpp
  RawrXD_AgentLoop.cpp
  agentic_executor.cpp
  FIMPromptBuilder.cpp
  unlinked_symbols_batch_001.cpp
  unlinked_symbols_batch_002.cpp
  unlinked_symbols_batch_003.cpp
  win32ide_watchdog_init.cpp
  unlinked_symbols_batch_005.cpp
  unlinked_symbols_batch_006.cpp
  unlinked_symbols_batch_007.cpp
  unlinked_symbols_batch_008.cpp
  Generating Code...
  Compiling...
  unlinked_symbols_batch_009.cpp
  unlinked_symbols_batch_010.cpp
  unlinked_symbols_batch_011.cpp
  unlinked_symbols_batch_012.cpp
  unlinked_symbols_batch_018.cpp
  unlinked_symbols_batch_019.cpp
  unlinked_symbols_batch_021.cpp
  ANSIParser.cpp
  vulkan_kernel_bridge.cpp
  rdna3_bridge.cpp
  rawrxd_ggufrunner_signals.cpp
  cursor_widget.cpp
  crdt_buffer.cpp
  spengine_bridge.cpp
  Win32IDE_SemanticIndex.cpp
  sdma_coordinator.cpp
  rawrxd_subsystem_api.cpp
  runtime_core.cpp
  telemetry_collector.cpp
  auto_repair_orchestrator.cpp
  Generating Code...
  Compiling...
  agent_memory_indexer.cpp
  agentic_transaction.cpp
  agent_workflow_orchestrator.cpp
  DiskRecoveryToolHandler.cpp
  ErrorReporter.cpp
  ConfigurationValidator.cpp
  rawrxd_inference.cpp
  rawrxd_model_loader.cpp
  rawrxd_transformer.cpp
  rawrxd_cpu_math.cpp
  rawrxd_tokenizer.cpp
  rawrxd_sampler.cpp
  engine_manager.cpp
  cpu_inference_engine.cpp
  swarm_scheduler.cpp
  gguf_swarm_plan_builder.cpp
  gguf_loader.cpp
  gguf_vocab_resolver.cpp
  model_source_resolver.cpp
  transformer.cpp
  Generating Code...
  Compiling...
  streaming_engine_registry.cpp
  gpu_backend_bridge.cpp
  enterprise_license.cpp
  enterprise_licensev2_impl.cpp
  enterprise_devunlock_bridge.cpp
  monolithic_heap_globals.cpp
  license_helper_utilities.cpp
  license_anti_tampering.cpp
  camellia256_bridge.cpp
  watchdog_service.cpp
  flash_attention.cpp
  execution_scheduler.cpp
  execution_governor.cpp
  multi_gpu.cpp
  agent_safety_contract.cpp
  deterministic_replay.cpp
  confidence_gate.cpp
  layer_offload_manager.cpp
  native_speed_layer.cpp
  local_ai_core.cpp
  Generating Code...
  Compiling...
  native_inference_pipeline.cpp
  70b_gguf_hotpatch.cpp
  governor_throttling.cpp
  swarm_coordinator.cpp
  swarm_worker.cpp
  Win32IDE_SwarmPanel.cpp
  Win32IDE_DualAgentPanel.cpp
  native_debugger_engine.cpp
  native_debugger_symbols.cpp
  Win32IDE_NativeDebugPanel.cpp
  model_memory_hotpatch.cpp
  byte_level_hotpatcher.cpp
  unified_hotpatch_manager.cpp
  proxy_hotpatcher.cpp
  model_bruteforce_engine.cpp
  pt_driver_contract.cpp
  shadow_page_detour.cpp
  sentinel_watchdog.cpp
  Win32IDE_HotpatchPanel.cpp
  agentic_hotpatch_orchestrator.cpp
  Generating Code...
  Compiling...
  llm_http_client.cpp
  model_invoker.cpp
  planner.cpp
  meta_planner.cpp
  eval_framework.cpp
  autonomous_subagent.cpp
  agentic_failure_detector.cpp
  agentic_deep_thinking_engine.cpp
  ai_agent_masm_core_impl.cpp
  agentic_puppeteer.cpp
  cloud_api_client.cpp
  local_reasoning_engine.cpp
  agent_self_repair.cpp
  agent_self_healing_orchestrator.cpp
  vsix_loader_win32.cpp
  codex_ultimate.cpp
  vscode_extension_api.cpp
  Win32IDE_VSCodeExtAPI.cpp
  swarm_decision_bridge.cpp
  universal_model_hotpatcher.cpp
  Generating Code...
  Compiling...
  production_release.cpp
  quantum_safe_transport.cpp
  adaptive_pipeline_parallel.cpp
  universal_model_merger.cpp
  webrtc_signaling.cpp
  gpu_kernel_autotuner.cpp
  sandbox_integration.cpp
  amd_gpu_accelerator.cpp
  unified_memory_executor.cpp
  model_runtime_gate.cpp
  intel_gpu_accelerator.cpp
  arm64_gpu_accelerator.cpp
  cerebras_wse_accelerator.cpp
  accelerator_router.cpp
  pdb_reference_provider.cpp
  Win32IDE_WebView2.cpp
  AgenticBrowserLayer.cpp
  Win32IDE_AgenticBrowser.cpp
  Win32IDE_MonacoThemes.cpp
  RawrXD_LSPServer.cpp
  Generating Code...
  Compiling...
  Win32IDE_LSPServer.cpp
  lsp_hotpatch_bridge.cpp
  hotpatch_symbol_provider.cpp
  gguf_diagnostic_provider.cpp
  WebView2Container.cpp
  MonacoCoreEngine.cpp
  WebView2EditorEngine.cpp
  RichEditEditorEngine.cpp
  EditorEngineFactory.cpp
  Win32IDE_EditorEngine.cpp
  pdb_native.cpp
  pdb_lsp_bridge.cpp
  Win32IDE_PDBSymbols.cpp
  feature_registry.cpp
  menu_auditor.cpp
  auto_discovery.cpp
  Win32IDE_AuditDashboard.cpp
  Win32IDE_Gauntlet.cpp
  voice_chat.cpp
  voice_automation.cpp
  Generating Code...
  Compiling...
  Win32IDE_VoiceChat.cpp
  Win32IDE_VoiceAutomation.cpp
  shortcut_manager.cpp
  backup_manager.cpp
  alert_system.cpp
  Win32IDE_QuickWins.cpp
  feature_registration.cpp
  win32ide_handler_impls.cpp
  RefactorChainIdeSurface.cpp
  RefactorChain.cpp
  intent_engine.cpp
  model_training_pipeline.cpp
  model_trainer.cpp
  autonomous_agentic_orchestrator.cpp
  native_gguf_loader_link_impl.cpp
  ssot_handlers_ext_isolated.cpp
  v280_link_bridge.cpp
  ssot_validation.cpp
  unified_command_dispatch.cpp
  startup_phase_registry.cpp
  Generating Code...
  Compiling...
  jsonrpc_parser.cpp
  swarm_orchestrator.cpp
  chain_of_thought_engine.cpp
  Win32IDE_Telemetry.cpp
  mcp_integration.cpp
  Win32IDE_MCP.cpp
  Win32IDE_FlightRecorder.cpp
  quickjs_extension_host.cpp
  quickjs_vscode_bindings.cpp
  rawrxd_state_mmf.cpp
  js_extension_host.cpp
  extension_polyfill_engine.cpp
  live_binary_patcher.cpp
  deterministic_swarm.cpp
  input_guard_slicer.cpp
  agentic_agent_coordinator.cpp
  production_config_manager.cpp
  agentic_task_graph.cpp
  embedding_engine.cpp
  vector_index.cpp
  Generating Code...
  Compiling...
  vision_encoder.cpp
  vision_token_gate.cpp
  vision_embedding_cache.cpp
  vision_kv_isolation.cpp
  vision_quantized_encoder.cpp
  vision_gpu_staging.cpp
  rbac_engine.cpp
  transaction_journal.cpp
  instructions_provider.cpp
  Win32IDE_Instructions.cpp
  unity_engine_integration.cpp
  unreal_engine_integration.cpp
  game_engine_manager.cpp
  Win32IDE_GameEnginePanel.cpp
  crucible_engine.cpp
  Win32IDE_CruciblePanel.cpp
  copilot_gap_closer.cpp
  Win32IDE_CopilotGapPanel.cpp
  distributed_pipeline_orchestrator.cpp
  Win32IDE_PipelinePanel.cpp
  Generating Code...
  Compiling...
  hotpatch_control_plane.cpp
  Win32IDE_HotpatchCtrlPanel.cpp
  static_analysis_engine.cpp
  code_linter.cpp
  Win32IDE_StaticAnalysisPanel.cpp
  Win32IDE_ProblemsPanel.cpp
  Win32IDE_BuildRunner.cpp
  Win32IDE_SecurityScans.cpp
  problems_panel_bridge.cpp
  problems_aggregator.cpp
  Win32IDE_AgentStreamingBridge.cpp
  semantic_code_intelligence.cpp
  Win32IDE_SemanticPanel.cpp
  ScopeTree.cpp
  RepositoryUniverse.cpp
  enterprise_telemetry_compliance.cpp
  Win32IDE_TelemetryPanel.cpp
  Win32IDE_Tier3Polish.cpp
  Win32IDE_Tier3Cosmetics.cpp
  Win32IDE_Tier5Cosmetics.cpp
  Generating Code...
  Compiling...
  Win32IDE_CrashReporter.cpp
  Win32IDE_ColorPicker.cpp
  Win32IDE_EmojiSupport.cpp
  Win32IDE_ShortcutEditor.cpp
  Win32IDE_TelemetryDashboard.cpp
  Win32IDE_MarketplacePanel.cpp
  Win32IDE_Collab.cpp
  Win32IDE_IRCBridge.cpp
  Win32IDE_IRCBridgeCommands.cpp
  websocket_hub.cpp
  Win32IDE_TestExplorerTree.cpp
  Win32IDE_NetworkPanel.cpp
  omega_orchestrator.cpp
  omega_asm_native_kernel.cpp
  mesh_brain.cpp
  speciator_engine.cpp
  neural_bridge.cpp
  self_host_engine.cpp
  hardware_synthesizer.cpp
  transcendence_coordinator.cpp
  Generating Code...
  Compiling...
  integrated_runtime.cpp
  reasoning_profile.cpp
  Win32IDE_TranscendencePanel.cpp
  VulkanRenderer.cpp
  OSExplorerInterceptor.cpp
  Win32IDE_MCPHooks.cpp
  TodoManager.cpp
  IocpFileWatcher.cpp
  IDEDiagnosticAutoHealer.cpp
  ConsentPrompt.cpp
  AutonomousAgent.cpp
  crash_containment.cpp
  patch_rollback_ledger.cpp
  quant_hysteresis.cpp
  perf_telemetry.cpp
  update_signature.cpp
  cursor_github_parity_bridge.cpp
  swarm_reconciliation.cpp
  quickjs_sandbox.cpp
  plugin_signature.cpp
  Generating Code...
  Compiling...
  auto_update_system.cpp
  knowledge_graph_core.cpp
  swarm_conflict_resolver.cpp
  autonomous_debugger.cpp
  semantic_index.cpp
  Win32IDE_CursorParity.cpp
  Win32IDE_GUILayoutHotpatch.cpp
  Win32IDE_Tasks.cpp
  Win32IDE_GitPanel.cpp
  Win32IDE_Refactor.cpp
  Win32IDE_SearchPanel.cpp
  Win32IDE_FuzzySearch.cpp
  Win32IDE_Minimap.cpp
  Win32IDE_DiffView.cpp
  Win32IDE_SettingsGUI.cpp
  Win32IDE_CodeLens.cpp
  Win32IDE_InlayHints.cpp
  Win32IDE_HoverTooltips.cpp
  Win32IDE_ProvableAgent.cpp
  Win32IDE_AIReverseEngineering.cpp
  Generating Code...
  Compiling...
  Win32IDE_AirgappedEnterprise.cpp
  Win32IDE_FlagshipFeatures.cpp
  project_context.cpp
  universal_model_router.cpp
  model_registry.cpp
  checkpoint_manager.cpp
  agentic_autonomous_config.cpp
  enterprise_feature_manager.cpp
  context_deterioration_hotpatch.cpp
  interpretability_panel.cpp
  real_time_completion_engine.cpp
  LanguageServerIntegration.cpp
  interpretability_panel_enhanced.cpp
  autonomous_feature_engine.cpp
  autonomous_intelligence_orchestrator.cpp
  plan_orchestrator.cpp
  tool_registry_advanced.cpp
  lsp_client.cpp
  intelligent_codebase_engine.cpp
  ai_model_caller.cpp
  Generating Code...
  Compiling...
  hybrid_cloud_manager.cpp
  benchmark_menu_widget.cpp
  benchmark_runner.cpp
  monaco_settings_dialog.cpp
  RAWRXD_ThermalDashboard.cpp
  VSCodeMarketplaceAPI.cpp
  multi_file_search.cpp
  license_manager_panel.cpp
  Win32IDE_LicenseCreator.cpp
  Win32IDE_PeekView.cpp
  Win32IDE_AutoSave.cpp
  Win32IDE_TerminalSplit.cpp
  Win32IDE_SnippetEngine.cpp
  Win32IDE_MultiCursor.cpp
  AntiPatcher.cpp
  StreamEngine.cpp
  Deep2ModelRuntime.cpp
  local_parity_bridge.cpp
  json_instantiations.cpp
  cot_fallback_system.cpp
  Generating Code...
  Compiling...
  ai_workers_queue.cpp
  ImportBridge.cpp
  ExportBridge.cpp
  embedded_terminal.cpp
  hexmag_ide_link_probe.cpp
  Win32IDE_HexMagCopilotRoute.cpp
  hexmag_control_plane.cpp
  hexmag_oracle_binder.cpp
  hexmag_runtime_controller.cpp
  hexmag_masm_stubs.cpp
  hexmag_client.cpp
  agentic_model_streamer_bridge.cpp
  GpuDecodeEfficiency.cpp
  AmdGpuPowerBackend.cpp
  Sampler.cpp
  Tokenizer.cpp
  streaming_inference_engine.cpp
  AgentToolAuthority.cpp
  Win32IDE_AutonomousAgent.cpp
  Win32IDE_ChatMessageRenderer.cpp
  Generating Code...
  Compiling...
  Win32IDE_ToolActionStatus.cpp
  Win32IDE_ChatPanel.cpp
  Win32IDE_VulkanRenderer.cpp
  Win32IDE_OSExplorerInterceptor.cpp
  Win32IDE_IOCPFileWatcher.cpp
  Win32IDE_IDEDiagnosticAutoHealer.cpp
  Win32IDE_ConsentPrompt.cpp
  Win32IDE_PerfTelemetry.cpp
  Win32IDE_UpdateSignature.cpp
  Win32IDE_PluginSignature.cpp
  Win32IDE_EnterpriseStressTests.cpp
  Win32IDE_SQLite3Core.cpp
  Win32IDE_TelemetryExport.cpp
  Win32IDE_RefactoringPlugin.cpp
  Win32IDE_LanguagePlugin.cpp
  Win32IDE_ResourceGenerator.cpp
  UnifiedMemoryPool.cpp
  TensorExecutionRouter.cpp
  StreamRouterAdapter.cpp
  TransferScheduler.cpp
  Generating Code...
  Compiling...
  PredictiveMemoryManager.cpp
  ResidencyTracker.cpp
  WorkingSetPredictor.cpp
  CapacityManager.cpp
  TensorPlacementManager.cpp
  b014_profiler.cpp
  Deep2Engine.cpp
  InferenceWire.cpp
  CycloneScheduler.cpp
  PlasmaGovernor.cpp
  ElasticResidencyManager.cpp
  MARSController.cpp
  MoERouter.cpp
  CompressedKVCache.cpp
  NVMeStream.cpp
  QuantKernelRegistry.cpp
  StreamRouter.cpp
  Deep2ExecutionGraph.cpp
  Deep2InferenceEndpoint.cpp
  sdma_scheduler.cpp
  Generating Code...
  Compiling...
  sdma_ring_allocator.cpp
  autonomous_workflow_engine.cpp
  workspace_reasoning_profiles.cpp
  reasoning_schema_versioning.cpp
  safe_refactor_engine.cpp
  ExecutionSpine.cpp
  BuildStateGraph.cpp
  SovereignIDEIntegration.cpp
  TerminalOwnership.cpp
  CapabilityBus.cpp
  BeaconBus.cpp
  SystemAwareness.cpp
  RealityValidator.cpp
  AutonomousRecovery.cpp
  SovereignControlPlane.cpp
  IntentCompression.cpp
  ExecutionCapsule.cpp
  SovereignBlackboard.cpp
  SovereignTaskGraph.cpp
  SovereignMissionPlanner.cpp
  Generating Code...
  Compiling...
  SovereignReflectionEngine.cpp
  SovereignCritic.cpp
  SovereignAgentRuntime.cpp
  Omega1IPCClient.cpp
  GhostTextRenderer.cpp
  StatusBarTelemetry.cpp
  Omega1IDEIntegration.cpp
  Win32IDE_Omega1Integration.cpp
  BP1BraidStreamer.cpp
  VulkanGemmDispatcher.cpp
  RawrXDAutoClosure.cpp
  runtime_symbol_bridge.cpp
  inference_link_production.cpp
  win32ide_asm_kernel_bridge.cpp
  kquant_nonmsvc.cpp
  RawrXDAgenticE2E.cpp
  ide_agentic_gate.cpp
  AgentOllamaClient.cpp
  GitSafetyAuthority.cpp
  GitSafetyAuthorityTools.cpp
  Generating Code...
  Compiling...
  GitSafetyAuthorityIdeSurface.cpp
  ReceiptAuthority.cpp
  IDELogger.cpp
  enterprise_license_manifest.cpp
  Win32IDE_StatusBar.cpp
  lsp_hotpatch_impl.cpp
  lsp_hotpatch_bridge_impl.cpp
  ToolGateway.cpp
  WorkspaceGuard.cpp
  local_reasoning_engine_real.cpp
  local_reasoning_integration.cpp
  pdb_gsi_hash.cpp
  win32ide_debugger_bridge.cpp
  win32ide_quadbuffer_bridge.cpp
  re_api_bridge.cpp
  disassembler.cpp
  RepositoryIntelligence.cpp
  workspace_model.cpp
  task_config_bridge.cpp
  launch_config.cpp
  Generating Code...
  Compiling...
  file_watcher.cpp
  MonacoCore.cpp
  Generating Code...
  vulkan_compute.cpp
  DiskRecoveryAgent.cpp
  DiskRecoveryAgent.cpp
  Logger.cpp
  vulkan_compute.cpp
  sqlite3.c
  feature_registry_panel.cpp
  feature_registry_panel.cpp
  logger.cpp
     Creating library F:/~dev/rawrxd/build/Release/RawrXD-Win32IDE.lib and object F:/~dev/rawrxd/build/Release/RawrXD-Win32IDE.exp
  RawrXD-Win32IDE.vcxproj -> F:\~dev\rawrxd\build\bin\Release\RawrXD-Win32IDE.exe
