
  1>Checking Build System
  CMake is re-running because F:/~dev/rawrxd/win32ide_strict/build_v4/CMakeFiles/generate.stamp is out-of-date.
    the file 'F:/~dev/rawrxd/win32ide_strict/CMakeLists.txt'
    is newer than 'F:/~dev/rawrxd/win32ide_strict/build_v4/CMakeFiles/generate.stamp.depend'
    result='-1'
  -- Selecting Windows SDK version 10.0.26100.0 to target Windows 10.0.26200.
  -- RAWRXD_WIN32IDE_STRICT: source closure verified for RawrXD-Win32IDE
  -- [Deep2] Q2_K single-tensor oracle: test_q2k_single_tensor_oracle
  -- [Deep2] TrailForge gate: trailforge_gate
  -- Configuring done (0.0s)
  -- Generating done (0.1s)
  -- Build files have been written to: F:/~dev/rawrxd/win32ide_strict/build_v4
  RawrXDAgenticE2E.cpp
  streaming_command_handler.cpp
  agentic_model_streamer_bridge.cpp
  streaming_inference_engine.cpp
  RawrXDAutoClosure.cpp
  RawrCOFFWriter.cpp
  Beaconism.cpp
  Deep2DualGpuRowSplit.cpp
  Deep2Engine.cpp
  Deep2Engine_GpuForward.cpp
  Deep2Engine_GpuMoEMLA.cpp
  Deep2Engine_Speculative.cpp
  Deep2Engine_VulkanRuntime.cpp
  GpuScheduler.cpp
  QuantKernelRegistry.cpp
  Sampler.cpp
  TimeReverseDigest.cpp
  VulkanExpertTransport.cpp
  ContinuousExecution.cpp
  EventLedger.cpp
  Generating Code...
  Compiling...
  Win32ContinuousBridge.cpp
F:\~dev\rawrxd\src\deep2\streaming\Win32ContinuousBridge.hpp(3,9): warning C4005: 'NOMINMAX': macro redefinition [F:\~dev\rawrxd\win32ide_strict\build_v4\RawrXD-Win32IDE.vcxproj]
  (compiling source file '../../src/deep2/streaming/Win32ContinuousBridge.cpp')
      F:\~dev\rawrxd\src\deep2\streaming\Win32ContinuousBridge.hpp(3,9):
      'NOMINMAX' previously declared on the command line
  
  vulkan_compute.cpp
  Win32IDE_AgentPanel.cpp
  Win32IDE_AgenticBridge.cpp
  Win32IDE_AutoSave.cpp
  Win32IDE_BuildRunner.cpp
  Win32IDE_ChatPanel.cpp
  Win32IDE_Commands.cpp
  Win32IDE_Core.cpp
  Win32IDE_EditorEngine.cpp
  Win32IDE_FileOps.cpp
  Win32IDE_GhostText.cpp
  Win32IDE_GitPanel.cpp
  Win32IDE_LSPClient.cpp
  Win32IDE_Logger.cpp
  Win32IDE_MCP.cpp
  Win32IDE_MCPHooks.cpp
  Win32IDE_SearchPanel.cpp
  Win32IDE_Session.cpp
  Win32IDE_Settings.cpp
  Generating Code...
  Compiling...
  Win32IDE_ShellLayout.cpp
  Win32IDE_Sidebar.cpp
  Win32IDE_StatusBar.cpp
  Win32IDE_StreamingUX.cpp
  Win32IDE_SyntaxHighlight.cpp
  Win32IDE_TabManager.cpp
  Win32IDE_TerminalSplit.cpp
  Win32IDE_logMessage.cpp
  ide_agentic_gate.cpp
  ide_inference_gate.cpp
  ide_toolchain_gate.cpp
  main_win32.cpp
  Generating Code...
  RawrXD-Win32IDE.vcxproj -> F:\~dev\rawrxd\win32ide_strict\build_v4\Release\RawrXD-Win32IDE.exe
