MSBuild version 17.14.51+25f168cee for .NET Framework

  Checking File Globs
  1>Checking Build System
  Building Custom Rule F:/~dev/rawrxd/CMakeLists.txt
  [MASM64] Assembling RawrXD_MetaReverse.asm (authenticity detection)
  Microsoft (R) Macro Assembler (x64) Version 14.44.35228.0
  Copyright (C) Microsoft Corporation.  All rights reserved.
  
   Assembling: F:/~dev/rawrxd/src/reverse_engineering/deobfuscator/RawrXD_MetaReverse.asm
  [MASM64] Assembling RawrXD_OmegaDeobfuscator.asm (AVX-512 deobfuscation)
  Microsoft (R) Macro Assembler (x64) Version 14.44.35228.0
  Copyright (C) Microsoft Corporation.  All rights reserved.
  
   Assembling: F:/~dev/rawrxd/src/reverse_engineering/deobfuscator/RawrXD_OmegaDeobfuscator.asm
  Building Custom Rule F:/~dev/rawrxd/src/reverse_engineering/CMakeLists.txt
  Building Custom Rule F:/~dev/rawrxd/CMakeLists.txt
  Building Custom Rule F:/~dev/rawrxd/CMakeLists.txt
  Nanof32BraidStreamer.cpp
  ggml_nanoquant.cpp
  Generating Code...
  RawrXD_NanoQuant.vcxproj -> F:\~dev\rawrxd\build\Release\RawrXD_NanoQuant.lib
  Building Custom Rule F:/~dev/rawrxd/CMakeLists.txt
  quickjs.c
  libregexp.c
  libunicode.c
  cutils.c
  dtoa.c
  Generating Code...
  quickjs_static.vcxproj -> F:\~dev\rawrxd\build\Release\quickjs_static.lib
  Building Custom Rule F:/~dev/rawrxd/CMakeLists.txt
  Assembling F:\~dev\rawrxd\src\remote64\aead.asm...
  Assembling F:\~dev\rawrxd\src\remote64\audit.asm...
  Assembling F:\~dev\rawrxd\src\remote64\auth.asm...
  Assembling F:\~dev\rawrxd\src\remote64\authority.asm...
  Assembling F:\~dev\rawrxd\src\remote64\b31_damage.asm...
  Assembling F:\~dev\rawrxd\src\remote64\b32_tilequeue.asm...
  Assembling F:\~dev\rawrxd\src\remote64\b33_lz.asm...
  Assembling F:\~dev\rawrxd\src\remote64\b34_colors.asm...
  Assembling F:\~dev\rawrxd\src\remote64\b35_bandwidth.asm...
  Assembling F:\~dev\rawrxd\src\remote64\b36_latency.asm...
  Assembling F:\~dev\rawrxd\src\remote64\b37_window_capture.asm...
  Assembling F:\~dev\rawrxd\src\remote64\b38_dpi.asm...
  Assembling F:\~dev\rawrxd\src\remote64\b39_clipboard_guard.asm...
  Assembling F:\~dev\rawrxd\src\remote64\b40_file_guard.asm...
  Assembling F:\~dev\rawrxd\src\remote64\b41_session_limits.asm...
  Assembling F:\~dev\rawrxd\src\remote64\b42_sequence.asm...
  Assembling F:\~dev\rawrxd\src\remote64\b43_rate_limit.asm...
  Assembling F:\~dev\rawrxd\src\remote64\b44_health.asm...
  Assembling F:\~dev\rawrxd\src\remote64\b45_parity_selftest2.asm...
  Assembling F:\~dev\rawrxd\src\remote64\b46_crc32.asm...
  Assembling F:\~dev\rawrxd\src\remote64\b47_packet_integrity.asm...
  Assembling F:\~dev\rawrxd\src\remote64\b48_utf16.asm...
  Assembling F:\~dev\rawrxd\src\remote64\b49_path_guard.asm...
  Assembling F:\~dev\rawrxd\src\remote64\b50_rect_guard.asm...
  Assembling F:\~dev\rawrxd\src\remote64\b51_mul_guard.asm...
  Assembling F:\~dev\rawrxd\src\remote64\b52_copy_guard.asm...
  Assembling F:\~dev\rawrxd\src\remote64\b53_nonce.asm...
  Assembling F:\~dev\rawrxd\src\remote64\b54_auth_lockout.asm...
  Assembling F:\~dev\rawrxd\src\remote64\b55_permission_transition.asm...
  Assembling F:\~dev\rawrxd\src\remote64\b56_frame_id.asm...
  Assembling F:\~dev\rawrxd\src\remote64\b57_tile_bounds.asm...
  Assembling F:\~dev\rawrxd\src\remote64\b58_zeroize.asm...
  Assembling F:\~dev\rawrxd\src\remote64\b59_close_state.asm...
  Assembling F:\~dev\rawrxd\src\remote64\b60_final_selftest.asm...
  Assembling F:\~dev\rawrxd\src\remote64\buffer.asm...
  Assembling F:\~dev\rawrxd\src\remote64\capture.asm...
  Assembling F:\~dev\rawrxd\src\remote64\clipboard.asm...
  Assembling F:\~dev\rawrxd\src\remote64\codec.asm...
  Assembling F:\~dev\rawrxd\src\remote64\consent.asm...
  Assembling F:\~dev\rawrxd\src\remote64\crypto.asm...
  Assembling F:\~dev\rawrxd\src\remote64\cursor.asm...
  Assembling F:\~dev\rawrxd\src\remote64\deep2_bridge.asm...
  Assembling F:\~dev\rawrxd\src\remote64\display.asm...
  Assembling F:\~dev\rawrxd\src\remote64\filexfer.asm...
  Assembling F:\~dev\rawrxd\src\remote64\framepacer.asm...
  Assembling F:\~dev\rawrxd\src\remote64\hashfile.asm...
  Assembling F:\~dev\rawrxd\src\remote64\input.asm...
  Assembling F:\~dev\rawrxd\src\remote64\keepalive.asm...
  Assembling F:\~dev\rawrxd\src\remote64\memory.asm...
  Assembling F:\~dev\rawrxd\src\remote64\multimon.asm...
  Assembling F:\~dev\rawrxd\src\remote64\parity_selftest.asm...
  Assembling F:\~dev\rawrxd\src\remote64\permissions.asm...
  Assembling F:\~dev\rawrxd\src\remote64\protocol.asm...
  Assembling F:\~dev\rawrxd\src\remote64\quality.asm...
  Assembling F:\~dev\rawrxd\src\remote64\reconnect.asm...
  Assembling F:\~dev\rawrxd\src\remote64\resume.asm...
  Assembling F:\~dev\rawrxd\src\remote64\scale.asm...
  Assembling F:\~dev\rawrxd\src\remote64\selftest.asm...
  Assembling F:\~dev\rawrxd\src\remote64\session.asm...
  Assembling F:\~dev\rawrxd\src\remote64\shutdown.asm...
  Assembling F:\~dev\rawrxd\src\remote64\stats.asm...
  Assembling F:\~dev\rawrxd\src\remote64\tiles.asm...
  Assembling F:\~dev\rawrxd\src\remote64\transport.asm...
  Assembling F:\~dev\rawrxd\src\remote64\viewer.asm...
  remote64_bridge.cpp
  rawrxd_remote64.vcxproj -> F:\~dev\rawrxd\build\Release\rawrxd_remote64.lib
  Building Custom Rule F:/~dev/rawrxd/CMakeLists.txt
  Assembling F:\~dev\rawrxd\src\asm\k2_real_attention\RawrXD_K2_RealAttention_x64.asm...
  Assembling F:\~dev\rawrxd\src\deep2\lavapath\KN_O3KKEN.asm...
  Assembling F:\~dev\rawrxd\src\deep2\lavapath\r25_productopen_masm.asm...
  Assembling F:\~dev\rawrxd\src\deep2\sovereign_deep2_kernels.asm...
  Assembling F:\~dev\rawrxd\src\deep2\sovereign_q4k_gemv.asm...
  Assembling F:\~dev\rawrxd\src\deep2\sovereign_q4_1_gemv.asm...
  Assembling F:\~dev\rawrxd\src\deep2\sovereign_q5_k_gemv.asm...
  Assembling F:\~dev\rawrxd\src\deep2\sovereign_q6_k_gemv.asm...
  Assembling F:\~dev\rawrxd\src\deep2\sovereign_q8_0_gemv.asm...
  Assembling F:\~dev\rawrxd\src\deep2\sovereign_fp16_gemv.asm...
  Assembling F:\~dev\rawrxd\src\deep2\ResidencyTrace.asm...
  Assembling F:\~dev\rawrxd\src\deep2\QuantKB.asm...
  Assembling F:\~dev\rawrxd\src\asm\rawr_globals.asm...
  Assembling F:\~dev\rawrxd\src\asm\rawr_cpu_features.asm...
  Assembling F:\~dev\rawrxd\src\asm\inference_core.asm...
  Assembling F:\~dev\rawrxd\src\asm\inference_kernels.asm...
  Assembling F:\~dev\rawrxd\src\asm\quant_avx2.asm...
  Assembling F:\~dev\rawrxd\src\asm\RawrXD_KQuant_Dequant.asm...
  Assembling F:\~dev\rawrxd\src\asm\RawrXD_KQuant_Kernel.asm...
  Assembling F:\~dev\rawrxd\src\asm\FlashAttention_AVX512.asm...
  Assembling F:\~dev\rawrxd\src\asm\RawrXD_Telemetry_Kernel.asm...
  Assembling F:\~dev\rawrxd\src\masm\rawrxd_math_masm.asm...
  Assembling F:\~dev\rawrxd\src\masm\rawrxd_transformer_masm_fixed.asm...
  Assembling F:\~dev\rawrxd\src\asm\Deep2Device_Score.asm...
  Assembling F:\~dev\rawrxd\src\asm\Deep2Device_Pick.asm...
  Assembling F:\~dev\rawrxd\src\asm\Deep2R1_StrEq.asm...
  Assembling F:\~dev\rawrxd\src\asm\Deep2R1_IsArch.asm...
  Assembling F:\~dev\rawrxd\src\asm\Deep2R1_GlobData.asm...
  Assembling F:\~dev\rawrxd\src\asm\Deep2R1_MlaData.asm...
  Assembling F:\~dev\rawrxd\src\asm\Deep2R1_MoeData.asm...
  Assembling F:\~dev\rawrxd\src\asm\Deep2R1_Scan.asm...
  Assembling F:\~dev\rawrxd\src\asm\Deep2R1_Decode.asm...
  Assembling F:\~dev\rawrxd\src\asm\Deep2R1_Validate.asm...
  Assembling F:\~dev\rawrxd\src\asm\Deep2R1_LayerKind.asm...
  Assembling F:\~dev\rawrxd\src\asm\Deep2R1_SplitKVB.asm...
  Assembling F:\~dev\rawrxd\src\asm\Deep2ThreadAffinity.asm...
  Assembling F:\~dev\rawrxd\src\asm\Deep2OuterStr.asm...
  Assembling F:\~dev\rawrxd\src\asm\Deep2OuterEnv.asm...
  Assembling F:\~dev\rawrxd\src\asm\Deep2OuterParse.asm...
  Assembling F:\~dev\rawrxd\src\asm\Deep2OuterParseIdx.asm...
  Assembling F:\~dev\rawrxd\src\asm\Deep2OuterGGUF.asm...
  Assembling F:\~dev\rawrxd\src\asm\Deep2OuterPath.asm...
  Assembling F:\~dev\rawrxd\src\asm\Deep2OuterShardApply.asm...
  Assembling F:\~dev\rawrxd\src\asm\Deep2OuterShardScan.asm...
  Assembling F:\~dev\rawrxd\src\asm\Deep2OuterShardCheck.asm...
  Assembling F:\~dev\rawrxd\src\asm\Deep2OuterPrintIO.asm...
  Assembling F:\~dev\rawrxd\src\asm\Deep2OuterPrint.asm...
  Assembling F:\~dev\rawrxd\src\asm\Deep2OuterEvidence.asm...
  Assembling F:\~dev\rawrxd\src\asm\Deep2OuterResolve.asm...
  Assembling F:\~dev\rawrxd\src\asm\Deep2OuterCallEngine.asm...
  Assembling F:\~dev\rawrxd\src\asm\Deep2OuterHost.asm...
  Assembling F:\~dev\rawrxd\src\asm\RuntimeEvidence512_Core.asm...
  Assembling F:\~dev\rawrxd\src\asm\RuntimeEvidence512_Emit.asm...
  Assembling F:\~dev\rawrxd\src\asm\RuntimeEvidence512_Collect.asm...
  Assembling F:\~dev\rawrxd\src\asm\RuntimeEvidence512_IDEEmit.asm...
  Assembling F:\~dev\rawrxd\src\asm\RuntimeEvidence512_IDECollect.asm...
  Assembling F:\~dev\rawrxd\src\asm\RawrXD_Pyre_Compute.asm...
  cpu_inference_engine.cpp
  rawrxd_inference.cpp
  rawrxd_model_loader.cpp
  rawrxd_transformer.cpp
  rawrxd_transformer_forwardbatch.cpp
  rawrxd_cpu_math.cpp
  rawrxd_tokenizer.cpp
  rawrxd_sampler.cpp
  gguf_loader.cpp
  gguf_vocab_resolver.cpp
  enterprise_licensev2_impl.cpp
  license_anti_tampering.cpp
  ignite_800b.cpp
  ConfigurationValidator.cpp
  gguf_core.cpp
  transformer.cpp
  layer_offload_manager.cpp
  engine_registry.cpp
  ErrorRecoveryManager.cpp
  NegativeSpaceProfiler.cpp
  Generating Code...
  Compiling...
  swarm_scheduler.cpp
  gguf_swarm_plan_builder.cpp
  memory_stubs.cpp
  cpu_features.cpp
  link_stubs.cpp
  TensorExecutionRouter.cpp
  VulkanGemmDispatcher.cpp
  TransferScheduler.cpp
  PredictiveMemoryManager.cpp
  ResidencyTracker.cpp
  WorkingSetPredictor.cpp
  TensorPlacementManager.cpp
  CapacityManager.cpp
  StreamRouterAdapter.cpp
  Logger.cpp
  b009b_batched_gemm.cpp
  b014_profiler.cpp
  Deep2Engine.cpp
  InferenceWire.cpp
  Deep2Engine_Speculative.cpp
  Generating Code...
  Compiling...
  ReverseLayer.cpp
  strict_gpu_violations.cpp
  VramStreamingController.cpp
  ExpertCache.cpp
  VulkanExpertTransport.cpp
  HostStagingRing.cpp
  ExpertScheduler.cpp
  PackedExpertSlicer.cpp
  ExpertTensorCatalog.cpp
  Deep2ExpertCacheBridge.cpp
  Deep2MultiGpuExpertCache.cpp
  Deep2StackGuard.cpp
  Deep2RooflineGovernor.cpp
  Deep2DualGpuBalancer.cpp
  Deep2ExpertResidency.cpp
  Deep2PredictiveRouter.cpp
  Deep2PersistentDecode.cpp
  Deep2CommandBatch.cpp
  Deep2RooflineCert.cpp
  Deep2RooflineRatchet.cpp
  Generating Code...
  Compiling...
  Deep2RooflineRuntime.cpp
  ChatTemplate.cpp
  QuantKernelRegistry.cpp
  ModelRegistry.cpp
  TensorResidencyCache.cpp
  Nanof32BraidStreamer.cpp
  AttnCertProbe.cpp
  MoERouter.cpp
  Deep2ExecutionGraph.cpp
  StreamRouter.cpp
  CompressedKVCache.cpp
  NVMeStream.cpp
  AmdGpuPowerBackend.cpp
  GpuDecodeEfficiency.cpp
  Deep2DeviceManager.cpp
  Deep2MultiGpuLayerPlan.cpp
  GpuScheduler.cpp
  Deep2Engine_VulkanRuntime.cpp
  Deep2DualGpuRowSplit.cpp
  Deep2Engine_GpuMoEMLA.cpp
  Generating Code...
  Compiling...
  deep2_cpu_mla.cpp
  Deep2B66RuntimeMeta.cpp
  Deep2Engine_GpuForward.cpp
  Deep2Engine_SsVkDecodeBind.cpp
  DualStickStreamWindow.cpp
  DualStickStreamWindow_Acquire.cpp
  DualStickStreamWindow_Emit.cpp
  DualStickEnvSnap.cpp
  ProductionProfiler.cpp
  AntiPatcher.cpp
  StreamEngine.cpp
  Deep2ModelRuntime.cpp
  Chamber.cpp
  ToroidalKVCache.cpp
  PlasmaGovernor.cpp
  SovereignOutOfCoreRuntime.cpp
  BP16Streamer.cpp
  ElasticResidencyManager.cpp
  CycloneScheduler.cpp
  MARSController.cpp
  Generating Code...
  Compiling...
  BoundedAgentLoop.cpp
  OrchestratorBridge.cpp
  ToolRegistry.cpp
  AgentOrchestrator.cpp
  AgentToolHandlers.cpp
  RawrXD_AgentLoop.cpp
  RawrXD_ToolRegistry.cpp
  DeterministicReplayEngine.cpp
  FIMPromptBuilder.cpp
  context_assembler.cpp
  StreamingResultChannel.cpp
  streaming_command_handler.cpp
  Beaconism.cpp
  Tokenizer.cpp
  Sampler.cpp
  streaming_inference_engine.cpp
  agentic_model_streamer_bridge.cpp
  AgentToolAuthority.cpp
  StreamingToolParser.cpp
  AgentToolRegistry.cpp
  Generating Code...
  Compiling...
  CommandExecutor.cpp
  CheckpointRollbackAuthority.cpp
  AgentStateManager.cpp
  AgentToolOrchestrator.cpp
  ModelToolProtocol.cpp
  JwtValidator.cpp
  TimeReverseDigest.cpp
  BowRainComputeAuthority.cpp
  Generating Code...
  vulkan_compute.cpp
  vulkan_compute.cpp
  d2_engine_ssvk_decode_bind.c
  InferenceEngine.vcxproj -> F:\~dev\rawrxd\build\Release\InferenceEngine.lib
  Building Custom Rule F:/~dev/rawrxd/CMakeLists.txt
  model_anatomy.cpp
  neurological_diff.cpp
  Generating Code...
  RawrXD-ModelAnalysisLib.vcxproj -> F:\~dev\rawrxd\build\Release\RawrXD-ModelAnalysisLib.lib
  Building Custom Rule F:/~dev/rawrxd/src/reverse_engineering/CMakeLists.txt
  re_tools.cpp
  disassembler.cpp
F:\~dev\rawrxd\src\reverse_engineering\disassembler.h(11,9): warning C4005: 'WIN32_LEAN_AND_MEAN': macro redefinition [F:\~dev\rawrxd\build\src\reverse_engineering\RawrXD-RE-Library.vcxproj]
  (compiling source file '../../../src/reverse_engineering/disassembler.cpp')
      F:\~dev\rawrxd\src\reverse_engineering\disassembler.h(11,9):
      'WIN32_LEAN_AND_MEAN' previously declared on the command line
  
F:\~dev\rawrxd\src\reverse_engineering\disassembler.h(12,9): warning C4005: 'NOMINMAX': macro redefinition [F:\~dev\rawrxd\build\src\reverse_engineering\RawrXD-RE-Library.vcxproj]
  (compiling source file '../../../src/reverse_engineering/disassembler.cpp')
      F:\~dev\rawrxd\src\reverse_engineering\disassembler.h(12,9):
      'NOMINMAX' previously declared on the command line
  
  pe_analyzer.cpp
F:\~dev\rawrxd\src\reverse_engineering\pe_analyzer.h(10,9): warning C4005: 'WIN32_LEAN_AND_MEAN': macro redefinition [F:\~dev\rawrxd\build\src\reverse_engineering\RawrXD-RE-Library.vcxproj]
  (compiling source file '../../../src/reverse_engineering/pe_analyzer.cpp')
      F:\~dev\rawrxd\src\reverse_engineering\pe_analyzer.h(10,9):
      'WIN32_LEAN_AND_MEAN' previously declared on the command line
  
F:\~dev\rawrxd\src\reverse_engineering\pe_analyzer.h(11,9): warning C4005: 'NOMINMAX': macro redefinition [F:\~dev\rawrxd\build\src\reverse_engineering\RawrXD-RE-Library.vcxproj]
  (compiling source file '../../../src/reverse_engineering/pe_analyzer.cpp')
      F:\~dev\rawrxd\src\reverse_engineering\pe_analyzer.h(11,9):
      'NOMINMAX' previously declared on the command line
  
  decompiler.cpp
F:\~dev\rawrxd\src\reverse_engineering\decompiler.h(11,9): warning C4005: 'WIN32_LEAN_AND_MEAN': macro redefinition [F:\~dev\rawrxd\build\src\reverse_engineering\RawrXD-RE-Library.vcxproj]
  (compiling source file '../../../src/reverse_engineering/decompiler.cpp')
      F:\~dev\rawrxd\src\reverse_engineering\decompiler.h(11,9):
      'WIN32_LEAN_AND_MEAN' previously declared on the command line
  
F:\~dev\rawrxd\src\reverse_engineering\decompiler.h(12,9): warning C4005: 'NOMINMAX': macro redefinition [F:\~dev\rawrxd\build\src\reverse_engineering\RawrXD-RE-Library.vcxproj]
  (compiling source file '../../../src/reverse_engineering/decompiler.cpp')
      F:\~dev\rawrxd\src\reverse_engineering\decompiler.h(12,9):
      'NOMINMAX' previously declared on the command line
  
  binary_patcher.cpp
  re_api_bridge.cpp
F:\~dev\rawrxd\src\reverse_engineering\disassembler.h(11,9): warning C4005: 'WIN32_LEAN_AND_MEAN': macro redefinition [F:\~dev\rawrxd\build\src\reverse_engineering\RawrXD-RE-Library.vcxproj]
  (compiling source file '../../../src/reverse_engineering/re_api_bridge.cpp')
      F:\~dev\rawrxd\src\reverse_engineering\disassembler.h(11,9):
      'WIN32_LEAN_AND_MEAN' previously declared on the command line
  
F:\~dev\rawrxd\src\reverse_engineering\disassembler.h(12,9): warning C4005: 'NOMINMAX': macro redefinition [F:\~dev\rawrxd\build\src\reverse_engineering\RawrXD-RE-Library.vcxproj]
  (compiling source file '../../../src/reverse_engineering/re_api_bridge.cpp')
      F:\~dev\rawrxd\src\reverse_engineering\disassembler.h(12,9):
      'NOMINMAX' previously declared on the command line
  
  InstructionEncoderX64.cpp
  RawrCOFFWriter.cpp
  RawrPE64Linker.cpp
  Generating Code...
  RawrXD-RE-Library.vcxproj -> F:\~dev\rawrxd\build\src\reverse_engineering\Release\RawrXD-RE-Library.lib
  Building Custom Rule F:/~dev/rawrxd/CMakeLists.txt
  Assembling F:\~dev\rawrxd\src\asm\RawrXD_MultiWindow_Kernel.asm...
  multiwindow_scheduler.cpp
Attempting to cancel the build...
