[1/331] Building CXX object CMakeFiles\InferenceEngine.dir\src\deep2\ThreadPool.cpp.obj
[2/331] Building CXX object CMakeFiles\InferenceEngine.dir\src\deep2\KVCache.cpp.obj
[3/331] Building CXX object CMakeFiles\InferenceEngine.dir\src\deep2\MlaCertProbe.cpp.obj
[4/331] Building CXX object CMakeFiles\InferenceEngine.dir\src\deep2\SsmCertProbe.cpp.obj
[5/331] Building CXX object CMakeFiles\InferenceEngine.dir\src\deep2\MoEWeightProxy.cpp.obj
[6/331] Building CXX object CMakeFiles\InferenceEngine.dir\src\deep2\MoEEliminate.cpp.obj
[7/331] Building CXX object CMakeFiles\InferenceEngine.dir\src\deep2\MoEWeightsLoader.cpp.obj
[8/331] Building CXX object CMakeFiles\InferenceEngine.dir\src\deep2\TensorHop.cpp.obj
[9/331] Building CXX object CMakeFiles\InferenceEngine.dir\src\deep2\MoEArchitectureParser.cpp.obj
[10/331] Building CXX object CMakeFiles\InferenceEngine.dir\src\deep2\DeepSeekMoELoader.cpp.obj
[11/331] Building CXX object CMakeFiles\InferenceEngine.dir\src\deep2\FusedInferenceKernel.cpp.obj
[12/331] Building CXX object CMakeFiles\InferenceEngine.dir\src\deep2\UniversalModelLoader.cpp.obj
[13/331] Building CXX object CMakeFiles\InferenceEngine.dir\src\deep2\ModelLoader.cpp.obj
[14/331] Building CXX object CMakeFiles\InferenceEngine.dir\src\deep2\MoERouter.cpp.obj
[15/331] Building CXX object CMakeFiles\InferenceEngine.dir\src\deep2\ModelRegistry.cpp.obj
[16/331] Building CXX object CMakeFiles\InferenceEngine.dir\src\deep2\WarmupScheduler.cpp.obj
[17/331] Building CXX object CMakeFiles\InferenceEngine.dir\src\deep2\RuntimePlanner.cpp.obj
[18/331] Building CXX object CMakeFiles\InferenceEngine.dir\src\deep2\NUGemv.cpp.obj
[19/331] Building CXX object CMakeFiles\InferenceEngine.dir\src\deep2\NUFusedPacker.cpp.obj
[20/331] Building CXX object CMakeFiles\InferenceEngine.dir\src\deep2\NULiveConsumer.cpp.obj
[21/331] Building CXX object CMakeFiles\InferenceEngine.dir\src\deep2\TpsScaleHotpatch.cpp.obj
[22/331] Building CXX object CMakeFiles\InferenceEngine.dir\src\deep2\ElasticDynamicBudget.cpp.obj
[23/331] Building CXX object CMakeFiles\InferenceEngine.dir\src\deep2\StreamRouter.cpp.obj
[24/331] Building CXX object CMakeFiles\InferenceEngine.dir\src\deep2\SlidingWindowEngine.cpp.obj
[25/331] Building CXX object CMakeFiles\InferenceEngine.dir\src\deep2\MedusaDecoder.cpp.obj
[26/331] Building CXX object CMakeFiles\InferenceEngine.dir\src\deep2\AttnCertProbe.cpp.obj
[27/331] Building CXX object CMakeFiles\InferenceEngine.dir\src\deep2\RawrXDInferenceAdapter.cpp.obj
[28/331] Building CXX object CMakeFiles\InferenceEngine.dir\src\deep2\KimiK2Config.cpp.obj
[29/331] Building CXX object CMakeFiles\InferenceEngine.dir\src\deep2\K2MLAWeights.cpp.obj
[30/331] Building CXX object CMakeFiles\InferenceEngine.dir\src\deep2\K2MLA_KvExpand_Fused.cpp.obj
[31/331] Building CXX object CMakeFiles\InferenceEngine.dir\src\deep2\K2MLAAttention.cpp.obj
[32/331] Building CXX object CMakeFiles\InferenceEngine.dir\src\deep2\K2TokenEmbedding.cpp.obj
[33/331] Building CXX object CMakeFiles\InferenceEngine.dir\src\deep2\K2NativeStreamGate.cpp.obj
[34/331] Building CXX object CMakeFiles\InferenceEngine.dir\src\deep2\MlaCertAuthority.cpp.obj
[35/331] Building CXX object CMakeFiles\InferenceEngine.dir\src\rawrxd_transformer_forwardbatch.cpp.obj
[36/331] Building CXX object CMakeFiles\InferenceEngine.dir\src\deep2\K2LogitsClimb.cpp.obj
[37/331] Building CXX object CMakeFiles\InferenceEngine.dir\src\deep2\K2LogitsSplit.cpp.obj
[38/331] Building CXX object CMakeFiles\InferenceEngine.dir\src\deep2\K2LogitsLineage.cpp.obj
[39/331] Building CXX object CMakeFiles\InferenceEngine.dir\src\deep2\K2GpuStreamCopy.cpp.obj
[40/331] Building CXX object CMakeFiles\InferenceEngine.dir\src\deep2\K2GpuStreamCopy_Overlap.cpp.obj
[41/331] Building CXX object CMakeFiles\InferenceEngine.dir\src\backend\VulkanGemmDispatcher.cpp.obj
FAILED: [code=2] CMakeFiles/InferenceEngine.dir/src/backend/VulkanGemmDispatcher.cpp.obj 
"C:\Program Files (x86)\Microsoft Visual Studio\2022\BuildTools\VC\Tools\MSVC\14.44.35207\bin\Hostx64\x64\cl.exe"  /nologo /TP -DHAS_BRUTAL_GZIP_MASM=1 -DNOMINMAX -DRAWRXD_LINK_ADVANCED_DEOBFUSCATOR_ASM=1 -DRAWRXD_LINK_ANALYZER_DISTILLER_ASM=0 -DRAWRXD_LINK_CODEBASE_AUDIT_SYSTEM_ASM=0 -DRAWRXD_LINK_DUAL_ENGINE_QUANTUM_BEACON_ASM=0 -DRAWRXD_LINK_INFERENCE_KERNELS_ASM=1 -DRAWRXD_LINK_PATTERN_RECONSTRUCTOR_ASM=1 -DRAWRXD_LINK_PROMETHEUS_EXPORTER_ASM=1 -DRAWRXD_LINK_QUADBUFFER_ASM=1 -DRAWRXD_LINK_REVERSE_ENGINEERED_ASM=1 -DRAWRXD_LINK_SELFPATCH_AGENT_ASM=1 -DRAWRXD_LINK_SOURCEEDIT_KERNEL_ASM=1 -DRAWRXD_LINK_STREAMING_ORCHESTRATOR_ASM=0 -DRAWRXD_LINK_TELEMETRY_KERNEL_ASM=1 -DRAWRXD_LINK_UNIFIED_OVERCLOCK_GOVERNOR_ASM=0 -DRAWRXD_LINK_VISION_PROJECTION_ASM=0 -DRAWRXD_PRODUCTION_STRIP_STUB_SOURCES=0 -DRAWRXD_STRICT_PRODUCTION_PROFILE=0 -DRAWR_ATOMIC_ACTIVATION_ENABLED=1 -DRAWR_CAPABILITY_TOKENS_ENABLED=1 -DRAWR_ENABLE_VULKAN=1 -DRAWR_HAS_MASM=1 -DRAWR_HAS_SOVEREIGN_ENGINES=1 -DRAWR_HAS_VULKAN=1 -DRAWR_HOTPATCH_JOURNAL_ENABLED=1 -DRAWR_INTENT_EMERGENCY_BYPASS=0 -DRAWR_INTENT_GUARD_ENABLED=1 -DRAWR_INTENT_VALIDATION_ENABLED=1 -DRAWR_MODEL_ADAPTER_ENABLED=1 -DRAWR_PATCH_FIREWALL_ENABLED=1 -DRAWR_PATCH_TRANSACTION_ENABLED=1 -DRAWR_REFLECTOR_AGENT_ENABLED=1 -DRAWR_ROLLBACK_FIRST_CLASS_ENABLED=1 -DRAWR_STANDALONE_INFERENCE=1 -DRAWR_VULKAN_AVAILABLE=1 -DVULKAN_HPP_DISPATCH_LOADER_DYNAMIC=1 -DWIN32_LEAN_AND_MEAN -D_CRT_SECURE_NO_WARNINGS -IF:\~dev\rawrxd\include -IC:\VulkanSDK\1.4.357.0\Include -IF:\~dev\rawrxd\src -IF:\~dev\rawrxd\src\deep2 -IF:\~dev\rawrxd\src\inference -IF:\~dev\rawrxd\src\engine -IF:\~dev\rawrxd\src\core -IF:\~dev\rawrxd\src\codec -IF:\~dev\rawrxd\src\masm -IF:\~dev\rawrxd\src\runtime\governance -external:I"C:\Program Files (x86)\Microsoft Visual Studio\2022\BuildTools\VC\Tools\MSVC\14.44.35207\include" -external:I"C:\Program Files (x86)\Windows Kits\10\Include\10.0.26100.0\ucrt" -external:I"C:\Program Files (x86)\Windows Kits\10\Include\10.0.26100.0\shared" -external:I"C:\Program Files (x86)\Windows Kits\10\Include\10.0.26100.0\um" -external:I"C:\Program Files (x86)\Windows Kits\10\Include\10.0.26100.0\winrt" -external:ID:\rawrxd\Ship\webview2\build\native\include -external:W0 /DWIN32 /D_WINDOWS /EHsc /O2 /Ob2 /DNDEBUG -std:c++20 -MT /GS- /sdl- /EHsc /W0 /arch:AVX512 /O2 /showIncludes /FoCMakeFiles\InferenceEngine.dir\src\backend\VulkanGemmDispatcher.cpp.obj /FdCMakeFiles\InferenceEngine.dir\InferenceEngine.pdb /FS -c F:\~dev\rawrxd\src\backend\VulkanGemmDispatcher.cpp
C:\Program Files (x86)\Microsoft Visual Studio\2022\BuildTools\VC\Tools\MSVC\14.44.35207\include\xmemory(730): error C2672: 'std::construct_at': no matching overloaded function found
C:\Program Files (x86)\Microsoft Visual Studio\2022\BuildTools\VC\Tools\MSVC\14.44.35207\include\xutility(461): note: could be '_Ty *std::construct_at(_Ty *const ,_Types ...) noexcept(<expr>)'
C:\Program Files (x86)\Microsoft Visual Studio\2022\BuildTools\VC\Tools\MSVC\14.44.35207\include\xmemory(730): note: the associated constraints are not satisfied
C:\Program Files (x86)\Microsoft Visual Studio\2022\BuildTools\VC\Tools\MSVC\14.44.35207\include\xutility(459): note: 'rawrxd::backend::VulkanGemmDispatcher::QueueState::QueueState(const rawrxd::backend::VulkanGemmDispatcher::QueueState &)': attempting to reference a deleted function
F:\~dev\rawrxd\src\backend\VulkanGemmDispatcher.hpp(346): note: compiler has generated 'rawrxd::backend::VulkanGemmDispatcher::QueueState::QueueState' here
F:\~dev\rawrxd\src\backend\VulkanGemmDispatcher.hpp(346): note: 'rawrxd::backend::VulkanGemmDispatcher::QueueState::QueueState(const rawrxd::backend::VulkanGemmDispatcher::QueueState &)': function was implicitly deleted because a data member invokes a deleted or inaccessible function 'std::mutex::mutex(const std::mutex &)'
C:\Program Files (x86)\Microsoft Visual Studio\2022\BuildTools\VC\Tools\MSVC\14.44.35207\include\mutex(102): note: 'std::mutex::mutex(const std::mutex &)': function was explicitly deleted
C:\Program Files (x86)\Microsoft Visual Studio\2022\BuildTools\VC\Tools\MSVC\14.44.35207\include\xmemory(730): note: the template instantiation context (the oldest one first) is
F:\~dev\rawrxd\src\backend\VulkanGemmDispatcher.hpp(381): note: see reference to class template instantiation 'std::vector<rawrxd::backend::VulkanGemmDispatcher::QueueState,std::allocator<rawrxd::backend::VulkanGemmDispatcher::QueueState>>' being compiled
C:\Program Files (x86)\Microsoft Visual Studio\2022\BuildTools\VC\Tools\MSVC\14.44.35207\include\vector(1628): note: while compiling class template member function 'void std::vector<rawrxd::backend::VulkanGemmDispatcher::QueueState,std::allocator<rawrxd::backend::VulkanGemmDispatcher::QueueState>>::resize(const unsigned __int64)'
F:\~dev\rawrxd\src\backend\VulkanGemmDispatcher.cpp(54): note: see the first reference to 'std::vector<rawrxd::backend::VulkanGemmDispatcher::QueueState,std::allocator<rawrxd::backend::VulkanGemmDispatcher::QueueState>>::resize' in 'rawrxd::backend::VulkanGemmDispatcher::Initialize'
C:\Program Files (x86)\Microsoft Visual Studio\2022\BuildTools\VC\Tools\MSVC\14.44.35207\include\vector(1630): note: see reference to function template instantiation 'void std::vector<rawrxd::backend::VulkanGemmDispatcher::QueueState,std::allocator<rawrxd::backend::VulkanGemmDispatcher::QueueState>>::_Resize<std::_Value_init_tag>(const unsigned __int64,const _Ty2 &)' being compiled
        with
        [
            _Ty2=std::_Value_init_tag
        ]
C:\Program Files (x86)\Microsoft Visual Studio\2022\BuildTools\VC\Tools\MSVC\14.44.35207\include\vector(1608): note: see reference to function template instantiation 'void std::vector<rawrxd::backend::VulkanGemmDispatcher::QueueState,std::allocator<rawrxd::backend::VulkanGemmDispatcher::QueueState>>::_Resize_reallocate<_Ty2>(const unsigned __int64,const _Ty2 &)' being compiled
        with
        [
            _Ty2=std::_Value_init_tag
        ]
C:\Program Files (x86)\Microsoft Visual Studio\2022\BuildTools\VC\Tools\MSVC\14.44.35207\include\vector(1579): note: see reference to function template instantiation 'rawrxd::backend::VulkanGemmDispatcher::QueueState *std::_Uninitialized_move<rawrxd::backend::VulkanGemmDispatcher::QueueState*,std::allocator<rawrxd::backend::VulkanGemmDispatcher::QueueState>>(const _InIt,const _InIt,rawrxd::backend::VulkanGemmDispatcher::QueueState *,_Alloc &)' being compiled
        with
        [
            _InIt=rawrxd::backend::VulkanGemmDispatcher::QueueState *,
            _Alloc=std::allocator<rawrxd::backend::VulkanGemmDispatcher::QueueState>
        ]
C:\Program Files (x86)\Microsoft Visual Studio\2022\BuildTools\VC\Tools\MSVC\14.44.35207\include\xmemory(1999): note: see reference to function template instantiation 'void std::_Uninitialized_backout_al<std::allocator<rawrxd::backend::VulkanGemmDispatcher::QueueState>>::_Emplace_back<rawrxd::backend::VulkanGemmDispatcher::QueueState>(rawrxd::backend::VulkanGemmDispatcher::QueueState &&)' being compiled
C:\Program Files (x86)\Microsoft Visual Studio\2022\BuildTools\VC\Tools\MSVC\14.44.35207\include\xmemory(1844): note: see reference to function template instantiation 'void std::_Default_allocator_traits<_Alloc>::construct<_Ty,_Ty>(_Alloc &,_Objty *const ,_Ty &&)' being compiled
        with
        [
            _Alloc=std::allocator<rawrxd::backend::VulkanGemmDispatcher::QueueState>,
            _Ty=rawrxd::backend::VulkanGemmDispatcher::QueueState,
            _Objty=rawrxd::backend::VulkanGemmDispatcher::QueueState
        ]
[42/331] Building CXX object CMakeFiles\InferenceEngine.dir\src\deep2\K2MLA_GpuGemv.cpp.obj
[43/331] Building CXX object CMakeFiles\InferenceEngine.dir\src\deep2\K2BraidExecutionPolicy.cpp.obj
[44/331] Building CXX object CMakeFiles\InferenceEngine.dir\src\deep2\K2MLA_FusedQ4KT.cpp.obj
[45/331] Building CXX object CMakeFiles\InferenceEngine.dir\src\deep2\Deep2ExecutionGraph.cpp.obj
[46/331] Building CXX object CMakeFiles\InferenceEngine.dir\src\deep2\CompressedKVCache.cpp.obj
[47/331] Building CXX object CMakeFiles\InferenceEngine.dir\src\deep2\NVMeStream.cpp.obj
[48/331] Building CXX object CMakeFiles\InferenceEngine.dir\src\deep2\ChatTemplate.cpp.obj
ninja: build stopped: subcommand failed.
