[1/428] Building CXX object CMakeFiles\InferenceEngine.dir\src\inference\ollama_blob_parser.cpp.obj
[2/428] Building CXX object CMakeFiles\InferenceEngine.dir\src\inference\ultra_fast_inference.cpp.obj
[3/428] Building CXX object CMakeFiles\InferenceEngine.dir\src\inference\polymorphic_loader.cpp.obj
[4/428] Building CXX object CMakeFiles\InferenceEngine.dir\src\rawrxd_inference.cpp.obj
FAILED: [code=2] CMakeFiles/InferenceEngine.dir/src/rawrxd_inference.cpp.obj 
"C:\Program Files (x86)\Microsoft Visual Studio\2022\BuildTools\VC\Tools\MSVC\14.44.35207\bin\Hostx64\x64\cl.exe"  /nologo /TP -DHAS_BRUTAL_GZIP_MASM=1 -DNOMINMAX -DRAWRXD_LINK_ADVANCED_DEOBFUSCATOR_ASM=1 -DRAWRXD_LINK_ANALYZER_DISTILLER_ASM=0 -DRAWRXD_LINK_CODEBASE_AUDIT_SYSTEM_ASM=0 -DRAWRXD_LINK_DUAL_ENGINE_QUANTUM_BEACON_ASM=0 -DRAWRXD_LINK_INFERENCE_KERNELS_ASM=1 -DRAWRXD_LINK_PATTERN_RECONSTRUCTOR_ASM=1 -DRAWRXD_LINK_PROMETHEUS_EXPORTER_ASM=1 -DRAWRXD_LINK_QUADBUFFER_ASM=1 -DRAWRXD_LINK_REVERSE_ENGINEERED_ASM=1 -DRAWRXD_LINK_SELFPATCH_AGENT_ASM=1 -DRAWRXD_LINK_SOURCEEDIT_KERNEL_ASM=1 -DRAWRXD_LINK_STREAMING_ORCHESTRATOR_ASM=0 -DRAWRXD_LINK_TELEMETRY_KERNEL_ASM=1 -DRAWRXD_LINK_UNIFIED_OVERCLOCK_GOVERNOR_ASM=0 -DRAWRXD_LINK_VISION_PROJECTION_ASM=0 -DRAWRXD_PRODUCTION_STRIP_STUB_SOURCES=0 -DRAWRXD_STRICT_PRODUCTION_PROFILE=0 -DRAWR_ATOMIC_ACTIVATION_ENABLED=1 -DRAWR_CAPABILITY_TOKENS_ENABLED=1 -DRAWR_ENABLE_VULKAN=1 -DRAWR_HAS_MASM=1 -DRAWR_HAS_SOVEREIGN_ENGINES=1 -DRAWR_HAS_VULKAN=1 -DRAWR_HOTPATCH_JOURNAL_ENABLED=1 -DRAWR_INTENT_EMERGENCY_BYPASS=0 -DRAWR_INTENT_GUARD_ENABLED=1 -DRAWR_INTENT_VALIDATION_ENABLED=1 -DRAWR_MODEL_ADAPTER_ENABLED=1 -DRAWR_PATCH_FIREWALL_ENABLED=1 -DRAWR_PATCH_TRANSACTION_ENABLED=1 -DRAWR_REFLECTOR_AGENT_ENABLED=1 -DRAWR_ROLLBACK_FIRST_CLASS_ENABLED=1 -DRAWR_STANDALONE_INFERENCE=1 -DRAWR_VULKAN_AVAILABLE=1 -DVULKAN_HPP_DISPATCH_LOADER_DYNAMIC=1 -DWIN32_LEAN_AND_MEAN -D_CRT_SECURE_NO_WARNINGS -IF:\~dev\rawrxd\include -IC:\VulkanSDK\1.4.357.0\Include -IF:\~dev\rawrxd\src -IF:\~dev\rawrxd\src\deep2 -IF:\~dev\rawrxd\src\inference -IF:\~dev\rawrxd\src\engine -IF:\~dev\rawrxd\src\core -IF:\~dev\rawrxd\src\codec -IF:\~dev\rawrxd\src\masm -IF:\~dev\rawrxd\src\runtime\governance -external:I"C:\Program Files (x86)\Microsoft Visual Studio\2022\BuildTools\VC\Tools\MSVC\14.44.35207\include" -external:I"C:\Program Files (x86)\Windows Kits\10\Include\10.0.26100.0\ucrt" -external:I"C:\Program Files (x86)\Windows Kits\10\Include\10.0.26100.0\shared" -external:I"C:\Program Files (x86)\Windows Kits\10\Include\10.0.26100.0\um" -external:I"C:\Program Files (x86)\Windows Kits\10\Include\10.0.26100.0\winrt" -external:ID:\rawrxd\Ship\webview2\build\native\include -external:W0 /DWIN32 /D_WINDOWS /EHsc /O2 /Ob2 /DNDEBUG -std:c++20 -MT /GS- /sdl- /EHsc /W0 /arch:AVX512 /O2 /showIncludes /FoCMakeFiles\InferenceEngine.dir\src\rawrxd_inference.cpp.obj /FdCMakeFiles\InferenceEngine.dir\InferenceEngine.pdb /FS -c F:\~dev\rawrxd\src\rawrxd_inference.cpp
F:\~dev\rawrxd\src\core/rawrxd_inference.h(129): error C2143: syntax error: missing ';' before '*'
F:\~dev\rawrxd\src\core/rawrxd_inference.h(129): error C4430: missing type specifier - int assumed. Note: C++ does not support default-int
F:\~dev\rawrxd\src\core/rawrxd_inference.h(129): error C2238: unexpected token(s) preceding ';'
F:\~dev\rawrxd\src\core/rawrxd_inference.h(130): error C2143: syntax error: missing ';' before '*'
F:\~dev\rawrxd\src\core/rawrxd_inference.h(130): error C4430: missing type specifier - int assumed. Note: C++ does not support default-int
F:\~dev\rawrxd\src\core/rawrxd_inference.h(130): error C2238: unexpected token(s) preceding ';'
F:\~dev\rawrxd\src\core/rawrxd_inference.h(145): error C4430: missing type specifier - int assumed. Note: C++ does not support default-int
F:\~dev\rawrxd\src\core/rawrxd_inference.h(145): error C2146: syntax error: missing ';' before identifier 'rawrxd_kv_cache'
F:\~dev\rawrxd\src\core/rawrxd_inference.h(146): error C2144: syntax error: 'void' should be preceded by ';'
F:\~dev\rawrxd\src\core/rawrxd_inference.h(146): error C4430: missing type specifier - int assumed. Note: C++ does not support default-int
F:\~dev\rawrxd\src\core/rawrxd_inference.h(146): error C2086: 'int RAWRXD_EXPORT': redefinition
F:\~dev\rawrxd\src\core/rawrxd_inference.h(145): note: see declaration of 'RAWRXD_EXPORT'
F:\~dev\rawrxd\src\core/rawrxd_inference.h(147): error C2144: syntax error: 'void' should be preceded by ';'
F:\~dev\rawrxd\src\core/rawrxd_inference.h(147): error C4430: missing type specifier - int assumed. Note: C++ does not support default-int
F:\~dev\rawrxd\src\core/rawrxd_inference.h(147): error C2086: 'int RAWRXD_EXPORT': redefinition
F:\~dev\rawrxd\src\core/rawrxd_inference.h(145): note: see declaration of 'RAWRXD_EXPORT'
F:\~dev\rawrxd\src\core/rawrxd_inference.h(148): error C2144: syntax error: 'void' should be preceded by ';'
F:\~dev\rawrxd\src\core/rawrxd_inference.h(148): error C4430: missing type specifier - int assumed. Note: C++ does not support default-int
F:\~dev\rawrxd\src\core/rawrxd_inference.h(148): error C2086: 'int RAWRXD_EXPORT': redefinition
F:\~dev\rawrxd\src\core/rawrxd_inference.h(145): note: see declaration of 'RAWRXD_EXPORT'
F:\~dev\rawrxd\src\core/rawrxd_inference.h(151): error C2144: syntax error: 'void' should be preceded by ';'
F:\~dev\rawrxd\src\core/rawrxd_inference.h(151): error C4430: missing type specifier - int assumed. Note: C++ does not support default-int
F:\~dev\rawrxd\src\core/rawrxd_inference.h(151): error C2086: 'int RAWRXD_EXPORT': redefinition
F:\~dev\rawrxd\src\core/rawrxd_inference.h(145): note: see declaration of 'RAWRXD_EXPORT'
F:\~dev\rawrxd\src\core/rawrxd_inference.h(155): error C4430: missing type specifier - int assumed. Note: C++ does not support default-int
F:\~dev\rawrxd\src\core/rawrxd_inference.h(155): error C2143: syntax error: missing ',' before '*'
F:\~dev\rawrxd\src\core/rawrxd_inference.h(157): error C2144: syntax error: 'void' should be preceded by ';'
F:\~dev\rawrxd\src\core/rawrxd_inference.h(157): error C4430: missing type specifier - int assumed. Note: C++ does not support default-int
F:\~dev\rawrxd\src\core/rawrxd_inference.h(157): error C2086: 'int RAWRXD_EXPORT': redefinition
F:\~dev\rawrxd\src\core/rawrxd_inference.h(145): note: see declaration of 'RAWRXD_EXPORT'
F:\~dev\rawrxd\src\core/rawrxd_inference.h(161): error C2061: syntax error: identifier 'f16'
F:\~dev\rawrxd\src\core/rawrxd_inference.h(174): error C2143: syntax error: missing ';' before '*'
F:\~dev\rawrxd\src\core/rawrxd_inference.h(174): error C4430: missing type specifier - int assumed. Note: C++ does not support default-int
F:\~dev\rawrxd\src\core/rawrxd_inference.h(174): error C2238: unexpected token(s) preceding ';'
F:\~dev\rawrxd\src\core/rawrxd_inference.h(205): error C2143: syntax error: missing ';' before '*'
F:\~dev\rawrxd\src\core/rawrxd_inference.h(205): error C4430: missing type specifier - int assumed. Note: C++ does not support default-int
F:\~dev\rawrxd\src\core/rawrxd_inference.h(205): error C2238: unexpected token(s) preceding ';'
F:\~dev\rawrxd\src\core/rawrxd_inference.h(207): error C2143: syntax error: missing ';' before '*'
F:\~dev\rawrxd\src\core/rawrxd_inference.h(207): error C4430: missing type specifier - int assumed. Note: C++ does not support default-int
F:\~dev\rawrxd\src\core/rawrxd_inference.h(207): error C2238: unexpected token(s) preceding ';'
F:\~dev\rawrxd\src\core/rawrxd_inference.h(214): error C4430: missing type specifier - int assumed. Note: C++ does not support default-int
F:\~dev\rawrxd\src\core/rawrxd_inference.h(214): error C2086: 'int RAWRXD_EXPORT': redefinition
F:\~dev\rawrxd\src\core/rawrxd_inference.h(145): note: see declaration of 'RAWRXD_EXPORT'
F:\~dev\rawrxd\src\core/rawrxd_inference.h(214): error C2146: syntax error: missing ';' before identifier 'rawrxd_model'
F:\~dev\rawrxd\src\core/rawrxd_inference.h(216): error C4430: missing type specifier - int assumed. Note: C++ does not support default-int
F:\~dev\rawrxd\src\core/rawrxd_inference.h(216): error C2086: 'int RAWRXD_EXPORT': redefinition
F:\~dev\rawrxd\src\core/rawrxd_inference.h(145): note: see declaration of 'RAWRXD_EXPORT'
F:\~dev\rawrxd\src\core/rawrxd_inference.h(216): error C2146: syntax error: missing ';' before identifier 'rawrxd_model'
F:\~dev\rawrxd\src\core/rawrxd_inference.h(218): error C2144: syntax error: 'void' should be preceded by ';'
F:\~dev\rawrxd\src\core/rawrxd_inference.h(218): error C4430: missing type specifier - int assumed. Note: C++ does not support default-int
F:\~dev\rawrxd\src\core/rawrxd_inference.h(218): error C2086: 'int RAWRXD_EXPORT': redefinition
F:\~dev\rawrxd\src\core/rawrxd_inference.h(145): note: see declaration of 'RAWRXD_EXPORT'
F:\~dev\rawrxd\src\core/rawrxd_inference.h(221): error C4430: missing type specifier - int assumed. Note: C++ does not support default-int
F:\~dev\rawrxd\src\core/rawrxd_inference.h(221): error C2086: 'int RAWRXD_EXPORT': redefinition
F:\~dev\rawrxd\src\core/rawrxd_inference.h(145): note: see declaration of 'RAWRXD_EXPORT'
F:\~dev\rawrxd\src\core/rawrxd_inference.h(221): error C2146: syntax error: missing ';' before identifier 'rawrxd_result'
F:\~dev\rawrxd\src\core/rawrxd_inference.h(235): error C2143: syntax error: missing ';' before '*'
F:\~dev\rawrxd\src\core/rawrxd_inference.h(235): error C4430: missing type specifier - int assumed. Note: C++ does not support default-int
F:\~dev\rawrxd\src\core/rawrxd_inference.h(235): error C2238: unexpected token(s) preceding ';'
F:\~dev\rawrxd\src\core/rawrxd_inference.h(236): error C2143: syntax error: missing ';' before '*'
F:\~dev\rawrxd\src\core/rawrxd_inference.h(236): error C4430: missing type specifier - int assumed. Note: C++ does not support default-int
F:\~dev\rawrxd\src\core/rawrxd_inference.h(236): error C2238: unexpected token(s) preceding ';'
F:\~dev\rawrxd\src\core/rawrxd_inference.h(257): error C4430: missing type specifier - int assumed. Note: C++ does not support default-int
F:\~dev\rawrxd\src\core/rawrxd_inference.h(257): error C2086: 'int RAWRXD_EXPORT': redefinition
F:\~dev\rawrxd\src\core/rawrxd_inference.h(145): note: see declaration of 'RAWRXD_EXPORT'
F:\~dev\rawrxd\src\core/rawrxd_inference.h(257): error C2146: syntax error: missing ';' before identifier 'rawrxd_tokenizer'
F:\~dev\rawrxd\src\core/rawrxd_inference.h(258): error C2144: syntax error: 'void' should be preceded by ';'
F:\~dev\rawrxd\src\core/rawrxd_inference.h(258): error C4430: missing type specifier - int assumed. Note: C++ does not support default-int
F:\~dev\rawrxd\src\core/rawrxd_inference.h(258): error C2086: 'int RAWRXD_EXPORT': redefinition
F:\~dev\rawrxd\src\core/rawrxd_inference.h(145): note: see declaration of 'RAWRXD_EXPORT'
F:\~dev\rawrxd\src\core/rawrxd_inference.h(261): error C4430: missing type specifier - int assumed. Note: C++ does not support default-int
F:\~dev\rawrxd\src\core/rawrxd_inference.h(261): error C2086: 'int RAWRXD_EXPORT': redefinition
F:\~dev\rawrxd\src\core/rawrxd_inference.h(145): note: see declaration of 'RAWRXD_EXPORT'
F:\~dev\rawrxd\src\core/rawrxd_inference.h(261): error C2146: syntax error: missing ';' before identifier 'u32'
F:\~dev\rawrxd\src\core/rawrxd_inference.h(266): error C2144: syntax error: 'char' should be preceded by ';'
F:\~dev\rawrxd\src\core/rawrxd_inference.h(266): error C4430: missing type specifier - int assumed. Note: C++ does not support default-int
F:\~dev\rawrxd\src\core/rawrxd_inference.h(266): error C2086: 'int RAWRXD_EXPORT': redefinition
F:\~dev\rawrxd\src\core/rawrxd_inference.h(145): note: see declaration of 'RAWRXD_EXPORT'
F:\~dev\rawrxd\src\core/rawrxd_inference.h(269): error C4430: missing type specifier - int assumed. Note: C++ does not support default-int
F:\~dev\rawrxd\src\core/rawrxd_inference.h(269): error C2086: 'int RAWRXD_EXPORT': redefinition
F:\~dev\rawrxd\src\core/rawrxd_inference.h(145): note: see declaration of 'RAWRXD_EXPORT'
F:\~dev\rawrxd\src\core/rawrxd_inference.h(269): error C2146: syntax error: missing ';' before identifier 'u32'
F:\~dev\rawrxd\src\core/rawrxd_inference.h(270): error C4430: missing type specifier - int assumed. Note: C++ does not support default-int
F:\~dev\rawrxd\src\core/rawrxd_inference.h(270): error C2086: 'int RAWRXD_EXPORT': redefinition
F:\~dev\rawrxd\src\core/rawrxd_inference.h(145): note: see declaration of 'RAWRXD_EXPORT'
F:\~dev\rawrxd\src\core/rawrxd_inference.h(270): error C2146: syntax error: missing ';' before identifier 'u32'
F:\~dev\rawrxd\src\core/rawrxd_inference.h(289): error C2143: syntax error: missing ';' before '*'
F:\~dev\rawrxd\src\core/rawrxd_inference.h(289): error C4430: missing type specifier - int assumed. Note: C++ does not support default-int
F:\~dev\rawrxd\src\core/rawrxd_inference.h(289): error C2238: unexpected token(s) preceding ';'
F:\~dev\rawrxd\src\core/rawrxd_inference.h(302): error C3646: 'rng': unknown override specifier
F:\~dev\rawrxd\src\core/rawrxd_inference.h(302): error C4430: missing type specifier - int assumed. Note: C++ does not support default-int
F:\~dev\rawrxd\src\core/rawrxd_inference.h(314): error C4430: missing type specifier - int assumed. Note: C++ does not support default-int
F:\~dev\rawrxd\src\core/rawrxd_inference.h(314): error C2086: 'int RAWRXD_EXPORT': redefinition
F:\~dev\rawrxd\src\core/rawrxd_inference.h(145): note: see declaration of 'RAWRXD_EXPORT'
F:\~dev\rawrxd\src\core/rawrxd_inference.h(314): error C2146: syntax error: missing ';' before identifier 'rawrxd_context'
F:\~dev\rawrxd\src\core/rawrxd_inference.h(315): error C2144: syntax error: 'void' should be preceded by ';'
F:\~dev\rawrxd\src\core/rawrxd_inference.h(315): error C4430: missing type specifier - int assumed. Note: C++ does not support default-int
F:\~dev\rawrxd\src\core/rawrxd_inference.h(315): error C2086: 'int RAWRXD_EXPORT': redefinition
F:\~dev\rawrxd\src\core/rawrxd_inference.h(145): note: see declaration of 'RAWRXD_EXPORT'
F:\~dev\rawrxd\src\core/rawrxd_inference.h(316): error C2144: syntax error: 'void' should be preceded by ';'
F:\~dev\rawrxd\src\core/rawrxd_inference.h(316): error C4430: missing type specifier - int assumed. Note: C++ does not support default-int
F:\~dev\rawrxd\src\core/rawrxd_inference.h(316): error C2086: 'int RAWRXD_EXPORT': redefinition
F:\~dev\rawrxd\src\core/rawrxd_inference.h(145): note: see declaration of 'RAWRXD_EXPORT'
F:\~dev\rawrxd\src\core/rawrxd_inference.h(323): error C4430: missing type specifier - int assumed. Note: C++ does not support default-int
F:\~dev\rawrxd\src\core/rawrxd_inference.h(323): error C2086: 'int RAWRXD_EXPORT': redefinition
F:\~dev\rawrxd\src\core/rawrxd_inference.h(145): note: see declaration of 'RAWRXD_EXPORT'
F:\~dev\rawrxd\src\core/rawrxd_inference.h(323): error C2146: syntax error: missing ';' before identifier 'rawrxd_result'
F:\~dev\rawrxd\src\core/rawrxd_inference.h(328): error C4430: missing type specifier - int assumed. Note: C++ does not support default-int
F:\~dev\rawrxd\src\core/rawrxd_inference.h(328): error C2086: 'int RAWRXD_EXPORT': redefinition
F:\~dev\rawrxd\src\core/rawrxd_inference.h(145): note: see declaration of 'RAWRXD_EXPORT'
F:\~dev\rawrxd\src\core/rawrxd_inference.h(328): error C2146: syntax error: missing ';' before identifier 'rawrxd_result'
F:\~dev\rawrxd\src\core/rawrxd_inference.h(334): error C4430: missing type specifier - int assumed. Note: C++ does not support default-int
F:\~dev\rawrxd\src\core/rawrxd_inference.h(334): error C2086: 'int RAWRXD_EXPORT': redefinition
F:\~dev\rawrxd\src\core/rawrxd_inference.h(145): note: see declaration of 'RAWRXD_EXPORT'
F:\~dev\rawrxd\src\core/rawrxd_inference.h(334): error C2146: syntax error: missing ';' before identifier 'rawrxd_result'
F:\~dev\rawrxd\src\core/rawrxd_inference.h(339): error C4430: missing type specifier - int assumed. Note: C++ does not support default-int
F:\~dev\rawrxd\src\core/rawrxd_inference.h(339): error C2086: 'int RAWRXD_EXPORT': redefinition
F:\~dev\rawrxd\src\core/rawrxd_inference.h(145): note: see declaration of 'RAWRXD_EXPORT'
F:\~dev\rawrxd\src\core/rawrxd_inference.h(339): error C2146: syntax error: missing ';' before identifier 'u32'
F:\~dev\rawrxd\src\core/rawrxd_inference.h(367): error C4430: missing type specifier - int assumed. Note: C++ does not support default-int
F:\~dev\rawrxd\src\core/rawrxd_inference.h(367): error C2086: 'int RAWRXD_EXPORT': redefinition
F:\~dev\rawrxd\src\core/rawrxd_inference.h(145): note: see declaration of 'RAWRXD_EXPORT'
F:\~dev\rawrxd\src\core/rawrxd_inference.h(367): error C2146: syntax error: missing ';' before identifier 'rawrxd_result'
F:\~dev\rawrxd\src\core/rawrxd_inference.h(372): error C4430: missing type specifier - int assumed. Note: C++ does not support default-int
F:\~dev\rawrxd\src\core/rawrxd_inference.h(372): error C2086: 'int RAWRXD_EXPORT': redefinition
F:\~dev\rawrxd\src\core/rawrxd_inference.h(145): note: see declaration of 'RAWRXD_EXPORT'
F:\~dev\rawrxd\src\core/rawrxd_inference.h(372): error C2146: syntax error: missing ';' before identifier 'rawrxd_result'
F:\~dev\rawrxd\src\core/rawrxd_inference.h(380): error C4430: missing type specifier - int assumed. Note: C++ does not support default-int
F:\~dev\rawrxd\src\core/rawrxd_inference.h(380): error C2086: 'int RAWRXD_EXPORT': redefinition
F:\~dev\rawrxd\src\core/rawrxd_inference.h(145): note: see declaration of 'RAWRXD_EXPORT'
F:\~dev\rawrxd\src\core/rawrxd_inference.h(380): error C2146: syntax error: missing ';' before identifier 'rawrxd_result'
F:\~dev\rawrxd\src\core/rawrxd_inference.h(389): error C2144: syntax error: 'void' should be preceded by ';'
F:\~dev\rawrxd\src\core/rawrxd_inference.h(389): error C4430: missing type specifier - int assumed. Note: C++ does not support default-int
F:\~dev\rawrxd\src\core/rawrxd_inference.h(389): error C2086: 'int RAWRXD_EXPORT': redefinition
F:\~dev\rawrxd\src\core/rawrxd_inference.h(145): note: see declaration of 'RAWRXD_EXPORT'
F:\~dev\rawrxd\src\core/rawrxd_inference.h(390): error C2144: syntax error: 'void' should be preceded by ';'
F:\~dev\rawrxd\src\core/rawrxd_inference.h(390): error C4430: missing type specifier - int assumed. Note: C++ does not support default-int
F:\~dev\rawrxd\src\core/rawrxd_inference.h(390): error C2086: 'int RAWRXD_EXPORT': redefinition
F:\~dev\rawrxd\src\core/rawrxd_inference.h(145): note: see declaration of 'RAWRXD_EXPORT'
F:\~dev\rawrxd\src\core/rawrxd_inference.h(390): fatal error C1003: error count exceeds 100; stopping compilation
[5/428] Building CXX object CMakeFiles\InferenceEngine.dir\src\rawrxd_model_loader.cpp.obj
[6/428] Building CXX object CMakeFiles\InferenceEngine.dir\src\rawrxd_transformer_forwardbatch.cpp.obj
FAILED: [code=2] CMakeFiles/InferenceEngine.dir/src/rawrxd_transformer_forwardbatch.cpp.obj 
"C:\Program Files (x86)\Microsoft Visual Studio\2022\BuildTools\VC\Tools\MSVC\14.44.35207\bin\Hostx64\x64\cl.exe"  /nologo /TP -DHAS_BRUTAL_GZIP_MASM=1 -DNOMINMAX -DRAWRXD_LINK_ADVANCED_DEOBFUSCATOR_ASM=1 -DRAWRXD_LINK_ANALYZER_DISTILLER_ASM=0 -DRAWRXD_LINK_CODEBASE_AUDIT_SYSTEM_ASM=0 -DRAWRXD_LINK_DUAL_ENGINE_QUANTUM_BEACON_ASM=0 -DRAWRXD_LINK_INFERENCE_KERNELS_ASM=1 -DRAWRXD_LINK_PATTERN_RECONSTRUCTOR_ASM=1 -DRAWRXD_LINK_PROMETHEUS_EXPORTER_ASM=1 -DRAWRXD_LINK_QUADBUFFER_ASM=1 -DRAWRXD_LINK_REVERSE_ENGINEERED_ASM=1 -DRAWRXD_LINK_SELFPATCH_AGENT_ASM=1 -DRAWRXD_LINK_SOURCEEDIT_KERNEL_ASM=1 -DRAWRXD_LINK_STREAMING_ORCHESTRATOR_ASM=0 -DRAWRXD_LINK_TELEMETRY_KERNEL_ASM=1 -DRAWRXD_LINK_UNIFIED_OVERCLOCK_GOVERNOR_ASM=0 -DRAWRXD_LINK_VISION_PROJECTION_ASM=0 -DRAWRXD_PRODUCTION_STRIP_STUB_SOURCES=0 -DRAWRXD_STRICT_PRODUCTION_PROFILE=0 -DRAWR_ATOMIC_ACTIVATION_ENABLED=1 -DRAWR_CAPABILITY_TOKENS_ENABLED=1 -DRAWR_ENABLE_VULKAN=1 -DRAWR_HAS_MASM=1 -DRAWR_HAS_SOVEREIGN_ENGINES=1 -DRAWR_HAS_VULKAN=1 -DRAWR_HOTPATCH_JOURNAL_ENABLED=1 -DRAWR_INTENT_EMERGENCY_BYPASS=0 -DRAWR_INTENT_GUARD_ENABLED=1 -DRAWR_INTENT_VALIDATION_ENABLED=1 -DRAWR_MODEL_ADAPTER_ENABLED=1 -DRAWR_PATCH_FIREWALL_ENABLED=1 -DRAWR_PATCH_TRANSACTION_ENABLED=1 -DRAWR_REFLECTOR_AGENT_ENABLED=1 -DRAWR_ROLLBACK_FIRST_CLASS_ENABLED=1 -DRAWR_STANDALONE_INFERENCE=1 -DRAWR_VULKAN_AVAILABLE=1 -DVULKAN_HPP_DISPATCH_LOADER_DYNAMIC=1 -DWIN32_LEAN_AND_MEAN -D_CRT_SECURE_NO_WARNINGS -IF:\~dev\rawrxd\include -IC:\VulkanSDK\1.4.357.0\Include -IF:\~dev\rawrxd\src -IF:\~dev\rawrxd\src\deep2 -IF:\~dev\rawrxd\src\inference -IF:\~dev\rawrxd\src\engine -IF:\~dev\rawrxd\src\core -IF:\~dev\rawrxd\src\codec -IF:\~dev\rawrxd\src\masm -IF:\~dev\rawrxd\src\runtime\governance -external:I"C:\Program Files (x86)\Microsoft Visual Studio\2022\BuildTools\VC\Tools\MSVC\14.44.35207\include" -external:I"C:\Program Files (x86)\Windows Kits\10\Include\10.0.26100.0\ucrt" -external:I"C:\Program Files (x86)\Windows Kits\10\Include\10.0.26100.0\shared" -external:I"C:\Program Files (x86)\Windows Kits\10\Include\10.0.26100.0\um" -external:I"C:\Program Files (x86)\Windows Kits\10\Include\10.0.26100.0\winrt" -external:ID:\rawrxd\Ship\webview2\build\native\include -external:W0 /DWIN32 /D_WINDOWS /EHsc /O2 /Ob2 /DNDEBUG -std:c++20 -MT /GS- /sdl- /EHsc /W0 /arch:AVX512 /O2 /showIncludes /FoCMakeFiles\InferenceEngine.dir\src\rawrxd_transformer_forwardbatch.cpp.obj /FdCMakeFiles\InferenceEngine.dir\InferenceEngine.pdb /FS -c F:\~dev\rawrxd\src\rawrxd_transformer_forwardbatch.cpp
F:\~dev\rawrxd\src\rawrxd_transformer_forwardbatch.cpp(108): error C2039: 'random_device': is not a member of 'std'
C:\Program Files (x86)\Microsoft Visual Studio\2022\BuildTools\VC\Tools\MSVC\14.44.35207\include\future(36): note: see declaration of 'std'
F:\~dev\rawrxd\src\rawrxd_transformer_forwardbatch.cpp(108): error C2065: 'random_device': undeclared identifier
F:\~dev\rawrxd\src\rawrxd_transformer_forwardbatch.cpp(108): error C2146: syntax error: missing ';' before identifier 'rd'
F:\~dev\rawrxd\src\rawrxd_transformer_forwardbatch.cpp(108): error C2065: 'rd': undeclared identifier
F:\~dev\rawrxd\src\rawrxd_transformer_forwardbatch.cpp(109): error C2039: 'mt19937': is not a member of 'std'
C:\Program Files (x86)\Microsoft Visual Studio\2022\BuildTools\VC\Tools\MSVC\14.44.35207\include\future(36): note: see declaration of 'std'
F:\~dev\rawrxd\src\rawrxd_transformer_forwardbatch.cpp(109): error C2065: 'mt19937': undeclared identifier
F:\~dev\rawrxd\src\rawrxd_transformer_forwardbatch.cpp(109): error C2146: syntax error: missing ';' before identifier 'gen'
F:\~dev\rawrxd\src\rawrxd_transformer_forwardbatch.cpp(109): error C3861: 'rd': identifier not found
F:\~dev\rawrxd\src\rawrxd_transformer_forwardbatch.cpp(109): error C3861: 'gen': identifier not found
F:\~dev\rawrxd\src\rawrxd_transformer_forwardbatch.cpp(110): error C2039: 'uniform_real_distribution': is not a member of 'std'
C:\Program Files (x86)\Microsoft Visual Studio\2022\BuildTools\VC\Tools\MSVC\14.44.35207\include\future(36): note: see declaration of 'std'
F:\~dev\rawrxd\src\rawrxd_transformer_forwardbatch.cpp(110): error C2062: type 'float' unexpected
F:\~dev\rawrxd\src\rawrxd_transformer_forwardbatch.cpp(111): error C2065: 'gen': undeclared identifier
F:\~dev\rawrxd\src\rawrxd_transformer_forwardbatch.cpp(111): error C3861: 'dist': identifier not found
[7/428] Building CXX object CMakeFiles\InferenceEngine.dir\src\rawrxd_sampler.cpp.obj
[8/428] Building CXX object CMakeFiles\InferenceEngine.dir\src\rawrxd_transformer.cpp.obj
[9/428] Building CXX object CMakeFiles\InferenceEngine.dir\src\rawrxd_tokenizer.cpp.obj
[10/428] Building CXX object CMakeFiles\InferenceEngine.dir\src\gguf_loader.cpp.obj
[11/428] Building CXX object CMakeFiles\InferenceEngine.dir\src\cpu_inference_engine.cpp.obj
ninja: build stopped: subcommand failed.
