MSBuild version 17.14.51+25f168cee for .NET Framework

  1>Checking Build System
  Building Custom Rule F:/~dev/rawrxd/CMakeLists.txt
  Building Custom Rule F:/~dev/rawrxd/CMakeLists.txt
  Assembling F:\~dev\rawrxd\src\asm\k2_real_attention\RawrXD_K2_RealAttention_x64.asm...
  Assembling F:\~dev\rawrxd\src\deep2\lavapath\KN_O3KKEN.asm...
  Assembling F:\~dev\rawrxd\src\deep2\lavapath\r25_productopen_masm.asm...
  Assembling F:\~dev\rawrxd\src\deep2\sovereign_deep2_kernels.asm...
  Assembling F:\~dev\rawrxd\src\deep2\sovereign_q4k_gemv.asm...
  Assembling F:\~dev\rawrxd\src\deep2\sovereign_q4_1_gemv.asm...
  Assembling F:\~dev\rawrxd\src\deep2\sovereign_q5_k_gemv.asm...
  Assembling F:\~dev\rawrxd\src\deep2\sovereign_q6_k_gemv.asm...
  Assembling F:\~dev\rawrxd\src\deep2\sovereign_q8_0_gemv.asm...
  Assembling F:\~dev\rawrxd\src\deep2\sovereign_fp16_gemv.asm...
  Assembling F:\~dev\rawrxd\src\asm\rawr_globals.asm...
  Assembling F:\~dev\rawrxd\src\asm\rawr_cpu_features.asm...
  Assembling F:\~dev\rawrxd\src\asm\inference_core.asm...
  Assembling F:\~dev\rawrxd\src\asm\inference_kernels.asm...
F:\~dev\rawrxd\src\asm\inference_kernels.asm(1): fatal error A1000: cannot open file : InferenceEngine.dir\Release\src/asm/inference_kernels.asm.obj [F:\~dev\build_rawr\InferenceEngine.vcxproj]
C:\Program Files (x86)\Microsoft Visual Studio\2022\BuildTools\MSBuild\Microsoft\VC\v170\BuildCustomizations\masm.targets(70,5): error MSB3721: The command "ml64.exe /c /nologo /Zi /Fo"InferenceEngine.dir\Release\src/asm/inference_kernels.asm.obj" /D"WIN32" /D"_WINDOWS" /D"NDEBUG" /D"RAWR_HAS_VULKAN=1" /D"RAWR_VULKAN_AVAILABLE=1" /D"RAWRXD_STRICT_PRODUCTION_PROFILE=0" /D"RAWR_STANDALONE_INFERENCE=1" /D"RAWR_HAS_SOVEREIGN_ENGINES=1" /D"RAWRXD_PRODUCTION_STRIP_STUB_SOURCES=0" /D"RAWR_HAS_MASM=1" /D"RAWRXD_LINK_QUADBUFFER_ASM=1" /D"RAWRXD_LINK_INFERENCE_KERNELS_ASM=1" /D"RAWRXD_LINK_ANALYZER_DISTILLER_ASM=0" /D"RAWRXD_LINK_STREAMING_ORCHESTRATOR_ASM=0" /D"RAWRXD_LINK_TELEMETRY_KERNEL_ASM=1" /D"RAWRXD_LINK_PROMETHEUS_EXPORTER_ASM=1" /D"RAWRXD_LINK_SELFPATCH_AGENT_ASM=1" /D"RAWRXD_LINK_SOURCEEDIT_KERNEL_ASM=1" /D"RAWRXD_LINK_VISION_PROJECTION_ASM=0" /D"RAWRXD_LINK_REVERSE_ENGINEERED_ASM=1" /D"RAWRXD_LINK_DUAL_ENGINE_QUANTUM_BEACON_ASM=0" /D"RAWRXD_LINK_UNIFIED_OVERCLOCK_GOVERNOR_ASM=0" /D"RAWRXD_LINK_CODEBASE_AUDIT_SYSTEM_ASM=0" /D"RAWRXD_LINK_ADVANCED_DEOBFUSCATOR_ASM=1" /D"RAWRXD_LINK_PATTERN_RECONSTRUCTOR_ASM=1" /D"HAS_BRUTAL_GZIP_MASM=1" /D"_CRT_SECURE_NO_WARNINGS" /D"NOMINMAX" /D"WIN32_LEAN_AND_MEAN" /D"RAWR_INTENT_GUARD_ENABLED=1" /D"RAWR_INTENT_VALIDATION_ENABLED=1" /D"RAWR_PATCH_TRANSACTION_ENABLED=1" /D"RAWR_CAPABILITY_TOKENS_ENABLED=1" /D"RAWR_HOTPATCH_JOURNAL_ENABLED=1" /D"RAWR_PATCH_FIREWALL_ENABLED=1" /D"RAWR_REFLECTOR_AGENT_ENABLED=1" /D"RAWR_ATOMIC_ACTIVATION_ENABLED=1" /D"RAWR_ROLLBACK_FIRST_CLASS_ENABLED=1" /D"RAWR_MODEL_ADAPTER_ENABLED=1" /D"RAWR_INTENT_EMERGENCY_BYPASS=0" /D"RAWR_ENABLE_VULKAN=1" /D"VULKAN_HPP_DISPATCH_LOADER_DYNAMIC=1" /D"CMAKE_INTDIR="Release"" /I "F:\~dev\rawrxd\src\asm" /I "F:\~dev\rawrxd\src\deep2\lavapath" /I "F:\~dev\rawrxd\include" /I "C:\VulkanSDK\1.4.357.0\Include" /I "F:\~dev\rawrxd\src" /I "F:\~dev\rawrxd\src\deep2" /I "F:\~dev\rawrxd\src\inference" /I "F:\~dev\rawrxd\src\engine" /I "F:\~dev\rawrxd\src\core" /I "F:\~dev\rawrxd\src\codec" /I "F:\~dev\rawrxd\src\masm" /I "F:\~dev\rawrxd\src\runtime\governance" /I "C:\Program Files (x86)\Microsoft Visual Studio\2022\BuildTools\VC\Tools\MSVC\14.44.35207\include" /I "C:\Program Files (x86)\Windows Kits\10\Include\10.0.26100.0\ucrt" /I "C:\Program Files (x86)\Windows Kits\10\Include\10.0.26100.0\shared" /I "C:\Program Files (x86)\Windows Kits\10\Include\10.0.26100.0\um" /I "C:\Program Files (x86)\Windows Kits\10\Include\10.0.26100.0\winrt" /I "D:\rawrxd\Ship\webview2\build\native\include" /W3 /errorReport:prompt  /c /Zd /Ta"F:\~dev\rawrxd\src\asm\inference_kernels.asm"" exited with code 1. [F:\~dev\build_rawr\InferenceEngine.vcxproj]
