[1/387] Building CXX object CMakeFiles\InferenceEngine.dir\src\runtime\TensorExecutionRouter.cpp.obj
[2/387] Building CXX object CMakeFiles\InferenceEngine.dir\src\runtime\Deep2ExecutionTelemetry.cpp.obj
[3/387] Building CXX object CMakeFiles\InferenceEngine.dir\src\kernels\VulkanComputeKernels.cpp.obj
[4/387] Building CXX object CMakeFiles\InferenceEngine.dir\src\runtime\memory\TransferScheduler.cpp.obj
[5/387] Building CXX object CMakeFiles\InferenceEngine.dir\src\runtime\memory\PredictiveMemoryManager.cpp.obj
[6/387] Building CXX object CMakeFiles\InferenceEngine.dir\src\runtime\memory\PlacementPolicy.cpp.obj
[7/387] Building CXX object CMakeFiles\InferenceEngine.dir\src\runtime\memory\ResidencyTracker.cpp.obj
[8/387] Building CXX object CMakeFiles\InferenceEngine.dir\src\runtime\memory\WorkingSetPredictor.cpp.obj
[9/387] Building CXX object CMakeFiles\InferenceEngine.dir\src\runtime\memory\TensorPlacementManager.cpp.obj
[10/387] Building CXX object CMakeFiles\InferenceEngine.dir\src\runtime\memory\CapacityManager.cpp.obj
[11/387] Building CXX object CMakeFiles\InferenceEngine.dir\src\runtime\memory\RouterPredictiveMemoryBridge.cpp.obj
[12/387] Building CXX object CMakeFiles\InferenceEngine.dir\src\runtime\GenerationBouncer.cpp.obj
[13/387] Building CXX object CMakeFiles\InferenceEngine.dir\src\runtime\StreamRouterAdapter.cpp.obj
[14/387] Building CXX object CMakeFiles\InferenceEngine.dir\src\runtime\Sovereign_KernelBridge_CPP.cpp.obj
[15/387] Building CXX object CMakeFiles\InferenceEngine.dir\src\logging\Logger.cpp.obj
[16/387] Building CXX object CMakeFiles\InferenceEngine.dir\src\sampling\advanced_sampler.cpp.obj
[17/387] Building CXX object CMakeFiles\InferenceEngine.dir\src\runtime\RawrRuntime.cpp.obj
[18/387] Building CXX object CMakeFiles\InferenceEngine.dir\src\core\cpu_features.cpp.obj
[19/387] Building CXX object CMakeFiles\InferenceEngine.dir\src\core\memory_stubs.cpp.obj
[20/387] Building CXX object CMakeFiles\InferenceEngine.dir\src\runtime\governance\CapabilityTierMatrix.cpp.obj
[21/387] Building CXX object CMakeFiles\InferenceEngine.dir\src\runtime\governance\HardwareCapabilityProbe.cpp.obj
[22/387] Building CXX object CMakeFiles\InferenceEngine.dir\src\runtime\governance\HardwareGovernor.cpp.obj
[23/387] Building CXX object CMakeFiles\InferenceEngine.dir\src\runtime\governance\PressedStateEngine.cpp.obj
[24/387] Building CXX object CMakeFiles\InferenceEngine.dir\src\runtime\governance\Ensemble58Governor.cpp.obj
[25/387] Building CXX object CMakeFiles\InferenceEngine.dir\src\runtime\governance\TLSInstructionGate.cpp.obj
[26/387] Building CXX object CMakeFiles\InferenceEngine.dir\src\runtime\governance\UnifiedTriggerOrchestrator.cpp.obj
[27/387] Building CXX object CMakeFiles\InferenceEngine.dir\src\deep2\K2TimeLimitedServing.cpp.obj
[28/387] Building CXX object CMakeFiles\InferenceEngine.dir\src\runtime\elastic\ElasticGGUFIndex.cpp.obj
[29/387] Building CXX object CMakeFiles\InferenceEngine.dir\src\runtime\elastic\ElasticResidencyManager.cpp.obj
[30/387] Building CXX object CMakeFiles\InferenceEngine.dir\src\runtime\elastic\ElasticDecoder.cpp.obj
[31/387] Building CXX object CMakeFiles\InferenceEngine.dir\src\runtime\elastic\ElasticEngine.cpp.obj
[32/387] Building CXX object CMakeFiles\InferenceEngine.dir\src\runtime\elastic\ElasticArchitectureDetector.cpp.obj
[33/387] Building CXX object CMakeFiles\InferenceEngine.dir\src\runtime\elastic\VulkanTensorResidencyBackend.cpp.obj
[34/387] Building CXX object CMakeFiles\InferenceEngine.dir\src\runtime\gguf_tensor_loader.cpp.obj
[35/387] Building CXX object CMakeFiles\InferenceEngine.dir\tests\b009\b009b_batched_gemm.cpp.obj
[36/387] Building CXX object CMakeFiles\InferenceEngine.dir\src\core\link_stubs.cpp.obj
[37/387] Building CXX object CMakeFiles\InferenceEngine.dir\B014\build\b014_profiler.cpp.obj
[38/387] Building CXX object CMakeFiles\InferenceEngine.dir\src\codec\brutal_gzip.cpp.obj
[39/387] Building CXX object CMakeFiles\InferenceEngine.dir\src\codec\gzip_brutal_inflate.cpp.obj
[40/387] Building CXX object CMakeFiles\InferenceEngine.dir\src\deep2\lavapath\GgufDynamicGeometry_io.cpp.obj
[41/387] Building CXX object CMakeFiles\InferenceEngine.dir\src\deep2\lavapath\GgufDynamicGeometry_keys.cpp.obj
[42/387] Building CXX object CMakeFiles\InferenceEngine.dir\src\deep2\lavapath\GgufDynamicGeometry_arrays.cpp.obj
[43/387] Building CXX object CMakeFiles\InferenceEngine.dir\src\deep2\strict_gpu_violations.cpp.obj
[44/387] Building CXX object CMakeFiles\InferenceEngine.dir\src\deep2\lavapath\GgufDynamicGeometry_finalize.cpp.obj
[45/387] Building CXX object CMakeFiles\InferenceEngine.dir\src\deep2\lavapath\GgufDynamicGeometry_resolve.cpp.obj
[46/387] Building ASM_MASM object CMakeFiles\InferenceEngine.dir\src\asm\k2_real_attention\RawrXD_K2_RealAttention_x64.asm.obj
Microsoft (R) Macro Assembler (x64) Version 14.44.35228.0
Copyright (C) Microsoft Corporation.  All rights reserved.

 Assembling: F:\~dev\rawrxd\src\asm\k2_real_attention\RawrXD_K2_RealAttention_x64.asm
[47/387] Building CXX object CMakeFiles\InferenceEngine.dir\src\deep2\GGUFLoader.cpp.obj
[48/387] Building CXX object CMakeFiles\InferenceEngine.dir\src\deep2\InferenceSession.cpp.obj
[49/387] Building CXX object CMakeFiles\InferenceEngine.dir\src\vulkan_compute.cpp.obj
[50/387] Building CXX object CMakeFiles\InferenceEngine.dir\src\deep2\QuantKernelMASM.cpp.obj
[51/387] Building CXX object CMakeFiles\InferenceEngine.dir\src\deep2\IQQuantKernels.cpp.obj
[52/387] Building CXX object CMakeFiles\InferenceEngine.dir\src\codec\compression.cpp.obj
FAILED: [code=2] CMakeFiles/InferenceEngine.dir/src/codec/compression.cpp.obj 
"C:\Program Files (x86)\Microsoft Visual Studio\2022\BuildTools\VC\Tools\MSVC\14.44.35207\bin\Hostx64\x64\cl.exe"  /nologo /TP -DHAS_BRUTAL_GZIP_MASM=1 -DNOMINMAX -DRAWRXD_LINK_ADVANCED_DEOBFUSCATOR_ASM=1 -DRAWRXD_LINK_ANALYZER_DISTILLER_ASM=0 -DRAWRXD_LINK_CODEBASE_AUDIT_SYSTEM_ASM=0 -DRAWRXD_LINK_DUAL_ENGINE_QUANTUM_BEACON_ASM=0 -DRAWRXD_LINK_INFERENCE_KERNELS_ASM=1 -DRAWRXD_LINK_PATTERN_RECONSTRUCTOR_ASM=1 -DRAWRXD_LINK_PROMETHEUS_EXPORTER_ASM=1 -DRAWRXD_LINK_QUADBUFFER_ASM=1 -DRAWRXD_LINK_REVERSE_ENGINEERED_ASM=1 -DRAWRXD_LINK_SELFPATCH_AGENT_ASM=1 -DRAWRXD_LINK_SOURCEEDIT_KERNEL_ASM=1 -DRAWRXD_LINK_STREAMING_ORCHESTRATOR_ASM=0 -DRAWRXD_LINK_TELEMETRY_KERNEL_ASM=1 -DRAWRXD_LINK_UNIFIED_OVERCLOCK_GOVERNOR_ASM=0 -DRAWRXD_LINK_VISION_PROJECTION_ASM=0 -DRAWRXD_PRODUCTION_STRIP_STUB_SOURCES=0 -DRAWRXD_STRICT_PRODUCTION_PROFILE=0 -DRAWR_ATOMIC_ACTIVATION_ENABLED=1 -DRAWR_CAPABILITY_TOKENS_ENABLED=1 -DRAWR_ENABLE_VULKAN=1 -DRAWR_HAS_MASM=1 -DRAWR_HAS_SOVEREIGN_ENGINES=1 -DRAWR_HAS_VULKAN=1 -DRAWR_HOTPATCH_JOURNAL_ENABLED=1 -DRAWR_INTENT_EMERGENCY_BYPASS=0 -DRAWR_INTENT_GUARD_ENABLED=1 -DRAWR_INTENT_VALIDATION_ENABLED=1 -DRAWR_MODEL_ADAPTER_ENABLED=1 -DRAWR_PATCH_FIREWALL_ENABLED=1 -DRAWR_PATCH_TRANSACTION_ENABLED=1 -DRAWR_REFLECTOR_AGENT_ENABLED=1 -DRAWR_ROLLBACK_FIRST_CLASS_ENABLED=1 -DRAWR_STANDALONE_INFERENCE=1 -DRAWR_VULKAN_AVAILABLE=1 -DVULKAN_HPP_DISPATCH_LOADER_DYNAMIC=1 -DWIN32_LEAN_AND_MEAN -D_CRT_SECURE_NO_WARNINGS -IF:\~dev\rawrxd\include -IC:\VulkanSDK\1.4.357.0\Include -IF:\~dev\rawrxd\src -IF:\~dev\rawrxd\src\deep2 -IF:\~dev\rawrxd\src\inference -IF:\~dev\rawrxd\src\engine -IF:\~dev\rawrxd\src\core -IF:\~dev\rawrxd\src\codec -IF:\~dev\rawrxd\src\masm -IF:\~dev\rawrxd\src\runtime\governance -external:I"C:\Program Files (x86)\Microsoft Visual Studio\2022\BuildTools\VC\Tools\MSVC\14.44.35207\include" -external:I"C:\Program Files (x86)\Windows Kits\10\Include\10.0.26100.0\ucrt" -external:I"C:\Program Files (x86)\Windows Kits\10\Include\10.0.26100.0\shared" -external:I"C:\Program Files (x86)\Windows Kits\10\Include\10.0.26100.0\um" -external:I"C:\Program Files (x86)\Windows Kits\10\Include\10.0.26100.0\winrt" -external:ID:\rawrxd\Ship\webview2\build\native\include -external:W0 /DWIN32 /D_WINDOWS /EHsc /O2 /Ob2 /DNDEBUG -std:c++20 -MT /GS- /sdl- /EHsc /W0 /arch:AVX512 /O2 /showIncludes /FoCMakeFiles\InferenceEngine.dir\src\codec\compression.cpp.obj /FdCMakeFiles\InferenceEngine.dir\InferenceEngine.pdb /FS -c F:\~dev\rawrxd\src\codec\compression.cpp
F:\~dev\rawrxd\src\codec\compression.cpp(2): fatal error C1083: Cannot open include file: 'zlib.h': No such file or directory
[53/387] Building CXX object CMakeFiles\InferenceEngine.dir\src\deep2\GhostCache.cpp.obj
[54/387] Building CXX object CMakeFiles\InferenceEngine.dir\src\rawrxd_transformer_forwardbatch.cpp.obj
FAILED: [code=2] CMakeFiles/InferenceEngine.dir/src/rawrxd_transformer_forwardbatch.cpp.obj 
"C:\Program Files (x86)\Microsoft Visual Studio\2022\BuildTools\VC\Tools\MSVC\14.44.35207\bin\Hostx64\x64\cl.exe"  /nologo /TP -DHAS_BRUTAL_GZIP_MASM=1 -DNOMINMAX -DRAWRXD_LINK_ADVANCED_DEOBFUSCATOR_ASM=1 -DRAWRXD_LINK_ANALYZER_DISTILLER_ASM=0 -DRAWRXD_LINK_CODEBASE_AUDIT_SYSTEM_ASM=0 -DRAWRXD_LINK_DUAL_ENGINE_QUANTUM_BEACON_ASM=0 -DRAWRXD_LINK_INFERENCE_KERNELS_ASM=1 -DRAWRXD_LINK_PATTERN_RECONSTRUCTOR_ASM=1 -DRAWRXD_LINK_PROMETHEUS_EXPORTER_ASM=1 -DRAWRXD_LINK_QUADBUFFER_ASM=1 -DRAWRXD_LINK_REVERSE_ENGINEERED_ASM=1 -DRAWRXD_LINK_SELFPATCH_AGENT_ASM=1 -DRAWRXD_LINK_SOURCEEDIT_KERNEL_ASM=1 -DRAWRXD_LINK_STREAMING_ORCHESTRATOR_ASM=0 -DRAWRXD_LINK_TELEMETRY_KERNEL_ASM=1 -DRAWRXD_LINK_UNIFIED_OVERCLOCK_GOVERNOR_ASM=0 -DRAWRXD_LINK_VISION_PROJECTION_ASM=0 -DRAWRXD_PRODUCTION_STRIP_STUB_SOURCES=0 -DRAWRXD_STRICT_PRODUCTION_PROFILE=0 -DRAWR_ATOMIC_ACTIVATION_ENABLED=1 -DRAWR_CAPABILITY_TOKENS_ENABLED=1 -DRAWR_ENABLE_VULKAN=1 -DRAWR_HAS_MASM=1 -DRAWR_HAS_SOVEREIGN_ENGINES=1 -DRAWR_HAS_VULKAN=1 -DRAWR_HOTPATCH_JOURNAL_ENABLED=1 -DRAWR_INTENT_EMERGENCY_BYPASS=0 -DRAWR_INTENT_GUARD_ENABLED=1 -DRAWR_INTENT_VALIDATION_ENABLED=1 -DRAWR_MODEL_ADAPTER_ENABLED=1 -DRAWR_PATCH_FIREWALL_ENABLED=1 -DRAWR_PATCH_TRANSACTION_ENABLED=1 -DRAWR_REFLECTOR_AGENT_ENABLED=1 -DRAWR_ROLLBACK_FIRST_CLASS_ENABLED=1 -DRAWR_STANDALONE_INFERENCE=1 -DRAWR_VULKAN_AVAILABLE=1 -DVULKAN_HPP_DISPATCH_LOADER_DYNAMIC=1 -DWIN32_LEAN_AND_MEAN -D_CRT_SECURE_NO_WARNINGS -IF:\~dev\rawrxd\include -IC:\VulkanSDK\1.4.357.0\Include -IF:\~dev\rawrxd\src -IF:\~dev\rawrxd\src\deep2 -IF:\~dev\rawrxd\src\inference -IF:\~dev\rawrxd\src\engine -IF:\~dev\rawrxd\src\core -IF:\~dev\rawrxd\src\codec -IF:\~dev\rawrxd\src\masm -IF:\~dev\rawrxd\src\runtime\governance -external:I"C:\Program Files (x86)\Microsoft Visual Studio\2022\BuildTools\VC\Tools\MSVC\14.44.35207\include" -external:I"C:\Program Files (x86)\Windows Kits\10\Include\10.0.26100.0\ucrt" -external:I"C:\Program Files (x86)\Windows Kits\10\Include\10.0.26100.0\shared" -external:I"C:\Program Files (x86)\Windows Kits\10\Include\10.0.26100.0\um" -external:I"C:\Program Files (x86)\Windows Kits\10\Include\10.0.26100.0\winrt" -external:ID:\rawrxd\Ship\webview2\build\native\include -external:W0 /DWIN32 /D_WINDOWS /EHsc /O2 /Ob2 /DNDEBUG -std:c++20 -MT /GS- /sdl- /EHsc /W0 /arch:AVX512 /O2 /showIncludes /FoCMakeFiles\InferenceEngine.dir\src\rawrxd_transformer_forwardbatch.cpp.obj /FdCMakeFiles\InferenceEngine.dir\InferenceEngine.pdb /FS -c F:\~dev\rawrxd\src\rawrxd_transformer_forwardbatch.cpp
F:\~dev\rawrxd\src\rawrxd_transformer_forwardbatch.cpp(108): error C2039: 'random_device': is not a member of 'std'
C:\Program Files (x86)\Microsoft Visual Studio\2022\BuildTools\VC\Tools\MSVC\14.44.35207\include\future(36): note: see declaration of 'std'
F:\~dev\rawrxd\src\rawrxd_transformer_forwardbatch.cpp(108): error C2065: 'random_device': undeclared identifier
F:\~dev\rawrxd\src\rawrxd_transformer_forwardbatch.cpp(108): error C2146: syntax error: missing ';' before identifier 'rd'
F:\~dev\rawrxd\src\rawrxd_transformer_forwardbatch.cpp(108): error C2065: 'rd': undeclared identifier
F:\~dev\rawrxd\src\rawrxd_transformer_forwardbatch.cpp(109): error C2039: 'mt19937': is not a member of 'std'
C:\Program Files (x86)\Microsoft Visual Studio\2022\BuildTools\VC\Tools\MSVC\14.44.35207\include\future(36): note: see declaration of 'std'
F:\~dev\rawrxd\src\rawrxd_transformer_forwardbatch.cpp(109): error C2065: 'mt19937': undeclared identifier
F:\~dev\rawrxd\src\rawrxd_transformer_forwardbatch.cpp(109): error C2146: syntax error: missing ';' before identifier 'gen'
F:\~dev\rawrxd\src\rawrxd_transformer_forwardbatch.cpp(109): error C3861: 'rd': identifier not found
F:\~dev\rawrxd\src\rawrxd_transformer_forwardbatch.cpp(109): error C3861: 'gen': identifier not found
F:\~dev\rawrxd\src\rawrxd_transformer_forwardbatch.cpp(110): error C2039: 'uniform_real_distribution': is not a member of 'std'
C:\Program Files (x86)\Microsoft Visual Studio\2022\BuildTools\VC\Tools\MSVC\14.44.35207\include\future(36): note: see declaration of 'std'
F:\~dev\rawrxd\src\rawrxd_transformer_forwardbatch.cpp(110): error C2062: type 'float' unexpected
F:\~dev\rawrxd\src\rawrxd_transformer_forwardbatch.cpp(111): error C2065: 'gen': undeclared identifier
F:\~dev\rawrxd\src\rawrxd_transformer_forwardbatch.cpp(111): error C3861: 'dist': identifier not found
[55/387] Building CXX object CMakeFiles\InferenceEngine.dir\src\backend\VulkanGemmDispatcher.cpp.obj
FAILED: [code=2] CMakeFiles/InferenceEngine.dir/src/backend/VulkanGemmDispatcher.cpp.obj 
"C:\Program Files (x86)\Microsoft Visual Studio\2022\BuildTools\VC\Tools\MSVC\14.44.35207\bin\Hostx64\x64\cl.exe"  /nologo /TP -DHAS_BRUTAL_GZIP_MASM=1 -DNOMINMAX -DRAWRXD_LINK_ADVANCED_DEOBFUSCATOR_ASM=1 -DRAWRXD_LINK_ANALYZER_DISTILLER_ASM=0 -DRAWRXD_LINK_CODEBASE_AUDIT_SYSTEM_ASM=0 -DRAWRXD_LINK_DUAL_ENGINE_QUANTUM_BEACON_ASM=0 -DRAWRXD_LINK_INFERENCE_KERNELS_ASM=1 -DRAWRXD_LINK_PATTERN_RECONSTRUCTOR_ASM=1 -DRAWRXD_LINK_PROMETHEUS_EXPORTER_ASM=1 -DRAWRXD_LINK_QUADBUFFER_ASM=1 -DRAWRXD_LINK_REVERSE_ENGINEERED_ASM=1 -DRAWRXD_LINK_SELFPATCH_AGENT_ASM=1 -DRAWRXD_LINK_SOURCEEDIT_KERNEL_ASM=1 -DRAWRXD_LINK_STREAMING_ORCHESTRATOR_ASM=0 -DRAWRXD_LINK_TELEMETRY_KERNEL_ASM=1 -DRAWRXD_LINK_UNIFIED_OVERCLOCK_GOVERNOR_ASM=0 -DRAWRXD_LINK_VISION_PROJECTION_ASM=0 -DRAWRXD_PRODUCTION_STRIP_STUB_SOURCES=0 -DRAWRXD_STRICT_PRODUCTION_PROFILE=0 -DRAWR_ATOMIC_ACTIVATION_ENABLED=1 -DRAWR_CAPABILITY_TOKENS_ENABLED=1 -DRAWR_ENABLE_VULKAN=1 -DRAWR_HAS_MASM=1 -DRAWR_HAS_SOVEREIGN_ENGINES=1 -DRAWR_HAS_VULKAN=1 -DRAWR_HOTPATCH_JOURNAL_ENABLED=1 -DRAWR_INTENT_EMERGENCY_BYPASS=0 -DRAWR_INTENT_GUARD_ENABLED=1 -DRAWR_INTENT_VALIDATION_ENABLED=1 -DRAWR_MODEL_ADAPTER_ENABLED=1 -DRAWR_PATCH_FIREWALL_ENABLED=1 -DRAWR_PATCH_TRANSACTION_ENABLED=1 -DRAWR_REFLECTOR_AGENT_ENABLED=1 -DRAWR_ROLLBACK_FIRST_CLASS_ENABLED=1 -DRAWR_STANDALONE_INFERENCE=1 -DRAWR_VULKAN_AVAILABLE=1 -DVULKAN_HPP_DISPATCH_LOADER_DYNAMIC=1 -DWIN32_LEAN_AND_MEAN -D_CRT_SECURE_NO_WARNINGS -IF:\~dev\rawrxd\include -IC:\VulkanSDK\1.4.357.0\Include -IF:\~dev\rawrxd\src -IF:\~dev\rawrxd\src\deep2 -IF:\~dev\rawrxd\src\inference -IF:\~dev\rawrxd\src\engine -IF:\~dev\rawrxd\src\core -IF:\~dev\rawrxd\src\codec -IF:\~dev\rawrxd\src\masm -IF:\~dev\rawrxd\src\runtime\governance -external:I"C:\Program Files (x86)\Microsoft Visual Studio\2022\BuildTools\VC\Tools\MSVC\14.44.35207\include" -external:I"C:\Program Files (x86)\Windows Kits\10\Include\10.0.26100.0\ucrt" -external:I"C:\Program Files (x86)\Windows Kits\10\Include\10.0.26100.0\shared" -external:I"C:\Program Files (x86)\Windows Kits\10\Include\10.0.26100.0\um" -external:I"C:\Program Files (x86)\Windows Kits\10\Include\10.0.26100.0\winrt" -external:ID:\rawrxd\Ship\webview2\build\native\include -external:W0 /DWIN32 /D_WINDOWS /EHsc /O2 /Ob2 /DNDEBUG -std:c++20 -MT /GS- /sdl- /EHsc /W0 /arch:AVX512 /O2 /showIncludes /FoCMakeFiles\InferenceEngine.dir\src\backend\VulkanGemmDispatcher.cpp.obj /FdCMakeFiles\InferenceEngine.dir\InferenceEngine.pdb /FS -c F:\~dev\rawrxd\src\backend\VulkanGemmDispatcher.cpp
C:\Program Files (x86)\Microsoft Visual Studio\2022\BuildTools\VC\Tools\MSVC\14.44.35207\include\xmemory(730): error C2672: 'std::construct_at': no matching overloaded function found
C:\Program Files (x86)\Microsoft Visual Studio\2022\BuildTools\VC\Tools\MSVC\14.44.35207\include\xutility(461): note: could be '_Ty *std::construct_at(_Ty *const ,_Types ...) noexcept(<expr>)'
C:\Program Files (x86)\Microsoft Visual Studio\2022\BuildTools\VC\Tools\MSVC\14.44.35207\include\xmemory(730): note: the associated constraints are not satisfied
C:\Program Files (x86)\Microsoft Visual Studio\2022\BuildTools\VC\Tools\MSVC\14.44.35207\include\xutility(459): note: 'rawrxd::backend::VulkanGemmDispatcher::QueueState::QueueState(const rawrxd::backend::VulkanGemmDispatcher::QueueState &)': attempting to reference a deleted function
F:\~dev\rawrxd\src\backend\VulkanGemmDispatcher.hpp(346): note: compiler has generated 'rawrxd::backend::VulkanGemmDispatcher::QueueState::QueueState' here
F:\~dev\rawrxd\src\backend\VulkanGemmDispatcher.hpp(346): note: 'rawrxd::backend::VulkanGemmDispatcher::QueueState::QueueState(const rawrxd::backend::VulkanGemmDispatcher::QueueState &)': function was implicitly deleted because a data member invokes a deleted or inaccessible function 'std::mutex::mutex(const std::mutex &)'
C:\Program Files (x86)\Microsoft Visual Studio\2022\BuildTools\VC\Tools\MSVC\14.44.35207\include\mutex(102): note: 'std::mutex::mutex(const std::mutex &)': function was explicitly deleted
C:\Program Files (x86)\Microsoft Visual Studio\2022\BuildTools\VC\Tools\MSVC\14.44.35207\include\xmemory(730): note: the template instantiation context (the oldest one first) is
F:\~dev\rawrxd\src\backend\VulkanGemmDispatcher.hpp(381): note: see reference to class template instantiation 'std::vector<rawrxd::backend::VulkanGemmDispatcher::QueueState,std::allocator<rawrxd::backend::VulkanGemmDispatcher::QueueState>>' being compiled
C:\Program Files (x86)\Microsoft Visual Studio\2022\BuildTools\VC\Tools\MSVC\14.44.35207\include\vector(1628): note: while compiling class template member function 'void std::vector<rawrxd::backend::VulkanGemmDispatcher::QueueState,std::allocator<rawrxd::backend::VulkanGemmDispatcher::QueueState>>::resize(const unsigned __int64)'
F:\~dev\rawrxd\src\backend\VulkanGemmDispatcher.cpp(54): note: see the first reference to 'std::vector<rawrxd::backend::VulkanGemmDispatcher::QueueState,std::allocator<rawrxd::backend::VulkanGemmDispatcher::QueueState>>::resize' in 'rawrxd::backend::VulkanGemmDispatcher::Initialize'
C:\Program Files (x86)\Microsoft Visual Studio\2022\BuildTools\VC\Tools\MSVC\14.44.35207\include\vector(1630): note: see reference to function template instantiation 'void std::vector<rawrxd::backend::VulkanGemmDispatcher::QueueState,std::allocator<rawrxd::backend::VulkanGemmDispatcher::QueueState>>::_Resize<std::_Value_init_tag>(const unsigned __int64,const _Ty2 &)' being compiled
        with
        [
            _Ty2=std::_Value_init_tag
        ]
C:\Program Files (x86)\Microsoft Visual Studio\2022\BuildTools\VC\Tools\MSVC\14.44.35207\include\vector(1608): note: see reference to function template instantiation 'void std::vector<rawrxd::backend::VulkanGemmDispatcher::QueueState,std::allocator<rawrxd::backend::VulkanGemmDispatcher::QueueState>>::_Resize_reallocate<_Ty2>(const unsigned __int64,const _Ty2 &)' being compiled
        with
        [
            _Ty2=std::_Value_init_tag
        ]
C:\Program Files (x86)\Microsoft Visual Studio\2022\BuildTools\VC\Tools\MSVC\14.44.35207\include\vector(1579): note: see reference to function template instantiation 'rawrxd::backend::VulkanGemmDispatcher::QueueState *std::_Uninitialized_move<rawrxd::backend::VulkanGemmDispatcher::QueueState*,std::allocator<rawrxd::backend::VulkanGemmDispatcher::QueueState>>(const _InIt,const _InIt,rawrxd::backend::VulkanGemmDispatcher::QueueState *,_Alloc &)' being compiled
        with
        [
            _InIt=rawrxd::backend::VulkanGemmDispatcher::QueueState *,
            _Alloc=std::allocator<rawrxd::backend::VulkanGemmDispatcher::QueueState>
        ]
C:\Program Files (x86)\Microsoft Visual Studio\2022\BuildTools\VC\Tools\MSVC\14.44.35207\include\xmemory(1999): note: see reference to function template instantiation 'void std::_Uninitialized_backout_al<std::allocator<rawrxd::backend::VulkanGemmDispatcher::QueueState>>::_Emplace_back<rawrxd::backend::VulkanGemmDispatcher::QueueState>(rawrxd::backend::VulkanGemmDispatcher::QueueState &&)' being compiled
C:\Program Files (x86)\Microsoft Visual Studio\2022\BuildTools\VC\Tools\MSVC\14.44.35207\include\xmemory(1844): note: see reference to function template instantiation 'void std::_Default_allocator_traits<_Alloc>::construct<_Ty,_Ty>(_Alloc &,_Objty *const ,_Ty &&)' being compiled
        with
        [
            _Alloc=std::allocator<rawrxd::backend::VulkanGemmDispatcher::QueueState>,
            _Ty=rawrxd::backend::VulkanGemmDispatcher::QueueState,
            _Objty=rawrxd::backend::VulkanGemmDispatcher::QueueState
        ]
[56/387] Building CXX object CMakeFiles\InferenceEngine.dir\src\deep2\QuantKernelRegistry.cpp.obj
[57/387] Building CXX object CMakeFiles\InferenceEngine.dir\src\deep2\ChatTemplate.cpp.obj
FAILED: [code=2] CMakeFiles/InferenceEngine.dir/src/deep2/ChatTemplate.cpp.obj 
"C:\Program Files (x86)\Microsoft Visual Studio\2022\BuildTools\VC\Tools\MSVC\14.44.35207\bin\Hostx64\x64\cl.exe"  /nologo /TP -DHAS_BRUTAL_GZIP_MASM=1 -DNOMINMAX -DRAWRXD_LINK_ADVANCED_DEOBFUSCATOR_ASM=1 -DRAWRXD_LINK_ANALYZER_DISTILLER_ASM=0 -DRAWRXD_LINK_CODEBASE_AUDIT_SYSTEM_ASM=0 -DRAWRXD_LINK_DUAL_ENGINE_QUANTUM_BEACON_ASM=0 -DRAWRXD_LINK_INFERENCE_KERNELS_ASM=1 -DRAWRXD_LINK_PATTERN_RECONSTRUCTOR_ASM=1 -DRAWRXD_LINK_PROMETHEUS_EXPORTER_ASM=1 -DRAWRXD_LINK_QUADBUFFER_ASM=1 -DRAWRXD_LINK_REVERSE_ENGINEERED_ASM=1 -DRAWRXD_LINK_SELFPATCH_AGENT_ASM=1 -DRAWRXD_LINK_SOURCEEDIT_KERNEL_ASM=1 -DRAWRXD_LINK_STREAMING_ORCHESTRATOR_ASM=0 -DRAWRXD_LINK_TELEMETRY_KERNEL_ASM=1 -DRAWRXD_LINK_UNIFIED_OVERCLOCK_GOVERNOR_ASM=0 -DRAWRXD_LINK_VISION_PROJECTION_ASM=0 -DRAWRXD_PRODUCTION_STRIP_STUB_SOURCES=0 -DRAWRXD_STRICT_PRODUCTION_PROFILE=0 -DRAWR_ATOMIC_ACTIVATION_ENABLED=1 -DRAWR_CAPABILITY_TOKENS_ENABLED=1 -DRAWR_ENABLE_VULKAN=1 -DRAWR_HAS_MASM=1 -DRAWR_HAS_SOVEREIGN_ENGINES=1 -DRAWR_HAS_VULKAN=1 -DRAWR_HOTPATCH_JOURNAL_ENABLED=1 -DRAWR_INTENT_EMERGENCY_BYPASS=0 -DRAWR_INTENT_GUARD_ENABLED=1 -DRAWR_INTENT_VALIDATION_ENABLED=1 -DRAWR_MODEL_ADAPTER_ENABLED=1 -DRAWR_PATCH_FIREWALL_ENABLED=1 -DRAWR_PATCH_TRANSACTION_ENABLED=1 -DRAWR_REFLECTOR_AGENT_ENABLED=1 -DRAWR_ROLLBACK_FIRST_CLASS_ENABLED=1 -DRAWR_STANDALONE_INFERENCE=1 -DRAWR_VULKAN_AVAILABLE=1 -DVULKAN_HPP_DISPATCH_LOADER_DYNAMIC=1 -DWIN32_LEAN_AND_MEAN -D_CRT_SECURE_NO_WARNINGS -IF:\~dev\rawrxd\include -IC:\VulkanSDK\1.4.357.0\Include -IF:\~dev\rawrxd\src -IF:\~dev\rawrxd\src\deep2 -IF:\~dev\rawrxd\src\inference -IF:\~dev\rawrxd\src\engine -IF:\~dev\rawrxd\src\core -IF:\~dev\rawrxd\src\codec -IF:\~dev\rawrxd\src\masm -IF:\~dev\rawrxd\src\runtime\governance -external:I"C:\Program Files (x86)\Microsoft Visual Studio\2022\BuildTools\VC\Tools\MSVC\14.44.35207\include" -external:I"C:\Program Files (x86)\Windows Kits\10\Include\10.0.26100.0\ucrt" -external:I"C:\Program Files (x86)\Windows Kits\10\Include\10.0.26100.0\shared" -external:I"C:\Program Files (x86)\Windows Kits\10\Include\10.0.26100.0\um" -external:I"C:\Program Files (x86)\Windows Kits\10\Include\10.0.26100.0\winrt" -external:ID:\rawrxd\Ship\webview2\build\native\include -external:W0 /DWIN32 /D_WINDOWS /EHsc /O2 /Ob2 /DNDEBUG -std:c++20 -MT /GS- /sdl- /EHsc /W0 /arch:AVX512 /O2 /showIncludes /FoCMakeFiles\InferenceEngine.dir\src\deep2\ChatTemplate.cpp.obj /FdCMakeFiles\InferenceEngine.dir\InferenceEngine.pdb /FS -c F:\~dev\rawrxd\src\deep2\ChatTemplate.cpp
F:\~dev\rawrxd\src\deep2\ChatTemplate.cpp(206): error C2065: 'GGUFLoadOptions': undeclared identifier
F:\~dev\rawrxd\src\deep2\ChatTemplate.cpp(206): error C2146: syntax error: missing ';' before identifier 'opts'
F:\~dev\rawrxd\src\deep2\ChatTemplate.cpp(206): error C2065: 'opts': undeclared identifier
F:\~dev\rawrxd\src\deep2\ChatTemplate.cpp(207): error C2065: 'opts': undeclared identifier
F:\~dev\rawrxd\src\deep2\ChatTemplate.cpp(208): error C2065: 'opts': undeclared identifier
F:\~dev\rawrxd\src\deep2\ChatTemplate.cpp(210): error C2039: 'Load': is not a member of 'Deep2::GGUFLoader'
F:\~dev\rawrxd\src\deep2\GGUFLoader.hpp(101): note: see declaration of 'Deep2::GGUFLoader'
F:\~dev\rawrxd\src\deep2\ChatTemplate.cpp(210): error C2065: 'opts': undeclared identifier
F:\~dev\rawrxd\src\deep2\ChatTemplate.cpp(210): error C3861: 'Load': identifier not found
F:\~dev\rawrxd\src\deep2\ChatTemplate.cpp(211): error C2039: 'success': is not a member of 'GGUFLoadResult'
F:\~dev\rawrxd\src\deep2\GGUFLoader.hpp(901): note: see declaration of 'GGUFLoadResult'
F:\~dev\rawrxd\src\deep2\ChatTemplate.cpp(216): error C4430: missing type specifier - int assumed. Note: C++ does not support default-int
F:\~dev\rawrxd\src\deep2\ChatTemplate.cpp(216): error C2143: syntax error: missing ';' before '&'
F:\~dev\rawrxd\src\deep2\ChatTemplate.cpp(216): error C2065: 'meta': undeclared identifier
F:\~dev\rawrxd\src\deep2\ChatTemplate.cpp(216): error C2039: 'metadata': is not a member of 'GGUFLoadResult'
F:\~dev\rawrxd\src\deep2\GGUFLoader.hpp(901): note: see declaration of 'GGUFLoadResult'
F:\~dev\rawrxd\src\deep2\ChatTemplate.cpp(217): error C2065: 'meta': undeclared identifier
F:\~dev\rawrxd\src\deep2\ChatTemplate.cpp(217): error C2065: 'meta': undeclared identifier
F:\~dev\rawrxd\src\deep2\ChatTemplate.cpp(218): error C2065: 'meta': undeclared identifier
F:\~dev\rawrxd\src\deep2\ChatTemplate.cpp(218): error C2065: 'meta': undeclared identifier
F:\~dev\rawrxd\src\deep2\ChatTemplate.cpp(217): error C2660: 'Deep2::ChatTemplate::initFromMetadata': function does not take 2 arguments
F:\~dev\rawrxd\src\deep2\ChatTemplate.hpp(86): note: see declaration of 'Deep2::ChatTemplate::initFromMetadata'
F:\~dev\rawrxd\src\deep2\ChatTemplate.cpp(217): note: while trying to match the argument list '()'
[58/387] Building CXX object CMakeFiles\InferenceEngine.dir\src\deep2\Deep2Engine_Speculative.cpp.obj
[59/387] Building CXX object CMakeFiles\InferenceEngine.dir\src\deep2\Deep2Engine.cpp.obj
ninja: build stopped: subcommand failed.
