WARNING: Ignoring invalid distribution ~lick (C:\Users\Garrett\AppData\Local\Programs\Python\Python313\Lib\site-packages)
Requirement already satisfied: aws-sam-cli in C:\Users\Garrett\AppData\Local\Programs\Python\Python313\Lib\site-packages (1.166.2)
Requirement already satisfied: chevron~=0.12 in C:\Users\Garrett\AppData\Local\Programs\Python\Python313\Lib\site-packages (from aws-sam-cli) (0.14.0)
Requirement already satisfied: click==8.1.8 in C:\Users\Garrett\AppData\Local\Programs\Python\Python313\Lib\site-packages (from aws-sam-cli) (8.1.8)
Requirement already satisfied: Flask<3.2 in C:\Users\Garrett\AppData\Local\Programs\Python\Python313\Lib\site-packages (from aws-sam-cli) (3.1.3)
Requirement already satisfied: boto3==1.43.83 in C:\Users\Garrett\AppData\Local\Programs\Python\Python313\Lib\site-packages (from boto3[crt]==1.43.83->aws-sam-cli) (1.43.83)
Requirement already satisfied: jmespath~=1.1.0 in C:\Users\Garrett\AppData\Local\Programs\Python\Python313\Lib\site-packages (from aws-sam-cli) (1.1.0)
Requirement already satisfied: ruamel_yaml~=0.19.1 in C:\Users\Garrett\AppData\Local\Programs\Python\Python313\Lib\site-packages (from aws-sam-cli) (0.19.1)
Requirement already satisfied: PyYAML~=6.0 in C:\Users\Garrett\AppData\Local\Programs\Python\Python313\Lib\site-packages (from aws-sam-cli) (6.0.3)
Requirement already satisfied: cookiecutter<2.8,>=2.6 in C:\Users\Garrett\AppData\Local\Programs\Python\Python313\Lib\site-packages (from aws-sam-cli) (2.7.1)
Requirement already satisfied: aws-sam-translator==1.113.0 in C:\Users\Garrett\AppData\Local\Programs\Python\Python313\Lib\site-packages (from aws-sam-cli) (1.113.0)
Requirement already satisfied: docker<7.3,>=7.1 in C:\Users\Garrett\AppData\Local\Programs\Python\Python313\Lib\site-packages (from aws-sam-cli) (7.2.0)
Requirement already satisfied: dateparser~=1.3 in C:\Users\Garrett\AppData\Local\Programs\Python\Python313\Lib\site-packages (from aws-sam-cli) (1.4.3)
Requirement already satisfied: requests<2.35.0,>=2.32.5 in C:\Users\Garrett\AppData\Local\Programs\Python\Python313\Lib\site-packages (from aws-sam-cli) (2.34.2)
Requirement already satisfied: aws_lambda_builders==1.67.0 in C:\Users\Garrett\AppData\Local\Programs\Python\Python313\Lib\site-packages (from aws-sam-cli) (1.67.0)
Requirement already satisfied: tomlkit==0.15.1 in C:\Users\Garrett\AppData\Local\Programs\Python\Python313\Lib\site-packages (from aws-sam-cli) (0.15.1)
Requirement already satisfied: watchdog==4.0.2 in C:\Users\Garrett\AppData\Local\Programs\Python\Python313\Lib\site-packages (from aws-sam-cli) (4.0.2)
Requirement already satisfied: rich<15.1.0,>=14.3.3 in C:\Users\Garrett\AppData\Local\Programs\Python\Python313\Lib\site-packages (from aws-sam-cli) (15.0.0)
Requirement already satisfied: pyopenssl<26.5,>=25.3 in C:\Users\Garrett\AppData\Local\Programs\Python\Python313\Lib\site-packages (from aws-sam-cli) (26.4.0)
Requirement already satisfied: jsonschema<4.27 in C:\Users\Garrett\AppData\Local\Programs\Python\Python313\Lib\site-packages (from aws-sam-cli) (4.26.0)
Requirement already satisfied: typing_extensions<5,>=4.4.0 in C:\Users\Garrett\AppData\Local\Programs\Python\Python313\Lib\site-packages (from aws-sam-cli) (4.16.0)
Requirement already satisfied: regex!=2021.10.8 in C:\Users\Garrett\AppData\Local\Programs\Python\Python313\Lib\site-packages (from aws-sam-cli) (2026.9.10)
Requirement already satisfied: tzlocal==5.4.4 in C:\Users\Garrett\AppData\Local\Programs\Python\Python313\Lib\site-packages (from aws-sam-cli) (5.4.4)
Requirement already satisfied: cfn-lint<1.54,>=1.52.0 in C:\Users\Garrett\AppData\Local\Programs\Python\Python313\Lib\site-packages (from aws-sam-cli) (1.53.3)
Requirement already satisfied: boto3-stubs>=1.41.0 in C:\Users\Garrett\AppData\Local\Programs\Python\Python313\Lib\site-packages (from boto3-stubs[apigateway,cloudformation,ecr,iam,kinesis,lambda,s3,schemas,secretsmanager,signer,sqs,stepfunctions,sts,xray]>=1.41.0->aws-sam-cli) (1.43.103)
Requirement already satisfied: python-dotenv<1.3,>=1.0 in C:\Users\Garrett\AppData\Local\Programs\Python\Python313\Lib\site-packages (from aws-sam-cli) (1.2.3)
Requirement already satisfied: setuptools in C:\Users\Garrett\AppData\Local\Programs\Python\Python313\Lib\site-packages (from aws_lambda_builders==1.67.0->aws-sam-cli) (84.0.0)
Requirement already satisfied: wheel in C:\Users\Garrett\AppData\Local\Programs\Python\Python313\Lib\site-packages (from aws_lambda_builders==1.67.0->aws-sam-cli) (0.48.0)
Requirement already satisfied: pydantic~=2.13.3 in C:\Users\Garrett\AppData\Local\Programs\Python\Python313\Lib\site-packages (from aws-sam-translator==1.113.0->aws-sam-cli) (2.13.5)
Requirement already satisfied: botocore<1.44.0,>=1.43.83 in C:\Users\Garrett\AppData\Local\Programs\Python\Python313\Lib\site-packages (from boto3==1.43.83->boto3[crt]==1.43.83->aws-sam-cli) (1.43.104)
Requirement already satisfied: s3transfer<0.20.0,>=0.19.0 in C:\Users\Garrett\AppData\Local\Programs\Python\Python313\Lib\site-packages (from boto3==1.43.83->boto3[crt]==1.43.83->aws-sam-cli) (0.19.2)
Requirement already satisfied: colorama in C:\Users\Garrett\AppData\Local\Programs\Python\Python313\Lib\site-packages (from click==8.1.8->aws-sam-cli) (0.4.6)
Requirement already satisfied: tzdata in C:\Users\Garrett\AppData\Local\Programs\Python\Python313\Lib\site-packages (from tzlocal==5.4.4->aws-sam-cli) (2026.4)
Requirement already satisfied: python-dateutil<3.0.0,>=2.1 in C:\Users\Garrett\AppData\Local\Programs\Python\Python313\Lib\site-packages (from botocore<1.44.0,>=1.43.83->boto3==1.43.83->boto3[crt]==1.43.83->aws-sam-cli) (2.9.0.post0)
Requirement already satisfied: urllib3!=2.2.0,<3,>=1.25.4 in C:\Users\Garrett\AppData\Local\Programs\Python\Python313\Lib\site-packages (from botocore<1.44.0,>=1.43.83->boto3==1.43.83->boto3[crt]==1.43.83->aws-sam-cli) (2.7.0)
Requirement already satisfied: awscrt==0.36.0 in C:\Users\Garrett\AppData\Local\Programs\Python\Python313\Lib\site-packages (from botocore[crt]<2.0a0,>=1.21.0; extra == "crt"->boto3[crt]==1.43.83->aws-sam-cli) (0.36.0)
Requirement already satisfied: jsonpatch in C:\Users\Garrett\AppData\Local\Programs\Python\Python313\Lib\site-packages (from cfn-lint<1.54,>=1.52.0->aws-sam-cli) (1.33)
Requirement already satisfied: networkx<4,>=2.4 in C:\Users\Garrett\AppData\Local\Programs\Python\Python313\Lib\site-packages (from cfn-lint<1.54,>=1.52.0->aws-sam-cli) (3.7)
Requirement already satisfied: sympy>=1.14.0 in C:\Users\Garrett\AppData\Local\Programs\Python\Python313\Lib\site-packages (from cfn-lint<1.54,>=1.52.0->aws-sam-cli) (1.14.0)
Requirement already satisfied: binaryornot>=0.4.4 in C:\Users\Garrett\AppData\Local\Programs\Python\Python313\Lib\site-packages (from cookiecutter<2.8,>=2.6->aws-sam-cli) (0.6.0)
Requirement already satisfied: Jinja2<4.0.0,>=2.7 in C:\Users\Garrett\AppData\Local\Programs\Python\Python313\Lib\site-packages (from cookiecutter<2.8,>=2.6->aws-sam-cli) (3.1.6)
Requirement already satisfied: python-slugify>=4.0.0 in C:\Users\Garrett\AppData\Local\Programs\Python\Python313\Lib\site-packages (from cookiecutter<2.8,>=2.6->aws-sam-cli) (9.1.2)
Requirement already satisfied: arrow in C:\Users\Garrett\AppData\Local\Programs\Python\Python313\Lib\site-packages (from cookiecutter<2.8,>=2.6->aws-sam-cli) (1.4.0)
Requirement already satisfied: pytz>=2024.2 in C:\Users\Garrett\AppData\Local\Programs\Python\Python313\Lib\site-packages (from dateparser~=1.3->aws-sam-cli) (2026.4)
Requirement already satisfied: pywin32>=304 in C:\Users\Garrett\AppData\Local\Programs\Python\Python313\Lib\site-packages (from docker<7.3,>=7.1->aws-sam-cli) (312)
Requirement already satisfied: blinker>=1.9.0 in C:\Users\Garrett\AppData\Local\Programs\Python\Python313\Lib\site-packages (from Flask<3.2->aws-sam-cli) (1.9.0)
Requirement already satisfied: itsdangerous>=2.2.0 in C:\Users\Garrett\AppData\Local\Programs\Python\Python313\Lib\site-packages (from Flask<3.2->aws-sam-cli) (2.2.0)
Requirement already satisfied: markupsafe>=2.1.1 in C:\Users\Garrett\AppData\Local\Programs\Python\Python313\Lib\site-packages (from Flask<3.2->aws-sam-cli) (3.0.3)
Requirement already satisfied: werkzeug>=3.1.0 in C:\Users\Garrett\AppData\Local\Programs\Python\Python313\Lib\site-packages (from Flask<3.2->aws-sam-cli) (3.1.9)
Requirement already satisfied: attrs>=22.2.0 in C:\Users\Garrett\AppData\Local\Programs\Python\Python313\Lib\site-packages (from jsonschema<4.27->aws-sam-cli) (26.1.0)
Requirement already satisfied: jsonschema-specifications>=2023.03.6 in C:\Users\Garrett\AppData\Local\Programs\Python\Python313\Lib\site-packages (from jsonschema<4.27->aws-sam-cli) (2025.9.1)
Requirement already satisfied: referencing>=0.28.4 in C:\Users\Garrett\AppData\Local\Programs\Python\Python313\Lib\site-packages (from jsonschema<4.27->aws-sam-cli) (0.37.0)
Requirement already satisfied: rpds-py>=0.25.0 in C:\Users\Garrett\AppData\Local\Programs\Python\Python313\Lib\site-packages (from jsonschema<4.27->aws-sam-cli) (2026.6.3)
Requirement already satisfied: annotated-types>=0.6.0 in C:\Users\Garrett\AppData\Local\Programs\Python\Python313\Lib\site-packages (from pydantic~=2.13.3->aws-sam-translator==1.113.0->aws-sam-cli) (0.8.0)
Requirement already satisfied: pydantic-core==2.46.5 in C:\Users\Garrett\AppData\Local\Programs\Python\Python313\Lib\site-packages (from pydantic~=2.13.3->aws-sam-translator==1.113.0->aws-sam-cli) (2.46.5)
Requirement already satisfied: typing-inspection>=0.4.2 in C:\Users\Garrett\AppData\Local\Programs\Python\Python313\Lib\site-packages (from pydantic~=2.13.3->aws-sam-translator==1.113.0->aws-sam-cli) (0.4.4)
Requirement already satisfied: cryptography<51,>=49.0.0 in C:\Users\Garrett\AppData\Local\Programs\Python\Python313\Lib\site-packages (from pyopenssl<26.5,>=25.3->aws-sam-cli) (50.0.1)
Requirement already satisfied: cffi>=2.0.0 in C:\Users\Garrett\AppData\Local\Programs\Python\Python313\Lib\site-packages (from cryptography<51,>=49.0.0->pyopenssl<26.5,>=25.3->aws-sam-cli) (2.1.1)
Requirement already satisfied: six>=1.5 in C:\Users\Garrett\AppData\Local\Programs\Python\Python313\Lib\site-packages (from python-dateutil<3.0.0,>=2.1->botocore<1.44.0,>=1.43.83->boto3==1.43.83->boto3[crt]==1.43.83->aws-sam-cli) (1.17.0)
Requirement already satisfied: charset_normalizer<4,>=2 in C:\Users\Garrett\AppData\Local\Programs\Python\Python313\Lib\site-packages (from requests<2.35.0,>=2.32.5->aws-sam-cli) (3.5.1)
Requirement already satisfied: idna<4,>=2.5 in C:\Users\Garrett\AppData\Local\Programs\Python\Python313\Lib\site-packages (from requests<2.35.0,>=2.32.5->aws-sam-cli) (3.19)
Requirement already satisfied: certifi>=2023.5.7 in C:\Users\Garrett\AppData\Local\Programs\Python\Python313\Lib\site-packages (from requests<2.35.0,>=2.32.5->aws-sam-cli) (2026.7.22)
Requirement already satisfied: markdown-it-py>=2.2.0 in C:\Users\Garrett\AppData\Local\Programs\Python\Python313\Lib\site-packages (from rich<15.1.0,>=14.3.3->aws-sam-cli) (4.2.0)
Requirement already satisfied: pygments<3.0.0,>=2.13.0 in C:\Users\Garrett\AppData\Local\Programs\Python\Python313\Lib\site-packages (from rich<15.1.0,>=14.3.3->aws-sam-cli) (2.21.0)
Requirement already satisfied: botocore-stubs in C:\Users\Garrett\AppData\Local\Programs\Python\Python313\Lib\site-packages (from boto3-stubs>=1.41.0->boto3-stubs[apigateway,cloudformation,ecr,iam,kinesis,lambda,s3,schemas,secretsmanager,signer,sqs,stepfunctions,sts,xray]>=1.41.0->aws-sam-cli) (1.43.67)
Requirement already satisfied: types-s3transfer in C:\Users\Garrett\AppData\Local\Programs\Python\Python313\Lib\site-packages (from boto3-stubs>=1.41.0->boto3-stubs[apigateway,cloudformation,ecr,iam,kinesis,lambda,s3,schemas,secretsmanager,signer,sqs,stepfunctions,sts,xray]>=1.41.0->aws-sam-cli) (0.16.0)
Requirement already satisfied: mypy-boto3-apigateway<1.44.0,>=1.43.0 in C:\Users\Garrett\AppData\Local\Programs\Python\Python313\Lib\site-packages (from boto3-stubs[apigateway,cloudformation,ecr,iam,kinesis,lambda,s3,schemas,secretsmanager,signer,sqs,stepfunctions,sts,xray]>=1.41.0->aws-sam-cli) (1.43.100)
Requirement already satisfied: mypy-boto3-cloudformation<1.44.0,>=1.43.0 in C:\Users\Garrett\AppData\Local\Programs\Python\Python313\Lib\site-packages (from boto3-stubs[apigateway,cloudformation,ecr,iam,kinesis,lambda,s3,schemas,secretsmanager,signer,sqs,stepfunctions,sts,xray]>=1.41.0->aws-sam-cli) (1.43.62)
Requirement already satisfied: mypy-boto3-ecr<1.44.0,>=1.43.0 in C:\Users\Garrett\AppData\Local\Programs\Python\Python313\Lib\site-packages (from boto3-stubs[apigateway,cloudformation,ecr,iam,kinesis,lambda,s3,schemas,secretsmanager,signer,sqs,stepfunctions,sts,xray]>=1.41.0->aws-sam-cli) (1.43.73)
Requirement already satisfied: mypy-boto3-iam<1.44.0,>=1.43.0 in C:\Users\Garrett\AppData\Local\Programs\Python\Python313\Lib\site-packages (from boto3-stubs[apigateway,cloudformation,ecr,iam,kinesis,lambda,s3,schemas,secretsmanager,signer,sqs,stepfunctions,sts,xray]>=1.41.0->aws-sam-cli) (1.43.70)
Requirement already satisfied: mypy-boto3-kinesis<1.44.0,>=1.43.0 in C:\Users\Garrett\AppData\Local\Programs\Python\Python313\Lib\site-packages (from boto3-stubs[apigateway,cloudformation,ecr,iam,kinesis,lambda,s3,schemas,secretsmanager,signer,sqs,stepfunctions,sts,xray]>=1.41.0->aws-sam-cli) (1.43.101)
Requirement already satisfied: mypy-boto3-lambda<1.44.0,>=1.43.0 in C:\Users\Garrett\AppData\Local\Programs\Python\Python313\Lib\site-packages (from boto3-stubs[apigateway,cloudformation,ecr,iam,kinesis,lambda,s3,schemas,secretsmanager,signer,sqs,stepfunctions,sts,xray]>=1.41.0->aws-sam-cli) (1.43.91)
Requirement already satisfied: mypy-boto3-s3<1.44.0,>=1.43.0 in C:\Users\Garrett\AppData\Local\Programs\Python\Python313\Lib\site-packages (from boto3-stubs[apigateway,cloudformation,ecr,iam,kinesis,lambda,s3,schemas,secretsmanager,signer,sqs,stepfunctions,sts,xray]>=1.41.0->aws-sam-cli) (1.43.93)
Requirement already satisfied: mypy-boto3-schemas<1.44.0,>=1.43.0 in C:\Users\Garrett\AppData\Local\Programs\Python\Python313\Lib\site-packages (from boto3-stubs[apigateway,cloudformation,ecr,iam,kinesis,lambda,s3,schemas,secretsmanager,signer,sqs,stepfunctions,sts,xray]>=1.41.0->aws-sam-cli) (1.43.0)
Requirement already satisfied: mypy-boto3-secretsmanager<1.44.0,>=1.43.0 in C:\Users\Garrett\AppData\Local\Programs\Python\Python313\Lib\site-packages (from boto3-stubs[apigateway,cloudformation,ecr,iam,kinesis,lambda,s3,schemas,secretsmanager,signer,sqs,stepfunctions,sts,xray]>=1.41.0->aws-sam-cli) (1.43.0)
Requirement already satisfied: mypy-boto3-signer<1.44.0,>=1.43.0 in C:\Users\Garrett\AppData\Local\Programs\Python\Python313\Lib\site-packages (from boto3-stubs[apigateway,cloudformation,ecr,iam,kinesis,lambda,s3,schemas,secretsmanager,signer,sqs,stepfunctions,sts,xray]>=1.41.0->aws-sam-cli) (1.43.0)
Requirement already satisfied: mypy-boto3-sqs<1.44.0,>=1.43.0 in C:\Users\Garrett\AppData\Local\Programs\Python\Python313\Lib\site-packages (from boto3-stubs[apigateway,cloudformation,ecr,iam,kinesis,lambda,s3,schemas,secretsmanager,signer,sqs,stepfunctions,sts,xray]>=1.41.0->aws-sam-cli) (1.43.0)
Requirement already satisfied: mypy-boto3-stepfunctions<1.44.0,>=1.43.0 in C:\Users\Garrett\AppData\Local\Programs\Python\Python313\Lib\site-packages (from boto3-stubs[apigateway,cloudformation,ecr,iam,kinesis,lambda,s3,schemas,secretsmanager,signer,sqs,stepfunctions,sts,xray]>=1.41.0->aws-sam-cli) (1.43.88)
Requirement already satisfied: mypy-boto3-sts<1.44.0,>=1.43.0 in C:\Users\Garrett\AppData\Local\Programs\Python\Python313\Lib\site-packages (from boto3-stubs[apigateway,cloudformation,ecr,iam,kinesis,lambda,s3,schemas,secretsmanager,signer,sqs,stepfunctions,sts,xray]>=1.41.0->aws-sam-cli) (1.43.94)
Requirement already satisfied: mypy-boto3-xray<1.44.0,>=1.43.0 in C:\Users\Garrett\AppData\Local\Programs\Python\Python313\Lib\site-packages (from boto3-stubs[apigateway,cloudformation,ecr,iam,kinesis,lambda,s3,schemas,secretsmanager,signer,sqs,stepfunctions,sts,xray]>=1.41.0->aws-sam-cli) (1.43.0)
Requirement already satisfied: pycparser in C:\Users\Garrett\AppData\Local\Programs\Python\Python313\Lib\site-packages (from cffi>=2.0.0->cryptography<51,>=49.0.0->pyopenssl<26.5,>=25.3->aws-sam-cli) (3.0)
Requirement already satisfied: mdurl~=0.1 in C:\Users\Garrett\AppData\Local\Programs\Python\Python313\Lib\site-packages (from markdown-it-py>=2.2.0->rich<15.1.0,>=14.3.3->aws-sam-cli) (0.1.2)
Requirement already satisfied: text-unidecode>=1.3 in C:\Users\Garrett\AppData\Local\Programs\Python\Python313\Lib\site-packages (from python-slugify>=4.0.0->cookiecutter<2.8,>=2.6->aws-sam-cli) (1.3)
Requirement already satisfied: mpmath<1.4,>=1.1.0 in C:\Users\Garrett\AppData\Local\Programs\Python\Python313\Lib\site-packages (from sympy>=1.14.0->cfn-lint<1.54,>=1.52.0->aws-sam-cli) (1.3.0)
Requirement already satisfied: jsonpointer>=1.9 in C:\Users\Garrett\AppData\Local\Programs\Python\Python313\Lib\site-packages (from jsonpatch->cfn-lint<1.54,>=1.52.0->aws-sam-cli) (3.1.1)
Requirement already satisfied: packaging>=24.0 in C:\Users\Garrett\AppData\Local\Programs\Python\Python313\Lib\site-packages (from wheel->aws_lambda_builders==1.67.0->aws-sam-cli) (26.3)
WARNING: Ignoring invalid distribution ~lick (C:\Users\Garrett\AppData\Local\Programs\Python\Python313\Lib\site-packages)
