[1/2] Building CXX object CMakeFiles\RawrXD-Win32IDE.dir\src\core\win32ide_link_stubs.cpp.obj
[2/2] RawrXD-Win32IDE: PRE_LINK optional del exe/pdb if unlocked; Linking CXX executable bin\RawrXD-Win32IDE.exe
FAILED: [code=4294967295] bin/RawrXD-Win32IDE.exe 
C:\WINDOWS\system32\cmd.exe /C "C:\WINDOWS\system32\cmd.exe /C "cd /D F:\~dev\build_rawr_ninja && "C:\Program Files\CMake\bin\cmake.exe" -E rm -f F:/~dev/build_rawr_ninja/bin/RawrXD-Win32IDE.exe F:/~dev/build_rawr_ninja/bin/RawrXD-Win32IDE.pdb && cd F:\~dev\build_rawr_ninja" && "C:\Program Files\CMake\bin\cmake.exe" -E vs_link_exe --msvc-ver=1944 --intdir=CMakeFiles\RawrXD-Win32IDE.dir --rc="C:\Program Files (x86)\Windows Kits\10\bin\10.0.26100.0\x64\rc.exe" --mt="C:\Program Files (x86)\Windows Kits\10\bin\10.0.26100.0\x64\mt.exe" --manifests  -- "C:\Program Files (x86)\Microsoft Visual Studio\2022\BuildTools\VC\Tools\MSVC\14.44.35207\bin\Hostx64\x64\link.exe" /nologo @CMakeFiles\RawrXD-Win32IDE.rsp  /out:bin\RawrXD-Win32IDE.exe /implib:RawrXD-Win32IDE.lib /pdb:bin\RawrXD-Win32IDE.pdb /version:0.0 /machine:x64 /INCREMENTAL:NO /subsystem:windows /LTCG /LARGEADDRESSAWARE /DEBUG:FULL /MAP:F:/~dev/build_rawr_ninja/bin/RawrXD-Win32IDE.map /MAPINFO:EXPORTS /MANIFEST:NO /FORCE:MULTIPLE /STACK:4194304 && C:\WINDOWS\system32\cmd.exe /C "cd /D F:\~dev\build_rawr_ninja && "C:\Program Files\CMake\bin\cmake.exe" -E copy_if_different F:/~dev/build_rawr_ninja/bin/RawrXD-Win32IDE.map F:/~dev/build_rawr_ninja/RawrXD-Win32IDE.map""
LINK: command "C:\Program Files (x86)\Microsoft Visual Studio\2022\BuildTools\VC\Tools\MSVC\14.44.35207\bin\Hostx64\x64\link.exe /nologo @CMakeFiles\RawrXD-Win32IDE.rsp /out:bin\RawrXD-Win32IDE.exe /implib:RawrXD-Win32IDE.lib /pdb:bin\RawrXD-Win32IDE.pdb /version:0.0 /machine:x64 /INCREMENTAL:NO /subsystem:windows /LTCG /LARGEADDRESSAWARE /DEBUG:FULL /MAP:F:/~dev/build_rawr_ninja/bin/RawrXD-Win32IDE.map /MAPINFO:EXPORTS /MANIFEST:NO /FORCE:MULTIPLE /STACK:4194304" failed (exit code 1120) with the following output:
win32ide_link_stubs.cpp.obj : warning LNK4006: g_FlashAttnCalls already defined in link_stubs_production.cpp.obj; second definition ignored

win32ide_link_stubs.cpp.obj : warning LNK4006: g_FlashAttnTiles already defined in link_stubs_production.cpp.obj; second definition ignored

win32ide_link_stubs.cpp.obj : warning LNK4006: g_EnterpriseFeatures already defined in link_stubs_production.cpp.obj; second definition ignored

win32ide_link_stubs.cpp.obj : warning LNK4006: g_800B_Unlocked already defined in link_stubs_production.cpp.obj; second definition ignored

   Creating library RawrXD-Win32IDE.lib and object RawrXD-Win32IDE.exp

auto_feature_registry.cpp.obj : error LNK2001: unresolved external symbol "public: struct rawrxd::agent::ReasoningResult __cdecl rawrxd::agent::LocalReasoningEngine::Reason(struct rawrxd::agent::AgentContext const &)" (?Reason@LocalReasoningEngine@agent@rawrxd@@QEAA?AUReasoningResult@23@AEBUAgentContext@23@@Z)

auto_feature_registry.cpp.obj : error LNK2001: unresolved external symbol "public: bool __cdecl rawrxd::agent::LocalReasoningEngine::IsRunning(void)const " (?IsRunning@LocalReasoningEngine@agent@rawrxd@@QEBA_NXZ)

auto_feature_registry.cpp.obj : error LNK2001: unresolved external symbol "public: static class rawrxd::agent::LocalReasoningEngine & __cdecl rawrxd::agent::LocalReasoningIntegration::instance(void)" (?instance@LocalReasoningIntegration@agent@rawrxd@@SAAEAVLocalReasoningEngine@23@XZ)

auto_feature_registry.cpp.obj : error LNK2001: unresolved external symbol "public: static class RawrXD::LSP::LSPHotpatchBridge & __cdecl RawrXD::LSP::LSPHotpatchBridge::instance(void)" (?instance@LSPHotpatchBridge@LSP@RawrXD@@SAAEAV123@XZ)

auto_feature_registry.cpp.obj : error LNK2001: unresolved external symbol "public: struct PatchResult __cdecl RawrXD::LSP::LSPHotpatchBridge::detach(void)" (?detach@LSPHotpatchBridge@LSP@RawrXD@@QEAA?AUPatchResult@@XZ)

auto_feature_registry.cpp.obj : error LNK2001: unresolved external symbol "public: struct PatchResult __cdecl RawrXD::LSP::LSPHotpatchBridge::refreshDiagnostics(void)" (?refreshDiagnostics@LSPHotpatchBridge@LSP@RawrXD@@QEAA?AUPatchResult@@XZ)

auto_feature_registry.cpp.obj : error LNK2001: unresolved external symbol "public: struct PatchResult __cdecl RawrXD::LSP::LSPHotpatchBridge::rebuildSymbolIndex(void)" (?rebuildSymbolIndex@LSPHotpatchBridge@LSP@RawrXD@@QEAA?AUPatchResult@@XZ)

auto_feature_registry.cpp.obj : error LNK2001: unresolved external symbol "public: static class RawrXD::LSP::HotpatchSymbolProvider & __cdecl RawrXD::LSP::HotpatchSymbolProvider::instance(void)" (?instance@HotpatchSymbolProvider@LSP@RawrXD@@SAAEAV123@XZ)

auto_feature_registry.cpp.obj : error LNK2001: unresolved external symbol "public: class std::vector<struct RawrXD::LSP::SymbolInfo,class std::allocator<struct RawrXD::LSP::SymbolInfo> > __cdecl RawrXD::LSP::HotpatchSymbolProvider::getAllSymbols(void)const " (?getAllSymbols@HotpatchSymbolProvider@LSP@RawrXD@@QEBA?AV?$vector@USymbolInfo@LSP@RawrXD@@V?$allocator@USymbolInfo@LSP@RawrXD@@@std@@@std@@XZ)

auto_feature_registry.cpp.obj : error LNK2001: unresolved external symbol "public: struct PatchResult __cdecl RawrXD::LSP::HotpatchSymbolProvider::rebuildIndex(void)" (?rebuildIndex@HotpatchSymbolProvider@LSP@RawrXD@@QEAA?AUPatchResult@@XZ)

auto_feature_registry.cpp.obj : error LNK2001: unresolved external symbol "public: static class std::vector<struct RawrXD::ReverseEngineering::NativeDisassembler::Instruction,class std::allocator<struct RawrXD::ReverseEngineering::NativeDisassembler::Instruction> > __cdecl RawrXD::ReverseEngineering::NativeDisassembler::DisassembleX64(unsigned char const *,unsigned __int64,unsigned __int64)" (?DisassembleX64@NativeDisassembler@ReverseEngineering@RawrXD@@SA?AV?$vector@UInstruction@NativeDisassembler@ReverseEngineering@RawrXD@@V?$allocator@UInstruction@NativeDisassembler@ReverseEngineering@RawrXD@@@std@@@std@@PEBE_K1@Z)

auto_feature_registry.cpp.obj : error LNK2001: unresolved external symbol "public: static class std::vector<struct RawrXD::ReverseEngineering::NativeDisassembler::Function,class std::allocator<struct RawrXD::ReverseEngineering::NativeDisassembler::Function> > __cdecl RawrXD::ReverseEngineering::NativeDisassembler::AnalyzeFunctions(class std::vector<struct RawrXD::ReverseEngineering::NativeDisassembler::Instruction,class std::allocator<struct RawrXD::ReverseEngineering::NativeDisassembler::Instruction> > const &)" (?AnalyzeFunctions@NativeDisassembler@ReverseEngineering@RawrXD@@SA?AV?$vector@UFunction@NativeDisassembler@ReverseEngineering@RawrXD@@V?$allocator@UFunction@NativeDisassembler@ReverseEngineering@RawrXD@@@std@@@std@@AEBV?$vector@UInstruction@NativeDisassembler@ReverseEngineering@RawrXD@@V?$allocator@UInstruction@NativeDisassembler@ReverseEngineering@RawrXD@@@std@@@5@@Z)

auto_feature_registry.cpp.obj : error LNK2001: unresolved external symbol "public: static class std::vector<class std::basic_string<char,struct std::char_traits<char>,class std::allocator<char> >,class std::allocator<class std::basic_string<char,struct std::char_traits<char>,class std::allocator<char> > > > __cdecl RawrXD::ReverseEngineering::NativeDisassembler::ExtractStrings(unsigned char const *,unsigned __int64)" (?ExtractStrings@NativeDisassembler@ReverseEngineering@RawrXD@@SA?AV?$vector@V?$basic_string@DU?$char_traits@D@std@@V?$allocator@D@2@@std@@V?$allocator@V?$basic_string@DU?$char_traits@D@std@@V?$allocator@D@2@@std@@@2@@std@@PEBE_K@Z)

auto_feature_registry.cpp.obj : error LNK2001: unresolved external symbol "public: static class std::unordered_map<class std::basic_string<char,struct std::char_traits<char>,class std::allocator<char> >,unsigned __int64,struct std::hash<class std::basic_string<char,struct std::char_traits<char>,class std::allocator<char> > >,struct std::equal_to<class std::basic_string<char,struct std::char_traits<char>,class std::allocator<char> > >,class std::allocator<struct std::pair<class std::basic_string<char,struct std::char_traits<char>,class std::allocator<char> > const ,unsigned __int64> > > __cdecl RawrXD::ReverseEngineering::NativeDisassembler::AnalyzeImports(class std::basic_string<char,struct std::char_traits<char>,class std::allocator<char> > const &)" (?AnalyzeImports@NativeDisassembler@ReverseEngineering@RawrXD@@SA?AV?$unordered_map@V?$basic_string@DU?$char_traits@D@std@@V?$allocator@D@2@@std@@_KU?$hash@V?$basic_string@DU?$char_traits@D@std@@V?$allocator@D@2@@std@@@2@U?$equal_to@V?$basic_string@DU?$char_traits@D@std@@V?$allocator@D@2@@std@@@2@V?$allocator@U?$pair@$$CBV?$basic_string@DU?$char_traits@D@std@@V?$allocator@D@2@@std@@_K@std@@@2@@std@@AEBV?$basic_string@DU?$char_traits@D@std@@V?$allocator@D@2@@5@@Z)

auto_feature_registry.cpp.obj : error LNK2001: unresolved external symbol "public: static class std::unordered_map<class std::basic_string<char,struct std::char_traits<char>,class std::allocator<char> >,unsigned __int64,struct std::hash<class std::basic_string<char,struct std::char_traits<char>,class std::allocator<char> > >,struct std::equal_to<class std::basic_string<char,struct std::char_traits<char>,class std::allocator<char> > >,class std::allocator<struct std::pair<class std::basic_string<char,struct std::char_traits<char>,class std::allocator<char> > const ,unsigned __int64> > > __cdecl RawrXD::ReverseEngineering::NativeDisassembler::AnalyzeExports(class std::basic_string<char,struct std::char_traits<char>,class std::allocator<char> > const &)" (?AnalyzeExports@NativeDisassembler@ReverseEngineering@RawrXD@@SA?AV?$unordered_map@V?$basic_string@DU?$char_traits@D@std@@V?$allocator@D@2@@std@@_KU?$hash@V?$basic_string@DU?$char_traits@D@std@@V?$allocator@D@2@@std@@@2@U?$equal_to@V?$basic_string@DU?$char_traits@D@std@@V?$allocator@D@2@@std@@@2@V?$allocator@U?$pair@$$CBV?$basic_string@DU?$char_traits@D@std@@V?$allocator@D@2@@std@@_K@std@@@2@@std@@AEBV?$basic_string@DU?$char_traits@D@std@@V?$allocator@D@2@@5@@Z)

auto_feature_registry.cpp.obj : error LNK2001: unresolved external symbol "public: static struct RawrXD::ReverseEngineering::BinaryAnalyzer::BinaryInfo __cdecl RawrXD::ReverseEngineering::BinaryAnalyzer::AnalyzePE(class std::basic_string<char,struct std::char_traits<char>,class std::allocator<char> > const &)" (?AnalyzePE@BinaryAnalyzer@ReverseEngineering@RawrXD@@SA?AUBinaryInfo@123@AEBV?$basic_string@DU?$char_traits@D@std@@V?$allocator@D@2@@std@@@Z)

auto_feature_registry.cpp.obj : error LNK2001: unresolved external symbol "public: static class std::basic_string<char,struct std::char_traits<char>,class std::allocator<char> > __cdecl RawrXD::ReverseEngineering::BinaryAnalyzer::GenerateReport(struct RawrXD::ReverseEngineering::BinaryAnalyzer::BinaryInfo const &)" (?GenerateReport@BinaryAnalyzer@ReverseEngineering@RawrXD@@SA?AV?$basic_string@DU?$char_traits@D@std@@V?$allocator@D@2@@std@@AEBUBinaryInfo@123@@Z)

auto_feature_registry.cpp.obj : error LNK2001: unresolved external symbol "public: static class std::vector<unsigned char,class std::allocator<unsigned char> > __cdecl RawrXD::ReverseEngineering::BinaryAnalyzer::ExtractSection(class std::basic_string<char,struct std::char_traits<char>,class std::allocator<char> > const &,class std::basic_string<char,struct std::char_traits<char>,class std::allocator<char> > const &)" (?ExtractSection@BinaryAnalyzer@ReverseEngineering@RawrXD@@SA?AV?$vector@EV?$allocator@E@std@@@std@@AEBV?$basic_string@DU?$char_traits@D@std@@V?$allocator@D@2@@5@0@Z)

auto_feature_registry.cpp.obj : error LNK2001: unresolved external symbol "public: static class std::vector<struct RawrXD::ReverseEngineering::RECodex::Pattern,class std::allocator<struct RawrXD::ReverseEngineering::RECodex::Pattern> > __cdecl RawrXD::ReverseEngineering::RECodex::GetMalwarePatterns(void)" (?GetMalwarePatterns@RECodex@ReverseEngineering@RawrXD@@SA?AV?$vector@UPattern@RECodex@ReverseEngineering@RawrXD@@V?$allocator@UPattern@RECodex@ReverseEngineering@RawrXD@@@std@@@std@@XZ)

auto_feature_registry.cpp.obj : error LNK2001: unresolved external symbol "public: static class std::vector<struct RawrXD::ReverseEngineering::RECodex::Pattern,class std::allocator<struct RawrXD::ReverseEngineering::RECodex::Pattern> > __cdecl RawrXD::ReverseEngineering::RECodex::GetCompilerPatterns(void)" (?GetCompilerPatterns@RECodex@ReverseEngineering@RawrXD@@SA?AV?$vector@UPattern@RECodex@ReverseEngineering@RawrXD@@V?$allocator@UPattern@RECodex@ReverseEngineering@RawrXD@@@std@@@std@@XZ)

auto_feature_registry.cpp.obj : error LNK2001: unresolved external symbol "public: static class std::vector<struct std::pair<unsigned __int64,class std::basic_string<char,struct std::char_traits<char>,class std::allocator<char> > >,class std::allocator<struct std::pair<unsigned __int64,class std::basic_string<char,struct std::char_traits<char>,class std::allocator<char> > > > > __cdecl RawrXD::ReverseEngineering::RECodex::ScanForPatterns(unsigned char const *,unsigned __int64,class std::vector<struct RawrXD::ReverseEngineering::RECodex::Pattern,class std::allocator<struct RawrXD::ReverseEngineering::RECodex::Pattern> > const &)" (?ScanForPatterns@RECodex@ReverseEngineering@RawrXD@@SA?AV?$vector@U?$pair@_KV?$basic_string@DU?$char_traits@D@std@@V?$allocator@D@2@@std@@@std@@V?$allocator@U?$pair@_KV?$basic_string@DU?$char_traits@D@std@@V?$allocator@D@2@@std@@@std@@@2@@std@@PEBE_KAEBV?$vector@UPattern@RECodex@ReverseEngineering@RawrXD@@V?$allocator@UPattern@RECodex@ReverseEngineering@RawrXD@@@std@@@5@@Z)

auto_feature_registry.cpp.obj : error LNK2001: unresolved external symbol "public: static class std::basic_string<char,struct std::char_traits<char>,class std::allocator<char> > __cdecl RawrXD::ReverseEngineering::RECodex::AnalyzeWithAI(class std::basic_string<char,struct std::char_traits<char>,class std::allocator<char> > const &,class std::basic_string<char,struct std::char_traits<char>,class std::allocator<char> > const &)" (?AnalyzeWithAI@RECodex@ReverseEngineering@RawrXD@@SA?AV?$basic_string@DU?$char_traits@D@std@@V?$allocator@D@2@@std@@AEBV45@0@Z)

auto_feature_registry.cpp.obj : error LNK2001: unresolved external symbol "public: static struct RawrXD::ReverseEngineering::NativeCompiler::CompileResult __cdecl RawrXD::ReverseEngineering::NativeCompiler::CompileToNative(class std::basic_string<char,struct std::char_traits<char>,class std::allocator<char> > const &,struct RawrXD::ReverseEngineering::NativeCompiler::CompileOptions)" (?CompileToNative@NativeCompiler@ReverseEngineering@RawrXD@@SA?AUCompileResult@123@AEBV?$basic_string@DU?$char_traits@D@std@@V?$allocator@D@2@@std@@UCompileOptions@123@@Z)

Win32IDE_ShellLayout.cpp.obj : error LNK2001: unresolved external symbol "struct HWND__ * __cdecl RawrXD::IDE::StatusBar_Create(struct HWND__ *,int,int,int,int,struct HINSTANCE__ *)" (?StatusBar_Create@IDE@RawrXD@@YAPEAUHWND__@@PEAU3@HHHHPEAUHINSTANCE__@@@Z)

Win32IDE_ShellLayout.cpp.obj : error LNK2001: unresolved external symbol "void __cdecl RawrXD::IDE::StatusBar_Register(struct HINSTANCE__ *)" (?StatusBar_Register@IDE@RawrXD@@YAXPEAUHINSTANCE__@@@Z)

Win32IDE_ShellLayout.cpp.obj : error LNK2001: unresolved external symbol "void __cdecl RawrXD::IDE::StatusBar_Resize(int,int)" (?StatusBar_Resize@IDE@RawrXD@@YAXHH@Z)

Win32IDE_LSP_AI_Bridge.cpp.obj : error LNK2001: unresolved external symbol "void __cdecl RawrXD::IDE::EditorEngine_SetGhostText(int,class std::basic_string<char,struct std::char_traits<char>,class std::allocator<char> > const &)" (?EditorEngine_SetGhostText@IDE@RawrXD@@YAXHAEBV?$basic_string@DU?$char_traits@D@std@@V?$allocator@D@2@@std@@@Z)

Win32IDE_LSP_AI_Bridge.cpp.obj : error LNK2001: unresolved external symbol "void __cdecl RawrXD::IDE::EditorEngine_ClearGhostText(void)" (?EditorEngine_ClearGhostText@IDE@RawrXD@@YAXXZ)

AgentOrchestrator.cpp.obj : error LNK2001: unresolved external symbol "public: struct rawrxd::closure::ToolResult __cdecl rawrxd::closure::ToolGateway::invoke(struct rawrxd::closure::ToolRequest)" (?invoke@ToolGateway@closure@rawrxd@@QEAA?AUToolResult@23@UToolRequest@23@@Z)

enterprise_license.cpp.obj : error LNK2001: unresolved external symbol "public: static void __cdecl IDELogger::error(class std::basic_string<char,struct std::char_traits<char>,class std::allocator<char> > const &)" (?error@IDELogger@@SAXAEBV?$basic_string@DU?$char_traits@D@std@@V?$allocator@D@2@@std@@@Z)

enterprise_license.cpp.obj : error LNK2001: unresolved external symbol "public: static void __cdecl IDELogger::warn(class std::basic_string<char,struct std::char_traits<char>,class std::allocator<char> > const &)" (?warn@IDELogger@@SAXAEBV?$basic_string@DU?$char_traits@D@std@@V?$allocator@D@2@@std@@@Z)

enterprise_license.cpp.obj : error LNK2001: unresolved external symbol "public: static void __cdecl IDELogger::info(class std::basic_string<char,struct std::char_traits<char>,class std::allocator<char> > const &)" (?info@IDELogger@@SAXAEBV?$basic_string@DU?$char_traits@D@std@@V?$allocator@D@2@@std@@@Z)

enterprise_licensev2_impl.cpp.obj : error LNK2001: unresolved external symbol "struct RawrXD::License::FeatureDefV2 * RawrXD::License::g_FeatureManifest" (?g_FeatureManifest@License@RawrXD@@3PAUFeatureDefV2@12@A)

layer_offload_manager.cpp.obj : error LNK2001: unresolved external symbol "public: void __cdecl RawrXD::Memory::TransferScheduler::schedule(struct RawrXD::Memory::TransferRequest const &,class std::function<void __cdecl(unsigned __int64,bool)>)" (?schedule@TransferScheduler@Memory@RawrXD@@QEAAXAEBUTransferRequest@23@V?$function@$$A6AX_K_N@Z@std@@@Z)

swarm_coordinator.cpp.obj : error LNK2001: unresolved external symbol Swarm_IOCP_Create

swarm_coordinator.cpp.obj : error LNK2001: unresolved external symbol Swarm_IOCP_Associate

native_debugger_engine.cpp.obj : error LNK2001: unresolved external symbol Dbg_InjectINT3

native_debugger_engine.cpp.obj : error LNK2001: unresolved external symbol Dbg_RestoreINT3

native_debugger_engine.cpp.obj : error LNK2001: unresolved external symbol Dbg_SetHardwareBreakpoint

native_debugger_engine.cpp.obj : error LNK2001: unresolved external symbol Dbg_ClearHardwareBreakpoint

native_debugger_engine.cpp.obj : error LNK2001: unresolved external symbol Dbg_WalkStack

native_debugger_engine.cpp.obj : error LNK2001: unresolved external symbol Dbg_ReadMemory

native_debugger_engine.cpp.obj : error LNK2001: unresolved external symbol Dbg_WriteMemory

native_debugger_engine.cpp.obj : error LNK2001: unresolved external symbol Dbg_MemoryScan

unified_hotpatch_manager.cpp.obj : error LNK2001: unresolved external symbol "public: static class LiveBinaryPatcher & __cdecl LiveBinaryPatcher::instance(void)" (?instance@LiveBinaryPatcher@@SAAEAV1@XZ)

unified_hotpatch_manager.cpp.obj : error LNK2001: unresolved external symbol "public: struct PatchResult __cdecl LiveBinaryPatcher::initialize(unsigned __int64)" (?initialize@LiveBinaryPatcher@@QEAA?AUPatchResult@@_K@Z)

unified_hotpatch_manager.cpp.obj : error LNK2001: unresolved external symbol "public: struct PatchResult __cdecl LiveBinaryPatcher::shutdown(void)" (?shutdown@LiveBinaryPatcher@@QEAA?AUPatchResult@@XZ)

unified_hotpatch_manager.cpp.obj : error LNK2001: unresolved external symbol "public: struct PatchResult __cdecl LiveBinaryPatcher::register_function(char const *,unsigned __int64,unsigned int *)" (?register_function@LiveBinaryPatcher@@QEAA?AUPatchResult@@PEBD_KPEAI@Z)

unified_hotpatch_manager.cpp.obj : error LNK2001: unresolved external symbol "public: struct PatchResult __cdecl LiveBinaryPatcher::install_trampoline(unsigned int)" (?install_trampoline@LiveBinaryPatcher@@QEAA?AUPatchResult@@I@Z)

unified_hotpatch_manager.cpp.obj : error LNK2001: unresolved external symbol "public: struct PatchResult __cdecl LiveBinaryPatcher::revert_trampoline(unsigned int)" (?revert_trampoline@LiveBinaryPatcher@@QEAA?AUPatchResult@@I@Z)

unified_hotpatch_manager.cpp.obj : error LNK2001: unresolved external symbol "public: struct PatchResult __cdecl LiveBinaryPatcher::swap_implementation(unsigned int,unsigned char const *,unsigned __int64,struct RVARelocation const *,unsigned __int64)" (?swap_implementation@LiveBinaryPatcher@@QEAA?AUPatchResult@@IPEBE_KPEBURVARelocation@@1@Z)

unified_hotpatch_manager.cpp.obj : error LNK2001: unresolved external symbol "public: struct PatchResult __cdecl LiveBinaryPatcher::revert_last_swap(unsigned int)" (?revert_last_swap@LiveBinaryPatcher@@QEAA?AUPatchResult@@I@Z)

unified_hotpatch_manager.cpp.obj : error LNK2001: unresolved external symbol "public: struct PatchResult __cdecl LiveBinaryPatcher::apply_batch(struct LivePatchUnit const *,unsigned __int64)" (?apply_batch@LiveBinaryPatcher@@QEAA?AUPatchResult@@PEBULivePatchUnit@@_K@Z)

unified_hotpatch_manager.cpp.obj : error LNK2001: unresolved external symbol "public: struct LiveBinaryPatcherStats const & __cdecl LiveBinaryPatcher::get_stats(void)const " (?get_stats@LiveBinaryPatcher@@QEBAAEBULiveBinaryPatcherStats@@XZ)

unified_hotpatch_manager.cpp.obj : error LNK2001: unresolved external symbol "public: struct PatchResult __cdecl LiveBinaryPatcher::load_module(char const *,unsigned int *)" (?load_module@LiveBinaryPatcher@@QEAA?AUPatchResult@@PEBDPEAI@Z)

unified_hotpatch_manager.cpp.obj : error LNK2001: unresolved external symbol "public: struct PatchResult __cdecl LiveBinaryPatcher::unload_module(unsigned int)" (?unload_module@LiveBinaryPatcher@@QEAA?AUPatchResult@@I@Z)

unified_hotpatch_manager.cpp.obj : error LNK2001: unresolved external symbol "public: struct PatchResult __cdecl LiveBinaryPatcher::verify_integrity(void)" (?verify_integrity@LiveBinaryPatcher@@QEAA?AUPatchResult@@XZ)

unified_hotpatch_manager.cpp.obj : error LNK2001: unresolved external symbol "public: static class AutonomousWorkflowEngine & __cdecl AutonomousWorkflowEngine::instance(void)" (?instance@AutonomousWorkflowEngine@@SAAEAV1@XZ)

unified_hotpatch_manager.cpp.obj : error LNK2001: unresolved external symbol "public: bool __cdecl AutonomousWorkflowEngine::isRunning(void)const " (?isRunning@AutonomousWorkflowEngine@@QEBA_NXZ)

unified_hotpatch_manager.cpp.obj : error LNK2001: unresolved external symbol "public: static class RawrXD::Agentic::AgenticTaskGraph & __cdecl RawrXD::Agentic::AgenticTaskGraph::instance(void)" (?instance@AgenticTaskGraph@Agentic@RawrXD@@SAAEAV123@XZ)

unified_hotpatch_manager.cpp.obj : error LNK2001: unresolved external symbol "public: static class RawrXD::Embeddings::EmbeddingEngine & __cdecl RawrXD::Embeddings::EmbeddingEngine::instance(void)" (?instance@EmbeddingEngine@Embeddings@RawrXD@@SAAEAV123@XZ)

unified_hotpatch_manager.cpp.obj : error LNK2001: unresolved external symbol "public: struct RawrXD::Embeddings::EmbedResult __cdecl RawrXD::Embeddings::EmbeddingEngine::loadModel(struct RawrXD::Embeddings::EmbeddingModelConfig const &)" (?loadModel@EmbeddingEngine@Embeddings@RawrXD@@QEAA?AUEmbedResult@23@AEBUEmbeddingModelConfig@23@@Z)

unified_hotpatch_manager.cpp.obj : error LNK2001: unresolved external symbol "public: struct RawrXD::Embeddings::EmbedResult __cdecl RawrXD::Embeddings::EmbeddingEngine::indexDirectory(class std::basic_string<char,struct std::char_traits<char>,class std::allocator<char> > const &,struct RawrXD::Embeddings::ChunkingConfig const &)" (?indexDirectory@EmbeddingEngine@Embeddings@RawrXD@@QEAA?AUEmbedResult@23@AEBV?$basic_string@DU?$char_traits@D@std@@V?$allocator@D@2@@std@@AEBUChunkingConfig@23@@Z)

unified_hotpatch_manager.cpp.obj : error LNK2001: unresolved external symbol "public: void __cdecl RawrXD::Embeddings::EmbeddingEngine::shutdown(void)" (?shutdown@EmbeddingEngine@Embeddings@RawrXD@@QEAAXXZ)

unified_hotpatch_manager.cpp.obj : error LNK2001: unresolved external symbol "public: static class RawrXD::Vision::VisionEncoder & __cdecl RawrXD::Vision::VisionEncoder::instance(void)" (?instance@VisionEncoder@Vision@RawrXD@@SAAEAV123@XZ)

unified_hotpatch_manager.cpp.obj : error LNK2001: unresolved external symbol "public: struct RawrXD::Vision::VisionResult __cdecl RawrXD::Vision::VisionEncoder::loadModel(struct RawrXD::Vision::VisionModelConfig const &)" (?loadModel@VisionEncoder@Vision@RawrXD@@QEAA?AUVisionResult@23@AEBUVisionModelConfig@23@@Z)

unified_hotpatch_manager.cpp.obj : error LNK2001: unresolved external symbol "public: void __cdecl RawrXD::Vision::VisionEncoder::shutdown(void)" (?shutdown@VisionEncoder@Vision@RawrXD@@QEAAXXZ)

model_bruteforce_engine.cpp.obj : error LNK2001: unresolved external symbol "public: __cdecl RawrXD::Agent::AgentOllamaClient::AgentOllamaClient(struct RawrXD::Agent::OllamaConfig const &)" (??0AgentOllamaClient@Agent@RawrXD@@QEAA@AEBUOllamaConfig@12@@Z)

model_bruteforce_engine.cpp.obj : error LNK2001: unresolved external symbol "public: __cdecl RawrXD::Agent::AgentOllamaClient::~AgentOllamaClient(void)" (??1AgentOllamaClient@Agent@RawrXD@@QEAA@XZ)

model_bruteforce_engine.cpp.obj : error LNK2001: unresolved external symbol "public: bool __cdecl RawrXD::Agent::AgentOllamaClient::TestConnection(void)" (?TestConnection@AgentOllamaClient@Agent@RawrXD@@QEAA_NXZ)

model_bruteforce_engine.cpp.obj : error LNK2001: unresolved external symbol "public: class std::vector<class std::basic_string<char,struct std::char_traits<char>,class std::allocator<char> >,class std::allocator<class std::basic_string<char,struct std::char_traits<char>,class std::allocator<char> > > > __cdecl RawrXD::Agent::AgentOllamaClient::ListModels(void)" (?ListModels@AgentOllamaClient@Agent@RawrXD@@QEAA?AV?$vector@V?$basic_string@DU?$char_traits@D@std@@V?$allocator@D@2@@std@@V?$allocator@V?$basic_string@DU?$char_traits@D@std@@V?$allocator@D@2@@std@@@2@@std@@XZ)

model_bruteforce_engine.cpp.obj : error LNK2001: unresolved external symbol "public: struct RawrXD::Agent::InferenceResult __cdecl RawrXD::Agent::AgentOllamaClient::ChatSync(class std::vector<struct RawrXD::Agent::ChatMessage,class std::allocator<struct RawrXD::Agent::ChatMessage> > const &,class nlohmann::json_abi_v3_11_3::basic_json<class std::map,class std::vector,class std::basic_string<char,struct std::char_traits<char>,class std::allocator<char> >,bool,__int64,unsigned __int64,double,class std::allocator,struct nlohmann::json_abi_v3_11_3::adl_serializer,class std::vector<unsigned char,class std::allocator<unsigned char> >,void> const &)" (?ChatSync@AgentOllamaClient@Agent@RawrXD@@QEAA?AUInferenceResult@23@AEBV?$vector@UChatMessage@Agent@RawrXD@@V?$allocator@UChatMessage@Agent@RawrXD@@@std@@@std@@AEBV?$basic_json@Vmap@std@@Vvector@2@V?$basic_string@DU?$char_traits@D@std@@V?$allocator@D@2@@2@_N_J_KNVallocator@2@Uadl_serializer@json_abi_v3_11_3@nlohmann@@V?$vector@EV?$allocator@E@std@@@2@X@json_abi_v3_11_3@nlohmann@@@Z)

shadow_page_detour.cpp.obj : error LNK2001: unresolved external symbol asm_hotpatch_atomic_swap

shadow_page_detour.cpp.obj : error LNK2001: unresolved external symbol asm_hotpatch_install_trampoline

shadow_page_detour.cpp.obj : error LNK2001: unresolved external symbol asm_hotpatch_alloc_shadow

shadow_page_detour.cpp.obj : error LNK2001: unresolved external symbol asm_hotpatch_free_shadow

shadow_page_detour.cpp.obj : error LNK2001: unresolved external symbol asm_hotpatch_backup_prologue

shadow_page_detour.cpp.obj : error LNK2001: unresolved external symbol asm_hotpatch_restore_prologue

shadow_page_detour.cpp.obj : error LNK2001: unresolved external symbol asm_hotpatch_verify_prologue

shadow_page_detour.cpp.obj : error LNK2001: unresolved external symbol asm_hotpatch_get_stats

shadow_page_detour.cpp.obj : error LNK2001: unresolved external symbol asm_snapshot_capture

shadow_page_detour.cpp.obj : error LNK2001: unresolved external symbol asm_snapshot_get_stats

pdb_reference_provider.cpp.obj : error LNK2001: unresolved external symbol "public: struct RawrXD::PDB::PDBResult __cdecl RawrXD::PDB::NativePDBParser::enumeratePublicSymbols(bool (__cdecl*)(struct RawrXD::PDB::ResolvedSymbol const *,void *),void *)const " (?enumeratePublicSymbols@NativePDBParser@PDB@RawrXD@@QEBA?AUPDBResult@23@P6A_NPEBUResolvedSymbol@23@PEAX@Z1@Z)

pdb_reference_provider.cpp.obj : error LNK2001: unresolved external symbol "public: struct RawrXD::PDB::PDBResult __cdecl RawrXD::PDB::NativePDBParser::enumerateProcedures(bool (__cdecl*)(struct RawrXD::PDB::ResolvedSymbol const *,void *),void *)const " (?enumerateProcedures@NativePDBParser@PDB@RawrXD@@QEBA?AUPDBResult@23@P6A_NPEBUResolvedSymbol@23@PEAX@Z1@Z)

pdb_reference_provider.cpp.obj : error LNK2001: unresolved external symbol "public: static class RawrXD::PDB::PDBManager & __cdecl RawrXD::PDB::PDBManager::instance(void)" (?instance@PDBManager@PDB@RawrXD@@SAAEAV123@XZ)

pdb_reference_provider.cpp.obj : error LNK2001: unresolved external symbol "public: class RawrXD::PDB::NativePDBParser const * __cdecl RawrXD::PDB::PDBManager::getParser(char const *)const " (?getParser@PDBManager@PDB@RawrXD@@QEBAPEBVNativePDBParser@23@PEBD@Z)

pdb_reference_provider.cpp.obj : error LNK2001: unresolved external symbol "public: unsigned int __cdecl RawrXD::PDB::PDBManager::getLoadedModuleCount(void)const " (?getLoadedModuleCount@PDBManager@PDB@RawrXD@@QEBAIXZ)

pdb_reference_provider.cpp.obj : error LNK2001: unresolved external symbol "public: char const * __cdecl RawrXD::PDB::PDBManager::getLoadedModuleName(unsigned int)const " (?getLoadedModuleName@PDBManager@PDB@RawrXD@@QEBAPEBDI@Z)

pdb_reference_provider.cpp.obj : error LNK2001: unresolved external symbol "public: struct RawrXD::PDB::PDBManager::Stats __cdecl RawrXD::PDB::PDBManager::getStats(void)const " (?getStats@PDBManager@PDB@RawrXD@@QEBA?AUStats@123@XZ)

feature_registry.cpp.obj : error LNK2001: unresolved external symbol IsStubFunction

model_training_pipeline.cpp.obj : error LNK2001: unresolved external symbol asm_kquant_cpuid_check

self_host_engine.cpp.obj : error LNK2001: unresolved external symbol asm_selfhost_init

self_host_engine.cpp.obj : error LNK2001: unresolved external symbol asm_selfhost_read_text

self_host_engine.cpp.obj : error LNK2001: unresolved external symbol asm_selfhost_profile_region

self_host_engine.cpp.obj : error LNK2001: unresolved external symbol asm_selfhost_gen_trampoline

self_host_engine.cpp.obj : error LNK2001: unresolved external symbol asm_selfhost_micro_assemble

self_host_engine.cpp.obj : error LNK2001: unresolved external symbol asm_selfhost_atomic_swap

self_host_engine.cpp.obj : error LNK2001: unresolved external symbol asm_selfhost_verify_equiv

self_host_engine.cpp.obj : error LNK2001: unresolved external symbol asm_selfhost_measure_delta

self_host_engine.cpp.obj : error LNK2001: unresolved external symbol asm_selfhost_read_source

self_host_engine.cpp.obj : error LNK2001: unresolved external symbol asm_selfhost_write_source

self_host_engine.cpp.obj : error LNK2001: unresolved external symbol asm_selfhost_get_generation

self_host_engine.cpp.obj : error LNK2001: unresolved external symbol asm_selfhost_get_stats

self_host_engine.cpp.obj : error LNK2001: unresolved external symbol asm_selfhost_shutdown

hexmag_ide_link_probe.cpp.obj : error LNK2001: unresolved external symbol HexMag_BotCount

hexmag_ide_link_probe.cpp.obj : error LNK2001: unresolved external symbol HexMag_IsInitialized

hexmag_ide_link_probe.cpp.obj : error LNK2001: unresolved external symbol HexMag_GetParallelAgents

hexmag_ide_link_probe.cpp.obj : error LNK2001: unresolved external symbol HexMag_Tuner_GenerationId

bin\RawrXD-Win32IDE.exe : fatal error LNK1120: 108 unresolved externals

ninja: build stopped: subcommand failed.
