[1/313] Building CXX object CMakeFiles\RawrXD-Win32IDE.dir\src\ui\interpretability_panel.cpp.obj
[2/313] Building CXX object CMakeFiles\RawrXD-Win32IDE.dir\src\LanguageServerIntegration.cpp.obj
[3/313] Building CXX object CMakeFiles\RawrXD-Win32IDE.dir\src\interpretability_panel_enhanced.cpp.obj
[4/313] Building CXX object CMakeFiles\RawrXD-Win32IDE.dir\src\feature_registry_panel.cpp.obj
[5/313] Building CXX object CMakeFiles\RawrXD-Win32IDE.dir\src\real_time_completion_engine.cpp.obj
[6/313] Building CXX object CMakeFiles\RawrXD-Win32IDE.dir\src\autonomous_intelligence_orchestrator.cpp.obj
[7/313] Building CXX object CMakeFiles\RawrXD-Win32IDE.dir\src\tool_registry_advanced.cpp.obj
[8/313] Building CXX object CMakeFiles\RawrXD-Win32IDE.dir\src\plan_orchestrator.cpp.obj
[9/313] Building CXX object CMakeFiles\RawrXD-Win32IDE.dir\src\autonomous_feature_engine.cpp.obj
[10/313] Building CXX object CMakeFiles\RawrXD-Win32IDE.dir\src\lsp_client.cpp.obj
[11/313] Building CXX object CMakeFiles\RawrXD-Win32IDE.dir\src\intelligent_codebase_engine.cpp.obj
[12/313] Building CXX object CMakeFiles\RawrXD-Win32IDE.dir\src\ai_model_caller.cpp.obj
[13/313] Building CXX object CMakeFiles\RawrXD-Win32IDE.dir\src\hybrid_cloud_manager.cpp.obj
[14/313] Building CXX object CMakeFiles\RawrXD-Win32IDE.dir\src\benchmark_menu_widget.cpp.obj
[15/313] Building CXX object CMakeFiles\RawrXD-Win32IDE.dir\src\benchmark_runner.cpp.obj
[16/313] Building CXX object CMakeFiles\RawrXD-Win32IDE.dir\src\win32app\feature_registry_panel.cpp.obj
[17/313] Building CXX object CMakeFiles\RawrXD-Win32IDE.dir\src\ui\monaco_settings_dialog.cpp.obj
[18/313] Building CXX object CMakeFiles\RawrXD-Win32IDE.dir\src\thermal\RAWRXD_ThermalDashboard.cpp.obj
[19/313] Building CXX object CMakeFiles\RawrXD-Win32IDE.dir\src\win32app\VSCodeMarketplaceAPI.cpp.obj
[20/313] Building CXX object CMakeFiles\RawrXD-Win32IDE.dir\src\multi_file_search.cpp.obj
[21/313] Building CXX object CMakeFiles\RawrXD-Win32IDE.dir\src\win32app\Win32IDE_LicenseCreator.cpp.obj
[22/313] Building CXX object CMakeFiles\RawrXD-Win32IDE.dir\src\license_enforcement.cpp.obj
[23/313] Building CXX object CMakeFiles\RawrXD-Win32IDE.dir\src\feature_flags_runtime.cpp.obj
[24/313] Building CXX object CMakeFiles\RawrXD-Win32IDE.dir\src\win32app\Win32IDE_PeekView.cpp.obj
[25/313] Building CXX object CMakeFiles\RawrXD-Win32IDE.dir\src\win32app\Win32IDE_SnippetEngine.cpp.obj
[26/313] Building CXX object CMakeFiles\RawrXD-Win32IDE.dir\src\win32app\Win32IDE_MultiCursor.cpp.obj
[27/313] Building CXX object CMakeFiles\RawrXD-Win32IDE.dir\src\agentic\cognitive\cognitive_types.cpp.obj
[28/313] Building CXX object CMakeFiles\RawrXD-Win32IDE.dir\src\agentic\cognitive\enhanced_blackboard.cpp.obj
[29/313] Building CXX object CMakeFiles\RawrXD-Win32IDE.dir\src\agentic\cognitive\mission_director.cpp.obj
[30/313] Building CXX object CMakeFiles\RawrXD-Win32IDE.dir\src\agentic\cognitive\reflection_agent.cpp.obj
[31/313] Building CXX object CMakeFiles\RawrXD-Win32IDE.dir\src\agentic\cognitive\dynamic_planner.cpp.obj
[32/313] Building CXX object CMakeFiles\RawrXD-Win32IDE.dir\src\agentic\cognitive\autonomous_orchestrator.cpp.obj
[33/313] Building CXX object CMakeFiles\RawrXD-Win32IDE.dir\src\deep2\TrailBrake.cpp.obj
[34/313] Building CXX object CMakeFiles\RawrXD-Win32IDE.dir\src\deep2\HotPatcher.cpp.obj
[35/313] Building CXX object CMakeFiles\RawrXD-Win32IDE.dir\src\deep2\HotPatcherSafety.cpp.obj
[36/313] Building CXX object CMakeFiles\RawrXD-Win32IDE.dir\src\deep2\GoalSystem.cpp.obj
[37/313] Building CXX object CMakeFiles\RawrXD-Win32IDE.dir\src\deep2\PatchCache.cpp.obj
[38/313] Building CXX object CMakeFiles\RawrXD-Win32IDE.dir\src\deep2\BottleTTL.cpp.obj
[39/313] Building CXX object CMakeFiles\RawrXD-Win32IDE.dir\src\deep2\CPUFrequency.cpp.obj
[40/313] Building CXX object CMakeFiles\RawrXD-Win32IDE.dir\src\deep2\DualGPUHook.cpp.obj
[41/313] Building CXX object CMakeFiles\RawrXD-Win32IDE.dir\src\deep2\ReverseTensorRecovery.cpp.obj
[42/313] Building CXX object CMakeFiles\RawrXD-Win32IDE.dir\src\deep2\execution_policy\ExecutionPolicy.cpp.obj
[43/313] Building CXX object CMakeFiles\RawrXD-Win32IDE.dir\src\deep2\execution_policy\ExecutionPolicyStore.cpp.obj
[44/313] Building CXX object CMakeFiles\RawrXD-Win32IDE.dir\src\deep2\ShardRouterIntegration.cpp.obj
[45/313] Building CXX object CMakeFiles\RawrXD-Win32IDE.dir\src\deep2\Deep2IDEIntegration.cpp.obj
[46/313] Building CXX object CMakeFiles\RawrXD-Win32IDE.dir\src\deep2\IOCPGGUFLoader.cpp.obj
[47/313] Building CXX object CMakeFiles\RawrXD-Win32IDE.dir\src\win32app\Win32IDE_SettingsGUI.cpp.obj
FAILED: [code=2] CMakeFiles/RawrXD-Win32IDE.dir/src/win32app/Win32IDE_SettingsGUI.cpp.obj 
"C:\Program Files (x86)\Microsoft Visual Studio\2022\BuildTools\VC\Tools\MSVC\14.44.35207\bin\Hostx64\x64\cl.exe"  /nologo /TP -DHAS_BRUTAL_GZIP_MASM=1 -DNOMINMAX -DRAWRXD_DISABLE_DUPLICATE_SHIMS=1 -DRAWRXD_HAS_ASM_PYRE=1 -DRAWRXD_HAS_MW_KERNEL=1 -DRAWRXD_HAS_PROMPT_ENGINE=1 -DRAWRXD_HAS_SOVEREIGN_GPU_ASM=0 -DRAWRXD_INFRA_AVAILABLE=0 -DRAWRXD_LINK_ADVANCED_DEOBFUSCATOR_ASM=1 -DRAWRXD_LINK_ANALYZER_DISTILLER_ASM=0 -DRAWRXD_LINK_CODEBASE_AUDIT_SYSTEM_ASM=0 -DRAWRXD_LINK_DUAL_ENGINE_QUANTUM_BEACON_ASM=0 -DRAWRXD_LINK_INFERENCE_KERNELS_ASM=1 -DRAWRXD_LINK_PATTERN_RECONSTRUCTOR_ASM=1 -DRAWRXD_LINK_PROMETHEUS_EXPORTER_ASM=1 -DRAWRXD_LINK_QUADBUFFER_ASM=1 -DRAWRXD_LINK_REVERSE_ENGINEERED_ASM=1 -DRAWRXD_LINK_SELFPATCH_AGENT_ASM=1 -DRAWRXD_LINK_SOURCEEDIT_KERNEL_ASM=1 -DRAWRXD_LINK_STREAMING_ORCHESTRATOR_ASM=0 -DRAWRXD_LINK_TELEMETRY_KERNEL_ASM=1 -DRAWRXD_LINK_UNIFIED_OVERCLOCK_GOVERNOR_ASM=0 -DRAWRXD_LINK_VISION_PROJECTION_ASM=0 -DRAWRXD_MASM_GLOBALS_LINKED=1 -DRAWRXD_PRODUCTION_STRIP_STUB_SOURCES=0 -DRAWRXD_STRICT_PRODUCTION_PROFILE=0 -DRAWRXD_USE_DEDICATED_CODELENS=1 -DRAWRXD_USE_DEDICATED_HOVER=1 -DRAWRXD_USE_DEDICATED_INLAY=1 -DRAWRXD_USE_DEDICATED_MINIMAP=1 -DRAWR_ATOMIC_ACTIVATION_ENABLED=1 -DRAWR_CAPABILITY_TOKENS_ENABLED=1 -DRAWR_ENABLE_VULKAN=1 -DRAWR_HAS_MASM=1 -DRAWR_HAS_MODEL_ANATOMY=1 -DRAWR_HAS_QUICKJS=1 -DRAWR_HAS_RAWR_INFERENCE=0 -DRAWR_HAS_SOVEREIGN_ENGINES=0 -DRAWR_HAS_VULKAN=1 -DRAWR_HOTPATCH_JOURNAL_ENABLED=1 -DRAWR_INTENT_EMERGENCY_BYPASS=0 -DRAWR_INTENT_GUARD_ENABLED=1 -DRAWR_INTENT_VALIDATION_ENABLED=1 -DRAWR_MODEL_ADAPTER_ENABLED=1 -DRAWR_PATCH_FIREWALL_ENABLED=1 -DRAWR_PATCH_TRANSACTION_ENABLED=1 -DRAWR_QUICKJS_STUB=0 -DRAWR_REFLECTOR_AGENT_ENABLED=1 -DRAWR_ROLLBACK_FIRST_CLASS_ENABLED=1 -DUNICODE -DVULKAN_HPP_DISPATCH_LOADER_DYNAMIC=1 -DWIN32_LEAN_AND_MEAN -D_CRT_SECURE_NO_WARNINGS -D_UNICODE -IF:\~dev\rawrxd\include -IF:\~dev\rawrxd\Ship -IF:\~dev\rawrxd\src\masm -IF:\~dev\rawrxd\src\sovereign_autonomy -IF:\~dev\rawrxd\src\runtime -IF:\~dev\rawrxd\src\compiler_backend -IF:\~dev\rawrxd\src\sovereign\puppeteer -IC:\VulkanSDK\1.4.357.0\include -IF:\~dev\rawrxd\src -IF:\~dev\rawrxd\src\engine -IF:\~dev\rawrxd\src\core -IF:\~dev\rawrxd\src\server -IF:\~dev\rawrxd\src\agent -IF:\~dev\rawrxd\src\agentic -IF:\~dev\rawrxd\src\cli -IF:\~dev\rawrxd\src\win32app -IF:\~dev\rawrxd\src\modules -IF:\~dev\rawrxd\src\utils -IF:\~dev\rawrxd\src\config -IF:\~dev\rawrxd\src\asm -IF:\~dev\rawrxd\src\lsp -IF:\~dev\rawrxd\src\plugin_system -IF:\~dev\rawrxd\src\ide -IF:\~dev\rawrxd\src\llm_adapter -IF:\~dev\rawrxd\src\auth -IF:\~dev\rawrxd\src\context -IF:\~dev\rawrxd\src\multimodal_engine -IF:\~dev\rawrxd\src\telemetry -IF:\~dev\rawrxd\src\ui -IF:\~dev\rawrxd\src\git -IF:\~dev\rawrxd\src\sovereign -IF:\~dev\rawrxd\src\sovereign\spine -IF:\~dev\rawrxd\src\sovereign\terminal -IF:\~dev\rawrxd\src\sovereign\build -IF:\~dev\rawrxd\src\sovereign\agent -IF:\~dev\rawrxd\src\sovereign\bus -IF:\~dev\rawrxd\src\sovereign\compression -IF:\~dev\rawrxd\src\sovereign\awareness -IF:\~dev\rawrxd\src\sovereign\validator -IF:\~dev\rawrxd\src\sovereign\recovery -IF:\~dev\rawrxd\src\sovereign\control -IF:\~dev\rawrxd\src\sovereign\capsule -IF:\~dev\rawrxd\src\sovereign\ide -IF:\~dev\rawrxd\3rdparty\quickjs -IF:\~dev\rawrxd\src\reverse_engineering -IF:\~dev\rawrxd\src\reverse_engineering\pe_tools -IF:\~dev\rawrxd\src\deep2 -IF:\~dev\rawrxd\src\inference -IF:\~dev\rawrxd\src\codec -IF:\~dev\rawrxd\src\runtime\governance -IF:\~dev\rawrxd\rguf_source -external:I"C:\Program Files (x86)\Microsoft Visual Studio\2022\BuildTools\VC\Tools\MSVC\14.44.35207\include" -external:I"C:\Program Files (x86)\Windows Kits\10\Include\10.0.26100.0\ucrt" -external:I"C:\Program Files (x86)\Windows Kits\10\Include\10.0.26100.0\shared" -external:I"C:\Program Files (x86)\Windows Kits\10\Include\10.0.26100.0\um" -external:I"C:\Program Files (x86)\Windows Kits\10\Include\10.0.26100.0\winrt" -external:ID:\rawrxd\Ship\webview2\build\native\include -external:IC:\VulkanSDK\1.4.357.0\Include -external:W0 /DWIN32 /D_WINDOWS /EHsc /O2 /Ob2 /DNDEBUG -std:c++latest -MT /GS- /sdl- /EHsc /W0 /arch:AVX2 /Zi /O2 /showIncludes /FoCMakeFiles\RawrXD-Win32IDE.dir\src\win32app\Win32IDE_SettingsGUI.cpp.obj /Fdbin\RawrXD-Win32IDE.pdb /FS -c F:\~dev\rawrxd\src\win32app\Win32IDE_SettingsGUI.cpp
F:\~dev\rawrxd\src\win32app\Win32IDE_SettingsGUI.cpp(221): error C3861: 'TabCtrl_InsertItemA': identifier not found
F:\~dev\rawrxd\src\win32app\Win32IDE_SettingsGUI.cpp(223): error C3861: 'TabCtrl_InsertItemA': identifier not found
F:\~dev\rawrxd\src\win32app\Win32IDE_SettingsGUI.cpp(225): error C3861: 'TabCtrl_InsertItemA': identifier not found
F:\~dev\rawrxd\src\win32app\Win32IDE_SettingsGUI.cpp(227): error C3861: 'TabCtrl_InsertItemA': identifier not found
[48/313] Building CXX object CMakeFiles\RawrXD-Win32IDE.dir\src\win32app\Win32IDE_AutoSave.cpp.obj
[49/313] Building CXX object CMakeFiles\RawrXD-Win32IDE.dir\src\context\semantic_index.cpp.obj
FAILED: [code=2] CMakeFiles/RawrXD-Win32IDE.dir/src/context/semantic_index.cpp.obj 
"C:\Program Files (x86)\Microsoft Visual Studio\2022\BuildTools\VC\Tools\MSVC\14.44.35207\bin\Hostx64\x64\cl.exe"  /nologo /TP -DHAS_BRUTAL_GZIP_MASM=1 -DNOMINMAX -DRAWRXD_DISABLE_DUPLICATE_SHIMS=1 -DRAWRXD_HAS_ASM_PYRE=1 -DRAWRXD_HAS_MW_KERNEL=1 -DRAWRXD_HAS_PROMPT_ENGINE=1 -DRAWRXD_HAS_SOVEREIGN_GPU_ASM=0 -DRAWRXD_INFRA_AVAILABLE=0 -DRAWRXD_LINK_ADVANCED_DEOBFUSCATOR_ASM=1 -DRAWRXD_LINK_ANALYZER_DISTILLER_ASM=0 -DRAWRXD_LINK_CODEBASE_AUDIT_SYSTEM_ASM=0 -DRAWRXD_LINK_DUAL_ENGINE_QUANTUM_BEACON_ASM=0 -DRAWRXD_LINK_INFERENCE_KERNELS_ASM=1 -DRAWRXD_LINK_PATTERN_RECONSTRUCTOR_ASM=1 -DRAWRXD_LINK_PROMETHEUS_EXPORTER_ASM=1 -DRAWRXD_LINK_QUADBUFFER_ASM=1 -DRAWRXD_LINK_REVERSE_ENGINEERED_ASM=1 -DRAWRXD_LINK_SELFPATCH_AGENT_ASM=1 -DRAWRXD_LINK_SOURCEEDIT_KERNEL_ASM=1 -DRAWRXD_LINK_STREAMING_ORCHESTRATOR_ASM=0 -DRAWRXD_LINK_TELEMETRY_KERNEL_ASM=1 -DRAWRXD_LINK_UNIFIED_OVERCLOCK_GOVERNOR_ASM=0 -DRAWRXD_LINK_VISION_PROJECTION_ASM=0 -DRAWRXD_MASM_GLOBALS_LINKED=1 -DRAWRXD_PRODUCTION_STRIP_STUB_SOURCES=0 -DRAWRXD_STRICT_PRODUCTION_PROFILE=0 -DRAWRXD_USE_DEDICATED_CODELENS=1 -DRAWRXD_USE_DEDICATED_HOVER=1 -DRAWRXD_USE_DEDICATED_INLAY=1 -DRAWRXD_USE_DEDICATED_MINIMAP=1 -DRAWR_ATOMIC_ACTIVATION_ENABLED=1 -DRAWR_CAPABILITY_TOKENS_ENABLED=1 -DRAWR_ENABLE_VULKAN=1 -DRAWR_HAS_MASM=1 -DRAWR_HAS_MODEL_ANATOMY=1 -DRAWR_HAS_QUICKJS=1 -DRAWR_HAS_RAWR_INFERENCE=0 -DRAWR_HAS_SOVEREIGN_ENGINES=0 -DRAWR_HAS_VULKAN=1 -DRAWR_HOTPATCH_JOURNAL_ENABLED=1 -DRAWR_INTENT_EMERGENCY_BYPASS=0 -DRAWR_INTENT_GUARD_ENABLED=1 -DRAWR_INTENT_VALIDATION_ENABLED=1 -DRAWR_MODEL_ADAPTER_ENABLED=1 -DRAWR_PATCH_FIREWALL_ENABLED=1 -DRAWR_PATCH_TRANSACTION_ENABLED=1 -DRAWR_QUICKJS_STUB=0 -DRAWR_REFLECTOR_AGENT_ENABLED=1 -DRAWR_ROLLBACK_FIRST_CLASS_ENABLED=1 -DUNICODE -DVULKAN_HPP_DISPATCH_LOADER_DYNAMIC=1 -DWIN32_LEAN_AND_MEAN -D_CRT_SECURE_NO_WARNINGS -D_UNICODE -IF:\~dev\rawrxd\include -IF:\~dev\rawrxd\Ship -IF:\~dev\rawrxd\src\masm -IF:\~dev\rawrxd\src\sovereign_autonomy -IF:\~dev\rawrxd\src\runtime -IF:\~dev\rawrxd\src\compiler_backend -IF:\~dev\rawrxd\src\sovereign\puppeteer -IC:\VulkanSDK\1.4.357.0\include -IF:\~dev\rawrxd\src -IF:\~dev\rawrxd\src\engine -IF:\~dev\rawrxd\src\core -IF:\~dev\rawrxd\src\server -IF:\~dev\rawrxd\src\agent -IF:\~dev\rawrxd\src\agentic -IF:\~dev\rawrxd\src\cli -IF:\~dev\rawrxd\src\win32app -IF:\~dev\rawrxd\src\modules -IF:\~dev\rawrxd\src\utils -IF:\~dev\rawrxd\src\config -IF:\~dev\rawrxd\src\asm -IF:\~dev\rawrxd\src\lsp -IF:\~dev\rawrxd\src\plugin_system -IF:\~dev\rawrxd\src\ide -IF:\~dev\rawrxd\src\llm_adapter -IF:\~dev\rawrxd\src\auth -IF:\~dev\rawrxd\src\context -IF:\~dev\rawrxd\src\multimodal_engine -IF:\~dev\rawrxd\src\telemetry -IF:\~dev\rawrxd\src\ui -IF:\~dev\rawrxd\src\git -IF:\~dev\rawrxd\src\sovereign -IF:\~dev\rawrxd\src\sovereign\spine -IF:\~dev\rawrxd\src\sovereign\terminal -IF:\~dev\rawrxd\src\sovereign\build -IF:\~dev\rawrxd\src\sovereign\agent -IF:\~dev\rawrxd\src\sovereign\bus -IF:\~dev\rawrxd\src\sovereign\compression -IF:\~dev\rawrxd\src\sovereign\awareness -IF:\~dev\rawrxd\src\sovereign\validator -IF:\~dev\rawrxd\src\sovereign\recovery -IF:\~dev\rawrxd\src\sovereign\control -IF:\~dev\rawrxd\src\sovereign\capsule -IF:\~dev\rawrxd\src\sovereign\ide -IF:\~dev\rawrxd\3rdparty\quickjs -IF:\~dev\rawrxd\src\reverse_engineering -IF:\~dev\rawrxd\src\reverse_engineering\pe_tools -IF:\~dev\rawrxd\src\deep2 -IF:\~dev\rawrxd\src\inference -IF:\~dev\rawrxd\src\codec -IF:\~dev\rawrxd\src\runtime\governance -IF:\~dev\rawrxd\rguf_source -external:I"C:\Program Files (x86)\Microsoft Visual Studio\2022\BuildTools\VC\Tools\MSVC\14.44.35207\include" -external:I"C:\Program Files (x86)\Windows Kits\10\Include\10.0.26100.0\ucrt" -external:I"C:\Program Files (x86)\Windows Kits\10\Include\10.0.26100.0\shared" -external:I"C:\Program Files (x86)\Windows Kits\10\Include\10.0.26100.0\um" -external:I"C:\Program Files (x86)\Windows Kits\10\Include\10.0.26100.0\winrt" -external:ID:\rawrxd\Ship\webview2\build\native\include -external:IC:\VulkanSDK\1.4.357.0\Include -external:W0 /DWIN32 /D_WINDOWS /EHsc /O2 /Ob2 /DNDEBUG -std:c++latest -MT /GS- /sdl- /EHsc /W0 /arch:AVX2 /Zi /O2 /showIncludes /FoCMakeFiles\RawrXD-Win32IDE.dir\src\context\semantic_index.cpp.obj /Fdbin\RawrXD-Win32IDE.pdb /FS -c F:\~dev\rawrxd\src\context\semantic_index.cpp
F:\~dev\rawrxd\src\context\semantic_index.cpp(95): error C2039: 'sort': is not a member of 'std'
C:\Program Files (x86)\Microsoft Visual Studio\2022\BuildTools\VC\Tools\MSVC\14.44.35207\include\fstream(20): note: see declaration of 'std'
F:\~dev\rawrxd\src\context\semantic_index.cpp(95): error C3861: 'sort': identifier not found
[50/313] Building CXX object CMakeFiles\RawrXD-Win32IDE.dir\src\win32app\Win32IDE_TerminalSplit.cpp.obj
[51/313] Building CXX object CMakeFiles\RawrXD-Win32IDE.dir\src\deep2\AntiPatcher.cpp.obj
[52/313] Building CXX object CMakeFiles\RawrXD-Win32IDE.dir\src\core\context_deterioration_hotpatch.cpp.obj
[53/313] Building CXX object CMakeFiles\RawrXD-Win32IDE.dir\src\deep2\Deep2ModelRuntime.cpp.obj
[54/313] Building CXX object CMakeFiles\RawrXD-Win32IDE.dir\src\deep2\StreamEngine.cpp.obj
ninja: build stopped: subcommand failed.
