[1/639] Building CXX object CMakeFiles\RawrXD-Win32IDE.dir\src\agentic\FIMPromptBuilder.cpp.obj
[2/639] Building CXX object CMakeFiles\RawrXD-Win32IDE.dir\src\agentic\AgentOllamaClient.cpp.obj
[3/639] Building CXX object CMakeFiles\RawrXD-Win32IDE.dir\src\agentic\agentic_executor.cpp.obj
[4/639] Building CXX object CMakeFiles\RawrXD-Win32IDE.dir\src\agentic\RawrXD_AgentLoop.cpp.obj
[5/639] Building CXX object CMakeFiles\RawrXD-Win32IDE.dir\src\core\win32ide_watchdog_init.cpp.obj
[6/639] Building CXX object CMakeFiles\RawrXD-Win32IDE.dir\src\core\unlinked_symbols_batch_006.cpp.obj
[7/639] Building CXX object CMakeFiles\RawrXD-Win32IDE.dir\src\core\unlinked_symbols_batch_002.cpp.obj
[8/639] Building CXX object CMakeFiles\RawrXD-Win32IDE.dir\src\core\unlinked_symbols_batch_007.cpp.obj
[9/639] Building CXX object CMakeFiles\RawrXD-Win32IDE.dir\src\core\unlinked_symbols_batch_003.cpp.obj
[10/639] Building CXX object CMakeFiles\RawrXD-Win32IDE.dir\src\agentic\ToolRegistry.cpp.obj
[11/639] Building CXX object CMakeFiles\RawrXD-Win32IDE.dir\src\core\unlinked_symbols_batch_010.cpp.obj
[12/639] Building CXX object CMakeFiles\RawrXD-Win32IDE.dir\src\core\unlinked_symbols_batch_009.cpp.obj
[13/639] Building CXX object CMakeFiles\RawrXD-Win32IDE.dir\src\core\unlinked_symbols_batch_005.cpp.obj
[14/639] Building CXX object CMakeFiles\RawrXD-Win32IDE.dir\src\core\unlinked_symbols_batch_008.cpp.obj
[15/639] Building CXX object CMakeFiles\RawrXD-Win32IDE.dir\src\vulkan_kernel_bridge.cpp.obj
[16/639] Building CXX object CMakeFiles\RawrXD-Win32IDE.dir\src\win32app\Win32IDE_LSP_AI_Bridge.cpp.obj
[17/639] Building CXX object CMakeFiles\RawrXD-Win32IDE.dir\src\gguf_d3d12_bridge.cpp.obj
[18/639] Building CXX object CMakeFiles\RawrXD-Win32IDE.dir\src\rdna3_bridge.cpp.obj
[19/639] Building CXX object CMakeFiles\RawrXD-Win32IDE.dir\src\llm_adapter\rawrxd_ggufrunner_signals.cpp.obj
[20/639] Building CXX object CMakeFiles\RawrXD-Win32IDE.dir\src\collab\cursor_widget.cpp.obj
[21/639] Building CXX object CMakeFiles\RawrXD-Win32IDE.dir\src\collab\crdt_buffer.cpp.obj
[22/639] Building CXX object CMakeFiles\RawrXD-Win32IDE.dir\src\win32app\Win32IDE_SemanticIndex.cpp.obj
[23/639] Building CXX object CMakeFiles\RawrXD-Win32IDE.dir\src\spengine_bridge.cpp.obj
[24/639] Building CXX object CMakeFiles\RawrXD-Win32IDE.dir\src\agentic_observability.cpp.obj
[25/639] Building CXX object CMakeFiles\RawrXD-Win32IDE.dir\src\core\unlinked_symbols_batch_012.cpp.obj
[26/639] Building CXX object CMakeFiles\RawrXD-Win32IDE.dir\src\runtime_core.cpp.obj
[27/639] Building CXX object CMakeFiles\RawrXD-Win32IDE.dir\src\core\unlinked_symbols_batch_011.cpp.obj
[28/639] Building CXX object CMakeFiles\RawrXD-Win32IDE.dir\src\core\unlinked_symbols_batch_001.cpp.obj
[29/639] Building CXX object CMakeFiles\RawrXD-Win32IDE.dir\src\core\unlinked_symbols_batch_021.cpp.obj
[30/639] Building CXX object CMakeFiles\RawrXD-Win32IDE.dir\src\tool_registry.cpp.obj
[31/639] Building CXX object CMakeFiles\RawrXD-Win32IDE.dir\src\agentic\agentic_transaction.cpp.obj
[32/639] Building CXX object CMakeFiles\RawrXD-Win32IDE.dir\src\agentic\agent_workflow_orchestrator.cpp.obj
[33/639] Building CXX object CMakeFiles\RawrXD-Win32IDE.dir\src\ai\symbol_graph_indexer.cpp.obj
[34/639] Building CXX object CMakeFiles\RawrXD-Win32IDE.dir\src\ai\semantic_code_search.cpp.obj
[35/639] Building CXX object CMakeFiles\RawrXD-Win32IDE.dir\src\ai\multi_file_reasoning.cpp.obj
[36/639] Building CXX object CMakeFiles\RawrXD-Win32IDE.dir\src\ai\workspace_embeddings.cpp.obj
[37/639] Building CXX object CMakeFiles\RawrXD-Win32IDE.dir\src\ai\repo_refactor_engine.cpp.obj
[38/639] Building CXX object CMakeFiles\RawrXD-Win32IDE.dir\src\agent\DiskRecoveryAgent.cpp.obj
[39/639] Building CXX object CMakeFiles\RawrXD-Win32IDE.dir\src\ANSIParser.cpp.obj
[40/639] Building CXX object CMakeFiles\RawrXD-Win32IDE.dir\src\agentic\DiskRecoveryAgent.cpp.obj
[41/639] Building CXX object CMakeFiles\RawrXD-Win32IDE.dir\src\agentic\DiskRecoveryToolHandler.cpp.obj
[42/639] Building CXX object CMakeFiles\RawrXD-Win32IDE.dir\src\agent_history.cpp.obj
[43/639] Building CXX object CMakeFiles\RawrXD-Win32IDE.dir\src\agent_policy.cpp.obj
[44/639] Building CXX object CMakeFiles\RawrXD-Win32IDE.dir\src\core\rawrxd_subsystem_api.cpp.obj
[45/639] Building CXX object CMakeFiles\RawrXD-Win32IDE.dir\src\agent_explainability.cpp.obj
[46/639] Building CXX object CMakeFiles\RawrXD-Win32IDE.dir\src\utils\ErrorReporter.cpp.obj
[47/639] Building CXX object CMakeFiles\RawrXD-Win32IDE.dir\src\logging\Logger.cpp.obj
[48/639] Building CXX object CMakeFiles\RawrXD-Win32IDE.dir\src\security\InputSanitizer.cpp.obj
[49/639] Building CXX object CMakeFiles\RawrXD-Win32IDE.dir\src\inference\PerformanceMonitor.cpp.obj
[50/639] Building CXX object CMakeFiles\RawrXD-Win32IDE.dir\src\rawrxd_inference.cpp.obj
FAILED: [code=2] CMakeFiles/RawrXD-Win32IDE.dir/src/rawrxd_inference.cpp.obj 
"C:\Program Files (x86)\Microsoft Visual Studio\2022\BuildTools\VC\Tools\MSVC\14.44.35207\bin\Hostx64\x64\cl.exe"  /nologo /TP -DHAS_BRUTAL_GZIP_MASM=1 -DNOMINMAX -DRAWRXD_DISABLE_DUPLICATE_SHIMS=1 -DRAWRXD_HAS_ASM_PYRE=1 -DRAWRXD_HAS_MW_KERNEL=1 -DRAWRXD_HAS_PROMPT_ENGINE=1 -DRAWRXD_HAS_SOVEREIGN_GPU_ASM=0 -DRAWRXD_INFRA_AVAILABLE=0 -DRAWRXD_LINK_ADVANCED_DEOBFUSCATOR_ASM=1 -DRAWRXD_LINK_ANALYZER_DISTILLER_ASM=0 -DRAWRXD_LINK_CODEBASE_AUDIT_SYSTEM_ASM=0 -DRAWRXD_LINK_DUAL_ENGINE_QUANTUM_BEACON_ASM=0 -DRAWRXD_LINK_INFERENCE_KERNELS_ASM=1 -DRAWRXD_LINK_PATTERN_RECONSTRUCTOR_ASM=1 -DRAWRXD_LINK_PROMETHEUS_EXPORTER_ASM=1 -DRAWRXD_LINK_QUADBUFFER_ASM=1 -DRAWRXD_LINK_REVERSE_ENGINEERED_ASM=1 -DRAWRXD_LINK_SELFPATCH_AGENT_ASM=1 -DRAWRXD_LINK_SOURCEEDIT_KERNEL_ASM=1 -DRAWRXD_LINK_STREAMING_ORCHESTRATOR_ASM=0 -DRAWRXD_LINK_TELEMETRY_KERNEL_ASM=1 -DRAWRXD_LINK_UNIFIED_OVERCLOCK_GOVERNOR_ASM=0 -DRAWRXD_LINK_VISION_PROJECTION_ASM=0 -DRAWRXD_MASM_GLOBALS_LINKED=1 -DRAWRXD_PRODUCTION_STRIP_STUB_SOURCES=0 -DRAWRXD_STRICT_PRODUCTION_PROFILE=0 -DRAWRXD_USE_DEDICATED_CODELENS=1 -DRAWRXD_USE_DEDICATED_HOVER=1 -DRAWRXD_USE_DEDICATED_INLAY=1 -DRAWRXD_USE_DEDICATED_MINIMAP=1 -DRAWR_ATOMIC_ACTIVATION_ENABLED=1 -DRAWR_CAPABILITY_TOKENS_ENABLED=1 -DRAWR_ENABLE_VULKAN=1 -DRAWR_HAS_MASM=1 -DRAWR_HAS_MODEL_ANATOMY=1 -DRAWR_HAS_QUICKJS=1 -DRAWR_HAS_RAWR_INFERENCE=0 -DRAWR_HAS_SOVEREIGN_ENGINES=0 -DRAWR_HAS_VULKAN=1 -DRAWR_HOTPATCH_JOURNAL_ENABLED=1 -DRAWR_INTENT_EMERGENCY_BYPASS=0 -DRAWR_INTENT_GUARD_ENABLED=1 -DRAWR_INTENT_VALIDATION_ENABLED=1 -DRAWR_MODEL_ADAPTER_ENABLED=1 -DRAWR_PATCH_FIREWALL_ENABLED=1 -DRAWR_PATCH_TRANSACTION_ENABLED=1 -DRAWR_QUICKJS_STUB=0 -DRAWR_REFLECTOR_AGENT_ENABLED=1 -DRAWR_ROLLBACK_FIRST_CLASS_ENABLED=1 -DUNICODE -DVULKAN_HPP_DISPATCH_LOADER_DYNAMIC=1 -DWIN32_LEAN_AND_MEAN -D_CRT_SECURE_NO_WARNINGS -D_UNICODE -IF:\~dev\rawrxd\include -IF:\~dev\rawrxd\Ship -IF:\~dev\rawrxd\src\masm -IF:\~dev\rawrxd\src\sovereign_autonomy -IF:\~dev\rawrxd\src\runtime -IF:\~dev\rawrxd\src\compiler_backend -IF:\~dev\rawrxd\src\sovereign\puppeteer -IC:\VulkanSDK\1.4.357.0\include -IF:\~dev\rawrxd\src -IF:\~dev\rawrxd\src\engine -IF:\~dev\rawrxd\src\core -IF:\~dev\rawrxd\src\server -IF:\~dev\rawrxd\src\agent -IF:\~dev\rawrxd\src\agentic -IF:\~dev\rawrxd\src\cli -IF:\~dev\rawrxd\src\win32app -IF:\~dev\rawrxd\src\modules -IF:\~dev\rawrxd\src\utils -IF:\~dev\rawrxd\src\config -IF:\~dev\rawrxd\src\asm -IF:\~dev\rawrxd\src\lsp -IF:\~dev\rawrxd\src\plugin_system -IF:\~dev\rawrxd\src\ide -IF:\~dev\rawrxd\src\llm_adapter -IF:\~dev\rawrxd\src\auth -IF:\~dev\rawrxd\src\context -IF:\~dev\rawrxd\src\multimodal_engine -IF:\~dev\rawrxd\src\telemetry -IF:\~dev\rawrxd\src\ui -IF:\~dev\rawrxd\src\git -IF:\~dev\rawrxd\src\sovereign -IF:\~dev\rawrxd\src\sovereign\spine -IF:\~dev\rawrxd\src\sovereign\terminal -IF:\~dev\rawrxd\src\sovereign\build -IF:\~dev\rawrxd\src\sovereign\agent -IF:\~dev\rawrxd\src\sovereign\bus -IF:\~dev\rawrxd\src\sovereign\compression -IF:\~dev\rawrxd\src\sovereign\awareness -IF:\~dev\rawrxd\src\sovereign\validator -IF:\~dev\rawrxd\src\sovereign\recovery -IF:\~dev\rawrxd\src\sovereign\control -IF:\~dev\rawrxd\src\sovereign\capsule -IF:\~dev\rawrxd\src\sovereign\ide -IF:\~dev\rawrxd\3rdparty\quickjs -IF:\~dev\rawrxd\src\reverse_engineering -IF:\~dev\rawrxd\src\reverse_engineering\pe_tools -IF:\~dev\rawrxd\src\deep2 -IF:\~dev\rawrxd\src\inference -IF:\~dev\rawrxd\src\codec -IF:\~dev\rawrxd\src\runtime\governance -IF:\~dev\rawrxd\rguf_source -external:I"C:\Program Files (x86)\Microsoft Visual Studio\2022\BuildTools\VC\Tools\MSVC\14.44.35207\include" -external:I"C:\Program Files (x86)\Windows Kits\10\Include\10.0.26100.0\ucrt" -external:I"C:\Program Files (x86)\Windows Kits\10\Include\10.0.26100.0\shared" -external:I"C:\Program Files (x86)\Windows Kits\10\Include\10.0.26100.0\um" -external:I"C:\Program Files (x86)\Windows Kits\10\Include\10.0.26100.0\winrt" -external:ID:\rawrxd\Ship\webview2\build\native\include -external:IC:\VulkanSDK\1.4.357.0\Include -external:W0 /DWIN32 /D_WINDOWS /EHsc /O2 /Ob2 /DNDEBUG -std:c++latest -MT /GS- /sdl- /EHsc /W0 /arch:AVX2 /Zi /O2 /showIncludes /FoCMakeFiles\RawrXD-Win32IDE.dir\src\rawrxd_inference.cpp.obj /Fdbin\RawrXD-Win32IDE.pdb /FS -c F:\~dev\rawrxd\src\rawrxd_inference.cpp
F:\~dev\rawrxd\src\core/rawrxd_inference.h(228): error C4430: missing type specifier - int assumed. Note: C++ does not support default-int
F:\~dev\rawrxd\src\core/rawrxd_inference.h(228): error C2146: syntax error: missing ';' before identifier 'rawrxd_model_load_tensor'
F:\~dev\rawrxd\src\core/rawrxd_inference.h(242): error C2143: syntax error: missing ';' before '*'
F:\~dev\rawrxd\src\core/rawrxd_inference.h(242): error C4430: missing type specifier - int assumed. Note: C++ does not support default-int
F:\~dev\rawrxd\src\core/rawrxd_inference.h(242): error C2238: unexpected token(s) preceding ';'
F:\~dev\rawrxd\src\core/rawrxd_inference.h(309): error C3646: 'rng': unknown override specifier
F:\~dev\rawrxd\src\core/rawrxd_inference.h(309): error C4430: missing type specifier - int assumed. Note: C++ does not support default-int
F:\~dev\rawrxd\src\core/rawrxd_inference.h(330): error C4430: missing type specifier - int assumed. Note: C++ does not support default-int
F:\~dev\rawrxd\src\core/rawrxd_inference.h(330): error C2086: 'int rawrxd_result': redefinition
F:\~dev\rawrxd\src\core/rawrxd_inference.h(228): note: see declaration of 'rawrxd_result'
F:\~dev\rawrxd\src\core/rawrxd_inference.h(330): error C2146: syntax error: missing ';' before identifier 'rawrxd_forward'
F:\~dev\rawrxd\src\core/rawrxd_inference.h(335): error C4430: missing type specifier - int assumed. Note: C++ does not support default-int
F:\~dev\rawrxd\src\core/rawrxd_inference.h(335): error C2086: 'int rawrxd_result': redefinition
F:\~dev\rawrxd\src\core/rawrxd_inference.h(228): note: see declaration of 'rawrxd_result'
F:\~dev\rawrxd\src\core/rawrxd_inference.h(335): error C2146: syntax error: missing ';' before identifier 'rawrxd_forward_batch'
F:\~dev\rawrxd\src\core/rawrxd_inference.h(341): error C4430: missing type specifier - int assumed. Note: C++ does not support default-int
F:\~dev\rawrxd\src\core/rawrxd_inference.h(341): error C2086: 'int rawrxd_result': redefinition
F:\~dev\rawrxd\src\core/rawrxd_inference.h(228): note: see declaration of 'rawrxd_result'
F:\~dev\rawrxd\src\core/rawrxd_inference.h(341): error C2146: syntax error: missing ';' before identifier 'rawrxd_prefill'
F:\~dev\rawrxd\src\core/rawrxd_inference.h(374): error C4430: missing type specifier - int assumed. Note: C++ does not support default-int
F:\~dev\rawrxd\src\core/rawrxd_inference.h(374): error C2086: 'int rawrxd_result': redefinition
F:\~dev\rawrxd\src\core/rawrxd_inference.h(228): note: see declaration of 'rawrxd_result'
F:\~dev\rawrxd\src\core/rawrxd_inference.h(374): error C2146: syntax error: missing ';' before identifier 'rawrxd_generate'
F:\~dev\rawrxd\src\core/rawrxd_inference.h(379): error C4430: missing type specifier - int assumed. Note: C++ does not support default-int
F:\~dev\rawrxd\src\core/rawrxd_inference.h(379): error C2086: 'int rawrxd_result': redefinition
F:\~dev\rawrxd\src\core/rawrxd_inference.h(228): note: see declaration of 'rawrxd_result'
F:\~dev\rawrxd\src\core/rawrxd_inference.h(379): error C2146: syntax error: missing ';' before identifier 'rawrxd_generate_tokens'
F:\~dev\rawrxd\src\core/rawrxd_inference.h(387): error C4430: missing type specifier - int assumed. Note: C++ does not support default-int
F:\~dev\rawrxd\src\core/rawrxd_inference.h(387): error C2086: 'int rawrxd_result': redefinition
F:\~dev\rawrxd\src\core/rawrxd_inference.h(228): note: see declaration of 'rawrxd_result'
F:\~dev\rawrxd\src\core/rawrxd_inference.h(387): error C2146: syntax error: missing ';' before identifier 'rawrxd_generate_stream'
[51/639] Building CXX object CMakeFiles\RawrXD-Win32IDE.dir\src\core\auto_feature_registry.cpp.obj
FAILED: [code=2] CMakeFiles/RawrXD-Win32IDE.dir/src/core/auto_feature_registry.cpp.obj 
"C:\Program Files (x86)\Microsoft Visual Studio\2022\BuildTools\VC\Tools\MSVC\14.44.35207\bin\Hostx64\x64\cl.exe"  /nologo /TP -DHAS_BRUTAL_GZIP_MASM=1 -DNOMINMAX -DRAWRXD_DISABLE_DUPLICATE_SHIMS=1 -DRAWRXD_HAS_ASM_PYRE=1 -DRAWRXD_HAS_MW_KERNEL=1 -DRAWRXD_HAS_PROMPT_ENGINE=1 -DRAWRXD_HAS_SOVEREIGN_GPU_ASM=0 -DRAWRXD_INFRA_AVAILABLE=0 -DRAWRXD_LINK_ADVANCED_DEOBFUSCATOR_ASM=1 -DRAWRXD_LINK_ANALYZER_DISTILLER_ASM=0 -DRAWRXD_LINK_CODEBASE_AUDIT_SYSTEM_ASM=0 -DRAWRXD_LINK_DUAL_ENGINE_QUANTUM_BEACON_ASM=0 -DRAWRXD_LINK_INFERENCE_KERNELS_ASM=1 -DRAWRXD_LINK_PATTERN_RECONSTRUCTOR_ASM=1 -DRAWRXD_LINK_PROMETHEUS_EXPORTER_ASM=1 -DRAWRXD_LINK_QUADBUFFER_ASM=1 -DRAWRXD_LINK_REVERSE_ENGINEERED_ASM=1 -DRAWRXD_LINK_SELFPATCH_AGENT_ASM=1 -DRAWRXD_LINK_SOURCEEDIT_KERNEL_ASM=1 -DRAWRXD_LINK_STREAMING_ORCHESTRATOR_ASM=0 -DRAWRXD_LINK_TELEMETRY_KERNEL_ASM=1 -DRAWRXD_LINK_UNIFIED_OVERCLOCK_GOVERNOR_ASM=0 -DRAWRXD_LINK_VISION_PROJECTION_ASM=0 -DRAWRXD_MASM_GLOBALS_LINKED=1 -DRAWRXD_PRODUCTION_STRIP_STUB_SOURCES=0 -DRAWRXD_STRICT_PRODUCTION_PROFILE=0 -DRAWRXD_USE_DEDICATED_CODELENS=1 -DRAWRXD_USE_DEDICATED_HOVER=1 -DRAWRXD_USE_DEDICATED_INLAY=1 -DRAWRXD_USE_DEDICATED_MINIMAP=1 -DRAWR_ATOMIC_ACTIVATION_ENABLED=1 -DRAWR_CAPABILITY_TOKENS_ENABLED=1 -DRAWR_ENABLE_VULKAN=1 -DRAWR_HAS_MASM=1 -DRAWR_HAS_MODEL_ANATOMY=1 -DRAWR_HAS_QUICKJS=1 -DRAWR_HAS_RAWR_INFERENCE=0 -DRAWR_HAS_SOVEREIGN_ENGINES=0 -DRAWR_HAS_VULKAN=1 -DRAWR_HOTPATCH_JOURNAL_ENABLED=1 -DRAWR_INTENT_EMERGENCY_BYPASS=0 -DRAWR_INTENT_GUARD_ENABLED=1 -DRAWR_INTENT_VALIDATION_ENABLED=1 -DRAWR_MODEL_ADAPTER_ENABLED=1 -DRAWR_PATCH_FIREWALL_ENABLED=1 -DRAWR_PATCH_TRANSACTION_ENABLED=1 -DRAWR_QUICKJS_STUB=0 -DRAWR_REFLECTOR_AGENT_ENABLED=1 -DRAWR_ROLLBACK_FIRST_CLASS_ENABLED=1 -DUNICODE -DVULKAN_HPP_DISPATCH_LOADER_DYNAMIC=1 -DWIN32_LEAN_AND_MEAN -D_CRT_SECURE_NO_WARNINGS -D_UNICODE -IF:\~dev\rawrxd\include -IF:\~dev\rawrxd\Ship -IF:\~dev\rawrxd\src\masm -IF:\~dev\rawrxd\src\sovereign_autonomy -IF:\~dev\rawrxd\src\runtime -IF:\~dev\rawrxd\src\compiler_backend -IF:\~dev\rawrxd\src\sovereign\puppeteer -IC:\VulkanSDK\1.4.357.0\include -IF:\~dev\rawrxd\src -IF:\~dev\rawrxd\src\engine -IF:\~dev\rawrxd\src\core -IF:\~dev\rawrxd\src\server -IF:\~dev\rawrxd\src\agent -IF:\~dev\rawrxd\src\agentic -IF:\~dev\rawrxd\src\cli -IF:\~dev\rawrxd\src\win32app -IF:\~dev\rawrxd\src\modules -IF:\~dev\rawrxd\src\utils -IF:\~dev\rawrxd\src\config -IF:\~dev\rawrxd\src\asm -IF:\~dev\rawrxd\src\lsp -IF:\~dev\rawrxd\src\plugin_system -IF:\~dev\rawrxd\src\ide -IF:\~dev\rawrxd\src\llm_adapter -IF:\~dev\rawrxd\src\auth -IF:\~dev\rawrxd\src\context -IF:\~dev\rawrxd\src\multimodal_engine -IF:\~dev\rawrxd\src\telemetry -IF:\~dev\rawrxd\src\ui -IF:\~dev\rawrxd\src\git -IF:\~dev\rawrxd\src\sovereign -IF:\~dev\rawrxd\src\sovereign\spine -IF:\~dev\rawrxd\src\sovereign\terminal -IF:\~dev\rawrxd\src\sovereign\build -IF:\~dev\rawrxd\src\sovereign\agent -IF:\~dev\rawrxd\src\sovereign\bus -IF:\~dev\rawrxd\src\sovereign\compression -IF:\~dev\rawrxd\src\sovereign\awareness -IF:\~dev\rawrxd\src\sovereign\validator -IF:\~dev\rawrxd\src\sovereign\recovery -IF:\~dev\rawrxd\src\sovereign\control -IF:\~dev\rawrxd\src\sovereign\capsule -IF:\~dev\rawrxd\src\sovereign\ide -IF:\~dev\rawrxd\3rdparty\quickjs -IF:\~dev\rawrxd\src\reverse_engineering -IF:\~dev\rawrxd\src\reverse_engineering\pe_tools -IF:\~dev\rawrxd\src\deep2 -IF:\~dev\rawrxd\src\inference -IF:\~dev\rawrxd\src\codec -IF:\~dev\rawrxd\src\runtime\governance -IF:\~dev\rawrxd\rguf_source -external:I"C:\Program Files (x86)\Microsoft Visual Studio\2022\BuildTools\VC\Tools\MSVC\14.44.35207\include" -external:I"C:\Program Files (x86)\Windows Kits\10\Include\10.0.26100.0\ucrt" -external:I"C:\Program Files (x86)\Windows Kits\10\Include\10.0.26100.0\shared" -external:I"C:\Program Files (x86)\Windows Kits\10\Include\10.0.26100.0\um" -external:I"C:\Program Files (x86)\Windows Kits\10\Include\10.0.26100.0\winrt" -external:ID:\rawrxd\Ship\webview2\build\native\include -external:IC:\VulkanSDK\1.4.357.0\Include -external:W0 /DWIN32 /D_WINDOWS /EHsc /O2 /Ob2 /DNDEBUG -std:c++latest -MT /GS- /sdl- /EHsc /W0 /arch:AVX2 /Zi /O2 /showIncludes /FoCMakeFiles\RawrXD-Win32IDE.dir\src\core\auto_feature_registry.cpp.obj /Fdbin\RawrXD-Win32IDE.pdb /FS -c F:\~dev\rawrxd\src\core\auto_feature_registry.cpp
F:\~dev\rawrxd\src\core\auto_feature_registry.cpp(1039): error C2664: 'void CommandContext::output(const char *) const': cannot convert argument 1 from 'std::string' to 'const char *'
F:\~dev\rawrxd\src\core\auto_feature_registry.cpp(1039): note: No user-defined-conversion operator available that can perform this conversion, or the operator cannot be called
F:\~dev\rawrxd\src\core\shared_feature_dispatch.h(99): note: see declaration of 'CommandContext::output'
F:\~dev\rawrxd\src\core\auto_feature_registry.cpp(1039): note: while trying to match the argument list '(std::string)'
F:\~dev\rawrxd\src\core\auto_feature_registry.cpp(1070): error C2664: 'void CommandContext::output(const char *) const': cannot convert argument 1 from 'std::string' to 'const char *'
F:\~dev\rawrxd\src\core\auto_feature_registry.cpp(1070): note: No user-defined-conversion operator available that can perform this conversion, or the operator cannot be called
F:\~dev\rawrxd\src\core\shared_feature_dispatch.h(99): note: see declaration of 'CommandContext::output'
F:\~dev\rawrxd\src\core\auto_feature_registry.cpp(1070): note: while trying to match the argument list '(std::string)'
F:\~dev\rawrxd\src\core\auto_feature_registry.cpp(1079): error C2039: 'getStats': is not a member of 'rawrxd::agent::LocalReasoningEngine'
F:\~dev\rawrxd\src\core\../agent/local_reasoning_integration.hpp(70): note: see declaration of 'rawrxd::agent::LocalReasoningEngine'
F:\~dev\rawrxd\src\core\auto_feature_registry.cpp(1087): error C3536: 'stats': cannot be used before it is initialized
F:\~dev\rawrxd\src\core\auto_feature_registry.cpp(1111): error C2039: 'analyze': is not a member of 'rawrxd::agent::LocalReasoningEngine'
F:\~dev\rawrxd\src\core\../agent/local_reasoning_integration.hpp(70): note: see declaration of 'rawrxd::agent::LocalReasoningEngine'
F:\~dev\rawrxd\src\core\auto_feature_registry.cpp(1142): error C2039: 'analyze': is not a member of 'rawrxd::agent::LocalReasoningEngine'
F:\~dev\rawrxd\src\core\../agent/local_reasoning_integration.hpp(70): note: see declaration of 'rawrxd::agent::LocalReasoningEngine'
[52/639] Building CXX object CMakeFiles\RawrXD-Win32IDE.dir\src\core\sdma\sdma_coordinator.cpp.obj
[53/639] Building CXX object CMakeFiles\RawrXD-Win32IDE.dir\src\agent\telemetry_collector.cpp.obj
[54/639] Building CXX object CMakeFiles\RawrXD-Win32IDE.dir\src\core\auto_repair_orchestrator.cpp.obj
[55/639] Building CXX object CMakeFiles\RawrXD-Win32IDE.dir\src\rawrxd_model_loader.cpp.obj
[56/639] Building CXX object CMakeFiles\RawrXD-Win32IDE.dir\src\core\agent_memory_indexer.cpp.obj
[57/639] Building CXX object CMakeFiles\RawrXD-Win32IDE.dir\src\core\ConfigurationValidator.cpp.obj
ninja: build stopped: subcommand failed.
