[1/738] Building CXX object CMakeFiles\RawrXD-Win32IDE.dir\src\full_agentic_ide\AgenticIOCPBridge.cpp.obj
[2/738] Building CXX object CMakeFiles\RawrXD-Win32IDE.dir\src\win32app\Win32IDE_AgentCommands.cpp.obj
[3/738] Building CXX object CMakeFiles\RawrXD-Win32IDE.dir\src\win32app\Win32IDE_AutonomousCommunicator.cpp.obj
[4/738] Building CXX object CMakeFiles\RawrXD-Win32IDE.dir\src\full_agentic_ide\AgenticPlanningOrchestrator.cpp.obj
[5/738] Building CXX object CMakeFiles\RawrXD-Win32IDE.dir\src\win32app\Win32IDE_AgenticComposerUX.cpp.obj
[6/738] Building CXX object CMakeFiles\RawrXD-Win32IDE.dir\src\win32app\Win32IDE_ContextMentionParser.cpp.obj
[7/738] Building CXX object CMakeFiles\RawrXD-Win32IDE.dir\src\win32app\Win32IDE_UnifiedTelemetry.cpp.obj
[8/738] Building CXX object CMakeFiles\RawrXD-Win32IDE.dir\src\win32app\Win32IDE_Autonomy.cpp.obj
[9/738] Building CXX object CMakeFiles\RawrXD-Win32IDE.dir\src\win32app\Win32IDE_PowerShell.cpp.obj
[10/738] Building CXX object CMakeFiles\RawrXD-Win32IDE.dir\src\win32app\Win32IDE_PowerShellPanel.cpp.obj
[11/738] Building CXX object CMakeFiles\RawrXD-Win32IDE.dir\src\win32app\Win32IDE_CommandFlight.cpp.obj
[12/738] Building CXX object CMakeFiles\RawrXD-Win32IDE.dir\src\win32app\Win32IDE_MenuE2eProbe.cpp.obj
[13/738] Building CXX object CMakeFiles\RawrXD-Win32IDE.dir\src\win32app\Win32IDE_GGUFInspector.cpp.obj
[14/738] Building CXX object CMakeFiles\RawrXD-Win32IDE.dir\src\win32app\Win32IDE_DecompilerView.cpp.obj
[15/738] Building CXX object CMakeFiles\RawrXD-Win32IDE.dir\src\win32app\Win32IDE_NativePipeline.cpp.obj
[16/738] Building CXX object CMakeFiles\RawrXD-Win32IDE.dir\src\win32app\Win32IDE_ModelAnatomy.cpp.obj
[17/738] Building CXX object CMakeFiles\RawrXD-Win32IDE.dir\src\sampling\advanced_sampler.cpp.obj
[18/738] Building CXX object CMakeFiles\RawrXD-Win32IDE.dir\src\runtime\RawrRuntime.cpp.obj
[19/738] Building CXX object CMakeFiles\RawrXD-Win32IDE.dir\src\compression\zlib_runtime_loader.cpp.obj
[20/738] Building CXX object CMakeFiles\RawrXD-Win32IDE.dir\src\deep2\Deep2APIServer.cpp.obj
[21/738] Building CXX object CMakeFiles\RawrXD-Win32IDE.dir\src\deep2\production\Deep2ProductionRuntime.cpp.obj
[22/738] Building CXX object CMakeFiles\RawrXD-Win32IDE.dir\src\reverse\ReverseEngine.cpp.obj
[23/738] Building CXX object CMakeFiles\RawrXD-Win32IDE.dir\src\reverse\ReverseModelLoader.cpp.obj
[24/738] Building CXX object CMakeFiles\RawrXD-Win32IDE.dir\src\inference\NegativeSpaceProfiler.cpp.obj
[25/738] Building CXX object CMakeFiles\RawrXD-Win32IDE.dir\src\win32app\Win32IDE_ShellLayout.cpp.obj
[26/738] Building CXX object CMakeFiles\RawrXD-Win32IDE.dir\Ship\RawrXD_AutonomousAgenticPipeline.cpp.obj
[27/738] Building CXX object CMakeFiles\RawrXD-Win32IDE.dir\Ship\RawrXD_AgentCoordinator.cpp.obj
[28/738] Building CXX object CMakeFiles\RawrXD-Win32IDE.dir\src\win32app\Win32IDE_FileOps.cpp.obj
FAILED: [code=2] CMakeFiles/RawrXD-Win32IDE.dir/src/win32app/Win32IDE_FileOps.cpp.obj 
"C:\Program Files (x86)\Microsoft Visual Studio\2022\BuildTools\VC\Tools\MSVC\14.44.35207\bin\Hostx64\x64\cl.exe"  /nologo /TP -DHAS_BRUTAL_GZIP_MASM=1 -DNOMINMAX -DRAWRXD_DISABLE_DUPLICATE_SHIMS=1 -DRAWRXD_HAS_ASM_PYRE=1 -DRAWRXD_HAS_MW_KERNEL=1 -DRAWRXD_HAS_PROMPT_ENGINE=1 -DRAWRXD_HAS_SOVEREIGN_GPU_ASM=0 -DRAWRXD_INFRA_AVAILABLE=0 -DRAWRXD_LINK_ADVANCED_DEOBFUSCATOR_ASM=1 -DRAWRXD_LINK_ANALYZER_DISTILLER_ASM=0 -DRAWRXD_LINK_CODEBASE_AUDIT_SYSTEM_ASM=0 -DRAWRXD_LINK_DUAL_ENGINE_QUANTUM_BEACON_ASM=0 -DRAWRXD_LINK_INFERENCE_KERNELS_ASM=1 -DRAWRXD_LINK_PATTERN_RECONSTRUCTOR_ASM=1 -DRAWRXD_LINK_PROMETHEUS_EXPORTER_ASM=1 -DRAWRXD_LINK_QUADBUFFER_ASM=1 -DRAWRXD_LINK_REVERSE_ENGINEERED_ASM=1 -DRAWRXD_LINK_SELFPATCH_AGENT_ASM=1 -DRAWRXD_LINK_SOURCEEDIT_KERNEL_ASM=1 -DRAWRXD_LINK_STREAMING_ORCHESTRATOR_ASM=0 -DRAWRXD_LINK_TELEMETRY_KERNEL_ASM=1 -DRAWRXD_LINK_UNIFIED_OVERCLOCK_GOVERNOR_ASM=0 -DRAWRXD_LINK_VISION_PROJECTION_ASM=0 -DRAWRXD_MASM_GLOBALS_LINKED=1 -DRAWRXD_PRODUCTION_STRIP_STUB_SOURCES=0 -DRAWRXD_STRICT_PRODUCTION_PROFILE=0 -DRAWRXD_USE_DEDICATED_CODELENS=1 -DRAWRXD_USE_DEDICATED_HOVER=1 -DRAWRXD_USE_DEDICATED_INLAY=1 -DRAWRXD_USE_DEDICATED_MINIMAP=1 -DRAWR_ATOMIC_ACTIVATION_ENABLED=1 -DRAWR_CAPABILITY_TOKENS_ENABLED=1 -DRAWR_ENABLE_VULKAN=1 -DRAWR_HAS_MASM=1 -DRAWR_HAS_MODEL_ANATOMY=1 -DRAWR_HAS_QUICKJS=1 -DRAWR_HAS_RAWR_INFERENCE=0 -DRAWR_HAS_SOVEREIGN_ENGINES=0 -DRAWR_HAS_VULKAN=1 -DRAWR_HOTPATCH_JOURNAL_ENABLED=1 -DRAWR_INTENT_EMERGENCY_BYPASS=0 -DRAWR_INTENT_GUARD_ENABLED=1 -DRAWR_INTENT_VALIDATION_ENABLED=1 -DRAWR_MODEL_ADAPTER_ENABLED=1 -DRAWR_PATCH_FIREWALL_ENABLED=1 -DRAWR_PATCH_TRANSACTION_ENABLED=1 -DRAWR_QUICKJS_STUB=0 -DRAWR_REFLECTOR_AGENT_ENABLED=1 -DRAWR_ROLLBACK_FIRST_CLASS_ENABLED=1 -DUNICODE -DVULKAN_HPP_DISPATCH_LOADER_DYNAMIC=1 -DWIN32_LEAN_AND_MEAN -D_CRT_SECURE_NO_WARNINGS -D_UNICODE -IF:\~dev\rawrxd\include -IF:\~dev\rawrxd\Ship -IF:\~dev\rawrxd\src\masm -IF:\~dev\rawrxd\src\sovereign_autonomy -IF:\~dev\rawrxd\src\runtime -IF:\~dev\rawrxd\src\compiler_backend -IF:\~dev\rawrxd\src\sovereign\puppeteer -IC:\VulkanSDK\1.4.357.0\include -IF:\~dev\rawrxd\src -IF:\~dev\rawrxd\src\engine -IF:\~dev\rawrxd\src\core -IF:\~dev\rawrxd\src\server -IF:\~dev\rawrxd\src\agent -IF:\~dev\rawrxd\src\agentic -IF:\~dev\rawrxd\src\cli -IF:\~dev\rawrxd\src\win32app -IF:\~dev\rawrxd\src\modules -IF:\~dev\rawrxd\src\utils -IF:\~dev\rawrxd\src\config -IF:\~dev\rawrxd\src\asm -IF:\~dev\rawrxd\src\lsp -IF:\~dev\rawrxd\src\plugin_system -IF:\~dev\rawrxd\src\ide -IF:\~dev\rawrxd\src\llm_adapter -IF:\~dev\rawrxd\src\auth -IF:\~dev\rawrxd\src\context -IF:\~dev\rawrxd\src\multimodal_engine -IF:\~dev\rawrxd\src\telemetry -IF:\~dev\rawrxd\src\ui -IF:\~dev\rawrxd\src\git -IF:\~dev\rawrxd\src\sovereign -IF:\~dev\rawrxd\src\sovereign\spine -IF:\~dev\rawrxd\src\sovereign\terminal -IF:\~dev\rawrxd\src\sovereign\build -IF:\~dev\rawrxd\src\sovereign\agent -IF:\~dev\rawrxd\src\sovereign\bus -IF:\~dev\rawrxd\src\sovereign\compression -IF:\~dev\rawrxd\src\sovereign\awareness -IF:\~dev\rawrxd\src\sovereign\validator -IF:\~dev\rawrxd\src\sovereign\recovery -IF:\~dev\rawrxd\src\sovereign\control -IF:\~dev\rawrxd\src\sovereign\capsule -IF:\~dev\rawrxd\src\sovereign\ide -IF:\~dev\rawrxd\3rdparty\quickjs -IF:\~dev\rawrxd\src\reverse_engineering -IF:\~dev\rawrxd\src\reverse_engineering\pe_tools -IF:\~dev\rawrxd\src\deep2 -IF:\~dev\rawrxd\src\inference -IF:\~dev\rawrxd\src\codec -IF:\~dev\rawrxd\src\runtime\governance -IF:\~dev\rawrxd\rguf_source -external:I"C:\Program Files (x86)\Microsoft Visual Studio\2022\BuildTools\VC\Tools\MSVC\14.44.35207\include" -external:I"C:\Program Files (x86)\Windows Kits\10\Include\10.0.26100.0\ucrt" -external:I"C:\Program Files (x86)\Windows Kits\10\Include\10.0.26100.0\shared" -external:I"C:\Program Files (x86)\Windows Kits\10\Include\10.0.26100.0\um" -external:I"C:\Program Files (x86)\Windows Kits\10\Include\10.0.26100.0\winrt" -external:ID:\rawrxd\Ship\webview2\build\native\include -external:IC:\VulkanSDK\1.4.357.0\Include -external:W0 /DWIN32 /D_WINDOWS /EHsc /O2 /Ob2 /DNDEBUG -std:c++latest -MT /GS- /sdl- /EHsc /W0 /arch:AVX2 /Zi /O2 /showIncludes /FoCMakeFiles\RawrXD-Win32IDE.dir\src\win32app\Win32IDE_FileOps.cpp.obj /Fdbin\RawrXD-Win32IDE.pdb /FS -c F:\~dev\rawrxd\src\win32app\Win32IDE_FileOps.cpp
F:\~dev\rawrxd\src\win32app\Win32IDE_FileOps.cpp(12): error C2065: 'OPENFILENAMEA': undeclared identifier
F:\~dev\rawrxd\src\win32app\Win32IDE_FileOps.cpp(12): error C2146: syntax error: missing ';' before identifier 'ofn'
F:\~dev\rawrxd\src\win32app\Win32IDE_FileOps.cpp(12): error C2065: 'ofn': undeclared identifier
F:\~dev\rawrxd\src\win32app\Win32IDE_FileOps.cpp(12): error C3079: an initializer list cannot be used as the right operand of this assignment operator
F:\~dev\rawrxd\src\win32app\Win32IDE_FileOps.cpp(13): error C2065: 'ofn': undeclared identifier
F:\~dev\rawrxd\src\win32app\Win32IDE_FileOps.cpp(13): error C2065: 'ofn': undeclared identifier
F:\~dev\rawrxd\src\win32app\Win32IDE_FileOps.cpp(14): error C2065: 'ofn': undeclared identifier
F:\~dev\rawrxd\src\win32app\Win32IDE_FileOps.cpp(15): error C2065: 'ofn': undeclared identifier
F:\~dev\rawrxd\src\win32app\Win32IDE_FileOps.cpp(16): error C2065: 'ofn': undeclared identifier
F:\~dev\rawrxd\src\win32app\Win32IDE_FileOps.cpp(17): error C2065: 'ofn': undeclared identifier
F:\~dev\rawrxd\src\win32app\Win32IDE_FileOps.cpp(18): error C2065: 'ofn': undeclared identifier
F:\~dev\rawrxd\src\win32app\Win32IDE_FileOps.cpp(18): error C2065: 'OFN_FILEMUSTEXIST': undeclared identifier
F:\~dev\rawrxd\src\win32app\Win32IDE_FileOps.cpp(18): error C2065: 'OFN_PATHMUSTEXIST': undeclared identifier
F:\~dev\rawrxd\src\win32app\Win32IDE_FileOps.cpp(19): error C2065: 'ofn': undeclared identifier
F:\~dev\rawrxd\src\win32app\Win32IDE_FileOps.cpp(19): error C3861: 'GetOpenFileNameA': identifier not found
F:\~dev\rawrxd\src\win32app\Win32IDE_FileOps.cpp(26): error C2065: 'OPENFILENAMEA': undeclared identifier
F:\~dev\rawrxd\src\win32app\Win32IDE_FileOps.cpp(26): error C2146: syntax error: missing ';' before identifier 'ofn'
F:\~dev\rawrxd\src\win32app\Win32IDE_FileOps.cpp(26): error C2065: 'ofn': undeclared identifier
F:\~dev\rawrxd\src\win32app\Win32IDE_FileOps.cpp(26): error C3079: an initializer list cannot be used as the right operand of this assignment operator
F:\~dev\rawrxd\src\win32app\Win32IDE_FileOps.cpp(27): error C2065: 'ofn': undeclared identifier
F:\~dev\rawrxd\src\win32app\Win32IDE_FileOps.cpp(27): error C2065: 'ofn': undeclared identifier
F:\~dev\rawrxd\src\win32app\Win32IDE_FileOps.cpp(28): error C2065: 'ofn': undeclared identifier
F:\~dev\rawrxd\src\win32app\Win32IDE_FileOps.cpp(29): error C2065: 'ofn': undeclared identifier
F:\~dev\rawrxd\src\win32app\Win32IDE_FileOps.cpp(30): error C2065: 'ofn': undeclared identifier
F:\~dev\rawrxd\src\win32app\Win32IDE_FileOps.cpp(31): error C2065: 'ofn': undeclared identifier
F:\~dev\rawrxd\src\win32app\Win32IDE_FileOps.cpp(32): error C2065: 'ofn': undeclared identifier
F:\~dev\rawrxd\src\win32app\Win32IDE_FileOps.cpp(32): error C2065: 'OFN_OVERWRITEPROMPT': undeclared identifier
F:\~dev\rawrxd\src\win32app\Win32IDE_FileOps.cpp(33): error C2065: 'ofn': undeclared identifier
F:\~dev\rawrxd\src\win32app\Win32IDE_FileOps.cpp(33): error C3861: 'GetSaveFileNameA': identifier not found
[29/738] Building CXX object CMakeFiles\RawrXD-Win32IDE.dir\src\win32app\Win32IDE_FeatureManifest.cpp.obj
[30/738] Building CXX object CMakeFiles\RawrXD-Win32IDE.dir\src\win32app\Win32IDE_TabManager.cpp.obj
[31/738] Building CXX object CMakeFiles\RawrXD-Win32IDE.dir\src\win32app\Win32IDE_Settings.cpp.obj
[32/738] Building CXX object CMakeFiles\RawrXD-Win32IDE.dir\src\win32app\Win32IDE_Session.cpp.obj
[33/738] Building CXX object CMakeFiles\RawrXD-Win32IDE.dir\src\core\unlinked_symbols_batch_022.cpp.obj
[34/738] Building CXX object CMakeFiles\RawrXD-Win32IDE.dir\src\win32app\CICDSettings.cpp.obj
[35/738] Building CXX object CMakeFiles\RawrXD-Win32IDE.dir\src\core\auto_feature_registry.cpp.obj
FAILED: [code=2] CMakeFiles/RawrXD-Win32IDE.dir/src/core/auto_feature_registry.cpp.obj 
"C:\Program Files (x86)\Microsoft Visual Studio\2022\BuildTools\VC\Tools\MSVC\14.44.35207\bin\Hostx64\x64\cl.exe"  /nologo /TP -DHAS_BRUTAL_GZIP_MASM=1 -DNOMINMAX -DRAWRXD_DISABLE_DUPLICATE_SHIMS=1 -DRAWRXD_HAS_ASM_PYRE=1 -DRAWRXD_HAS_MW_KERNEL=1 -DRAWRXD_HAS_PROMPT_ENGINE=1 -DRAWRXD_HAS_SOVEREIGN_GPU_ASM=0 -DRAWRXD_INFRA_AVAILABLE=0 -DRAWRXD_LINK_ADVANCED_DEOBFUSCATOR_ASM=1 -DRAWRXD_LINK_ANALYZER_DISTILLER_ASM=0 -DRAWRXD_LINK_CODEBASE_AUDIT_SYSTEM_ASM=0 -DRAWRXD_LINK_DUAL_ENGINE_QUANTUM_BEACON_ASM=0 -DRAWRXD_LINK_INFERENCE_KERNELS_ASM=1 -DRAWRXD_LINK_PATTERN_RECONSTRUCTOR_ASM=1 -DRAWRXD_LINK_PROMETHEUS_EXPORTER_ASM=1 -DRAWRXD_LINK_QUADBUFFER_ASM=1 -DRAWRXD_LINK_REVERSE_ENGINEERED_ASM=1 -DRAWRXD_LINK_SELFPATCH_AGENT_ASM=1 -DRAWRXD_LINK_SOURCEEDIT_KERNEL_ASM=1 -DRAWRXD_LINK_STREAMING_ORCHESTRATOR_ASM=0 -DRAWRXD_LINK_TELEMETRY_KERNEL_ASM=1 -DRAWRXD_LINK_UNIFIED_OVERCLOCK_GOVERNOR_ASM=0 -DRAWRXD_LINK_VISION_PROJECTION_ASM=0 -DRAWRXD_MASM_GLOBALS_LINKED=1 -DRAWRXD_PRODUCTION_STRIP_STUB_SOURCES=0 -DRAWRXD_STRICT_PRODUCTION_PROFILE=0 -DRAWRXD_USE_DEDICATED_CODELENS=1 -DRAWRXD_USE_DEDICATED_HOVER=1 -DRAWRXD_USE_DEDICATED_INLAY=1 -DRAWRXD_USE_DEDICATED_MINIMAP=1 -DRAWR_ATOMIC_ACTIVATION_ENABLED=1 -DRAWR_CAPABILITY_TOKENS_ENABLED=1 -DRAWR_ENABLE_VULKAN=1 -DRAWR_HAS_MASM=1 -DRAWR_HAS_MODEL_ANATOMY=1 -DRAWR_HAS_QUICKJS=1 -DRAWR_HAS_RAWR_INFERENCE=0 -DRAWR_HAS_SOVEREIGN_ENGINES=0 -DRAWR_HAS_VULKAN=1 -DRAWR_HOTPATCH_JOURNAL_ENABLED=1 -DRAWR_INTENT_EMERGENCY_BYPASS=0 -DRAWR_INTENT_GUARD_ENABLED=1 -DRAWR_INTENT_VALIDATION_ENABLED=1 -DRAWR_MODEL_ADAPTER_ENABLED=1 -DRAWR_PATCH_FIREWALL_ENABLED=1 -DRAWR_PATCH_TRANSACTION_ENABLED=1 -DRAWR_QUICKJS_STUB=0 -DRAWR_REFLECTOR_AGENT_ENABLED=1 -DRAWR_ROLLBACK_FIRST_CLASS_ENABLED=1 -DUNICODE -DVULKAN_HPP_DISPATCH_LOADER_DYNAMIC=1 -DWIN32_LEAN_AND_MEAN -D_CRT_SECURE_NO_WARNINGS -D_UNICODE -IF:\~dev\rawrxd\include -IF:\~dev\rawrxd\Ship -IF:\~dev\rawrxd\src\masm -IF:\~dev\rawrxd\src\sovereign_autonomy -IF:\~dev\rawrxd\src\runtime -IF:\~dev\rawrxd\src\compiler_backend -IF:\~dev\rawrxd\src\sovereign\puppeteer -IC:\VulkanSDK\1.4.357.0\include -IF:\~dev\rawrxd\src -IF:\~dev\rawrxd\src\engine -IF:\~dev\rawrxd\src\core -IF:\~dev\rawrxd\src\server -IF:\~dev\rawrxd\src\agent -IF:\~dev\rawrxd\src\agentic -IF:\~dev\rawrxd\src\cli -IF:\~dev\rawrxd\src\win32app -IF:\~dev\rawrxd\src\modules -IF:\~dev\rawrxd\src\utils -IF:\~dev\rawrxd\src\config -IF:\~dev\rawrxd\src\asm -IF:\~dev\rawrxd\src\lsp -IF:\~dev\rawrxd\src\plugin_system -IF:\~dev\rawrxd\src\ide -IF:\~dev\rawrxd\src\llm_adapter -IF:\~dev\rawrxd\src\auth -IF:\~dev\rawrxd\src\context -IF:\~dev\rawrxd\src\multimodal_engine -IF:\~dev\rawrxd\src\telemetry -IF:\~dev\rawrxd\src\ui -IF:\~dev\rawrxd\src\git -IF:\~dev\rawrxd\src\sovereign -IF:\~dev\rawrxd\src\sovereign\spine -IF:\~dev\rawrxd\src\sovereign\terminal -IF:\~dev\rawrxd\src\sovereign\build -IF:\~dev\rawrxd\src\sovereign\agent -IF:\~dev\rawrxd\src\sovereign\bus -IF:\~dev\rawrxd\src\sovereign\compression -IF:\~dev\rawrxd\src\sovereign\awareness -IF:\~dev\rawrxd\src\sovereign\validator -IF:\~dev\rawrxd\src\sovereign\recovery -IF:\~dev\rawrxd\src\sovereign\control -IF:\~dev\rawrxd\src\sovereign\capsule -IF:\~dev\rawrxd\src\sovereign\ide -IF:\~dev\rawrxd\3rdparty\quickjs -IF:\~dev\rawrxd\src\reverse_engineering -IF:\~dev\rawrxd\src\reverse_engineering\pe_tools -IF:\~dev\rawrxd\src\deep2 -IF:\~dev\rawrxd\src\inference -IF:\~dev\rawrxd\src\codec -IF:\~dev\rawrxd\src\runtime\governance -IF:\~dev\rawrxd\rguf_source -external:I"C:\Program Files (x86)\Microsoft Visual Studio\2022\BuildTools\VC\Tools\MSVC\14.44.35207\include" -external:I"C:\Program Files (x86)\Windows Kits\10\Include\10.0.26100.0\ucrt" -external:I"C:\Program Files (x86)\Windows Kits\10\Include\10.0.26100.0\shared" -external:I"C:\Program Files (x86)\Windows Kits\10\Include\10.0.26100.0\um" -external:I"C:\Program Files (x86)\Windows Kits\10\Include\10.0.26100.0\winrt" -external:ID:\rawrxd\Ship\webview2\build\native\include -external:IC:\VulkanSDK\1.4.357.0\Include -external:W0 /DWIN32 /D_WINDOWS /EHsc /O2 /Ob2 /DNDEBUG -std:c++latest -MT /GS- /sdl- /EHsc /W0 /arch:AVX2 /Zi /O2 /showIncludes /FoCMakeFiles\RawrXD-Win32IDE.dir\src\core\auto_feature_registry.cpp.obj /Fdbin\RawrXD-Win32IDE.pdb /FS -c F:\~dev\rawrxd\src\core\auto_feature_registry.cpp
F:\~dev\rawrxd\src\core\auto_feature_registry.cpp(145): error C2440: 'return': cannot convert from 'rawrxd::agent::LocalReasoningEngine' to 'LocalReasoningEngine &'
ninja: build stopped: subcommand failed.
