[1/705] Building CXX object CMakeFiles\RawrXD-Win32IDE.dir\src\ide\Deep2Bridge.cpp.obj
[2/705] Building CXX object CMakeFiles\RawrXD-Win32IDE.dir\src\ide\FindReplaceDialog.cpp.obj
[3/705] Building CXX object CMakeFiles\RawrXD-Win32IDE.dir\src\ai_completion_real.cpp.obj
[4/705] Building CXX object CMakeFiles\RawrXD-Win32IDE.dir\src\ide\ANSIColorParser.cpp.obj
[5/705] Building CXX object CMakeFiles\RawrXD-Win32IDE.dir\src\ide\SovereignSharedMemoryBridge.cpp.obj
[6/705] Building CXX object CMakeFiles\RawrXD-Win32IDE.dir\src\ide\GitCommitDialog.cpp.obj
[7/705] Building CXX object CMakeFiles\RawrXD-Win32IDE.dir\src\ide\GitDiffViewer.cpp.obj
[8/705] Building CXX object CMakeFiles\RawrXD-Win32IDE.dir\src\win32app\Win32IDE_OutlinePanel.cpp.obj
[9/705] Building CXX object CMakeFiles\RawrXD-Win32IDE.dir\src\win32app\Win32IDE_RenamePreview.cpp.obj
[10/705] Building CXX object CMakeFiles\RawrXD-Win32IDE.dir\src\win32app\Win32IDE_Tier2Cosmetics.cpp.obj
[11/705] Building CXX object CMakeFiles\RawrXD-Win32IDE.dir\src\win32app\Win32IDE_Tier1Cosmetics.cpp.obj
[12/705] Building CXX object CMakeFiles\RawrXD-Win32IDE.dir\src\win32app\Win32IDE_Breadcrumbs.cpp.obj
[13/705] Building CXX object CMakeFiles\RawrXD-Win32IDE.dir\src\win32app\Win32IDE_PlanExecutor.cpp.obj
[14/705] Building CXX object CMakeFiles\RawrXD-Win32IDE.dir\src\agentic\agentic_planning_orchestrator.cpp.obj
[15/705] Building CXX object CMakeFiles\RawrXD-Win32IDE.dir\src\agentic\failure_intelligence_orchestrator.cpp.obj
[16/705] Building CXX object CMakeFiles\RawrXD-Win32IDE.dir\src\agentic\agentic_orchestrator_integration.cpp.obj
[17/705] Building CXX object CMakeFiles\RawrXD-Win32IDE.dir\src\agentic\agentic_audit_sink.cpp.obj
[18/705] Building CXX object CMakeFiles\RawrXD-Win32IDE.dir\src\agentic\change_impact_analyzer.cpp.obj
[19/705] Building CXX object CMakeFiles\RawrXD-Win32IDE.dir\src\win32app\Win32IDE_AgenticPlanningPanel.cpp.obj
[20/705] Building CXX object CMakeFiles\RawrXD-Win32IDE.dir\src\win32app\Win32IDE_FailureDetector.cpp.obj
[21/705] Building CXX object CMakeFiles\RawrXD-Win32IDE.dir\src\win32app\Win32IDE_FailureIntelligence.cpp.obj
[22/705] Building CXX object CMakeFiles\RawrXD-Win32IDE.dir\src\win32app\Win32IDE_LocalServer.cpp.obj
[23/705] Building CXX object CMakeFiles\RawrXD-Win32IDE.dir\src\win32app\Win32IDE_BackendSwitcher.cpp.obj
[24/705] Building CXX object CMakeFiles\RawrXD-Win32IDE.dir\src\security\ProviderKeyStore.cpp.obj
[25/705] Building CXX object CMakeFiles\RawrXD-Win32IDE.dir\src\security\ProviderKeyStore_get.cpp.obj
[26/705] Building CXX object CMakeFiles\RawrXD-Win32IDE.dir\src\security\ProviderKeyStore_misc.cpp.obj
[27/705] Building CXX object CMakeFiles\RawrXD-Win32IDE.dir\src\win32app\Win32IDE_AIBackend.cpp.obj
[28/705] Building CXX object CMakeFiles\RawrXD-Win32IDE.dir\src\win32app\Win32IDE_LLMRouter.cpp.obj
[29/705] Building CXX object CMakeFiles\RawrXD-Win32IDE.dir\src\win32app\Win32IDE_PeekOverlay.cpp.obj
[30/705] Building CXX object CMakeFiles\RawrXD-Win32IDE.dir\src\win32app\Win32IDE_CaretAnimation.cpp.obj
[31/705] Building CXX object CMakeFiles\RawrXD-Win32IDE.dir\src\win32app\Win32IDE_ModelDiscovery.cpp.obj
[32/705] Building CXX object CMakeFiles\RawrXD-Win32IDE.dir\src\win32app\Win32IDE_SwarmModelSelector.cpp.obj
[33/705] Building CXX object CMakeFiles\RawrXD-Win32IDE.dir\src\win32app\Win32IDE_AsmSemantic.cpp.obj
[34/705] Building CXX object CMakeFiles\RawrXD-Win32IDE.dir\src\win32app\Win32IDE_MultiResponse.cpp.obj
[35/705] Building CXX object CMakeFiles\RawrXD-Win32IDE.dir\src\win32app\Win32IDE_ExecutionGovernor.cpp.obj
[36/705] Building CXX object CMakeFiles\RawrXD-Win32IDE.dir\src\win32app\Win32IDE_LayerEviction.cpp.obj
[37/705] Building CXX object CMakeFiles\RawrXD-Win32IDE.dir\src\win32app\Win32IDE_SubAgent.cpp.obj
[38/705] Building CXX object CMakeFiles\RawrXD-Win32IDE.dir\src\win32app\Win32IDE_AgentHistory.cpp.obj
[39/705] Building CXX object CMakeFiles\RawrXD-Win32IDE.dir\src\win32app\Win32IDE_DiskRecovery.cpp.obj
[40/705] Building CXX object CMakeFiles\RawrXD-Win32IDE.dir\src\win32app\Win32TerminalManager.cpp.obj
[41/705] Building CXX object CMakeFiles\RawrXD-Win32IDE.dir\src\win32app\TransparentRenderer.cpp.obj
[42/705] Building CXX object CMakeFiles\RawrXD-Win32IDE.dir\src\plugin_system\win32_plugin_loader.cpp.obj
[43/705] Building CXX object CMakeFiles\RawrXD-Win32IDE.dir\src\win32app\Win32IDE_Plugins.cpp.obj
[44/705] Building CXX object CMakeFiles\RawrXD-Win32IDE.dir\src\win32app\Win32IDE_HandleExtensionCommand.cpp.obj
[45/705] Building CXX object CMakeFiles\RawrXD-Win32IDE.dir\src\config\IDEConfig.cpp.obj
[46/705] Building CXX object CMakeFiles\RawrXD-Win32IDE.dir\src\llm_adapter\QuantBackend.cpp.obj
[47/705] Building CXX object CMakeFiles\RawrXD-Win32IDE.dir\src\llm_adapter\GGUFRunner.cpp.obj
[48/705] Building CXX object CMakeFiles\RawrXD-Win32IDE.dir\src\llm_adapter\gguf_k_quants.cpp.obj
[49/705] Building CXX object CMakeFiles\RawrXD-Win32IDE.dir\src\auth\QuantumAuthUI.cpp.obj
[50/705] Building CXX object CMakeFiles\RawrXD-Win32IDE.dir\src\agentic_engine.cpp.obj
[51/705] Building CXX object CMakeFiles\RawrXD-Win32IDE.dir\src\backend\vulkan_compute.cpp.obj
[52/705] Building CXX object CMakeFiles\RawrXD-Win32IDE.dir\src\kernels\rdna3\RDNA3_GpuDispatcher.cpp.obj
[53/705] Building CXX object CMakeFiles\RawrXD-Win32IDE.dir\src\agentic\AgentToolHandlers.cpp.obj
[54/705] Building CXX object CMakeFiles\RawrXD-Win32IDE.dir\src\agentic\OllamaProvider.cpp.obj
[55/705] Building CXX object CMakeFiles\RawrXD-Win32IDE.dir\src\agentic\DiffEngine.cpp.obj
[56/705] Building CXX object CMakeFiles\RawrXD-Win32IDE.dir\src\agentic\DeterministicReplayEngine.cpp.obj
[57/705] Building CXX object CMakeFiles\RawrXD-Win32IDE.dir\src\agentic\autonomous_recovery_orchestrator.cpp.obj
[58/705] Building CXX object CMakeFiles\RawrXD-Win32IDE.dir\src\agentic\AgenticDeepThinkingEngine.cpp.obj
[59/705] Building CXX object CMakeFiles\RawrXD-Win32IDE.dir\src\agentic\BoundedAgentLoop.cpp.obj
[60/705] Building CXX object CMakeFiles\RawrXD-Win32IDE.dir\src\agentic\OrchestratorBridge.cpp.obj
[61/705] Building CXX object CMakeFiles\RawrXD-Win32IDE.dir\src\win32app\Win32IDE_LSP_AI_Bridge.cpp.obj
FAILED: [code=2] CMakeFiles/RawrXD-Win32IDE.dir/src/win32app/Win32IDE_LSP_AI_Bridge.cpp.obj 
"C:\Program Files (x86)\Microsoft Visual Studio\2022\BuildTools\VC\Tools\MSVC\14.44.35207\bin\Hostx64\x64\cl.exe"  /nologo /TP -DHAS_BRUTAL_GZIP_MASM=1 -DNOMINMAX -DRAWRXD_DISABLE_DUPLICATE_SHIMS=1 -DRAWRXD_HAS_ASM_PYRE=1 -DRAWRXD_HAS_MW_KERNEL=1 -DRAWRXD_HAS_PROMPT_ENGINE=1 -DRAWRXD_HAS_SOVEREIGN_GPU_ASM=0 -DRAWRXD_INFRA_AVAILABLE=0 -DRAWRXD_LINK_ADVANCED_DEOBFUSCATOR_ASM=1 -DRAWRXD_LINK_ANALYZER_DISTILLER_ASM=0 -DRAWRXD_LINK_CODEBASE_AUDIT_SYSTEM_ASM=0 -DRAWRXD_LINK_DUAL_ENGINE_QUANTUM_BEACON_ASM=0 -DRAWRXD_LINK_INFERENCE_KERNELS_ASM=1 -DRAWRXD_LINK_PATTERN_RECONSTRUCTOR_ASM=1 -DRAWRXD_LINK_PROMETHEUS_EXPORTER_ASM=1 -DRAWRXD_LINK_QUADBUFFER_ASM=1 -DRAWRXD_LINK_REVERSE_ENGINEERED_ASM=1 -DRAWRXD_LINK_SELFPATCH_AGENT_ASM=1 -DRAWRXD_LINK_SOURCEEDIT_KERNEL_ASM=1 -DRAWRXD_LINK_STREAMING_ORCHESTRATOR_ASM=0 -DRAWRXD_LINK_TELEMETRY_KERNEL_ASM=1 -DRAWRXD_LINK_UNIFIED_OVERCLOCK_GOVERNOR_ASM=0 -DRAWRXD_LINK_VISION_PROJECTION_ASM=0 -DRAWRXD_MASM_GLOBALS_LINKED=1 -DRAWRXD_PRODUCTION_STRIP_STUB_SOURCES=0 -DRAWRXD_STRICT_PRODUCTION_PROFILE=0 -DRAWRXD_USE_DEDICATED_CODELENS=1 -DRAWRXD_USE_DEDICATED_HOVER=1 -DRAWRXD_USE_DEDICATED_INLAY=1 -DRAWRXD_USE_DEDICATED_MINIMAP=1 -DRAWR_ATOMIC_ACTIVATION_ENABLED=1 -DRAWR_CAPABILITY_TOKENS_ENABLED=1 -DRAWR_ENABLE_VULKAN=1 -DRAWR_HAS_MASM=1 -DRAWR_HAS_MODEL_ANATOMY=1 -DRAWR_HAS_QUICKJS=1 -DRAWR_HAS_RAWR_INFERENCE=0 -DRAWR_HAS_SOVEREIGN_ENGINES=0 -DRAWR_HAS_VULKAN=1 -DRAWR_HOTPATCH_JOURNAL_ENABLED=1 -DRAWR_INTENT_EMERGENCY_BYPASS=0 -DRAWR_INTENT_GUARD_ENABLED=1 -DRAWR_INTENT_VALIDATION_ENABLED=1 -DRAWR_MODEL_ADAPTER_ENABLED=1 -DRAWR_PATCH_FIREWALL_ENABLED=1 -DRAWR_PATCH_TRANSACTION_ENABLED=1 -DRAWR_QUICKJS_STUB=0 -DRAWR_REFLECTOR_AGENT_ENABLED=1 -DRAWR_ROLLBACK_FIRST_CLASS_ENABLED=1 -DUNICODE -DVULKAN_HPP_DISPATCH_LOADER_DYNAMIC=1 -DWIN32_LEAN_AND_MEAN -D_CRT_SECURE_NO_WARNINGS -D_UNICODE -IF:\~dev\rawrxd\include -IF:\~dev\rawrxd\Ship -IF:\~dev\rawrxd\src\masm -IF:\~dev\rawrxd\src\sovereign_autonomy -IF:\~dev\rawrxd\src\runtime -IF:\~dev\rawrxd\src\compiler_backend -IF:\~dev\rawrxd\src\sovereign\puppeteer -IC:\VulkanSDK\1.4.357.0\include -IF:\~dev\rawrxd\src -IF:\~dev\rawrxd\src\engine -IF:\~dev\rawrxd\src\core -IF:\~dev\rawrxd\src\server -IF:\~dev\rawrxd\src\agent -IF:\~dev\rawrxd\src\agentic -IF:\~dev\rawrxd\src\cli -IF:\~dev\rawrxd\src\win32app -IF:\~dev\rawrxd\src\modules -IF:\~dev\rawrxd\src\utils -IF:\~dev\rawrxd\src\config -IF:\~dev\rawrxd\src\asm -IF:\~dev\rawrxd\src\lsp -IF:\~dev\rawrxd\src\plugin_system -IF:\~dev\rawrxd\src\ide -IF:\~dev\rawrxd\src\llm_adapter -IF:\~dev\rawrxd\src\auth -IF:\~dev\rawrxd\src\context -IF:\~dev\rawrxd\src\multimodal_engine -IF:\~dev\rawrxd\src\telemetry -IF:\~dev\rawrxd\src\ui -IF:\~dev\rawrxd\src\git -IF:\~dev\rawrxd\src\sovereign -IF:\~dev\rawrxd\src\sovereign\spine -IF:\~dev\rawrxd\src\sovereign\terminal -IF:\~dev\rawrxd\src\sovereign\build -IF:\~dev\rawrxd\src\sovereign\agent -IF:\~dev\rawrxd\src\sovereign\bus -IF:\~dev\rawrxd\src\sovereign\compression -IF:\~dev\rawrxd\src\sovereign\awareness -IF:\~dev\rawrxd\src\sovereign\validator -IF:\~dev\rawrxd\src\sovereign\recovery -IF:\~dev\rawrxd\src\sovereign\control -IF:\~dev\rawrxd\src\sovereign\capsule -IF:\~dev\rawrxd\src\sovereign\ide -IF:\~dev\rawrxd\3rdparty\quickjs -IF:\~dev\rawrxd\src\reverse_engineering -IF:\~dev\rawrxd\src\reverse_engineering\pe_tools -IF:\~dev\rawrxd\src\deep2 -IF:\~dev\rawrxd\src\inference -IF:\~dev\rawrxd\src\codec -IF:\~dev\rawrxd\src\runtime\governance -IF:\~dev\rawrxd\rguf_source -external:I"C:\Program Files (x86)\Microsoft Visual Studio\2022\BuildTools\VC\Tools\MSVC\14.44.35207\include" -external:I"C:\Program Files (x86)\Windows Kits\10\Include\10.0.26100.0\ucrt" -external:I"C:\Program Files (x86)\Windows Kits\10\Include\10.0.26100.0\shared" -external:I"C:\Program Files (x86)\Windows Kits\10\Include\10.0.26100.0\um" -external:I"C:\Program Files (x86)\Windows Kits\10\Include\10.0.26100.0\winrt" -external:ID:\rawrxd\Ship\webview2\build\native\include -external:IC:\VulkanSDK\1.4.357.0\Include -external:W0 /DWIN32 /D_WINDOWS /EHsc /O2 /Ob2 /DNDEBUG -std:c++latest -MT /GS- /sdl- /EHsc /W0 /arch:AVX2 /Zi /O2 /showIncludes /FoCMakeFiles\RawrXD-Win32IDE.dir\src\win32app\Win32IDE_LSP_AI_Bridge.cpp.obj /Fdbin\RawrXD-Win32IDE.pdb /FS -c F:\~dev\rawrxd\src\win32app\Win32IDE_LSP_AI_Bridge.cpp
F:\~dev\rawrxd\src\win32app\Win32IDE_LSP_AI_Bridge.cpp(15): error C2039: 'string': is not a member of 'std'
C:\Program Files (x86)\Microsoft Visual Studio\2022\BuildTools\VC\Tools\MSVC\14.44.35207\include\algorithm(225): note: see declaration of 'std'
F:\~dev\rawrxd\src\win32app\Win32IDE_LSP_AI_Bridge.cpp(15): error C3646: 'severity': unknown override specifier
F:\~dev\rawrxd\src\win32app\Win32IDE_LSP_AI_Bridge.cpp(15): error C4430: missing type specifier - int assumed. Note: C++ does not support default-int
F:\~dev\rawrxd\src\win32app\Win32IDE_LSP_AI_Bridge.cpp(16): error C2039: 'string': is not a member of 'std'
C:\Program Files (x86)\Microsoft Visual Studio\2022\BuildTools\VC\Tools\MSVC\14.44.35207\include\algorithm(225): note: see declaration of 'std'
F:\~dev\rawrxd\src\win32app\Win32IDE_LSP_AI_Bridge.cpp(16): error C3646: 'message': unknown override specifier
F:\~dev\rawrxd\src\win32app\Win32IDE_LSP_AI_Bridge.cpp(16): error C4430: missing type specifier - int assumed. Note: C++ does not support default-int
F:\~dev\rawrxd\src\win32app\Win32IDE_LSP_AI_Bridge.cpp(17): error C2039: 'string': is not a member of 'std'
C:\Program Files (x86)\Microsoft Visual Studio\2022\BuildTools\VC\Tools\MSVC\14.44.35207\include\algorithm(225): note: see declaration of 'std'
F:\~dev\rawrxd\src\win32app\Win32IDE_LSP_AI_Bridge.cpp(17): error C3646: 'code': unknown override specifier
F:\~dev\rawrxd\src\win32app\Win32IDE_LSP_AI_Bridge.cpp(17): error C4430: missing type specifier - int assumed. Note: C++ does not support default-int
F:\~dev\rawrxd\src\win32app\Win32IDE_LSP_AI_Bridge.cpp(21): error C2039: 'string': is not a member of 'std'
C:\Program Files (x86)\Microsoft Visual Studio\2022\BuildTools\VC\Tools\MSVC\14.44.35207\include\algorithm(225): note: see declaration of 'std'
F:\~dev\rawrxd\src\win32app\Win32IDE_LSP_AI_Bridge.cpp(21): error C4430: missing type specifier - int assumed. Note: C++ does not support default-int
F:\~dev\rawrxd\src\win32app\Win32IDE_LSP_AI_Bridge.cpp(21): error C2146: syntax error: missing ';' before identifier 'EditorEngine_GetText'
F:\~dev\rawrxd\src\win32app\Win32IDE_LSP_AI_Bridge.cpp(22): error C2039: 'string': is not a member of 'std'
C:\Program Files (x86)\Microsoft Visual Studio\2022\BuildTools\VC\Tools\MSVC\14.44.35207\include\algorithm(225): note: see declaration of 'std'
F:\~dev\rawrxd\src\win32app\Win32IDE_LSP_AI_Bridge.cpp(22): error C4430: missing type specifier - int assumed. Note: C++ does not support default-int
F:\~dev\rawrxd\src\win32app\Win32IDE_LSP_AI_Bridge.cpp(22): error C2143: syntax error: missing ',' before '&'
F:\~dev\rawrxd\src\win32app\Win32IDE_LSP_AI_Bridge.cpp(26): error C2039: 'string': is not a member of 'std'
C:\Program Files (x86)\Microsoft Visual Studio\2022\BuildTools\VC\Tools\MSVC\14.44.35207\include\algorithm(225): note: see declaration of 'std'
F:\~dev\rawrxd\src\win32app\Win32IDE_LSP_AI_Bridge.cpp(26): error C4430: missing type specifier - int assumed. Note: C++ does not support default-int
F:\~dev\rawrxd\src\win32app\Win32IDE_LSP_AI_Bridge.cpp(26): error C2143: syntax error: missing ',' before '&'
F:\~dev\rawrxd\src\win32app\Win32IDE_LSP_AI_Bridge.cpp(32): error C2039: 'string': is not a member of 'std'
C:\Program Files (x86)\Microsoft Visual Studio\2022\BuildTools\VC\Tools\MSVC\14.44.35207\include\algorithm(225): note: see declaration of 'std'
F:\~dev\rawrxd\src\win32app\Win32IDE_LSP_AI_Bridge.cpp(32): error C2923: 'std::vector': 'RawrXD::IDE::string' is not a valid template type argument for parameter '_Ty'
F:\~dev\rawrxd\src\win32app\Win32IDE_LSP_AI_Bridge.cpp(21): note: see declaration of 'RawrXD::IDE::string'
F:\~dev\rawrxd\src\win32app\Win32IDE_LSP_AI_Bridge.cpp(32): error C2976: 'std::vector': too few template arguments
C:\Program Files (x86)\Microsoft Visual Studio\2022\BuildTools\VC\Tools\MSVC\14.44.35207\include\vector(442): note: see declaration of 'std::vector'
F:\~dev\rawrxd\src\win32app\Win32IDE_LSP_AI_Bridge.cpp(32): error C2955: 'std::vector': use of class template requires template argument list
C:\Program Files (x86)\Microsoft Visual Studio\2022\BuildTools\VC\Tools\MSVC\14.44.35207\include\vector(442): note: see declaration of 'std::vector'
F:\~dev\rawrxd\src\win32app\Win32IDE_LSP_AI_Bridge.cpp(36): error C2512: 'std::vector': no appropriate default constructor available
C:\Program Files (x86)\Microsoft Visual Studio\2022\BuildTools\VC\Tools\MSVC\14.44.35207\include\vector(442): note: see declaration of 'std::vector'
F:\~dev\rawrxd\src\win32app\Win32IDE_LSP_AI_Bridge.cpp(36): note: This diagnostic occurred in the compiler generated function 'RawrXD::IDE::BridgeState::BridgeState(void)'
F:\~dev\rawrxd\src\win32app\Win32IDE_LSP_AI_Bridge.cpp(38): note: see reference to function 'RawrXD::IDE::BridgeState::BridgeState(void)'
F:\~dev\rawrxd\src\win32app\Win32IDE_LSP_AI_Bridge.cpp(41): error C2039: 'string': is not a member of 'std'
C:\Program Files (x86)\Microsoft Visual Studio\2022\BuildTools\VC\Tools\MSVC\14.44.35207\include\algorithm(225): note: see declaration of 'std'
F:\~dev\rawrxd\src\win32app\Win32IDE_LSP_AI_Bridge.cpp(41): error C4430: missing type specifier - int assumed. Note: C++ does not support default-int
F:\~dev\rawrxd\src\win32app\Win32IDE_LSP_AI_Bridge.cpp(41): error C2143: syntax error: missing ',' before '&'
F:\~dev\rawrxd\src\win32app\Win32IDE_LSP_AI_Bridge.cpp(43): error C2065: 's': undeclared identifier
F:\~dev\rawrxd\src\win32app\Win32IDE_LSP_AI_Bridge.cpp(44): error C2065: 's': undeclared identifier
F:\~dev\rawrxd\src\win32app\Win32IDE_LSP_AI_Bridge.cpp(45): error C2065: 's': undeclared identifier
F:\~dev\rawrxd\src\win32app\Win32IDE_LSP_AI_Bridge.cpp(46): error C2065: 's': undeclared identifier
F:\~dev\rawrxd\src\win32app\Win32IDE_LSP_AI_Bridge.cpp(51): error C2039: 'string': is not a member of 'std'
C:\Program Files (x86)\Microsoft Visual Studio\2022\BuildTools\VC\Tools\MSVC\14.44.35207\include\algorithm(225): note: see declaration of 'std'
F:\~dev\rawrxd\src\win32app\Win32IDE_LSP_AI_Bridge.cpp(51): error C4430: missing type specifier - int assumed. Note: C++ does not support default-int
F:\~dev\rawrxd\src\win32app\Win32IDE_LSP_AI_Bridge.cpp(51): error C2370: 'RawrXD::IDE::string': redefinition; different storage class
F:\~dev\rawrxd\src\win32app\Win32IDE_LSP_AI_Bridge.cpp(21): note: see declaration of 'RawrXD::IDE::string'
F:\~dev\rawrxd\src\win32app\Win32IDE_LSP_AI_Bridge.cpp(51): error C2146: syntax error: missing ';' before identifier 'SuggestFix'
F:\~dev\rawrxd\src\win32app\Win32IDE_LSP_AI_Bridge.cpp(51): error C4430: missing type specifier - int assumed. Note: C++ does not support default-int
F:\~dev\rawrxd\src\win32app\Win32IDE_LSP_AI_Bridge.cpp(54): error C2039: 'string': is not a member of 'std'
C:\Program Files (x86)\Microsoft Visual Studio\2022\BuildTools\VC\Tools\MSVC\14.44.35207\include\algorithm(225): note: see declaration of 'std'
F:\~dev\rawrxd\src\win32app\Win32IDE_LSP_AI_Bridge.cpp(54): error C4430: missing type specifier - int assumed. Note: C++ does not support default-int
F:\~dev\rawrxd\src\win32app\Win32IDE_LSP_AI_Bridge.cpp(54): error C2143: syntax error: missing ';' before '&'
F:\~dev\rawrxd\src\win32app\Win32IDE_LSP_AI_Bridge.cpp(54): error C2065: 'msg': undeclared identifier
F:\~dev\rawrxd\src\win32app\Win32IDE_LSP_AI_Bridge.cpp(54): error C2039: 'message': is not a member of 'RawrXD::IDE::LSPDiagnostic'
F:\~dev\rawrxd\src\win32app\Win32IDE_LSP_AI_Bridge.cpp(13): note: see declaration of 'RawrXD::IDE::LSPDiagnostic'
F:\~dev\rawrxd\src\win32app\Win32IDE_LSP_AI_Bridge.cpp(55): error C2065: 'msg': undeclared identifier
F:\~dev\rawrxd\src\win32app\Win32IDE_LSP_AI_Bridge.cpp(55): error C3083: 'string': the symbol to the left of a '::' must be a type
F:\~dev\rawrxd\src\win32app\Win32IDE_LSP_AI_Bridge.cpp(55): error C2039: 'npos': is not a member of 'std'
C:\Program Files (x86)\Microsoft Visual Studio\2022\BuildTools\VC\Tools\MSVC\14.44.35207\include\algorithm(225): note: see declaration of 'std'
F:\~dev\rawrxd\src\win32app\Win32IDE_LSP_AI_Bridge.cpp(55): error C2065: 'npos': undeclared identifier
F:\~dev\rawrxd\src\win32app\Win32IDE_LSP_AI_Bridge.cpp(56): error C2065: 'msg': undeclared identifier
F:\~dev\rawrxd\src\win32app\Win32IDE_LSP_AI_Bridge.cpp(57): error C3083: 'string': the symbol to the left of a '::' must be a type
F:\~dev\rawrxd\src\win32app\Win32IDE_LSP_AI_Bridge.cpp(57): error C2039: 'npos': is not a member of 'std'
C:\Program Files (x86)\Microsoft Visual Studio\2022\BuildTools\VC\Tools\MSVC\14.44.35207\include\algorithm(225): note: see declaration of 'std'
F:\~dev\rawrxd\src\win32app\Win32IDE_LSP_AI_Bridge.cpp(57): error C2065: 'npos': undeclared identifier
F:\~dev\rawrxd\src\win32app\Win32IDE_LSP_AI_Bridge.cpp(58): error C2065: 'msg': undeclared identifier
F:\~dev\rawrxd\src\win32app\Win32IDE_LSP_AI_Bridge.cpp(59): error C3083: 'string': the symbol to the left of a '::' must be a type
F:\~dev\rawrxd\src\win32app\Win32IDE_LSP_AI_Bridge.cpp(59): error C2039: 'npos': is not a member of 'std'
C:\Program Files (x86)\Microsoft Visual Studio\2022\BuildTools\VC\Tools\MSVC\14.44.35207\include\algorithm(225): note: see declaration of 'std'
F:\~dev\rawrxd\src\win32app\Win32IDE_LSP_AI_Bridge.cpp(59): error C2065: 'npos': undeclared identifier
F:\~dev\rawrxd\src\win32app\Win32IDE_LSP_AI_Bridge.cpp(60): error C2039: 'string': is not a member of 'std'
C:\Program Files (x86)\Microsoft Visual Studio\2022\BuildTools\VC\Tools\MSVC\14.44.35207\include\algorithm(225): note: see declaration of 'std'
F:\~dev\rawrxd\src\win32app\Win32IDE_LSP_AI_Bridge.cpp(60): error C2146: syntax error: missing ';' before identifier 'ident'
F:\~dev\rawrxd\src\win32app\Win32IDE_LSP_AI_Bridge.cpp(60): error C2065: 'ident': undeclared identifier
F:\~dev\rawrxd\src\win32app\Win32IDE_LSP_AI_Bridge.cpp(60): error C2065: 'msg': undeclared identifier
F:\~dev\rawrxd\src\win32app\Win32IDE_LSP_AI_Bridge.cpp(61): error C2065: 'ident': undeclared identifier
F:\~dev\rawrxd\src\win32app\Win32IDE_LSP_AI_Bridge.cpp(65): error C2065: 'msg': undeclared identifier
F:\~dev\rawrxd\src\win32app\Win32IDE_LSP_AI_Bridge.cpp(65): error C3083: 'string': the symbol to the left of a '::' must be a type
F:\~dev\rawrxd\src\win32app\Win32IDE_LSP_AI_Bridge.cpp(65): error C2039: 'npos': is not a member of 'std'
C:\Program Files (x86)\Microsoft Visual Studio\2022\BuildTools\VC\Tools\MSVC\14.44.35207\include\algorithm(225): note: see declaration of 'std'
F:\~dev\rawrxd\src\win32app\Win32IDE_LSP_AI_Bridge.cpp(65): error C2065: 'npos': undeclared identifier
F:\~dev\rawrxd\src\win32app\Win32IDE_LSP_AI_Bridge.cpp(65): error C2065: 'msg': undeclared identifier
F:\~dev\rawrxd\src\win32app\Win32IDE_LSP_AI_Bridge.cpp(65): error C3083: 'string': the symbol to the left of a '::' must be a type
F:\~dev\rawrxd\src\win32app\Win32IDE_LSP_AI_Bridge.cpp(65): error C2039: 'npos': is not a member of 'std'
C:\Program Files (x86)\Microsoft Visual Studio\2022\BuildTools\VC\Tools\MSVC\14.44.35207\include\algorithm(225): note: see declaration of 'std'
F:\~dev\rawrxd\src\win32app\Win32IDE_LSP_AI_Bridge.cpp(65): error C2065: 'npos': undeclared identifier
F:\~dev\rawrxd\src\win32app\Win32IDE_LSP_AI_Bridge.cpp(68): error C2065: 'msg': undeclared identifier
F:\~dev\rawrxd\src\win32app\Win32IDE_LSP_AI_Bridge.cpp(68): error C3083: 'string': the symbol to the left of a '::' must be a type
F:\~dev\rawrxd\src\win32app\Win32IDE_LSP_AI_Bridge.cpp(68): error C2039: 'npos': is not a member of 'std'
C:\Program Files (x86)\Microsoft Visual Studio\2022\BuildTools\VC\Tools\MSVC\14.44.35207\include\algorithm(225): note: see declaration of 'std'
F:\~dev\rawrxd\src\win32app\Win32IDE_LSP_AI_Bridge.cpp(68): error C2065: 'npos': undeclared identifier
F:\~dev\rawrxd\src\win32app\Win32IDE_LSP_AI_Bridge.cpp(71): error C2065: 'msg': undeclared identifier
F:\~dev\rawrxd\src\win32app\Win32IDE_LSP_AI_Bridge.cpp(71): error C3083: 'string': the symbol to the left of a '::' must be a type
F:\~dev\rawrxd\src\win32app\Win32IDE_LSP_AI_Bridge.cpp(71): error C2039: 'npos': is not a member of 'std'
C:\Program Files (x86)\Microsoft Visual Studio\2022\BuildTools\VC\Tools\MSVC\14.44.35207\include\algorithm(225): note: see declaration of 'std'
F:\~dev\rawrxd\src\win32app\Win32IDE_LSP_AI_Bridge.cpp(71): error C2065: 'npos': undeclared identifier
F:\~dev\rawrxd\src\win32app\Win32IDE_LSP_AI_Bridge.cpp(74): error C2039: 'message': is not a member of 'RawrXD::IDE::LSPDiagnostic'
F:\~dev\rawrxd\src\win32app\Win32IDE_LSP_AI_Bridge.cpp(13): note: see declaration of 'RawrXD::IDE::LSPDiagnostic'
F:\~dev\rawrxd\src\win32app\Win32IDE_LSP_AI_Bridge.cpp(66): error C2440: 'return': cannot convert from 'const char [38]' to 'int'
F:\~dev\rawrxd\src\win32app\Win32IDE_LSP_AI_Bridge.cpp(66): note: There is no context in which this conversion is possible
F:\~dev\rawrxd\src\win32app\Win32IDE_LSP_AI_Bridge.cpp(69): error C2440: 'return': cannot convert from 'const char [31]' to 'int'
F:\~dev\rawrxd\src\win32app\Win32IDE_LSP_AI_Bridge.cpp(69): note: There is no context in which this conversion is possible
F:\~dev\rawrxd\src\win32app\Win32IDE_LSP_AI_Bridge.cpp(72): error C2440: 'return': cannot convert from 'const char [37]' to 'int'
F:\~dev\rawrxd\src\win32app\Win32IDE_LSP_AI_Bridge.cpp(72): note: There is no context in which this conversion is possible
F:\~dev\rawrxd\src\win32app\Win32IDE_LSP_AI_Bridge.cpp(74): error C2617: 'RawrXD::IDE::SuggestFix': inconsistent return statement
F:\~dev\rawrxd\src\win32app\Win32IDE_LSP_AI_Bridge.cpp(51): note: see declaration of 'RawrXD::IDE::SuggestFix'
F:\~dev\rawrxd\src\win32app\Win32IDE_LSP_AI_Bridge.cpp(75): error C2617: 'RawrXD::IDE::SuggestFix': inconsistent return statement
F:\~dev\rawrxd\src\win32app\Win32IDE_LSP_AI_Bridge.cpp(51): note: see declaration of 'RawrXD::IDE::SuggestFix'
F:\~dev\rawrxd\src\win32app\Win32IDE_LSP_AI_Bridge.cpp(79): error C2039: 'string': is not a member of 'std'
C:\Program Files (x86)\Microsoft Visual Studio\2022\BuildTools\VC\Tools\MSVC\14.44.35207\include\algorithm(225): note: see declaration of 'std'
F:\~dev\rawrxd\src\win32app\Win32IDE_LSP_AI_Bridge.cpp(79): error C4430: missing type specifier - int assumed. Note: C++ does not support default-int
F:\~dev\rawrxd\src\win32app\Win32IDE_LSP_AI_Bridge.cpp(79): error C2143: syntax error: missing ',' before '&'
F:\~dev\rawrxd\src\win32app\Win32IDE_LSP_AI_Bridge.cpp(92): error C2039: 'severity': is not a member of 'RawrXD::IDE::LSPDiagnostic'
F:\~dev\rawrxd\src\win32app\Win32IDE_LSP_AI_Bridge.cpp(13): note: see declaration of 'RawrXD::IDE::LSPDiagnostic'
F:\~dev\rawrxd\src\win32app\Win32IDE_LSP_AI_Bridge.cpp(92): error C2039: 'severity': is not a member of 'RawrXD::IDE::LSPDiagnostic'
F:\~dev\rawrxd\src\win32app\Win32IDE_LSP_AI_Bridge.cpp(13): note: see declaration of 'RawrXD::IDE::LSPDiagnostic'
F:\~dev\rawrxd\src\win32app\Win32IDE_LSP_AI_Bridge.cpp(99): error C2039: 'string': is not a member of 'std'
C:\Program Files (x86)\Microsoft Visual Studio\2022\BuildTools\VC\Tools\MSVC\14.44.35207\include\algorithm(225): note: see declaration of 'std'
F:\~dev\rawrxd\src\win32app\Win32IDE_LSP_AI_Bridge.cpp(99): error C2146: syntax error: missing ';' before identifier 'suggestion'
F:\~dev\rawrxd\src\win32app\Win32IDE_LSP_AI_Bridge.cpp(99): error C2065: 'suggestion': undeclared identifier
F:\~dev\rawrxd\src\win32app\Win32IDE_LSP_AI_Bridge.cpp(100): error C2065: 'suggestion': undeclared identifier
F:\~dev\rawrxd\src\win32app\Win32IDE_LSP_AI_Bridge.cpp(118): error C2039: 'string': is not a member of 'std'
C:\Program Files (x86)\Microsoft Visual Studio\2022\BuildTools\VC\Tools\MSVC\14.44.35207\include\algorithm(225): note: see declaration of 'std'
F:\~dev\rawrxd\src\win32app\Win32IDE_LSP_AI_Bridge.cpp(118): error C2146: syntax error: missing ';' before identifier 'suggestion'
F:\~dev\rawrxd\src\win32app\Win32IDE_LSP_AI_Bridge.cpp(118): error C2065: 'suggestion': undeclared identifier
F:\~dev\rawrxd\src\win32app\Win32IDE_LSP_AI_Bridge.cpp(119): error C2065: 'suggestion': undeclared identifier
F:\~dev\rawrxd\src\win32app\Win32IDE_LSP_AI_Bridge.cpp(125): error C2662: 'void std::vector<_Ty,_Alloc>::clear(void) noexcept': cannot convert 'this' pointer from 'std::vector' to 'std::vector<_Ty,_Alloc> &'
F:\~dev\rawrxd\src\win32app\Win32IDE_LSP_AI_Bridge.cpp(125): note: Reason: cannot convert from 'std::vector' to 'std::vector<_Ty,_Alloc>'
F:\~dev\rawrxd\src\win32app\Win32IDE_LSP_AI_Bridge.cpp(125): note: Conversion requires a second user-defined-conversion operator or constructor
C:\Program Files (x86)\Microsoft Visual Studio\2022\BuildTools\VC\Tools\MSVC\14.44.35207\include\vector(1807): note: see declaration of 'std::vector<_Ty,_Alloc>::clear'
F:\~dev\rawrxd\src\win32app\Win32IDE_LSP_AI_Bridge.cpp(125): note: while trying to match the argument list '()'
F:\~dev\rawrxd\src\win32app\Win32IDE_LSP_AI_Bridge.cpp(132): error C2039: 'string': is not a member of 'std'
C:\Program Files (x86)\Microsoft Visual Studio\2022\BuildTools\VC\Tools\MSVC\14.44.35207\include\algorithm(225): note: see declaration of 'std'
F:\~dev\rawrxd\src\win32app\Win32IDE_LSP_AI_Bridge.cpp(132): error C4430: missing type specifier - int assumed. Note: C++ does not support default-int
F:\~dev\rawrxd\src\win32app\Win32IDE_LSP_AI_Bridge.cpp(132): error C2086: 'int RawrXD::IDE::string': redefinition
F:\~dev\rawrxd\src\win32app\Win32IDE_LSP_AI_Bridge.cpp(21): note: see declaration of 'RawrXD::IDE::string'
F:\~dev\rawrxd\src\win32app\Win32IDE_LSP_AI_Bridge.cpp(132): error C2146: syntax error: missing ';' before identifier 'LSPAI_Bridge_GetContextForAI'
F:\~dev\rawrxd\src\win32app\Win32IDE_LSP_AI_Bridge.cpp(133): error C2143: syntax error: missing ';' before '{'
F:\~dev\rawrxd\src\win32app\Win32IDE_LSP_AI_Bridge.cpp(133): error C2447: '{': missing function header (old-style formal list?)
[62/705] Building CXX object CMakeFiles\RawrXD-Win32IDE.dir\src\agentic\AgenticNavigator.cpp.obj
[63/705] Building CXX object CMakeFiles\RawrXD-Win32IDE.dir\src\win32app\Win32IDE_FileOps.cpp.obj
[64/705] Building CXX object CMakeFiles\RawrXD-Win32IDE.dir\src\win32app\Win32IDE_AgentPanel.cpp.obj
[65/705] Building CXX object CMakeFiles\RawrXD-Win32IDE.dir\src\win32app\Win32IDE_GhostText.cpp.obj
[66/705] Building CXX object CMakeFiles\RawrXD-Win32IDE.dir\src\win32app\Win32IDE_LSPClient.cpp.obj
[67/705] Building CXX object CMakeFiles\RawrXD-Win32IDE.dir\src\agentic\AgentOrchestrator.cpp.obj
[68/705] Building CXX object CMakeFiles\RawrXD-Win32IDE.dir\src\core\auto_feature_registry.cpp.obj
FAILED: [code=2] CMakeFiles/RawrXD-Win32IDE.dir/src/core/auto_feature_registry.cpp.obj 
"C:\Program Files (x86)\Microsoft Visual Studio\2022\BuildTools\VC\Tools\MSVC\14.44.35207\bin\Hostx64\x64\cl.exe"  /nologo /TP -DHAS_BRUTAL_GZIP_MASM=1 -DNOMINMAX -DRAWRXD_DISABLE_DUPLICATE_SHIMS=1 -DRAWRXD_HAS_ASM_PYRE=1 -DRAWRXD_HAS_MW_KERNEL=1 -DRAWRXD_HAS_PROMPT_ENGINE=1 -DRAWRXD_HAS_SOVEREIGN_GPU_ASM=0 -DRAWRXD_INFRA_AVAILABLE=0 -DRAWRXD_LINK_ADVANCED_DEOBFUSCATOR_ASM=1 -DRAWRXD_LINK_ANALYZER_DISTILLER_ASM=0 -DRAWRXD_LINK_CODEBASE_AUDIT_SYSTEM_ASM=0 -DRAWRXD_LINK_DUAL_ENGINE_QUANTUM_BEACON_ASM=0 -DRAWRXD_LINK_INFERENCE_KERNELS_ASM=1 -DRAWRXD_LINK_PATTERN_RECONSTRUCTOR_ASM=1 -DRAWRXD_LINK_PROMETHEUS_EXPORTER_ASM=1 -DRAWRXD_LINK_QUADBUFFER_ASM=1 -DRAWRXD_LINK_REVERSE_ENGINEERED_ASM=1 -DRAWRXD_LINK_SELFPATCH_AGENT_ASM=1 -DRAWRXD_LINK_SOURCEEDIT_KERNEL_ASM=1 -DRAWRXD_LINK_STREAMING_ORCHESTRATOR_ASM=0 -DRAWRXD_LINK_TELEMETRY_KERNEL_ASM=1 -DRAWRXD_LINK_UNIFIED_OVERCLOCK_GOVERNOR_ASM=0 -DRAWRXD_LINK_VISION_PROJECTION_ASM=0 -DRAWRXD_MASM_GLOBALS_LINKED=1 -DRAWRXD_PRODUCTION_STRIP_STUB_SOURCES=0 -DRAWRXD_STRICT_PRODUCTION_PROFILE=0 -DRAWRXD_USE_DEDICATED_CODELENS=1 -DRAWRXD_USE_DEDICATED_HOVER=1 -DRAWRXD_USE_DEDICATED_INLAY=1 -DRAWRXD_USE_DEDICATED_MINIMAP=1 -DRAWR_ATOMIC_ACTIVATION_ENABLED=1 -DRAWR_CAPABILITY_TOKENS_ENABLED=1 -DRAWR_ENABLE_VULKAN=1 -DRAWR_HAS_MASM=1 -DRAWR_HAS_MODEL_ANATOMY=1 -DRAWR_HAS_QUICKJS=1 -DRAWR_HAS_RAWR_INFERENCE=0 -DRAWR_HAS_SOVEREIGN_ENGINES=0 -DRAWR_HAS_VULKAN=1 -DRAWR_HOTPATCH_JOURNAL_ENABLED=1 -DRAWR_INTENT_EMERGENCY_BYPASS=0 -DRAWR_INTENT_GUARD_ENABLED=1 -DRAWR_INTENT_VALIDATION_ENABLED=1 -DRAWR_MODEL_ADAPTER_ENABLED=1 -DRAWR_PATCH_FIREWALL_ENABLED=1 -DRAWR_PATCH_TRANSACTION_ENABLED=1 -DRAWR_QUICKJS_STUB=0 -DRAWR_REFLECTOR_AGENT_ENABLED=1 -DRAWR_ROLLBACK_FIRST_CLASS_ENABLED=1 -DUNICODE -DVULKAN_HPP_DISPATCH_LOADER_DYNAMIC=1 -DWIN32_LEAN_AND_MEAN -D_CRT_SECURE_NO_WARNINGS -D_UNICODE -IF:\~dev\rawrxd\include -IF:\~dev\rawrxd\Ship -IF:\~dev\rawrxd\src\masm -IF:\~dev\rawrxd\src\sovereign_autonomy -IF:\~dev\rawrxd\src\runtime -IF:\~dev\rawrxd\src\compiler_backend -IF:\~dev\rawrxd\src\sovereign\puppeteer -IC:\VulkanSDK\1.4.357.0\include -IF:\~dev\rawrxd\src -IF:\~dev\rawrxd\src\engine -IF:\~dev\rawrxd\src\core -IF:\~dev\rawrxd\src\server -IF:\~dev\rawrxd\src\agent -IF:\~dev\rawrxd\src\agentic -IF:\~dev\rawrxd\src\cli -IF:\~dev\rawrxd\src\win32app -IF:\~dev\rawrxd\src\modules -IF:\~dev\rawrxd\src\utils -IF:\~dev\rawrxd\src\config -IF:\~dev\rawrxd\src\asm -IF:\~dev\rawrxd\src\lsp -IF:\~dev\rawrxd\src\plugin_system -IF:\~dev\rawrxd\src\ide -IF:\~dev\rawrxd\src\llm_adapter -IF:\~dev\rawrxd\src\auth -IF:\~dev\rawrxd\src\context -IF:\~dev\rawrxd\src\multimodal_engine -IF:\~dev\rawrxd\src\telemetry -IF:\~dev\rawrxd\src\ui -IF:\~dev\rawrxd\src\git -IF:\~dev\rawrxd\src\sovereign -IF:\~dev\rawrxd\src\sovereign\spine -IF:\~dev\rawrxd\src\sovereign\terminal -IF:\~dev\rawrxd\src\sovereign\build -IF:\~dev\rawrxd\src\sovereign\agent -IF:\~dev\rawrxd\src\sovereign\bus -IF:\~dev\rawrxd\src\sovereign\compression -IF:\~dev\rawrxd\src\sovereign\awareness -IF:\~dev\rawrxd\src\sovereign\validator -IF:\~dev\rawrxd\src\sovereign\recovery -IF:\~dev\rawrxd\src\sovereign\control -IF:\~dev\rawrxd\src\sovereign\capsule -IF:\~dev\rawrxd\src\sovereign\ide -IF:\~dev\rawrxd\3rdparty\quickjs -IF:\~dev\rawrxd\src\reverse_engineering -IF:\~dev\rawrxd\src\reverse_engineering\pe_tools -IF:\~dev\rawrxd\src\deep2 -IF:\~dev\rawrxd\src\inference -IF:\~dev\rawrxd\src\codec -IF:\~dev\rawrxd\src\runtime\governance -IF:\~dev\rawrxd\rguf_source -external:I"C:\Program Files (x86)\Microsoft Visual Studio\2022\BuildTools\VC\Tools\MSVC\14.44.35207\include" -external:I"C:\Program Files (x86)\Windows Kits\10\Include\10.0.26100.0\ucrt" -external:I"C:\Program Files (x86)\Windows Kits\10\Include\10.0.26100.0\shared" -external:I"C:\Program Files (x86)\Windows Kits\10\Include\10.0.26100.0\um" -external:I"C:\Program Files (x86)\Windows Kits\10\Include\10.0.26100.0\winrt" -external:ID:\rawrxd\Ship\webview2\build\native\include -external:IC:\VulkanSDK\1.4.357.0\Include -external:W0 /DWIN32 /D_WINDOWS /EHsc /O2 /Ob2 /DNDEBUG -std:c++latest -MT /GS- /sdl- /EHsc /W0 /arch:AVX2 /Zi /O2 /showIncludes /FoCMakeFiles\RawrXD-Win32IDE.dir\src\core\auto_feature_registry.cpp.obj /Fdbin\RawrXD-Win32IDE.pdb /FS -c F:\~dev\rawrxd\src\core\auto_feature_registry.cpp
F:\~dev\rawrxd\src\core\auto_feature_registry.cpp(1038): error C2039: 'analyze': is not a member of 'rawrxd::agent::LocalReasoningEngine'
F:\~dev\rawrxd\src\core\../agent/local_reasoning_integration.hpp(70): note: see declaration of 'rawrxd::agent::LocalReasoningEngine'
F:\~dev\rawrxd\src\core\auto_feature_registry.cpp(1040): error C3536: 'result': cannot be used before it is initialized
F:\~dev\rawrxd\src\core\auto_feature_registry.cpp(1070): error C2039: 'analyze': is not a member of 'rawrxd::agent::LocalReasoningEngine'
F:\~dev\rawrxd\src\core\../agent/local_reasoning_integration.hpp(70): note: see declaration of 'rawrxd::agent::LocalReasoningEngine'
F:\~dev\rawrxd\src\core\auto_feature_registry.cpp(1072): error C3536: 'result': cannot be used before it is initialized
F:\~dev\rawrxd\src\core\auto_feature_registry.cpp(1081): error C2039: 'getStats': is not a member of 'rawrxd::agent::LocalReasoningEngine'
F:\~dev\rawrxd\src\core\../agent/local_reasoning_integration.hpp(70): note: see declaration of 'rawrxd::agent::LocalReasoningEngine'
F:\~dev\rawrxd\src\core\auto_feature_registry.cpp(1089): error C3536: 'stats': cannot be used before it is initialized
F:\~dev\rawrxd\src\core\auto_feature_registry.cpp(1113): error C2039: 'analyze': is not a member of 'rawrxd::agent::LocalReasoningEngine'
F:\~dev\rawrxd\src\core\../agent/local_reasoning_integration.hpp(70): note: see declaration of 'rawrxd::agent::LocalReasoningEngine'
F:\~dev\rawrxd\src\core\auto_feature_registry.cpp(1144): error C2039: 'analyze': is not a member of 'rawrxd::agent::LocalReasoningEngine'
F:\~dev\rawrxd\src\core\../agent/local_reasoning_integration.hpp(70): note: see declaration of 'rawrxd::agent::LocalReasoningEngine'
ninja: build stopped: subcommand failed.
