[1/164] Building CXX object CMakeFiles\InferenceEngine.dir\src\inference\ollama_blob_parser.cpp.obj
[2/164] Building CXX object CMakeFiles\InferenceEngine.dir\src\inference\PerformanceMonitor.cpp.obj
[3/164] Building CXX object CMakeFiles\InferenceEngine.dir\src\inference\ultra_fast_inference.cpp.obj
[4/164] Building CXX object CMakeFiles\InferenceEngine.dir\src\runtime\Deep2ExecutionTelemetry.cpp.obj
[5/164] Building CXX object CMakeFiles\InferenceEngine.dir\src\runtime\memory\PlacementPolicy.cpp.obj
[6/164] Building CXX object CMakeFiles\InferenceEngine.dir\src\runtime\memory\RouterPredictiveMemoryBridge.cpp.obj
[7/164] Building CXX object CMakeFiles\InferenceEngine.dir\src\runtime\GenerationBouncer.cpp.obj
[8/164] Building CXX object CMakeFiles\InferenceEngine.dir\src\runtime\Sovereign_KernelBridge_CPP.cpp.obj
[9/164] Building CXX object CMakeFiles\InferenceEngine.dir\src\sampling\advanced_sampler.cpp.obj
[10/164] Building CXX object CMakeFiles\InferenceEngine.dir\src\runtime\governance\HardwareCapabilityProbe.cpp.obj
[11/164] Building CXX object CMakeFiles\InferenceEngine.dir\src\runtime\governance\CapabilityTierMatrix.cpp.obj
[12/164] Building CXX object CMakeFiles\InferenceEngine.dir\src\runtime\governance\PressedStateEngine.cpp.obj
[13/164] Building CXX object CMakeFiles\InferenceEngine.dir\src\runtime\governance\HardwareGovernor.cpp.obj
[14/164] Building CXX object CMakeFiles\InferenceEngine.dir\src\runtime\governance\Ensemble58Governor.cpp.obj
[15/164] Building CXX object CMakeFiles\InferenceEngine.dir\src\runtime\governance\TLSInstructionGate.cpp.obj
[16/164] Building CXX object CMakeFiles\InferenceEngine.dir\src\runtime\governance\UnifiedTriggerOrchestrator.cpp.obj
[17/164] Building CXX object CMakeFiles\InferenceEngine.dir\src\runtime\elastic\ElasticGGUFIndex.cpp.obj
[18/164] Building CXX object CMakeFiles\InferenceEngine.dir\src\runtime\elastic\ElasticResidencyManager.cpp.obj
[19/164] Building CXX object CMakeFiles\InferenceEngine.dir\src\runtime\elastic\ElasticDecoder.cpp.obj
[20/164] Building CXX object CMakeFiles\InferenceEngine.dir\src\deep2\K2TimeLimitedServing.cpp.obj
[21/164] Building CXX object CMakeFiles\InferenceEngine.dir\src\runtime\elastic\ElasticEngine.cpp.obj
[22/164] Building CXX object CMakeFiles\InferenceEngine.dir\src\runtime\elastic\VulkanTensorResidencyBackend.cpp.obj
[23/164] Building CXX object CMakeFiles\InferenceEngine.dir\src\runtime\gguf_tensor_loader.cpp.obj
[24/164] Building CXX object CMakeFiles\InferenceEngine.dir\src\deep2\GGUFLoader.cpp.obj
[25/164] Building CXX object CMakeFiles\InferenceEngine.dir\src\deep2\InferenceSession.cpp.obj
[26/164] Building CXX object CMakeFiles\InferenceEngine.dir\src\deep2\GhostCache.cpp.obj
[27/164] Building CXX object CMakeFiles\InferenceEngine.dir\src\deep2\ThreadPool.cpp.obj
[28/164] Building CXX object CMakeFiles\InferenceEngine.dir\src\deep2\KVCache.cpp.obj
[29/164] Building CXX object CMakeFiles\InferenceEngine.dir\src\deep2\MoEWeightProxy.cpp.obj
[30/164] Building CXX object CMakeFiles\InferenceEngine.dir\src\deep2\MoEEliminate.cpp.obj
[31/164] Building CXX object CMakeFiles\InferenceEngine.dir\src\deep2\MoEWeightsLoader.cpp.obj
[32/164] Building CXX object CMakeFiles\InferenceEngine.dir\src\deep2\MoEArchitectureParser.cpp.obj
[33/164] Building CXX object CMakeFiles\InferenceEngine.dir\src\deep2\TensorHop.cpp.obj
[34/164] Building CXX object CMakeFiles\InferenceEngine.dir\src\deep2\DeepSeekMoELoader.cpp.obj
[35/164] Building CXX object CMakeFiles\InferenceEngine.dir\src\deep2\FusedInferenceKernel.cpp.obj
[36/164] Building CXX object CMakeFiles\InferenceEngine.dir\src\deep2\UniversalModelLoader.cpp.obj
[37/164] Building CXX object CMakeFiles\InferenceEngine.dir\src\deep2\ModelLoader.cpp.obj
[38/164] Building CXX object CMakeFiles\InferenceEngine.dir\src\deep2\ModelRegistry.cpp.obj
[39/164] Building CXX object CMakeFiles\InferenceEngine.dir\src\deep2\RuntimePlanner.cpp.obj
[40/164] Building CXX object CMakeFiles\InferenceEngine.dir\src\deep2\WarmupScheduler.cpp.obj
[41/164] Building CXX object CMakeFiles\InferenceEngine.dir\src\deep2\NUFusedPacker.cpp.obj
[42/164] Building CXX object CMakeFiles\InferenceEngine.dir\src\deep2\SlidingWindowEngine.cpp.obj
[43/164] Building CXX object CMakeFiles\InferenceEngine.dir\src\deep2\MedusaDecoder.cpp.obj
[44/164] Building CXX object CMakeFiles\InferenceEngine.dir\src\deep2\RawrXDInferenceAdapter.cpp.obj
[45/164] Building CXX object CMakeFiles\InferenceEngine.dir\src\deep2\KimiK2Config.cpp.obj
[46/164] Building CXX object CMakeFiles\InferenceEngine.dir\src\deep2\K2MLAWeights.cpp.obj
[47/164] Building CXX object CMakeFiles\InferenceEngine.dir\src\deep2\K2MLA_KvExpand_Fused.cpp.obj
[48/164] Building CXX object CMakeFiles\InferenceEngine.dir\src\deep2\K2TokenEmbedding.cpp.obj
[49/164] Building CXX object CMakeFiles\InferenceEngine.dir\src\deep2\K2MoEWeights.cpp.obj
[50/164] Building CXX object CMakeFiles\InferenceEngine.dir\src\deep2\K2GlobalTensorIndex.cpp.obj
[51/164] Building CXX object CMakeFiles\InferenceEngine.dir\src\deep2\Deep2Bridge.cpp.obj
[52/164] Building CXX object CMakeFiles\InferenceEngine.dir\src\deep2\TrailBrake.cpp.obj
[53/164] Building CXX object CMakeFiles\InferenceEngine.dir\src\deep2\HotPatcher.cpp.obj
[54/164] Building CXX object CMakeFiles\InferenceEngine.dir\src\deep2\HotPatcherSafety.cpp.obj
[55/164] Building CXX object CMakeFiles\InferenceEngine.dir\src\deep2\GoalSystem.cpp.obj
[56/164] Building CXX object CMakeFiles\InferenceEngine.dir\src\deep2\PatchCache.cpp.obj
[57/164] Building CXX object CMakeFiles\InferenceEngine.dir\src\deep2\BottleTTL.cpp.obj
[58/164] Building CXX object CMakeFiles\InferenceEngine.dir\src\deep2\CPUFrequency.cpp.obj
[59/164] Building CXX object CMakeFiles\InferenceEngine.dir\src\deep2\DualGPUHook.cpp.obj
[60/164] Building CXX object CMakeFiles\InferenceEngine.dir\src\deep2\ReverseTensorRecovery.cpp.obj
[61/164] Building CXX object CMakeFiles\InferenceEngine.dir\src\deep2\Deep2IDEIntegration.cpp.obj
[62/164] Building CXX object CMakeFiles\InferenceEngine.dir\src\deep2\IOCPGGUFLoader.cpp.obj
[63/164] Building CXX object CMakeFiles\InferenceEngine.dir\src\deep2\FabricTensorTable.cpp.obj
[64/164] Building CXX object CMakeFiles\InferenceEngine.dir\src\deep2\ReverseIntegration.cpp.obj
[65/164] Building CXX object CMakeFiles\InferenceEngine.dir\src\deep2\ReverseHotpatchEngine.cpp.obj
[66/164] Building CXX object CMakeFiles\InferenceEngine.dir\src\reverse\ReverseEngine.cpp.obj
[67/164] Building CXX object CMakeFiles\InferenceEngine.dir\src\reverse\ReverseModelLoader.cpp.obj
[68/164] Building CXX object CMakeFiles\InferenceEngine.dir\src\deep2\OutOfCoreRuntime.cpp.obj
[69/164] Building CXX object CMakeFiles\InferenceEngine.dir\src\deep2\ResidencyManager.cpp.obj
[70/164] Building CXX object CMakeFiles\InferenceEngine.dir\src\deep2\RouterPrefetchTelemetry.cpp.obj
[71/164] Building CXX object CMakeFiles\InferenceEngine.dir\src\deep2\mars\VRAMManager.cpp.obj
[72/164] Building CXX object CMakeFiles\InferenceEngine.dir\src\sovereign\SovereignRuntime.cpp.obj
[73/164] Building CXX object CMakeFiles\InferenceEngine.dir\src\deep2\mars\TensorHotpatch.cpp.obj
[74/164] Building CXX object CMakeFiles\InferenceEngine.dir\src\sovereign\ExecutionContract.cpp.obj
[75/164] Building CXX object CMakeFiles\InferenceEngine.dir\src\sovereign\Deep2InferenceWrapper.cpp.obj
[76/164] Building CXX object CMakeFiles\InferenceEngine.dir\src\deep2\mars\DualGPUBackend.cpp.obj
[77/164] Building CXX object CMakeFiles\RawrXD-Win32IDE.dir\src\inference\gpu_dispatch_gate.cpp.obj
[78/164] Building CXX object CMakeFiles\RawrXD-Win32IDE.dir\src\ide\SovereignSharedMemoryBridge.cpp.obj
[79/164] Building CXX object CMakeFiles\RawrXD-Win32IDE.dir\src\reverse\ReverseEngine.cpp.obj
[80/164] Building CXX object CMakeFiles\RawrXD-Win32IDE.dir\src\sampling\advanced_sampler.cpp.obj
[81/164] Building CXX object CMakeFiles\RawrXD-Win32IDE.dir\src\reverse\ReverseModelLoader.cpp.obj
[82/164] Building CXX object CMakeFiles\RawrXD-Win32IDE.dir\src\ui\webview2_bridge.cpp.obj
[83/164] Building CXX object CMakeFiles\RawrXD-Win32IDE.dir\src\ui\debugger_core.cpp.obj
[84/164] Building CXX object CMakeFiles\RawrXD-Win32IDE.dir\src\llm_adapter\QuantBackend.cpp.obj
[85/164] Linking CXX static library InferenceEngine.lib
[86/164] Building CXX object CMakeFiles\RawrXD-Win32IDE.dir\src\utils\ErrorReporter.cpp.obj
[87/164] Building CXX object CMakeFiles\RawrXD-Win32IDE.dir\src\security\InputSanitizer.cpp.obj
[88/164] Building CXX object CMakeFiles\RawrXD-Win32IDE.dir\src\inference\PerformanceMonitor.cpp.obj
[89/164] Building CXX object CMakeFiles\RawrXD-Win32IDE.dir\src\llm_adapter\GGUFRunner.cpp.obj
[90/164] Building CXX object CMakeFiles\RawrXD-Win32IDE.dir\src\llm_adapter\gguf_k_quants.cpp.obj
[91/164] Building CXX object CMakeFiles\RawrXD-Win32IDE.dir\src\deep2\TrailBrake.cpp.obj
[92/164] Building CXX object CMakeFiles\RawrXD-Win32IDE.dir\src\deep2\HotPatcher.cpp.obj
[93/164] Building CXX object CMakeFiles\RawrXD-Win32IDE.dir\src\deep2\GoalSystem.cpp.obj
[94/164] Building CXX object CMakeFiles\RawrXD-Win32IDE.dir\src\deep2\HotPatcherSafety.cpp.obj
[95/164] Building CXX object CMakeFiles\RawrXD-Win32IDE.dir\src\deep2\PatchCache.cpp.obj
[96/164] Building CXX object CMakeFiles\RawrXD-Win32IDE.dir\src\deep2\BottleTTL.cpp.obj
[97/164] Building CXX object CMakeFiles\RawrXD-Win32IDE.dir\src\deep2\CPUFrequency.cpp.obj
[98/164] Building CXX object CMakeFiles\RawrXD-Win32IDE.dir\src\deep2\DualGPUHook.cpp.obj
[99/164] Building CXX object CMakeFiles\RawrXD-Win32IDE.dir\src\deep2\ReverseTensorRecovery.cpp.obj
[100/164] Building CXX object CMakeFiles\RawrXD-Win32IDE.dir\src\deep2\Deep2IDEIntegration.cpp.obj
[101/164] Building CXX object CMakeFiles\RawrXD-Win32IDE.dir\src\deep2\IOCPGGUFLoader.cpp.obj
[102/164] Building CXX object CMakeFiles\RawrXD-Win32IDE.dir\src\deep2\FabricTensorTable.cpp.obj
[103/164] Building CXX object CMakeFiles\RawrXD-Win32IDE.dir\src\runtime_surface\GenerationStopwatch.cpp.obj
[104/164] Building CXX object CMakeFiles\RawrXD-Win32IDE.dir\src\memory\SequentialBlowoffValve.cpp.obj
[105/164] Building CXX object CMakeFiles\RawrXD-Win32IDE.dir\src\deep2\K2TokenEmbedding.cpp.obj
[106/164] Building CXX object CMakeFiles\RawrXD-Win32IDE.dir\src\runtime_surface\RuntimeSurfaceModule.cpp.obj
[107/164] Building CXX object CMakeFiles\RawrXD-Win32IDE.dir\src\inference\OutOfCoreScheduler.cpp.obj
[108/164] Building CXX object CMakeFiles\RawrXD-Win32IDE.dir\src\inference\DualGpuPipeline.cpp.obj
[109/164] Building CXX object CMakeFiles\RawrXD-Win32IDE.dir\src\kernels\VulkanComputeKernels.cpp.obj
[110/164] Building CXX object CMakeFiles\RawrXD-Win32IDE.dir\src\inference\Deep2Engine.cpp.obj
[111/164] Building CXX object CMakeFiles\RawrXD-Win32IDE.dir\src\deep2\KimiK2Config.cpp.obj
[112/164] Building CXX object CMakeFiles\RawrXD-Win32IDE.dir\src\deep2\K2MLAWeights.cpp.obj
[113/164] Building CXX object CMakeFiles\RawrXD-Win32IDE.dir\src\deep2\K2MLA_KvExpand_Fused.cpp.obj
[114/164] Building CXX object CMakeFiles\RawrXD-Win32IDE.dir\src\deep2\K2MoEWeights.cpp.obj
[115/164] Building CXX object CMakeFiles\RawrXD-Win32IDE.dir\src\deep2\K2GlobalTensorIndex.cpp.obj
[116/164] Building CXX object CMakeFiles\RawrXD-Win32IDE.dir\src\deep2\ReverseIntegration.cpp.obj
[117/164] Building CXX object CMakeFiles\RawrXD-Win32IDE.dir\src\deep2\ReverseHotpatchEngine.cpp.obj
[118/164] Building CXX object CMakeFiles\RawrXD-Win32IDE.dir\src\deep2\mars\TensorHotpatch.cpp.obj
[119/164] Building CXX object CMakeFiles\RawrXD-Win32IDE.dir\src\deep2\mars\DualGPUBackend.cpp.obj
[120/164] Building CXX object CMakeFiles\RawrXD-Win32IDE.dir\src\deep2\mars\VRAMManager.cpp.obj
[121/164] Building CXX object CMakeFiles\RawrXD-Win32IDE.dir\src\deep2\KVCache.cpp.obj
[122/164] Building CXX object CMakeFiles\RawrXD-Win32IDE.dir\src\deep2\GGUFLoader.cpp.obj
[123/164] Building CXX object CMakeFiles\RawrXD-Win32IDE.dir\src\deep2\MoEWeightProxy.cpp.obj
[124/164] Building CXX object CMakeFiles\RawrXD-Win32IDE.dir\src\deep2\MoEEliminate.cpp.obj
[125/164] Building CXX object CMakeFiles\RawrXD-Win32IDE.dir\src\deep2\MoEWeightsLoader.cpp.obj
[126/164] Building CXX object CMakeFiles\RawrXD-Win32IDE.dir\src\deep2\MedusaDecoder.cpp.obj
[127/164] Building CXX object CMakeFiles\RawrXD-Win32IDE.dir\src\deep2\NUFusedPacker.cpp.obj
[128/164] Building CXX object CMakeFiles\RawrXD-Win32IDE.dir\src\deep2\WarmupScheduler.cpp.obj
[129/164] Building CXX object CMakeFiles\RawrXD-Win32IDE.dir\src\deep2\SlidingWindowEngine.cpp.obj
[130/164] Building CXX object CMakeFiles\RawrXD-Win32IDE.dir\src\deep2\ThreadPool.cpp.obj
[131/164] Building CXX object CMakeFiles\RawrXD-Win32IDE.dir\src\deep2\Deep2Bridge.cpp.obj
[132/164] Building CXX object CMakeFiles\RawrXD-Win32IDE.dir\src\deep2\FusedInferenceKernel.cpp.obj
[133/164] Building CXX object CMakeFiles\RawrXD-Win32IDE.dir\src\deep2\RuntimePlanner.cpp.obj
[134/164] Building CXX object CMakeFiles\RawrXD-Win32IDE.dir\src\deep2\ModelLoader.cpp.obj
[135/164] Building CXX object CMakeFiles\RawrXD-Win32IDE.dir\src\deep2\ModelRegistry.cpp.obj
[136/164] Building CXX object CMakeFiles\RawrXD-Win32IDE.dir\src\deep2\DeepSeekMoELoader.cpp.obj
[137/164] Building CXX object CMakeFiles\RawrXD-Win32IDE.dir\src\deep2\UniversalModelLoader.cpp.obj
[138/164] Building CXX object CMakeFiles\RawrXD-Win32IDE.dir\src\deep2\RawrXDInferenceAdapter.cpp.obj
[139/164] Building CXX object CMakeFiles\RawrXD-Win32IDE.dir\src\inference\RawrXD_LlamaNative.cpp.obj
[140/164] Building CXX object CMakeFiles\RawrXD-Win32IDE.dir\src\deep2\InferenceSession.cpp.obj
[141/164] Building CXX object CMakeFiles\RawrXD-Win32IDE.dir\src\deep2\TensorHop.cpp.obj
[142/164] Building CXX object CMakeFiles\RawrXD-Win32IDE.dir\src\deep2\MoEArchitectureParser.cpp.obj
[143/164] Building CXX object CMakeFiles\RawrXD-Win32IDE.dir\src\deep2\MASMKernelStubs.cpp.obj
[144/164] Building CXX object CMakeFiles\RawrXD-Win32IDE.dir\src\runtime\elastic\ElasticEngine.cpp.obj
[145/164] Building CXX object CMakeFiles\RawrXD-Win32IDE.dir\src\runtime\elastic\ElasticGGUFIndex.cpp.obj
[146/164] Building CXX object CMakeFiles\RawrXD-Win32IDE.dir\src\runtime\elastic\ElasticResidencyManager.cpp.obj
[147/164] Building CXX object CMakeFiles\RawrXD-Win32IDE.dir\src\runtime\elastic\VulkanTensorResidencyBackend.cpp.obj
[148/164] Building CXX object CMakeFiles\RawrXD-Win32IDE.dir\src\runtime\elastic\ElasticDecoder.cpp.obj
[149/164] Building CXX object CMakeFiles\RawrXD-Win32IDE.dir\src\runtime\shared\SharedModelRuntime.cpp.obj
[150/164] Building CXX object CMakeFiles\RawrXD-Win32IDE.dir\src\runtime\shared\BP1BraidIndex.cpp.obj
[151/164] Building CXX object CMakeFiles\RawrXD-Win32IDE.dir\src\runtime\governance\HardwareCapabilityProbe.cpp.obj
[152/164] Building CXX object CMakeFiles\RawrXD-Win32IDE.dir\src\runtime\governance\CapabilityTierMatrix.cpp.obj
[153/164] Building CXX object CMakeFiles\RawrXD-Win32IDE.dir\src\runtime\governance\HardwareGovernor.cpp.obj
[154/164] Building CXX object CMakeFiles\RawrXD-Win32IDE.dir\src\runtime\governance\PressedStateEngine.cpp.obj
[155/164] Building CXX object CMakeFiles\RawrXD-Win32IDE.dir\src\runtime\governance\Ensemble58Governor.cpp.obj
[156/164] Building CXX object CMakeFiles\RawrXD-Win32IDE.dir\src\runtime\governance\TLSInstructionGate.cpp.obj
[157/164] Building CXX object CMakeFiles\RawrXD-Win32IDE.dir\src\runtime\governance\UnifiedTriggerOrchestrator.cpp.obj
[158/164] Building CXX object CMakeFiles\RawrXD-Win32IDE.dir\src\runtime\memory\PlacementPolicy.cpp.obj
[159/164] Building CXX object CMakeFiles\RawrXD-Win32IDE.dir\src\runtime\Deep2ExecutionTelemetry.cpp.obj
[160/164] Building CXX object CMakeFiles\RawrXD-Win32IDE.dir\src\runtime\gguf_tensor_loader.cpp.obj
[161/164] Building CXX object CMakeFiles\RawrXD-Win32IDE.dir\src\runtime\GenerationBouncer.cpp.obj
[162/164] Building CXX object CMakeFiles\RawrXD-Win32IDE.dir\src\runtime\Sovereign_KernelBridge_CPP.cpp.obj
[163/164] Building CXX object CMakeFiles\RawrXD-Win32IDE.dir\src\core\win32ide_link_stubs.cpp.obj
[164/164] RawrXD-Win32IDE: PRE_LINK optional del exe/pdb if unlocked; Linking CXX executable bin\RawrXD-Win32IDE.exe
FAILED: [code=4294967295] bin/RawrXD-Win32IDE.exe 
C:\WINDOWS\system32\cmd.exe /C "C:\WINDOWS\system32\cmd.exe /C "cd /D F:\~dev\build_rawr_ninja && "C:\Program Files\CMake\bin\cmake.exe" -E rm -f F:/~dev/build_rawr_ninja/bin/RawrXD-Win32IDE.exe F:/~dev/build_rawr_ninja/bin/RawrXD-Win32IDE.pdb && cd F:\~dev\build_rawr_ninja" && "C:\Program Files\CMake\bin\cmake.exe" -E vs_link_exe --msvc-ver=1944 --intdir=CMakeFiles\RawrXD-Win32IDE.dir --rc="C:\Program Files (x86)\Windows Kits\10\bin\10.0.26100.0\x64\rc.exe" --mt="C:\Program Files (x86)\Windows Kits\10\bin\10.0.26100.0\x64\mt.exe" --manifests  -- "C:\Program Files (x86)\Microsoft Visual Studio\2022\BuildTools\VC\Tools\MSVC\14.44.35207\bin\Hostx64\x64\link.exe" /nologo @CMakeFiles\RawrXD-Win32IDE.rsp  /out:bin\RawrXD-Win32IDE.exe /implib:RawrXD-Win32IDE.lib /pdb:bin\RawrXD-Win32IDE.pdb /version:0.0 /machine:x64 /INCREMENTAL:NO /subsystem:windows /LTCG /LARGEADDRESSAWARE /DEBUG:FULL /MAP:F:/~dev/build_rawr_ninja/bin/RawrXD-Win32IDE.map /MAPINFO:EXPORTS /MANIFEST:NO /FORCE:MULTIPLE /STACK:4194304 && C:\WINDOWS\system32\cmd.exe /C "cd /D F:\~dev\build_rawr_ninja && "C:\Program Files\CMake\bin\cmake.exe" -E copy_if_different F:/~dev/build_rawr_ninja/bin/RawrXD-Win32IDE.map F:/~dev/build_rawr_ninja/RawrXD-Win32IDE.map""
LINK: command "C:\Program Files (x86)\Microsoft Visual Studio\2022\BuildTools\VC\Tools\MSVC\14.44.35207\bin\Hostx64\x64\link.exe /nologo @CMakeFiles\RawrXD-Win32IDE.rsp /out:bin\RawrXD-Win32IDE.exe /implib:RawrXD-Win32IDE.lib /pdb:bin\RawrXD-Win32IDE.pdb /version:0.0 /machine:x64 /INCREMENTAL:NO /subsystem:windows /LTCG /LARGEADDRESSAWARE /DEBUG:FULL /MAP:F:/~dev/build_rawr_ninja/bin/RawrXD-Win32IDE.map /MAPINFO:EXPORTS /MANIFEST:NO /FORCE:MULTIPLE /STACK:4194304" failed (exit code 1120) with the following output:
win32ide_link_stubs.cpp.obj : warning LNK4006: g_FlashAttnCalls already defined in link_stubs_production.cpp.obj; second definition ignored

win32ide_link_stubs.cpp.obj : warning LNK4006: g_FlashAttnTiles already defined in link_stubs_production.cpp.obj; second definition ignored

win32ide_link_stubs.cpp.obj : warning LNK4006: g_EnterpriseFeatures already defined in link_stubs_production.cpp.obj; second definition ignored

win32ide_link_stubs.cpp.obj : warning LNK4006: g_800B_Unlocked already defined in link_stubs_production.cpp.obj; second definition ignored

   Creating library RawrXD-Win32IDE.lib and object RawrXD-Win32IDE.exp

auto_feature_registry.cpp.obj : error LNK2001: unresolved external symbol "public: struct rawrxd::agent::ReasoningResult __cdecl rawrxd::agent::LocalReasoningEngine::Reason(struct rawrxd::agent::AgentContext const &)" (?Reason@LocalReasoningEngine@agent@rawrxd@@QEAA?AUReasoningResult@23@AEBUAgentContext@23@@Z)

auto_feature_registry.cpp.obj : error LNK2001: unresolved external symbol "public: bool __cdecl rawrxd::agent::LocalReasoningEngine::IsRunning(void)const " (?IsRunning@LocalReasoningEngine@agent@rawrxd@@QEBA_NXZ)

auto_feature_registry.cpp.obj : error LNK2001: unresolved external symbol "public: static class rawrxd::agent::LocalReasoningEngine & __cdecl rawrxd::agent::LocalReasoningIntegration::instance(void)" (?instance@LocalReasoningIntegration@agent@rawrxd@@SAAEAVLocalReasoningEngine@23@XZ)

auto_feature_registry.cpp.obj : error LNK2001: unresolved external symbol "public: static class RawrXD::LSP::LSPHotpatchBridge & __cdecl RawrXD::LSP::LSPHotpatchBridge::instance(void)" (?instance@LSPHotpatchBridge@LSP@RawrXD@@SAAEAV123@XZ)

auto_feature_registry.cpp.obj : error LNK2001: unresolved external symbol "public: struct PatchResult __cdecl RawrXD::LSP::LSPHotpatchBridge::detach(void)" (?detach@LSPHotpatchBridge@LSP@RawrXD@@QEAA?AUPatchResult@@XZ)

auto_feature_registry.cpp.obj : error LNK2001: unresolved external symbol "public: struct PatchResult __cdecl RawrXD::LSP::LSPHotpatchBridge::refreshDiagnostics(void)" (?refreshDiagnostics@LSPHotpatchBridge@LSP@RawrXD@@QEAA?AUPatchResult@@XZ)

auto_feature_registry.cpp.obj : error LNK2001: unresolved external symbol "public: struct PatchResult __cdecl RawrXD::LSP::LSPHotpatchBridge::rebuildSymbolIndex(void)" (?rebuildSymbolIndex@LSPHotpatchBridge@LSP@RawrXD@@QEAA?AUPatchResult@@XZ)

auto_feature_registry.cpp.obj : error LNK2001: unresolved external symbol "public: static class RawrXD::LSP::HotpatchSymbolProvider & __cdecl RawrXD::LSP::HotpatchSymbolProvider::instance(void)" (?instance@HotpatchSymbolProvider@LSP@RawrXD@@SAAEAV123@XZ)

auto_feature_registry.cpp.obj : error LNK2001: unresolved external symbol "public: class std::vector<struct RawrXD::LSP::SymbolInfo,class std::allocator<struct RawrXD::LSP::SymbolInfo> > __cdecl RawrXD::LSP::HotpatchSymbolProvider::getAllSymbols(void)const " (?getAllSymbols@HotpatchSymbolProvider@LSP@RawrXD@@QEBA?AV?$vector@USymbolInfo@LSP@RawrXD@@V?$allocator@USymbolInfo@LSP@RawrXD@@@std@@@std@@XZ)

auto_feature_registry.cpp.obj : error LNK2001: unresolved external symbol "public: struct PatchResult __cdecl RawrXD::LSP::HotpatchSymbolProvider::rebuildIndex(void)" (?rebuildIndex@HotpatchSymbolProvider@LSP@RawrXD@@QEAA?AUPatchResult@@XZ)

auto_feature_registry.cpp.obj : error LNK2001: unresolved external symbol "public: static class std::vector<struct RawrXD::ReverseEngineering::NativeDisassembler::Instruction,class std::allocator<struct RawrXD::ReverseEngineering::NativeDisassembler::Instruction> > __cdecl RawrXD::ReverseEngineering::NativeDisassembler::DisassembleX64(unsigned char const *,unsigned __int64,unsigned __int64)" (?DisassembleX64@NativeDisassembler@ReverseEngineering@RawrXD@@SA?AV?$vector@UInstruction@NativeDisassembler@ReverseEngineering@RawrXD@@V?$allocator@UInstruction@NativeDisassembler@ReverseEngineering@RawrXD@@@std@@@std@@PEBE_K1@Z)

auto_feature_registry.cpp.obj : error LNK2001: unresolved external symbol "public: static class std::vector<struct RawrXD::ReverseEngineering::NativeDisassembler::Function,class std::allocator<struct RawrXD::ReverseEngineering::NativeDisassembler::Function> > __cdecl RawrXD::ReverseEngineering::NativeDisassembler::AnalyzeFunctions(class std::vector<struct RawrXD::ReverseEngineering::NativeDisassembler::Instruction,class std::allocator<struct RawrXD::ReverseEngineering::NativeDisassembler::Instruction> > const &)" (?AnalyzeFunctions@NativeDisassembler@ReverseEngineering@RawrXD@@SA?AV?$vector@UFunction@NativeDisassembler@ReverseEngineering@RawrXD@@V?$allocator@UFunction@NativeDisassembler@ReverseEngineering@RawrXD@@@std@@@std@@AEBV?$vector@UInstruction@NativeDisassembler@ReverseEngineering@RawrXD@@V?$allocator@UInstruction@NativeDisassembler@ReverseEngineering@RawrXD@@@std@@@5@@Z)

auto_feature_registry.cpp.obj : error LNK2001: unresolved external symbol "public: static class std::vector<class std::basic_string<char,struct std::char_traits<char>,class std::allocator<char> >,class std::allocator<class std::basic_string<char,struct std::char_traits<char>,class std::allocator<char> > > > __cdecl RawrXD::ReverseEngineering::NativeDisassembler::ExtractStrings(unsigned char const *,unsigned __int64)" (?ExtractStrings@NativeDisassembler@ReverseEngineering@RawrXD@@SA?AV?$vector@V?$basic_string@DU?$char_traits@D@std@@V?$allocator@D@2@@std@@V?$allocator@V?$basic_string@DU?$char_traits@D@std@@V?$allocator@D@2@@std@@@2@@std@@PEBE_K@Z)

auto_feature_registry.cpp.obj : error LNK2001: unresolved external symbol "public: static class std::unordered_map<class std::basic_string<char,struct std::char_traits<char>,class std::allocator<char> >,unsigned __int64,struct std::hash<class std::basic_string<char,struct std::char_traits<char>,class std::allocator<char> > >,struct std::equal_to<class std::basic_string<char,struct std::char_traits<char>,class std::allocator<char> > >,class std::allocator<struct std::pair<class std::basic_string<char,struct std::char_traits<char>,class std::allocator<char> > const ,unsigned __int64> > > __cdecl RawrXD::ReverseEngineering::NativeDisassembler::AnalyzeImports(class std::basic_string<char,struct std::char_traits<char>,class std::allocator<char> > const &)" (?AnalyzeImports@NativeDisassembler@ReverseEngineering@RawrXD@@SA?AV?$unordered_map@V?$basic_string@DU?$char_traits@D@std@@V?$allocator@D@2@@std@@_KU?$hash@V?$basic_string@DU?$char_traits@D@std@@V?$allocator@D@2@@std@@@2@U?$equal_to@V?$basic_string@DU?$char_traits@D@std@@V?$allocator@D@2@@std@@@2@V?$allocator@U?$pair@$$CBV?$basic_string@DU?$char_traits@D@std@@V?$allocator@D@2@@std@@_K@std@@@2@@std@@AEBV?$basic_string@DU?$char_traits@D@std@@V?$allocator@D@2@@5@@Z)

auto_feature_registry.cpp.obj : error LNK2001: unresolved external symbol "public: static class std::unordered_map<class std::basic_string<char,struct std::char_traits<char>,class std::allocator<char> >,unsigned __int64,struct std::hash<class std::basic_string<char,struct std::char_traits<char>,class std::allocator<char> > >,struct std::equal_to<class std::basic_string<char,struct std::char_traits<char>,class std::allocator<char> > >,class std::allocator<struct std::pair<class std::basic_string<char,struct std::char_traits<char>,class std::allocator<char> > const ,unsigned __int64> > > __cdecl RawrXD::ReverseEngineering::NativeDisassembler::AnalyzeExports(class std::basic_string<char,struct std::char_traits<char>,class std::allocator<char> > const &)" (?AnalyzeExports@NativeDisassembler@ReverseEngineering@RawrXD@@SA?AV?$unordered_map@V?$basic_string@DU?$char_traits@D@std@@V?$allocator@D@2@@std@@_KU?$hash@V?$basic_string@DU?$char_traits@D@std@@V?$allocator@D@2@@std@@@2@U?$equal_to@V?$basic_string@DU?$char_traits@D@std@@V?$allocator@D@2@@std@@@2@V?$allocator@U?$pair@$$CBV?$basic_string@DU?$char_traits@D@std@@V?$allocator@D@2@@std@@_K@std@@@2@@std@@AEBV?$basic_string@DU?$char_traits@D@std@@V?$allocator@D@2@@5@@Z)

auto_feature_registry.cpp.obj : error LNK2001: unresolved external symbol "public: static struct RawrXD::ReverseEngineering::BinaryAnalyzer::BinaryInfo __cdecl RawrXD::ReverseEngineering::BinaryAnalyzer::AnalyzePE(class std::basic_string<char,struct std::char_traits<char>,class std::allocator<char> > const &)" (?AnalyzePE@BinaryAnalyzer@ReverseEngineering@RawrXD@@SA?AUBinaryInfo@123@AEBV?$basic_string@DU?$char_traits@D@std@@V?$allocator@D@2@@std@@@Z)

auto_feature_registry.cpp.obj : error LNK2001: unresolved external symbol "public: static class std::basic_string<char,struct std::char_traits<char>,class std::allocator<char> > __cdecl RawrXD::ReverseEngineering::BinaryAnalyzer::GenerateReport(struct RawrXD::ReverseEngineering::BinaryAnalyzer::BinaryInfo const &)" (?GenerateReport@BinaryAnalyzer@ReverseEngineering@RawrXD@@SA?AV?$basic_string@DU?$char_traits@D@std@@V?$allocator@D@2@@std@@AEBUBinaryInfo@123@@Z)

auto_feature_registry.cpp.obj : error LNK2001: unresolved external symbol "public: static class std::vector<unsigned char,class std::allocator<unsigned char> > __cdecl RawrXD::ReverseEngineering::BinaryAnalyzer::ExtractSection(class std::basic_string<char,struct std::char_traits<char>,class std::allocator<char> > const &,class std::basic_string<char,struct std::char_traits<char>,class std::allocator<char> > const &)" (?ExtractSection@BinaryAnalyzer@ReverseEngineering@RawrXD@@SA?AV?$vector@EV?$allocator@E@std@@@std@@AEBV?$basic_string@DU?$char_traits@D@std@@V?$allocator@D@2@@5@0@Z)

auto_feature_registry.cpp.obj : error LNK2001: unresolved external symbol "public: static class std::vector<struct RawrXD::ReverseEngineering::RECodex::Pattern,class std::allocator<struct RawrXD::ReverseEngineering::RECodex::Pattern> > __cdecl RawrXD::ReverseEngineering::RECodex::GetMalwarePatterns(void)" (?GetMalwarePatterns@RECodex@ReverseEngineering@RawrXD@@SA?AV?$vector@UPattern@RECodex@ReverseEngineering@RawrXD@@V?$allocator@UPattern@RECodex@ReverseEngineering@RawrXD@@@std@@@std@@XZ)

auto_feature_registry.cpp.obj : error LNK2001: unresolved external symbol "public: static class std::vector<struct RawrXD::ReverseEngineering::RECodex::Pattern,class std::allocator<struct RawrXD::ReverseEngineering::RECodex::Pattern> > __cdecl RawrXD::ReverseEngineering::RECodex::GetCompilerPatterns(void)" (?GetCompilerPatterns@RECodex@ReverseEngineering@RawrXD@@SA?AV?$vector@UPattern@RECodex@ReverseEngineering@RawrXD@@V?$allocator@UPattern@RECodex@ReverseEngineering@RawrXD@@@std@@@std@@XZ)

auto_feature_registry.cpp.obj : error LNK2001: unresolved external symbol "public: static class std::vector<struct std::pair<unsigned __int64,class std::basic_string<char,struct std::char_traits<char>,class std::allocator<char> > >,class std::allocator<struct std::pair<unsigned __int64,class std::basic_string<char,struct std::char_traits<char>,class std::allocator<char> > > > > __cdecl RawrXD::ReverseEngineering::RECodex::ScanForPatterns(unsigned char const *,unsigned __int64,class std::vector<struct RawrXD::ReverseEngineering::RECodex::Pattern,class std::allocator<struct RawrXD::ReverseEngineering::RECodex::Pattern> > const &)" (?ScanForPatterns@RECodex@ReverseEngineering@RawrXD@@SA?AV?$vector@U?$pair@_KV?$basic_string@DU?$char_traits@D@std@@V?$allocator@D@2@@std@@@std@@V?$allocator@U?$pair@_KV?$basic_string@DU?$char_traits@D@std@@V?$allocator@D@2@@std@@@std@@@2@@std@@PEBE_KAEBV?$vector@UPattern@RECodex@ReverseEngineering@RawrXD@@V?$allocator@UPattern@RECodex@ReverseEngineering@RawrXD@@@std@@@5@@Z)

auto_feature_registry.cpp.obj : error LNK2001: unresolved external symbol "public: static class std::basic_string<char,struct std::char_traits<char>,class std::allocator<char> > __cdecl RawrXD::ReverseEngineering::RECodex::AnalyzeWithAI(class std::basic_string<char,struct std::char_traits<char>,class std::allocator<char> > const &,class std::basic_string<char,struct std::char_traits<char>,class std::allocator<char> > const &)" (?AnalyzeWithAI@RECodex@ReverseEngineering@RawrXD@@SA?AV?$basic_string@DU?$char_traits@D@std@@V?$allocator@D@2@@std@@AEBV45@0@Z)

auto_feature_registry.cpp.obj : error LNK2001: unresolved external symbol "public: static struct RawrXD::ReverseEngineering::NativeCompiler::CompileResult __cdecl RawrXD::ReverseEngineering::NativeCompiler::CompileToNative(class std::basic_string<char,struct std::char_traits<char>,class std::allocator<char> > const &,struct RawrXD::ReverseEngineering::NativeCompiler::CompileOptions)" (?CompileToNative@NativeCompiler@ReverseEngineering@RawrXD@@SA?AUCompileResult@123@AEBV?$basic_string@DU?$char_traits@D@std@@V?$allocator@D@2@@std@@UCompileOptions@123@@Z)

Win32IDE_ShellLayout.cpp.obj : error LNK2001: unresolved external symbol "struct HWND__ * __cdecl RawrXD::IDE::StatusBar_Create(struct HWND__ *,int,int,int,int,struct HINSTANCE__ *)" (?StatusBar_Create@IDE@RawrXD@@YAPEAUHWND__@@PEAU3@HHHHPEAUHINSTANCE__@@@Z)

Win32IDE_ShellLayout.cpp.obj : error LNK2001: unresolved external symbol "void __cdecl RawrXD::IDE::StatusBar_Register(struct HINSTANCE__ *)" (?StatusBar_Register@IDE@RawrXD@@YAXPEAUHINSTANCE__@@@Z)

Win32IDE_ShellLayout.cpp.obj : error LNK2001: unresolved external symbol "void __cdecl RawrXD::IDE::StatusBar_Resize(int,int)" (?StatusBar_Resize@IDE@RawrXD@@YAXHH@Z)

Win32IDE_LSP_AI_Bridge.cpp.obj : error LNK2001: unresolved external symbol "void __cdecl RawrXD::IDE::EditorEngine_SetGhostText(int,class std::basic_string<char,struct std::char_traits<char>,class std::allocator<char> > const &)" (?EditorEngine_SetGhostText@IDE@RawrXD@@YAXHAEBV?$basic_string@DU?$char_traits@D@std@@V?$allocator@D@2@@std@@@Z)

Win32IDE_LSP_AI_Bridge.cpp.obj : error LNK2001: unresolved external symbol "void __cdecl RawrXD::IDE::EditorEngine_ClearGhostText(void)" (?EditorEngine_ClearGhostText@IDE@RawrXD@@YAXXZ)

AgentOrchestrator.cpp.obj : error LNK2001: unresolved external symbol "public: struct rawrxd::closure::ToolResult __cdecl rawrxd::closure::ToolGateway::invoke(struct rawrxd::closure::ToolRequest)" (?invoke@ToolGateway@closure@rawrxd@@QEAA?AUToolResult@23@UToolRequest@23@@Z)

enterprise_license.cpp.obj : error LNK2001: unresolved external symbol "public: static void __cdecl IDELogger::error(class std::basic_string<char,struct std::char_traits<char>,class std::allocator<char> > const &)" (?error@IDELogger@@SAXAEBV?$basic_string@DU?$char_traits@D@std@@V?$allocator@D@2@@std@@@Z)

enterprise_license.cpp.obj : error LNK2001: unresolved external symbol "public: static void __cdecl IDELogger::warn(class std::basic_string<char,struct std::char_traits<char>,class std::allocator<char> > const &)" (?warn@IDELogger@@SAXAEBV?$basic_string@DU?$char_traits@D@std@@V?$allocator@D@2@@std@@@Z)

enterprise_license.cpp.obj : error LNK2001: unresolved external symbol "public: static void __cdecl IDELogger::info(class std::basic_string<char,struct std::char_traits<char>,class std::allocator<char> > const &)" (?info@IDELogger@@SAXAEBV?$basic_string@DU?$char_traits@D@std@@V?$allocator@D@2@@std@@@Z)

enterprise_licensev2_impl.cpp.obj : error LNK2001: unresolved external symbol "struct RawrXD::License::FeatureDefV2 * RawrXD::License::g_FeatureManifest" (?g_FeatureManifest@License@RawrXD@@3PAUFeatureDefV2@12@A)

layer_offload_manager.cpp.obj : error LNK2001: unresolved external symbol "public: void __cdecl RawrXD::Memory::TransferScheduler::schedule(struct RawrXD::Memory::TransferRequest const &,class std::function<void __cdecl(unsigned __int64,bool)>)" (?schedule@TransferScheduler@Memory@RawrXD@@QEAAXAEBUTransferRequest@23@V?$function@$$A6AX_K_N@Z@std@@@Z)

swarm_coordinator.cpp.obj : error LNK2001: unresolved external symbol Swarm_IOCP_Create

swarm_coordinator.cpp.obj : error LNK2001: unresolved external symbol Swarm_IOCP_Associate

native_debugger_engine.cpp.obj : error LNK2001: unresolved external symbol Dbg_InjectINT3

native_debugger_engine.cpp.obj : error LNK2001: unresolved external symbol Dbg_RestoreINT3

native_debugger_engine.cpp.obj : error LNK2001: unresolved external symbol Dbg_SetHardwareBreakpoint

native_debugger_engine.cpp.obj : error LNK2001: unresolved external symbol Dbg_ClearHardwareBreakpoint

native_debugger_engine.cpp.obj : error LNK2001: unresolved external symbol Dbg_WalkStack

native_debugger_engine.cpp.obj : error LNK2001: unresolved external symbol Dbg_ReadMemory

native_debugger_engine.cpp.obj : error LNK2001: unresolved external symbol Dbg_WriteMemory

native_debugger_engine.cpp.obj : error LNK2001: unresolved external symbol Dbg_MemoryScan

unified_hotpatch_manager.cpp.obj : error LNK2001: unresolved external symbol "public: static class LiveBinaryPatcher & __cdecl LiveBinaryPatcher::instance(void)" (?instance@LiveBinaryPatcher@@SAAEAV1@XZ)

unified_hotpatch_manager.cpp.obj : error LNK2001: unresolved external symbol "public: struct PatchResult __cdecl LiveBinaryPatcher::initialize(unsigned __int64)" (?initialize@LiveBinaryPatcher@@QEAA?AUPatchResult@@_K@Z)

unified_hotpatch_manager.cpp.obj : error LNK2001: unresolved external symbol "public: struct PatchResult __cdecl LiveBinaryPatcher::shutdown(void)" (?shutdown@LiveBinaryPatcher@@QEAA?AUPatchResult@@XZ)

unified_hotpatch_manager.cpp.obj : error LNK2001: unresolved external symbol "public: struct PatchResult __cdecl LiveBinaryPatcher::register_function(char const *,unsigned __int64,unsigned int *)" (?register_function@LiveBinaryPatcher@@QEAA?AUPatchResult@@PEBD_KPEAI@Z)

unified_hotpatch_manager.cpp.obj : error LNK2001: unresolved external symbol "public: struct PatchResult __cdecl LiveBinaryPatcher::install_trampoline(unsigned int)" (?install_trampoline@LiveBinaryPatcher@@QEAA?AUPatchResult@@I@Z)

unified_hotpatch_manager.cpp.obj : error LNK2001: unresolved external symbol "public: struct PatchResult __cdecl LiveBinaryPatcher::revert_trampoline(unsigned int)" (?revert_trampoline@LiveBinaryPatcher@@QEAA?AUPatchResult@@I@Z)

unified_hotpatch_manager.cpp.obj : error LNK2001: unresolved external symbol "public: struct PatchResult __cdecl LiveBinaryPatcher::swap_implementation(unsigned int,unsigned char const *,unsigned __int64,struct RVARelocation const *,unsigned __int64)" (?swap_implementation@LiveBinaryPatcher@@QEAA?AUPatchResult@@IPEBE_KPEBURVARelocation@@1@Z)

unified_hotpatch_manager.cpp.obj : error LNK2001: unresolved external symbol "public: struct PatchResult __cdecl LiveBinaryPatcher::revert_last_swap(unsigned int)" (?revert_last_swap@LiveBinaryPatcher@@QEAA?AUPatchResult@@I@Z)

unified_hotpatch_manager.cpp.obj : error LNK2001: unresolved external symbol "public: struct PatchResult __cdecl LiveBinaryPatcher::apply_batch(struct LivePatchUnit const *,unsigned __int64)" (?apply_batch@LiveBinaryPatcher@@QEAA?AUPatchResult@@PEBULivePatchUnit@@_K@Z)

unified_hotpatch_manager.cpp.obj : error LNK2001: unresolved external symbol "public: struct LiveBinaryPatcherStats const & __cdecl LiveBinaryPatcher::get_stats(void)const " (?get_stats@LiveBinaryPatcher@@QEBAAEBULiveBinaryPatcherStats@@XZ)

unified_hotpatch_manager.cpp.obj : error LNK2001: unresolved external symbol "public: struct PatchResult __cdecl LiveBinaryPatcher::load_module(char const *,unsigned int *)" (?load_module@LiveBinaryPatcher@@QEAA?AUPatchResult@@PEBDPEAI@Z)

unified_hotpatch_manager.cpp.obj : error LNK2001: unresolved external symbol "public: struct PatchResult __cdecl LiveBinaryPatcher::unload_module(unsigned int)" (?unload_module@LiveBinaryPatcher@@QEAA?AUPatchResult@@I@Z)

unified_hotpatch_manager.cpp.obj : error LNK2001: unresolved external symbol "public: struct PatchResult __cdecl LiveBinaryPatcher::verify_integrity(void)" (?verify_integrity@LiveBinaryPatcher@@QEAA?AUPatchResult@@XZ)

unified_hotpatch_manager.cpp.obj : error LNK2001: unresolved external symbol "public: static class AutonomousWorkflowEngine & __cdecl AutonomousWorkflowEngine::instance(void)" (?instance@AutonomousWorkflowEngine@@SAAEAV1@XZ)

unified_hotpatch_manager.cpp.obj : error LNK2001: unresolved external symbol "public: bool __cdecl AutonomousWorkflowEngine::isRunning(void)const " (?isRunning@AutonomousWorkflowEngine@@QEBA_NXZ)

unified_hotpatch_manager.cpp.obj : error LNK2001: unresolved external symbol "public: static class RawrXD::Agentic::AgenticTaskGraph & __cdecl RawrXD::Agentic::AgenticTaskGraph::instance(void)" (?instance@AgenticTaskGraph@Agentic@RawrXD@@SAAEAV123@XZ)

unified_hotpatch_manager.cpp.obj : error LNK2001: unresolved external symbol "public: static class RawrXD::Embeddings::EmbeddingEngine & __cdecl RawrXD::Embeddings::EmbeddingEngine::instance(void)" (?instance@EmbeddingEngine@Embeddings@RawrXD@@SAAEAV123@XZ)

unified_hotpatch_manager.cpp.obj : error LNK2001: unresolved external symbol "public: struct RawrXD::Embeddings::EmbedResult __cdecl RawrXD::Embeddings::EmbeddingEngine::loadModel(struct RawrXD::Embeddings::EmbeddingModelConfig const &)" (?loadModel@EmbeddingEngine@Embeddings@RawrXD@@QEAA?AUEmbedResult@23@AEBUEmbeddingModelConfig@23@@Z)

unified_hotpatch_manager.cpp.obj : error LNK2001: unresolved external symbol "public: struct RawrXD::Embeddings::EmbedResult __cdecl RawrXD::Embeddings::EmbeddingEngine::indexDirectory(class std::basic_string<char,struct std::char_traits<char>,class std::allocator<char> > const &,struct RawrXD::Embeddings::ChunkingConfig const &)" (?indexDirectory@EmbeddingEngine@Embeddings@RawrXD@@QEAA?AUEmbedResult@23@AEBV?$basic_string@DU?$char_traits@D@std@@V?$allocator@D@2@@std@@AEBUChunkingConfig@23@@Z)

unified_hotpatch_manager.cpp.obj : error LNK2001: unresolved external symbol "public: void __cdecl RawrXD::Embeddings::EmbeddingEngine::shutdown(void)" (?shutdown@EmbeddingEngine@Embeddings@RawrXD@@QEAAXXZ)

unified_hotpatch_manager.cpp.obj : error LNK2001: unresolved external symbol "public: static class RawrXD::Vision::VisionEncoder & __cdecl RawrXD::Vision::VisionEncoder::instance(void)" (?instance@VisionEncoder@Vision@RawrXD@@SAAEAV123@XZ)

unified_hotpatch_manager.cpp.obj : error LNK2001: unresolved external symbol "public: struct RawrXD::Vision::VisionResult __cdecl RawrXD::Vision::VisionEncoder::loadModel(struct RawrXD::Vision::VisionModelConfig const &)" (?loadModel@VisionEncoder@Vision@RawrXD@@QEAA?AUVisionResult@23@AEBUVisionModelConfig@23@@Z)

unified_hotpatch_manager.cpp.obj : error LNK2001: unresolved external symbol "public: void __cdecl RawrXD::Vision::VisionEncoder::shutdown(void)" (?shutdown@VisionEncoder@Vision@RawrXD@@QEAAXXZ)

model_bruteforce_engine.cpp.obj : error LNK2001: unresolved external symbol "public: __cdecl RawrXD::Agent::AgentOllamaClient::AgentOllamaClient(struct RawrXD::Agent::OllamaConfig const &)" (??0AgentOllamaClient@Agent@RawrXD@@QEAA@AEBUOllamaConfig@12@@Z)

model_bruteforce_engine.cpp.obj : error LNK2001: unresolved external symbol "public: __cdecl RawrXD::Agent::AgentOllamaClient::~AgentOllamaClient(void)" (??1AgentOllamaClient@Agent@RawrXD@@QEAA@XZ)

model_bruteforce_engine.cpp.obj : error LNK2001: unresolved external symbol "public: bool __cdecl RawrXD::Agent::AgentOllamaClient::TestConnection(void)" (?TestConnection@AgentOllamaClient@Agent@RawrXD@@QEAA_NXZ)

model_bruteforce_engine.cpp.obj : error LNK2001: unresolved external symbol "public: class std::vector<class std::basic_string<char,struct std::char_traits<char>,class std::allocator<char> >,class std::allocator<class std::basic_string<char,struct std::char_traits<char>,class std::allocator<char> > > > __cdecl RawrXD::Agent::AgentOllamaClient::ListModels(void)" (?ListModels@AgentOllamaClient@Agent@RawrXD@@QEAA?AV?$vector@V?$basic_string@DU?$char_traits@D@std@@V?$allocator@D@2@@std@@V?$allocator@V?$basic_string@DU?$char_traits@D@std@@V?$allocator@D@2@@std@@@2@@std@@XZ)

model_bruteforce_engine.cpp.obj : error LNK2001: unresolved external symbol "public: struct RawrXD::Agent::InferenceResult __cdecl RawrXD::Agent::AgentOllamaClient::ChatSync(class std::vector<struct RawrXD::Agent::ChatMessage,class std::allocator<struct RawrXD::Agent::ChatMessage> > const &,class nlohmann::json_abi_v3_11_3::basic_json<class std::map,class std::vector,class std::basic_string<char,struct std::char_traits<char>,class std::allocator<char> >,bool,__int64,unsigned __int64,double,class std::allocator,struct nlohmann::json_abi_v3_11_3::adl_serializer,class std::vector<unsigned char,class std::allocator<unsigned char> >,void> const &)" (?ChatSync@AgentOllamaClient@Agent@RawrXD@@QEAA?AUInferenceResult@23@AEBV?$vector@UChatMessage@Agent@RawrXD@@V?$allocator@UChatMessage@Agent@RawrXD@@@std@@@std@@AEBV?$basic_json@Vmap@std@@Vvector@2@V?$basic_string@DU?$char_traits@D@std@@V?$allocator@D@2@@2@_N_J_KNVallocator@2@Uadl_serializer@json_abi_v3_11_3@nlohmann@@V?$vector@EV?$allocator@E@std@@@2@X@json_abi_v3_11_3@nlohmann@@@Z)

shadow_page_detour.cpp.obj : error LNK2001: unresolved external symbol asm_hotpatch_atomic_swap

shadow_page_detour.cpp.obj : error LNK2001: unresolved external symbol asm_hotpatch_install_trampoline

shadow_page_detour.cpp.obj : error LNK2001: unresolved external symbol asm_hotpatch_alloc_shadow

shadow_page_detour.cpp.obj : error LNK2001: unresolved external symbol asm_hotpatch_free_shadow

shadow_page_detour.cpp.obj : error LNK2001: unresolved external symbol asm_hotpatch_backup_prologue

shadow_page_detour.cpp.obj : error LNK2001: unresolved external symbol asm_hotpatch_restore_prologue

shadow_page_detour.cpp.obj : error LNK2001: unresolved external symbol asm_hotpatch_verify_prologue

shadow_page_detour.cpp.obj : error LNK2001: unresolved external symbol asm_hotpatch_get_stats

shadow_page_detour.cpp.obj : error LNK2001: unresolved external symbol asm_snapshot_capture

shadow_page_detour.cpp.obj : error LNK2001: unresolved external symbol asm_snapshot_get_stats

pdb_reference_provider.cpp.obj : error LNK2001: unresolved external symbol "public: struct RawrXD::PDB::PDBResult __cdecl RawrXD::PDB::NativePDBParser::enumeratePublicSymbols(bool (__cdecl*)(struct RawrXD::PDB::ResolvedSymbol const *,void *),void *)const " (?enumeratePublicSymbols@NativePDBParser@PDB@RawrXD@@QEBA?AUPDBResult@23@P6A_NPEBUResolvedSymbol@23@PEAX@Z1@Z)

pdb_reference_provider.cpp.obj : error LNK2001: unresolved external symbol "public: struct RawrXD::PDB::PDBResult __cdecl RawrXD::PDB::NativePDBParser::enumerateProcedures(bool (__cdecl*)(struct RawrXD::PDB::ResolvedSymbol const *,void *),void *)const " (?enumerateProcedures@NativePDBParser@PDB@RawrXD@@QEBA?AUPDBResult@23@P6A_NPEBUResolvedSymbol@23@PEAX@Z1@Z)

pdb_reference_provider.cpp.obj : error LNK2001: unresolved external symbol "public: static class RawrXD::PDB::PDBManager & __cdecl RawrXD::PDB::PDBManager::instance(void)" (?instance@PDBManager@PDB@RawrXD@@SAAEAV123@XZ)

pdb_reference_provider.cpp.obj : error LNK2001: unresolved external symbol "public: class RawrXD::PDB::NativePDBParser const * __cdecl RawrXD::PDB::PDBManager::getParser(char const *)const " (?getParser@PDBManager@PDB@RawrXD@@QEBAPEBVNativePDBParser@23@PEBD@Z)

pdb_reference_provider.cpp.obj : error LNK2001: unresolved external symbol "public: unsigned int __cdecl RawrXD::PDB::PDBManager::getLoadedModuleCount(void)const " (?getLoadedModuleCount@PDBManager@PDB@RawrXD@@QEBAIXZ)

pdb_reference_provider.cpp.obj : error LNK2001: unresolved external symbol "public: char const * __cdecl RawrXD::PDB::PDBManager::getLoadedModuleName(unsigned int)const " (?getLoadedModuleName@PDBManager@PDB@RawrXD@@QEBAPEBDI@Z)

pdb_reference_provider.cpp.obj : error LNK2001: unresolved external symbol "public: struct RawrXD::PDB::PDBManager::Stats __cdecl RawrXD::PDB::PDBManager::getStats(void)const " (?getStats@PDBManager@PDB@RawrXD@@QEBA?AUStats@123@XZ)

feature_registry.cpp.obj : error LNK2001: unresolved external symbol IsStubFunction

model_training_pipeline.cpp.obj : error LNK2001: unresolved external symbol asm_kquant_cpuid_check

self_host_engine.cpp.obj : error LNK2001: unresolved external symbol asm_selfhost_init

self_host_engine.cpp.obj : error LNK2001: unresolved external symbol asm_selfhost_read_text

self_host_engine.cpp.obj : error LNK2001: unresolved external symbol asm_selfhost_profile_region

self_host_engine.cpp.obj : error LNK2001: unresolved external symbol asm_selfhost_gen_trampoline

self_host_engine.cpp.obj : error LNK2001: unresolved external symbol asm_selfhost_micro_assemble

self_host_engine.cpp.obj : error LNK2001: unresolved external symbol asm_selfhost_atomic_swap

self_host_engine.cpp.obj : error LNK2001: unresolved external symbol asm_selfhost_verify_equiv

self_host_engine.cpp.obj : error LNK2001: unresolved external symbol asm_selfhost_measure_delta

self_host_engine.cpp.obj : error LNK2001: unresolved external symbol asm_selfhost_read_source

self_host_engine.cpp.obj : error LNK2001: unresolved external symbol asm_selfhost_write_source

self_host_engine.cpp.obj : error LNK2001: unresolved external symbol asm_selfhost_get_generation

self_host_engine.cpp.obj : error LNK2001: unresolved external symbol asm_selfhost_get_stats

self_host_engine.cpp.obj : error LNK2001: unresolved external symbol asm_selfhost_shutdown

hexmag_ide_link_probe.cpp.obj : error LNK2001: unresolved external symbol HexMag_BotCount

hexmag_ide_link_probe.cpp.obj : error LNK2001: unresolved external symbol HexMag_IsInitialized

hexmag_ide_link_probe.cpp.obj : error LNK2001: unresolved external symbol HexMag_GetParallelAgents

hexmag_ide_link_probe.cpp.obj : error LNK2001: unresolved external symbol HexMag_Tuner_GenerationId

bin\RawrXD-Win32IDE.exe : fatal error LNK1120: 108 unresolved externals

ninja: build stopped: subcommand failed.
