[1/575] Building CXX object CMakeFiles\RawrXD-Win32IDE.dir\src\compression_interface.cpp.obj
[2/575] Building CXX object CMakeFiles\RawrXD-Win32IDE.dir\src\streaming_gguf_loader.cpp.obj
[3/575] Building CXX object CMakeFiles\RawrXD-Win32IDE.dir\src\hot_patcher.cpp.obj
[4/575] Building CXX object CMakeFiles\RawrXD-Win32IDE.dir\src\utils\Diagnostics.cpp.obj
[5/575] Building CXX object CMakeFiles\RawrXD-Win32IDE.dir\src\engine\inference_kernels.cpp.obj
[6/575] Building CXX object CMakeFiles\RawrXD-Win32IDE.dir\src\engine\bpe_tokenizer.cpp.obj
[7/575] Building CXX object CMakeFiles\RawrXD-Win32IDE.dir\src\engine\sampler.cpp.obj
[8/575] Building CXX object CMakeFiles\RawrXD-Win32IDE.dir\src\engine\core_generator.cpp.obj
[9/575] Building CXX object CMakeFiles\RawrXD-Win32IDE.dir\src\engine\pyre_compute.cpp.obj
[10/575] Building CXX object CMakeFiles\RawrXD-Win32IDE.dir\src\model_source_resolver.cpp.obj
[11/575] Building CXX object CMakeFiles\RawrXD-Win32IDE.dir\src\gguf_vocab_resolver.cpp.obj
[12/575] Building CXX object CMakeFiles\RawrXD-Win32IDE.dir\src\core\enterprise_licensev2_impl.cpp.obj
[13/575] Building CXX object CMakeFiles\RawrXD-Win32IDE.dir\src\engine\transformer.cpp.obj
[14/575] Building CXX object CMakeFiles\RawrXD-Win32IDE.dir\src\tools\license_validator_manifest.cpp.obj
[15/575] Building CXX object CMakeFiles\RawrXD-Win32IDE.dir\src\core\enterprise_devunlock_bridge.cpp.obj
[16/575] Building CXX object CMakeFiles\RawrXD-Win32IDE.dir\src\core\monolithic_heap_globals.cpp.obj
[17/575] Building CXX object CMakeFiles\RawrXD-Win32IDE.dir\src\gguf_loader.cpp.obj
[18/575] Building CXX object CMakeFiles\RawrXD-Win32IDE.dir\src\core\gpu_backend_bridge.cpp.obj
[19/575] Building CXX object CMakeFiles\RawrXD-Win32IDE.dir\src\core\license_anti_tampering.cpp.obj
[20/575] Building CXX object CMakeFiles\RawrXD-Win32IDE.dir\src\core\streaming_engine_registry.cpp.obj
[21/575] Building CXX object CMakeFiles\RawrXD-Win32IDE.dir\src\core\camellia256_bridge.cpp.obj
[22/575] Building CXX object CMakeFiles\RawrXD-Win32IDE.dir\src\core\watchdog_service.cpp.obj
[23/575] Building CXX object CMakeFiles\RawrXD-Win32IDE.dir\src\core\flash_attention.cpp.obj
[24/575] Building CXX object CMakeFiles\RawrXD-Win32IDE.dir\src\core\enterprise_license.cpp.obj
[25/575] Building CXX object CMakeFiles\RawrXD-Win32IDE.dir\src\core\execution_scheduler.cpp.obj
[26/575] Building CXX object CMakeFiles\RawrXD-Win32IDE.dir\src\core\execution_governor.cpp.obj
[27/575] Building CXX object CMakeFiles\RawrXD-Win32IDE.dir\src\core\multi_gpu.cpp.obj
[28/575] Building CXX object CMakeFiles\RawrXD-Win32IDE.dir\src\core\deterministic_replay.cpp.obj
[29/575] Building CXX object CMakeFiles\RawrXD-Win32IDE.dir\src\core\confidence_gate.cpp.obj
[30/575] Building CXX object CMakeFiles\RawrXD-Win32IDE.dir\src\core\agent_safety_contract.cpp.obj
[31/575] Building CXX object CMakeFiles\RawrXD-Win32IDE.dir\src\core\layer_offload_manager.cpp.obj
[32/575] Building CXX object CMakeFiles\RawrXD-Win32IDE.dir\src\core\native_speed_layer.cpp.obj
[33/575] Building CXX object CMakeFiles\RawrXD-Win32IDE.dir\src\win32app\Win32IDE_SwarmPanel.cpp.obj
[34/575] Building CXX object CMakeFiles\RawrXD-Win32IDE.dir\src\win32app\Win32IDE_DualAgentPanel.cpp.obj
[35/575] Building CXX object CMakeFiles\RawrXD-Win32IDE.dir\src\core\70b_gguf_hotpatch.cpp.obj
[36/575] Building CXX object CMakeFiles\RawrXD-Win32IDE.dir\src\core\local_ai_core.cpp.obj
[37/575] Building CXX object CMakeFiles\RawrXD-Win32IDE.dir\src\win32app\Win32IDE_NativeDebugPanel.cpp.obj
[38/575] Building CXX object CMakeFiles\RawrXD-Win32IDE.dir\src\core\native_inference_pipeline.cpp.obj
[39/575] Building CXX object CMakeFiles\RawrXD-Win32IDE.dir\src\core\governor_throttling.cpp.obj
[40/575] Building CXX object CMakeFiles\RawrXD-Win32IDE.dir\src\core\native_debugger_symbols.cpp.obj
[41/575] Building CXX object CMakeFiles\RawrXD-Win32IDE.dir\src\core\swarm_coordinator.cpp.obj
[42/575] Building CXX object CMakeFiles\RawrXD-Win32IDE.dir\src\core\swarm_worker.cpp.obj
[43/575] Building CXX object CMakeFiles\RawrXD-Win32IDE.dir\src\server\gguf_server_hotpatch.cpp.obj
[44/575] Building CXX object CMakeFiles\RawrXD-Win32IDE.dir\src\core\byte_level_hotpatcher.cpp.obj
[45/575] Building CXX object CMakeFiles\RawrXD-Win32IDE.dir\src\core\proxy_hotpatcher.cpp.obj
[46/575] Building CXX object CMakeFiles\RawrXD-Win32IDE.dir\src\core\model_memory_hotpatch.cpp.obj
[47/575] Building CXX object CMakeFiles\RawrXD-Win32IDE.dir\src\win32app\Win32IDE_HotpatchPanel.cpp.obj
[48/575] Building CXX object CMakeFiles\RawrXD-Win32IDE.dir\src\agent\agentic_hotpatch_orchestrator.cpp.obj
[49/575] Building CXX object CMakeFiles\RawrXD-Win32IDE.dir\src\core\native_debugger_engine.cpp.obj
[50/575] Building CXX object CMakeFiles\RawrXD-Win32IDE.dir\src\agent\llm_http_client.cpp.obj
[51/575] Building CXX object CMakeFiles\RawrXD-Win32IDE.dir\src\agent\planner.cpp.obj
[52/575] Building CXX object CMakeFiles\RawrXD-Win32IDE.dir\src\core\pt_driver_contract.cpp.obj
[53/575] Building CXX object CMakeFiles\RawrXD-Win32IDE.dir\src\agent\meta_planner.cpp.obj
[54/575] Building CXX object CMakeFiles\RawrXD-Win32IDE.dir\src\agent\eval_framework.cpp.obj
[55/575] Building CXX object CMakeFiles\RawrXD-Win32IDE.dir\src\agent\autonomous_subagent.cpp.obj
[56/575] Building CXX object CMakeFiles\RawrXD-Win32IDE.dir\src\agent\agentic_failure_detector.cpp.obj
[57/575] Building CXX object CMakeFiles\RawrXD-Win32IDE.dir\src\core\shadow_page_detour.cpp.obj
[58/575] Building CXX object CMakeFiles\RawrXD-Win32IDE.dir\src\cloud_api_client.cpp.obj
[59/575] Building CXX object CMakeFiles\RawrXD-Win32IDE.dir\src\agent\model_invoker.cpp.obj
[60/575] Building CXX object CMakeFiles\RawrXD-Win32IDE.dir\src\agent\agentic_deep_thinking_engine.cpp.obj
[61/575] Building CXX object CMakeFiles\RawrXD-Win32IDE.dir\src\agent\agent_self_repair.cpp.obj
[62/575] Building CXX object CMakeFiles\RawrXD-Win32IDE.dir\src\agent\agent_self_healing_orchestrator.cpp.obj
[63/575] Building CXX object CMakeFiles\RawrXD-Win32IDE.dir\src\modules\vsix_loader_win32.cpp.obj
[64/575] Building CXX object CMakeFiles\RawrXD-Win32IDE.dir\src\modules\codex_ultimate.cpp.obj
[65/575] Building CXX object CMakeFiles\RawrXD-Win32IDE.dir\src\modules\vscode_extension_api.cpp.obj
[66/575] Building CXX object CMakeFiles\RawrXD-Win32IDE.dir\src\agent\local_reasoning_engine.cpp.obj
[67/575] Building CXX object CMakeFiles\RawrXD-Win32IDE.dir\src\win32app\Win32IDE_VSCodeExtAPI.cpp.obj
[68/575] Building CXX object CMakeFiles\RawrXD-Win32IDE.dir\src\core\sentinel_watchdog.cpp.obj
[69/575] Building CXX object CMakeFiles\RawrXD-Win32IDE.dir\src\core\unified_hotpatch_manager.cpp.obj
[70/575] Building CXX object CMakeFiles\RawrXD-Win32IDE.dir\src\agent\agentic_puppeteer.cpp.obj
[71/575] Building CXX object CMakeFiles\RawrXD-Win32IDE.dir\src\core\production_release.cpp.obj
[72/575] Building CXX object CMakeFiles\RawrXD-Win32IDE.dir\src\core\model_bruteforce_engine.cpp.obj
[73/575] Building CXX object CMakeFiles\RawrXD-Win32IDE.dir\src\core\universal_model_hotpatcher.cpp.obj
[74/575] Building CXX object CMakeFiles\RawrXD-Win32IDE.dir\src\core\quantum_safe_transport.cpp.obj
[75/575] Building CXX object CMakeFiles\RawrXD-Win32IDE.dir\src\core\swarm_decision_bridge.cpp.obj
[76/575] Building CXX object CMakeFiles\RawrXD-Win32IDE.dir\src\core\adaptive_pipeline_parallel.cpp.obj
[77/575] Building CXX object CMakeFiles\RawrXD-Win32IDE.dir\src\core\universal_model_merger.cpp.obj
[78/575] Building CXX object CMakeFiles\RawrXD-Win32IDE.dir\src\core\unified_memory_executor.cpp.obj
[79/575] Building CXX object CMakeFiles\RawrXD-Win32IDE.dir\src\core\model_runtime_gate.cpp.obj
[80/575] Building CXX object CMakeFiles\RawrXD-Win32IDE.dir\src\core\webrtc_signaling.cpp.obj
[81/575] Building CXX object CMakeFiles\RawrXD-Win32IDE.dir\src\core\gpu_kernel_autotuner.cpp.obj
[82/575] Building CXX object CMakeFiles\RawrXD-Win32IDE.dir\src\core\amd_gpu_accelerator.cpp.obj
[83/575] Building CXX object CMakeFiles\RawrXD-Win32IDE.dir\src\win32app\Win32IDE_WebView2.cpp.obj
[84/575] Building CXX object CMakeFiles\RawrXD-Win32IDE.dir\src\win32app\AgenticBrowserLayer.cpp.obj
[85/575] Building CXX object CMakeFiles\RawrXD-Win32IDE.dir\src\win32app\Win32IDE_AgenticBrowser.cpp.obj
[86/575] Building CXX object CMakeFiles\RawrXD-Win32IDE.dir\src\win32app\Win32IDE_MonacoThemes.cpp.obj
[87/575] Building CXX object CMakeFiles\RawrXD-Win32IDE.dir\src\lsp\RawrXD_LSPServer.cpp.obj
[88/575] Building CXX object CMakeFiles\RawrXD-Win32IDE.dir\src\core\pdb_reference_provider.cpp.obj
[89/575] Building CXX object CMakeFiles\RawrXD-Win32IDE.dir\src\lsp\lsp_hotpatch_bridge.cpp.obj
[90/575] Building CXX object CMakeFiles\RawrXD-Win32IDE.dir\src\lsp\hotpatch_symbol_provider.cpp.obj
[91/575] Building CXX object CMakeFiles\RawrXD-Win32IDE.dir\src\lsp\gguf_diagnostic_provider.cpp.obj
[92/575] Building CXX object CMakeFiles\RawrXD-Win32IDE.dir\src\core\sandbox_integration.cpp.obj
[93/575] Building CXX object CMakeFiles\RawrXD-Win32IDE.dir\src\win32app\Win32IDE_PDBSymbols.cpp.obj
[94/575] Building CXX object CMakeFiles\RawrXD-Win32IDE.dir\src\core\intel_gpu_accelerator.cpp.obj
[95/575] Building CXX object CMakeFiles\RawrXD-Win32IDE.dir\src\win32app\Win32IDE_LSPServer.cpp.obj
FAILED: [code=2] CMakeFiles/RawrXD-Win32IDE.dir/src/win32app/Win32IDE_LSPServer.cpp.obj 
"C:\Program Files (x86)\Microsoft Visual Studio\2022\BuildTools\VC\Tools\MSVC\14.44.35207\bin\Hostx64\x64\cl.exe"  /nologo /TP -DHAS_BRUTAL_GZIP_MASM=1 -DNOMINMAX -DRAWRXD_DISABLE_DUPLICATE_SHIMS=1 -DRAWRXD_HAS_ASM_PYRE=1 -DRAWRXD_HAS_MW_KERNEL=1 -DRAWRXD_HAS_PROMPT_ENGINE=1 -DRAWRXD_HAS_SOVEREIGN_GPU_ASM=0 -DRAWRXD_INFRA_AVAILABLE=0 -DRAWRXD_LINK_ADVANCED_DEOBFUSCATOR_ASM=1 -DRAWRXD_LINK_ANALYZER_DISTILLER_ASM=0 -DRAWRXD_LINK_CODEBASE_AUDIT_SYSTEM_ASM=0 -DRAWRXD_LINK_DUAL_ENGINE_QUANTUM_BEACON_ASM=0 -DRAWRXD_LINK_INFERENCE_KERNELS_ASM=1 -DRAWRXD_LINK_PATTERN_RECONSTRUCTOR_ASM=1 -DRAWRXD_LINK_PROMETHEUS_EXPORTER_ASM=1 -DRAWRXD_LINK_QUADBUFFER_ASM=1 -DRAWRXD_LINK_REVERSE_ENGINEERED_ASM=1 -DRAWRXD_LINK_SELFPATCH_AGENT_ASM=1 -DRAWRXD_LINK_SOURCEEDIT_KERNEL_ASM=1 -DRAWRXD_LINK_STREAMING_ORCHESTRATOR_ASM=0 -DRAWRXD_LINK_TELEMETRY_KERNEL_ASM=1 -DRAWRXD_LINK_UNIFIED_OVERCLOCK_GOVERNOR_ASM=0 -DRAWRXD_LINK_VISION_PROJECTION_ASM=0 -DRAWRXD_MASM_GLOBALS_LINKED=1 -DRAWRXD_PRODUCTION_STRIP_STUB_SOURCES=0 -DRAWRXD_STRICT_PRODUCTION_PROFILE=0 -DRAWRXD_USE_DEDICATED_CODELENS=1 -DRAWRXD_USE_DEDICATED_HOVER=1 -DRAWRXD_USE_DEDICATED_INLAY=1 -DRAWRXD_USE_DEDICATED_MINIMAP=1 -DRAWR_ATOMIC_ACTIVATION_ENABLED=1 -DRAWR_CAPABILITY_TOKENS_ENABLED=1 -DRAWR_ENABLE_VULKAN=1 -DRAWR_HAS_MASM=1 -DRAWR_HAS_MODEL_ANATOMY=1 -DRAWR_HAS_QUICKJS=1 -DRAWR_HAS_RAWR_INFERENCE=0 -DRAWR_HAS_SOVEREIGN_ENGINES=0 -DRAWR_HAS_VULKAN=1 -DRAWR_HOTPATCH_JOURNAL_ENABLED=1 -DRAWR_INTENT_EMERGENCY_BYPASS=0 -DRAWR_INTENT_GUARD_ENABLED=1 -DRAWR_INTENT_VALIDATION_ENABLED=1 -DRAWR_MODEL_ADAPTER_ENABLED=1 -DRAWR_PATCH_FIREWALL_ENABLED=1 -DRAWR_PATCH_TRANSACTION_ENABLED=1 -DRAWR_QUICKJS_STUB=0 -DRAWR_REFLECTOR_AGENT_ENABLED=1 -DRAWR_ROLLBACK_FIRST_CLASS_ENABLED=1 -DUNICODE -DVULKAN_HPP_DISPATCH_LOADER_DYNAMIC=1 -DWIN32_LEAN_AND_MEAN -D_CRT_SECURE_NO_WARNINGS -D_UNICODE -IF:\~dev\rawrxd\include -IF:\~dev\rawrxd\Ship -IF:\~dev\rawrxd\src\masm -IF:\~dev\rawrxd\src\sovereign_autonomy -IF:\~dev\rawrxd\src\runtime -IF:\~dev\rawrxd\src\compiler_backend -IF:\~dev\rawrxd\src\sovereign\puppeteer -IC:\VulkanSDK\1.4.357.0\include -IF:\~dev\rawrxd\src -IF:\~dev\rawrxd\src\engine -IF:\~dev\rawrxd\src\core -IF:\~dev\rawrxd\src\server -IF:\~dev\rawrxd\src\agent -IF:\~dev\rawrxd\src\agentic -IF:\~dev\rawrxd\src\cli -IF:\~dev\rawrxd\src\win32app -IF:\~dev\rawrxd\src\modules -IF:\~dev\rawrxd\src\utils -IF:\~dev\rawrxd\src\config -IF:\~dev\rawrxd\src\asm -IF:\~dev\rawrxd\src\lsp -IF:\~dev\rawrxd\src\plugin_system -IF:\~dev\rawrxd\src\ide -IF:\~dev\rawrxd\src\llm_adapter -IF:\~dev\rawrxd\src\auth -IF:\~dev\rawrxd\src\context -IF:\~dev\rawrxd\src\multimodal_engine -IF:\~dev\rawrxd\src\telemetry -IF:\~dev\rawrxd\src\ui -IF:\~dev\rawrxd\src\git -IF:\~dev\rawrxd\src\sovereign -IF:\~dev\rawrxd\src\sovereign\spine -IF:\~dev\rawrxd\src\sovereign\terminal -IF:\~dev\rawrxd\src\sovereign\build -IF:\~dev\rawrxd\src\sovereign\agent -IF:\~dev\rawrxd\src\sovereign\bus -IF:\~dev\rawrxd\src\sovereign\compression -IF:\~dev\rawrxd\src\sovereign\awareness -IF:\~dev\rawrxd\src\sovereign\validator -IF:\~dev\rawrxd\src\sovereign\recovery -IF:\~dev\rawrxd\src\sovereign\control -IF:\~dev\rawrxd\src\sovereign\capsule -IF:\~dev\rawrxd\src\sovereign\ide -IF:\~dev\rawrxd\3rdparty\quickjs -IF:\~dev\rawrxd\src\reverse_engineering -IF:\~dev\rawrxd\src\reverse_engineering\pe_tools -IF:\~dev\rawrxd\src\deep2 -IF:\~dev\rawrxd\src\inference -IF:\~dev\rawrxd\src\codec -IF:\~dev\rawrxd\src\runtime\governance -IF:\~dev\rawrxd\rguf_source -external:I"C:\Program Files (x86)\Microsoft Visual Studio\2022\BuildTools\VC\Tools\MSVC\14.44.35207\include" -external:I"C:\Program Files (x86)\Windows Kits\10\Include\10.0.26100.0\ucrt" -external:I"C:\Program Files (x86)\Windows Kits\10\Include\10.0.26100.0\shared" -external:I"C:\Program Files (x86)\Windows Kits\10\Include\10.0.26100.0\um" -external:I"C:\Program Files (x86)\Windows Kits\10\Include\10.0.26100.0\winrt" -external:ID:\rawrxd\Ship\webview2\build\native\include -external:IC:\VulkanSDK\1.4.357.0\Include -external:W0 /DWIN32 /D_WINDOWS /EHsc /O2 /Ob2 /DNDEBUG -std:c++latest -MT /GS- /sdl- /EHsc /W0 /arch:AVX2 /Zi /O2 /showIncludes /FoCMakeFiles\RawrXD-Win32IDE.dir\src\win32app\Win32IDE_LSPServer.cpp.obj /Fdbin\RawrXD-Win32IDE.pdb /FS -c F:\~dev\rawrxd\src\win32app\Win32IDE_LSPServer.cpp
F:\~dev\rawrxd\src\win32app\Win32IDE_LSPServer.cpp(104): error C2039: 'sort': is not a member of 'std'
C:\Program Files (x86)\Microsoft Visual Studio\2022\BuildTools\VC\Tools\MSVC\14.44.35207\include\thread(37): note: see declaration of 'std'
F:\~dev\rawrxd\src\win32app\Win32IDE_LSPServer.cpp(104): error C3861: 'sort': identifier not found
[96/575] Building CXX object CMakeFiles\RawrXD-Win32IDE.dir\src\core\arm64_gpu_accelerator.cpp.obj
[97/575] Building CXX object CMakeFiles\RawrXD-Win32IDE.dir\src\core\cerebras_wse_accelerator.cpp.obj
[98/575] Building CXX object CMakeFiles\RawrXD-Win32IDE.dir\src\win32app\Win32IDE_EditorEngine.cpp.obj
[99/575] Building CXX object CMakeFiles\RawrXD-Win32IDE.dir\src\core\feature_registry.cpp.obj
[100/575] Building CXX object CMakeFiles\RawrXD-Win32IDE.dir\src\core\accelerator_router.cpp.obj
[101/575] Building CXX object CMakeFiles\RawrXD-Win32IDE.dir\src\core\auto_feature_registry.cpp.obj
[102/575] Building CXX object CMakeFiles\RawrXD-Win32IDE.dir\src\core\menu_auditor.cpp.obj
ninja: build stopped: subcommand failed.
