[1/788] Building CXX object CMakeFiles\RawrXD-Win32IDE.dir\src\gpu\speculative_decoder_v2.cpp.obj
[2/788] Building CXX object CMakeFiles\RawrXD-Win32IDE.dir\src\agentic\SubAgentManager.cpp.obj
[3/788] Building CXX object CMakeFiles\RawrXD-Win32IDE.dir\src\agentic\RobustOllamaParser.cpp.obj
[4/788] Building CXX object CMakeFiles\RawrXD-Win32IDE.dir\src\subagent_core.cpp.obj
[5/788] Building CXX object CMakeFiles\RawrXD-Win32IDE.dir\src\inference\MemoryPressureGuard.cpp.obj
[6/788] Building CXX object CMakeFiles\RawrXD-Win32IDE.dir\src\inference\gpu_dispatch_gate.cpp.obj
[7/788] Building CXX object CMakeFiles\RawrXD-Win32IDE.dir\src\inference\ai_model_caller_real.cpp.obj
[8/788] Building CXX object CMakeFiles\RawrXD-Win32IDE.dir\src\inference\inference_engine_real.cpp.obj
[9/788] Building CXX object CMakeFiles\RawrXD-Win32IDE.dir\src\gguf_masm_weight_bridge.cpp.obj
[10/788] Building CXX object CMakeFiles\RawrXD-Win32IDE.dir\src\codec\brutal_gzip.cpp.obj
[11/788] Building CXX object CMakeFiles\RawrXD-Win32IDE.dir\src\codec\gzip_brutal_inflate.cpp.obj
[12/788] Building ASM_MASM object CMakeFiles\RawrXD-Win32IDE.dir\src\asm\webview2_masm64_dispatcher.asm.obj
Microsoft (R) Macro Assembler (x64) Version 14.44.35228.0
Copyright (C) Microsoft Corporation.  All rights reserved.

 Assembling: F:\~dev\rawrxd\src\asm\webview2_masm64_dispatcher.asm
[13/788] Building ASM_MASM object CMakeFiles\RawrXD-Win32IDE.dir\src\asm\view_state_x64.asm.obj
Microsoft (R) Macro Assembler (x64) Version 14.44.35228.0
Copyright (C) Microsoft Corporation.  All rights reserved.

 Assembling: F:\~dev\rawrxd\src\asm\view_state_x64.asm
[14/788] Building ASM_MASM object CMakeFiles\RawrXD-Win32IDE.dir\src\asm\tensor_masm.asm.obj
Microsoft (R) Macro Assembler (x64) Version 14.44.35228.0
Copyright (C) Microsoft Corporation.  All rights reserved.

 Assembling: F:\~dev\rawrxd\src\asm\tensor_masm.asm
[15/788] Building CXX object CMakeFiles\RawrXD-Win32IDE.dir\src\modules\ReverseEngineering.cpp.obj
[16/788] Building CXX object CMakeFiles\RawrXD-Win32IDE.dir\src\win32app\Win32IDE.cpp.obj
[17/788] Building CXX object CMakeFiles\RawrXD-Win32IDE.dir\src\win32app\Win32IDE_CoreRuntimeSpine.cpp.obj
[18/788] Building CXX object CMakeFiles\RawrXD-Win32IDE.dir\src\win32app\Win32IDE_CommandSurface.cpp.obj
[19/788] Building CXX object CMakeFiles\RawrXD-Win32IDE.dir\src\agentic\ErrorRecoveryManager.cpp.obj
[20/788] Building CXX object CMakeFiles\RawrXD-Win32IDE.dir\src\win32app\Win32IDE_Core.cpp.obj
[21/788] Building CXX object CMakeFiles\RawrXD-Win32IDE.dir\src\command\SessionBinder.cpp.obj
[22/788] Building CXX object CMakeFiles\RawrXD-Win32IDE.dir\src\win32app\Win32IDE_Commands.cpp.obj
[23/788] Building CXX object CMakeFiles\RawrXD-Win32IDE.dir\src\command\CommandBroker.cpp.obj
FAILED: [code=2] CMakeFiles/RawrXD-Win32IDE.dir/src/command/CommandBroker.cpp.obj 
"C:\Program Files (x86)\Microsoft Visual Studio\2022\BuildTools\VC\Tools\MSVC\14.44.35207\bin\Hostx64\x64\cl.exe"  /nologo /TP -DHAS_BRUTAL_GZIP_MASM=1 -DNOMINMAX -DRAWRXD_DISABLE_DUPLICATE_SHIMS=1 -DRAWRXD_HAS_ASM_PYRE=1 -DRAWRXD_HAS_MW_KERNEL=1 -DRAWRXD_HAS_PROMPT_ENGINE=1 -DRAWRXD_HAS_SOVEREIGN_GPU_ASM=0 -DRAWRXD_INFRA_AVAILABLE=0 -DRAWRXD_LINK_ADVANCED_DEOBFUSCATOR_ASM=1 -DRAWRXD_LINK_ANALYZER_DISTILLER_ASM=0 -DRAWRXD_LINK_CODEBASE_AUDIT_SYSTEM_ASM=0 -DRAWRXD_LINK_DUAL_ENGINE_QUANTUM_BEACON_ASM=0 -DRAWRXD_LINK_INFERENCE_KERNELS_ASM=1 -DRAWRXD_LINK_PATTERN_RECONSTRUCTOR_ASM=1 -DRAWRXD_LINK_PROMETHEUS_EXPORTER_ASM=1 -DRAWRXD_LINK_QUADBUFFER_ASM=1 -DRAWRXD_LINK_REVERSE_ENGINEERED_ASM=1 -DRAWRXD_LINK_SELFPATCH_AGENT_ASM=1 -DRAWRXD_LINK_SOURCEEDIT_KERNEL_ASM=1 -DRAWRXD_LINK_STREAMING_ORCHESTRATOR_ASM=0 -DRAWRXD_LINK_TELEMETRY_KERNEL_ASM=1 -DRAWRXD_LINK_UNIFIED_OVERCLOCK_GOVERNOR_ASM=0 -DRAWRXD_LINK_VISION_PROJECTION_ASM=0 -DRAWRXD_MASM_GLOBALS_LINKED=1 -DRAWRXD_PRODUCTION_STRIP_STUB_SOURCES=0 -DRAWRXD_STRICT_PRODUCTION_PROFILE=0 -DRAWRXD_USE_DEDICATED_CODELENS=1 -DRAWRXD_USE_DEDICATED_HOVER=1 -DRAWRXD_USE_DEDICATED_INLAY=1 -DRAWRXD_USE_DEDICATED_MINIMAP=1 -DRAWR_ATOMIC_ACTIVATION_ENABLED=1 -DRAWR_CAPABILITY_TOKENS_ENABLED=1 -DRAWR_ENABLE_VULKAN=1 -DRAWR_HAS_MASM=1 -DRAWR_HAS_MODEL_ANATOMY=1 -DRAWR_HAS_QUICKJS=1 -DRAWR_HAS_RAWR_INFERENCE=0 -DRAWR_HAS_SOVEREIGN_ENGINES=0 -DRAWR_HAS_VULKAN=1 -DRAWR_HOTPATCH_JOURNAL_ENABLED=1 -DRAWR_INTENT_EMERGENCY_BYPASS=0 -DRAWR_INTENT_GUARD_ENABLED=1 -DRAWR_INTENT_VALIDATION_ENABLED=1 -DRAWR_MODEL_ADAPTER_ENABLED=1 -DRAWR_PATCH_FIREWALL_ENABLED=1 -DRAWR_PATCH_TRANSACTION_ENABLED=1 -DRAWR_QUICKJS_STUB=0 -DRAWR_REFLECTOR_AGENT_ENABLED=1 -DRAWR_ROLLBACK_FIRST_CLASS_ENABLED=1 -DUNICODE -DVULKAN_HPP_DISPATCH_LOADER_DYNAMIC=1 -DWIN32_LEAN_AND_MEAN -D_CRT_SECURE_NO_WARNINGS -D_UNICODE -IF:\~dev\rawrxd\include -IF:\~dev\rawrxd\Ship -IF:\~dev\rawrxd\src\masm -IF:\~dev\rawrxd\src\sovereign_autonomy -IF:\~dev\rawrxd\src\runtime -IF:\~dev\rawrxd\src\compiler_backend -IF:\~dev\rawrxd\src\sovereign\puppeteer -IC:\VulkanSDK\1.4.357.0\include -IF:\~dev\rawrxd\src -IF:\~dev\rawrxd\src\engine -IF:\~dev\rawrxd\src\core -IF:\~dev\rawrxd\src\server -IF:\~dev\rawrxd\src\agent -IF:\~dev\rawrxd\src\agentic -IF:\~dev\rawrxd\src\cli -IF:\~dev\rawrxd\src\win32app -IF:\~dev\rawrxd\src\modules -IF:\~dev\rawrxd\src\utils -IF:\~dev\rawrxd\src\config -IF:\~dev\rawrxd\src\asm -IF:\~dev\rawrxd\src\lsp -IF:\~dev\rawrxd\src\plugin_system -IF:\~dev\rawrxd\src\ide -IF:\~dev\rawrxd\src\llm_adapter -IF:\~dev\rawrxd\src\auth -IF:\~dev\rawrxd\src\context -IF:\~dev\rawrxd\src\multimodal_engine -IF:\~dev\rawrxd\src\telemetry -IF:\~dev\rawrxd\src\ui -IF:\~dev\rawrxd\src\git -IF:\~dev\rawrxd\src\sovereign -IF:\~dev\rawrxd\src\sovereign\spine -IF:\~dev\rawrxd\src\sovereign\terminal -IF:\~dev\rawrxd\src\sovereign\build -IF:\~dev\rawrxd\src\sovereign\agent -IF:\~dev\rawrxd\src\sovereign\bus -IF:\~dev\rawrxd\src\sovereign\compression -IF:\~dev\rawrxd\src\sovereign\awareness -IF:\~dev\rawrxd\src\sovereign\validator -IF:\~dev\rawrxd\src\sovereign\recovery -IF:\~dev\rawrxd\src\sovereign\control -IF:\~dev\rawrxd\src\sovereign\capsule -IF:\~dev\rawrxd\src\sovereign\ide -IF:\~dev\rawrxd\3rdparty\quickjs -IF:\~dev\rawrxd\src\reverse_engineering -IF:\~dev\rawrxd\src\reverse_engineering\pe_tools -IF:\~dev\rawrxd\src\deep2 -IF:\~dev\rawrxd\src\inference -IF:\~dev\rawrxd\src\codec -IF:\~dev\rawrxd\src\runtime\governance -IF:\~dev\rawrxd\rguf_source -external:I"C:\Program Files (x86)\Microsoft Visual Studio\2022\BuildTools\VC\Tools\MSVC\14.44.35207\include" -external:I"C:\Program Files (x86)\Windows Kits\10\Include\10.0.26100.0\ucrt" -external:I"C:\Program Files (x86)\Windows Kits\10\Include\10.0.26100.0\shared" -external:I"C:\Program Files (x86)\Windows Kits\10\Include\10.0.26100.0\um" -external:I"C:\Program Files (x86)\Windows Kits\10\Include\10.0.26100.0\winrt" -external:ID:\rawrxd\Ship\webview2\build\native\include -external:IC:\VulkanSDK\1.4.357.0\Include -external:W0 /DWIN32 /D_WINDOWS /EHsc /O2 /Ob2 /DNDEBUG -std:c++latest -MT /GS- /sdl- /EHsc /W0 /arch:AVX2 /Zi /O2 /showIncludes /FoCMakeFiles\RawrXD-Win32IDE.dir\src\command\CommandBroker.cpp.obj /Fdbin\RawrXD-Win32IDE.pdb /FS -c F:\~dev\rawrxd\src\command\CommandBroker.cpp
F:\~dev\rawrxd\src\command\CommandBroker.cpp(45): error C2039: 'error_message': is not a member of 'rawrxd::command::CommandResult'
F:\~dev\rawrxd\src\command\CommandBroker.hpp(50): note: see declaration of 'rawrxd::command::CommandResult'
F:\~dev\rawrxd\src\command\CommandBroker.cpp(52): error C2039: 'error_message': is not a member of 'rawrxd::command::CommandResult'
F:\~dev\rawrxd\src\command\CommandBroker.hpp(50): note: see declaration of 'rawrxd::command::CommandResult'
[24/788] Building CXX object CMakeFiles\RawrXD-Win32IDE.dir\src\win32app\Win32IDE_VSCodeUI.cpp.obj
[25/788] Building CXX object CMakeFiles\RawrXD-Win32IDE.dir\src\bridge\UnifiedModelMetadata.cpp.obj
[26/788] Building CXX object CMakeFiles\RawrXD-Win32IDE.dir\src\bridge\SwarmIATRegistration.cpp.obj
[27/788] Building CXX object CMakeFiles\RawrXD-Win32IDE.dir\src\command\CommandEventJournal.cpp.obj
[28/788] Building CXX object CMakeFiles\RawrXD-Win32IDE.dir\src\command\CapabilityProfile.cpp.obj
[29/788] Building CXX object CMakeFiles\RawrXD-Win32IDE.dir\src\core\auto_feature_registry.cpp.obj
FAILED: [code=2] CMakeFiles/RawrXD-Win32IDE.dir/src/core/auto_feature_registry.cpp.obj 
"C:\Program Files (x86)\Microsoft Visual Studio\2022\BuildTools\VC\Tools\MSVC\14.44.35207\bin\Hostx64\x64\cl.exe"  /nologo /TP -DHAS_BRUTAL_GZIP_MASM=1 -DNOMINMAX -DRAWRXD_DISABLE_DUPLICATE_SHIMS=1 -DRAWRXD_HAS_ASM_PYRE=1 -DRAWRXD_HAS_MW_KERNEL=1 -DRAWRXD_HAS_PROMPT_ENGINE=1 -DRAWRXD_HAS_SOVEREIGN_GPU_ASM=0 -DRAWRXD_INFRA_AVAILABLE=0 -DRAWRXD_LINK_ADVANCED_DEOBFUSCATOR_ASM=1 -DRAWRXD_LINK_ANALYZER_DISTILLER_ASM=0 -DRAWRXD_LINK_CODEBASE_AUDIT_SYSTEM_ASM=0 -DRAWRXD_LINK_DUAL_ENGINE_QUANTUM_BEACON_ASM=0 -DRAWRXD_LINK_INFERENCE_KERNELS_ASM=1 -DRAWRXD_LINK_PATTERN_RECONSTRUCTOR_ASM=1 -DRAWRXD_LINK_PROMETHEUS_EXPORTER_ASM=1 -DRAWRXD_LINK_QUADBUFFER_ASM=1 -DRAWRXD_LINK_REVERSE_ENGINEERED_ASM=1 -DRAWRXD_LINK_SELFPATCH_AGENT_ASM=1 -DRAWRXD_LINK_SOURCEEDIT_KERNEL_ASM=1 -DRAWRXD_LINK_STREAMING_ORCHESTRATOR_ASM=0 -DRAWRXD_LINK_TELEMETRY_KERNEL_ASM=1 -DRAWRXD_LINK_UNIFIED_OVERCLOCK_GOVERNOR_ASM=0 -DRAWRXD_LINK_VISION_PROJECTION_ASM=0 -DRAWRXD_MASM_GLOBALS_LINKED=1 -DRAWRXD_PRODUCTION_STRIP_STUB_SOURCES=0 -DRAWRXD_STRICT_PRODUCTION_PROFILE=0 -DRAWRXD_USE_DEDICATED_CODELENS=1 -DRAWRXD_USE_DEDICATED_HOVER=1 -DRAWRXD_USE_DEDICATED_INLAY=1 -DRAWRXD_USE_DEDICATED_MINIMAP=1 -DRAWR_ATOMIC_ACTIVATION_ENABLED=1 -DRAWR_CAPABILITY_TOKENS_ENABLED=1 -DRAWR_ENABLE_VULKAN=1 -DRAWR_HAS_MASM=1 -DRAWR_HAS_MODEL_ANATOMY=1 -DRAWR_HAS_QUICKJS=1 -DRAWR_HAS_RAWR_INFERENCE=0 -DRAWR_HAS_SOVEREIGN_ENGINES=0 -DRAWR_HAS_VULKAN=1 -DRAWR_HOTPATCH_JOURNAL_ENABLED=1 -DRAWR_INTENT_EMERGENCY_BYPASS=0 -DRAWR_INTENT_GUARD_ENABLED=1 -DRAWR_INTENT_VALIDATION_ENABLED=1 -DRAWR_MODEL_ADAPTER_ENABLED=1 -DRAWR_PATCH_FIREWALL_ENABLED=1 -DRAWR_PATCH_TRANSACTION_ENABLED=1 -DRAWR_QUICKJS_STUB=0 -DRAWR_REFLECTOR_AGENT_ENABLED=1 -DRAWR_ROLLBACK_FIRST_CLASS_ENABLED=1 -DUNICODE -DVULKAN_HPP_DISPATCH_LOADER_DYNAMIC=1 -DWIN32_LEAN_AND_MEAN -D_CRT_SECURE_NO_WARNINGS -D_UNICODE -IF:\~dev\rawrxd\include -IF:\~dev\rawrxd\Ship -IF:\~dev\rawrxd\src\masm -IF:\~dev\rawrxd\src\sovereign_autonomy -IF:\~dev\rawrxd\src\runtime -IF:\~dev\rawrxd\src\compiler_backend -IF:\~dev\rawrxd\src\sovereign\puppeteer -IC:\VulkanSDK\1.4.357.0\include -IF:\~dev\rawrxd\src -IF:\~dev\rawrxd\src\engine -IF:\~dev\rawrxd\src\core -IF:\~dev\rawrxd\src\server -IF:\~dev\rawrxd\src\agent -IF:\~dev\rawrxd\src\agentic -IF:\~dev\rawrxd\src\cli -IF:\~dev\rawrxd\src\win32app -IF:\~dev\rawrxd\src\modules -IF:\~dev\rawrxd\src\utils -IF:\~dev\rawrxd\src\config -IF:\~dev\rawrxd\src\asm -IF:\~dev\rawrxd\src\lsp -IF:\~dev\rawrxd\src\plugin_system -IF:\~dev\rawrxd\src\ide -IF:\~dev\rawrxd\src\llm_adapter -IF:\~dev\rawrxd\src\auth -IF:\~dev\rawrxd\src\context -IF:\~dev\rawrxd\src\multimodal_engine -IF:\~dev\rawrxd\src\telemetry -IF:\~dev\rawrxd\src\ui -IF:\~dev\rawrxd\src\git -IF:\~dev\rawrxd\src\sovereign -IF:\~dev\rawrxd\src\sovereign\spine -IF:\~dev\rawrxd\src\sovereign\terminal -IF:\~dev\rawrxd\src\sovereign\build -IF:\~dev\rawrxd\src\sovereign\agent -IF:\~dev\rawrxd\src\sovereign\bus -IF:\~dev\rawrxd\src\sovereign\compression -IF:\~dev\rawrxd\src\sovereign\awareness -IF:\~dev\rawrxd\src\sovereign\validator -IF:\~dev\rawrxd\src\sovereign\recovery -IF:\~dev\rawrxd\src\sovereign\control -IF:\~dev\rawrxd\src\sovereign\capsule -IF:\~dev\rawrxd\src\sovereign\ide -IF:\~dev\rawrxd\3rdparty\quickjs -IF:\~dev\rawrxd\src\reverse_engineering -IF:\~dev\rawrxd\src\reverse_engineering\pe_tools -IF:\~dev\rawrxd\src\deep2 -IF:\~dev\rawrxd\src\inference -IF:\~dev\rawrxd\src\codec -IF:\~dev\rawrxd\src\runtime\governance -IF:\~dev\rawrxd\rguf_source -external:I"C:\Program Files (x86)\Microsoft Visual Studio\2022\BuildTools\VC\Tools\MSVC\14.44.35207\include" -external:I"C:\Program Files (x86)\Windows Kits\10\Include\10.0.26100.0\ucrt" -external:I"C:\Program Files (x86)\Windows Kits\10\Include\10.0.26100.0\shared" -external:I"C:\Program Files (x86)\Windows Kits\10\Include\10.0.26100.0\um" -external:I"C:\Program Files (x86)\Windows Kits\10\Include\10.0.26100.0\winrt" -external:ID:\rawrxd\Ship\webview2\build\native\include -external:IC:\VulkanSDK\1.4.357.0\Include -external:W0 /DWIN32 /D_WINDOWS /EHsc /O2 /Ob2 /DNDEBUG -std:c++latest -MT /GS- /sdl- /EHsc /W0 /arch:AVX2 /Zi /O2 /showIncludes /FoCMakeFiles\RawrXD-Win32IDE.dir\src\core\auto_feature_registry.cpp.obj /Fdbin\RawrXD-Win32IDE.pdb /FS -c F:\~dev\rawrxd\src\core\auto_feature_registry.cpp
F:\~dev\rawrxd\src\core\auto_feature_registry.cpp(144): error C2653: 'LocalReasoningIntegration': is not a class or namespace name
F:\~dev\rawrxd\src\core\auto_feature_registry.cpp(144): error C3861: 'instance': identifier not found
[30/788] Building CXX object CMakeFiles\RawrXD-Win32IDE.dir\src\win32app\main_win32.cpp.obj
ninja: build stopped: subcommand failed.
