{"sessionId":"536900","hypothesisId":"H9","location":"initCommandSurface","message":"before_gpu_probe","data":{"d0":0,"d1":0,"d2":0},"timestamp":59590960,"runId":"pre-fix"}
{"sessionId":"536900","hypothesisId":"H9","location":"initCommandSurface","message":"after_gpu_probe","data":{"d0":0,"d1":0,"d2":0},"timestamp":59590965,"runId":"pre-fix"}
{"sessionId":"536900","hypothesisId":"H10","location":"handleMessage","message":"after_wm_deferred_init","data":{"d0":0,"d1":0,"d2":0},"timestamp":59591349,"runId":"pre-fix"}
{"sessionId":"5daacc","hypothesisId":"H2","location":"P1PRA_Veh","message":"access_violation","data":{"rip":"00000000003A93C4","tid":22492,"stage":0,"telemetry_stage":0,"utc_stage":0},"timestamp":59591359,"runId":"pre-fix"}
{"sessionId":"536900","hypothesisId":"H9","location":"initCommandSurface","message":"before_gpu_probe","data":{"d0":0,"d1":0,"d2":0},"timestamp":60518392,"runId":"pre-fix"}
{"sessionId":"536900","hypothesisId":"H9","location":"initCommandSurface","message":"after_gpu_probe","data":{"d0":0,"d1":0,"d2":0},"timestamp":60518397,"runId":"pre-fix"}
{"sessionId":"536900","hypothesisId":"H10","location":"handleMessage","message":"after_wm_deferred_init","data":{"d0":0,"d1":0,"d2":0},"timestamp":60518758,"runId":"pre-fix"}
{"sessionId":"536900","hypothesisId":"H9","location":"initCommandSurface","message":"before_gpu_probe","data":{"d0":0,"d1":0,"d2":0},"timestamp":60588547,"runId":"pre-fix"}
{"sessionId":"536900","hypothesisId":"H9","location":"initCommandSurface","message":"after_gpu_probe","data":{"d0":0,"d1":0,"d2":0},"timestamp":60588552,"runId":"pre-fix"}
{"sessionId":"536900","hypothesisId":"H10","location":"handleMessage","message":"after_wm_deferred_init","data":{"d0":0,"d1":0,"d2":0},"timestamp":60588890,"runId":"pre-fix"}
{"sessionId":"536900","hypothesisId":"H9","location":"initCommandSurface","message":"before_gpu_probe","data":{"d0":0,"d1":0,"d2":0},"timestamp":60673484,"runId":"pre-fix"}
{"sessionId":"536900","hypothesisId":"H9","location":"initCommandSurface","message":"after_gpu_probe","data":{"d0":0,"d1":0,"d2":0},"timestamp":60673490,"runId":"pre-fix"}
{"sessionId":"536900","hypothesisId":"H10","location":"handleMessage","message":"after_wm_deferred_init","data":{"d0":0,"d1":0,"d2":0},"timestamp":60673833,"runId":"pre-fix"}
{"sessionId":"536900","hypothesisId":"H9","location":"initCommandSurface","message":"before_gpu_probe","data":{"d0":0,"d1":0,"d2":0},"timestamp":60850327,"runId":"pre-fix"}
{"sessionId":"536900","hypothesisId":"H9","location":"initCommandSurface","message":"after_gpu_probe","data":{"d0":0,"d1":0,"d2":0},"timestamp":60850331,"runId":"pre-fix"}
{"sessionId":"536900","hypothesisId":"H10","location":"handleMessage","message":"after_wm_deferred_init","data":{"d0":0,"d1":0,"d2":0},"timestamp":60850691,"runId":"pre-fix"}
{"sessionId":"5daacc","hypothesisId":"H2","location":"P1PRA_Veh","message":"access_violation","data":{"rip":"000000001D9C097D","tid":7508,"stage":0,"telemetry_stage":0,"utc_stage":0},"timestamp":60888052,"runId":"pre-fix"}
{"sessionId":"5daacc","hypothesisId":"H2","location":"P1PRA_Veh","message":"access_violation","data":{"rip":"0000000000B29304","tid":7508,"stage":0,"telemetry_stage":0,"utc_stage":0},"timestamp":60888097,"runId":"pre-fix"}
{"sessionId":"536900","hypothesisId":"H9","location":"initCommandSurface","message":"before_gpu_probe","data":{"d0":0,"d1":0,"d2":0},"timestamp":61223856,"runId":"pre-fix"}
{"sessionId":"536900","hypothesisId":"H9","location":"initCommandSurface","message":"after_gpu_probe","data":{"d0":0,"d1":0,"d2":0},"timestamp":61223860,"runId":"pre-fix"}
{"sessionId":"536900","hypothesisId":"H10","location":"handleMessage","message":"after_wm_deferred_init","data":{"d0":0,"d1":0,"d2":0},"timestamp":61224208,"runId":"pre-fix"}
{"sessionId":"5daacc","hypothesisId":"H2","location":"P1PRA_Veh","message":"access_violation","data":{"rip":"00000000005A93C4","tid":17976,"stage":0,"telemetry_stage":0,"utc_stage":0},"timestamp":61224217,"runId":"pre-fix"}
{"sessionId":"536900","hypothesisId":"H9","location":"initCommandSurface","message":"before_gpu_probe","data":{"d0":0,"d1":0,"d2":0},"timestamp":61262925,"runId":"pre-fix"}
{"sessionId":"536900","hypothesisId":"H9","location":"initCommandSurface","message":"after_gpu_probe","data":{"d0":0,"d1":0,"d2":0},"timestamp":61262929,"runId":"pre-fix"}
{"sessionId":"536900","hypothesisId":"H10","location":"handleMessage","message":"after_wm_deferred_init","data":{"d0":0,"d1":0,"d2":0},"timestamp":61263290,"runId":"pre-fix"}
{"sessionId":"5daacc","hypothesisId":"H2","location":"P1PRA_Veh","message":"access_violation","data":{"rip":"00000000005A93C4","tid":7156,"stage":0,"telemetry_stage":0,"utc_stage":0},"timestamp":61263299,"runId":"pre-fix"}
{"sessionId":"536900","hypothesisId":"H9","location":"initCommandSurface","message":"before_gpu_probe","data":{"d0":0,"d1":0,"d2":0},"timestamp":13493997,"runId":"pre-fix"}
{"sessionId":"536900","hypothesisId":"H9","location":"initCommandSurface","message":"after_gpu_probe","data":{"d0":0,"d1":0,"d2":0},"timestamp":13494003,"runId":"pre-fix"}
{"sessionId":"536900","hypothesisId":"H2","location":"P1PRA_OnAcceptedUserPrompt","message":"user_prompt_begin","data":{"d0":1,"d1":1,"d2":12864},"timestamp":13494017,"runId":"pre-fix"}
{"sessionId":"536900","hypothesisId":"H2","location":"P1PRA_OnAcceptedUserPrompt","message":"user_prompt_begin","data":{"d0":2,"d1":1,"d2":12864},"timestamp":13495355,"runId":"pre-fix"}
{"sessionId":"536900","hypothesisId":"H2","location":"P1PRA_OnAcceptedUserPrompt","message":"user_prompt_begin","data":{"d0":3,"d1":1,"d2":12864},"timestamp":13496060,"runId":"pre-fix"}
{"sessionId":"536900","hypothesisId":"H2","location":"P1PRA_OnAcceptedUserPrompt","message":"user_prompt_begin","data":{"d0":4,"d1":1,"d2":12864},"timestamp":13497380,"runId":"pre-fix"}
{"sessionId":"536900","hypothesisId":"H10","location":"handleMessage","message":"after_wm_deferred_init","data":{"d0":0,"d1":0,"d2":0},"timestamp":13501131,"runId":"pre-fix"}
{"sessionId":"5daacc","hypothesisId":"H2","location":"P1PRA_Veh","message":"access_violation","data":{"rip":"0000000016D200C1","tid":22508,"stage":3,"telemetry_stage":0,"utc_stage":0},"timestamp":13501150,"runId":"pre-fix"}
{"sessionId":"536900","hypothesisId":"H9","location":"initCommandSurface","message":"before_gpu_probe","data":{"d0":0,"d1":0,"d2":0},"timestamp":14921474,"runId":"pre-fix"}
{"sessionId":"5daacc","hypothesisId":"H2","location":"P1PRA_Veh","message":"access_violation","data":{"rip":"000000001D18097D","tid":24196,"stage":0,"telemetry_stage":0,"utc_stage":0},"timestamp":14922218,"runId":"pre-fix"}
{"sessionId":"536900","hypothesisId":"H9","location":"initCommandSurface","message":"after_gpu_probe","data":{"d0":0,"d1":0,"d2":0},"timestamp":14922329,"runId":"pre-fix"}
{"sessionId":"536900","hypothesisId":"H9","location":"initCommandSurface","message":"before_gpu_probe","data":{"d0":0,"d1":0,"d2":0},"timestamp":14930545,"runId":"pre-fix"}
{"sessionId":"5daacc","hypothesisId":"H2","location":"P1PRA_Veh","message":"access_violation","data":{"rip":"000000001D22097D","tid":23068,"stage":0,"telemetry_stage":0,"utc_stage":0},"timestamp":14930699,"runId":"pre-fix"}
{"sessionId":"536900","hypothesisId":"H9","location":"initCommandSurface","message":"after_gpu_probe","data":{"d0":0,"d1":0,"d2":0},"timestamp":14930821,"runId":"pre-fix"}
{"sessionId":"536900","hypothesisId":"H10","location":"handleMessage","message":"after_wm_deferred_init","data":{"d0":0,"d1":0,"d2":0},"timestamp":14931260,"runId":"pre-fix"}
{"sessionId":"5daacc","hypothesisId":"H2","location":"P1PRA_Veh","message":"access_violation","data":{"rip":"0000000016D400C1","tid":4684,"stage":3,"telemetry_stage":0,"utc_stage":0},"timestamp":14931278,"runId":"pre-fix"}
