
=== THRESHOLD ntok=1 ===
SPEC_SETUP_ENTER spec=1
SPEC_INIT_BEGIN
SPEC_INIT_OK
SPEC_LOAD_BEGIN
SPEC_LOAD_END ok=1
SPEC_VK_BEGIN spec=1
SPEC_VK_END initialized=1 devices=2
SPEC_CONFIG_BEGIN
SPEC_CONFIG_END
SPEC_SETUP_EXIT
THRESHOLD_SETUP_OK ntok=1
THRESHOLD_GEN_BEGIN ntok=1
RUN_TOKENIZE_BEGIN n=1
RUN_TOKENIZE_OK tokens=19
RUN_GENERATE_BEGIN prompt=19 out=1
[LOGITS] token=0 min=-20.3170 max=21.5677 mean=-2.7952 std=2.8943 argmax=198
[LOGITS_HEAD] -0.234033 -2.222256 1.278841 -3.019772 -2.336701
RUN_GENERATE_END got=1
THRESHOLD_GEN_END ntok=1 got=1
THRESHOLD_RESULT ntok=1 PASS

=== THRESHOLD ntok=2 ===
SPEC_SETUP_ENTER spec=1
SPEC_INIT_BEGIN
SPEC_INIT_OK
SPEC_LOAD_BEGIN
SPEC_LOAD_END ok=1
SPEC_VK_BEGIN spec=1
SPEC_VK_END initialized=1 devices=2
SPEC_CONFIG_BEGIN
SPEC_CONFIG_END
SPEC_SETUP_EXIT
THRESHOLD_SETUP_OK ntok=2
THRESHOLD_GEN_BEGIN ntok=2
RUN_TOKENIZE_BEGIN n=2
RUN_TOKENIZE_OK tokens=19
RUN_GENERATE_BEGIN prompt=19 out=2
SPEC_PATH_ENTER gen=0 rem=2
SPEC_BUILD_PROPOSALS_BEGIN
SPEC_BUILD_PROPOSALS_END count=1
SPEC_VSGW_BEGIN proposals=1
VSGW_ENTER proposals=1 maxEmit=2
VSGW_LOGITS_0_BEGIN
VSGW_LOGITS_0_END first=198
VSGW_KV_BASE=19 B=1
VSGW_ADVANCE_BY_BEGIN B=1
VSGW_ADVANCE_BY_OK kv=20
VSGW_FORWARD_BLOCK_BEGIN B=1 base=19
FSB_EMBED_BEGIN B=1
FSB_EMBED_OK
FSB_L0_ENTER
FSB_L0_ATTN_NORM_BEGIN
FSB_L0_ATTN_NORM_END
FSB_L0_QKV_BEGIN
FSB_L0_QKV_CPU_FALLBACK
FSB_L0_QKV_END
FSB_L0_ROPE_KV_BEGIN b=0
FSB_L0_ROPE_KV_END
FSB_L0_ATTN_BEGIN
FSB_L0_ATTN_END
FSB_L0_OPROJ_BEGIN
FSB_L0_OPROJ_END
FSB_L0_FFN_NORM_BEGIN
FSB_L0_FFN_NORM_END
FSB_L0_FFN_BEGIN
FSB_L0_FFN_CPU_FALLBACK
FSB_L0_SWIGLU_BEGIN
[SwiGLU] width=27648 batch=1 n=27648 nbytes=110592
[SwiGLU] buf g(id=479 size=110592) u(id=480 size=110592) o(id=481 size=110592) d(id=482 size=4)
[SwiGLU] dispatch op=1 width=27648 batch=1
[SwiGLU] download n=27648
FSB_L0_SWIGLU_END
FSB_L0_DOWN_BEGIN
FSB_L0_DOWN_END
FSB_L0_FFN_END
FSB_L0_EXIT
FSB_L1_ENTER
FSB_L1_ATTN_NORM_BEGIN
FSB_L1_ATTN_NORM_END
FSB_L1_QKV_BEGIN
FSB_L1_QKV_CPU_FALLBACK
FSB_L1_QKV_END
FSB_L1_ROPE_KV_BEGIN b=0
FSB_L1_ROPE_KV_END
FSB_L1_ATTN_BEGIN
FSB_L1_ATTN_END
FSB_L1_OPROJ_BEGIN
FSB_L1_OPROJ_END
FSB_L1_FFN_NORM_BEGIN
FSB_L1_FFN_NORM_END
FSB_L1_FFN_BEGIN
FSB_L1_FFN_CPU_FALLBACK
FSB_L1_SWIGLU_BEGIN
[SwiGLU] width=27648 batch=1 n=27648 nbytes=110592
[SwiGLU] buf g(id=479 size=110592) u(id=480 size=110592) o(id=481 size=110592) d(id=482 size=4)
[SwiGLU] dispatch op=1 width=27648 batch=1
[SwiGLU] download n=27648
FSB_L1_SWIGLU_END
FSB_L1_DOWN_BEGIN
FSB_L1_DOWN_END
FSB_L1_FFN_END
FSB_L1_EXIT
FSB_L2_ENTER
FSB_L2_ATTN_NORM_BEGIN
FSB_L2_ATTN_NORM_END
FSB_L2_QKV_BEGIN
FSB_L2_QKV_CPU_FALLBACK
FSB_L2_QKV_END
FSB_L2_ROPE_KV_BEGIN b=0
FSB_L2_ROPE_KV_END
FSB_L2_ATTN_BEGIN
FSB_L2_ATTN_END
FSB_L2_OPROJ_BEGIN
FSB_L2_OPROJ_END
FSB_L2_FFN_NORM_BEGIN
FSB_L2_FFN_NORM_END
FSB_L2_FFN_BEGIN
FSB_L2_FFN_CPU_FALLBACK
FSB_L2_SWIGLU_BEGIN
[SwiGLU] width=27648 batch=1 n=27648 nbytes=110592
[SwiGLU] buf g(id=479 size=110592) u(id=480 size=110592) o(id=481 size=110592) d(id=482 size=4)
[SwiGLU] dispatch op=1 width=27648 batch=1
[SwiGLU] download n=27648
FSB_L2_SWIGLU_END
FSB_L2_DOWN_BEGIN
FSB_L2_DOWN_END
FSB_L2_FFN_END
FSB_L2_EXIT
FSB_L3_ENTER
FSB_L3_ATTN_NORM_BEGIN
FSB_L3_ATTN_NORM_END
FSB_L3_QKV_BEGIN
FSB_L3_QKV_CPU_FALLBACK
FSB_L3_QKV_END
FSB_L3_ROPE_KV_BEGIN b=0
FSB_L3_ROPE_KV_END
FSB_L3_ATTN_BEGIN
FSB_L3_ATTN_END
FSB_L3_OPROJ_BEGIN
FSB_L3_OPROJ_END
FSB_L3_FFN_NORM_BEGIN
FSB_L3_FFN_NORM_END
FSB_L3_FFN_BEGIN
FSB_L3_FFN_CPU_FALLBACK
FSB_L3_SWIGLU_BEGIN
[SwiGLU] width=27648 batch=1 n=27648 nbytes=110592
[SwiGLU] buf g(id=479 size=110592) u(id=480 size=110592) o(id=481 size=110592) d(id=482 size=4)
[SwiGLU] dispatch op=1 width=27648 batch=1
[SwiGLU] download n=27648
FSB_L3_SWIGLU_END
FSB_L3_DOWN_BEGIN
FSB_L3_DOWN_END
FSB_L3_FFN_END
FSB_L3_EXIT
FSB_L4_ENTER
FSB_L4_ATTN_NORM_BEGIN
FSB_L4_ATTN_NORM_END
FSB_L4_QKV_BEGIN
FSB_L4_QKV_CPU_FALLBACK
FSB_L4_QKV_END
FSB_L4_ROPE_KV_BEGIN b=0
FSB_L4_ROPE_KV_END
FSB_L4_ATTN_BEGIN
FSB_L4_ATTN_END
FSB_L4_OPROJ_BEGIN
FSB_L4_OPROJ_END
FSB_L4_FFN_NORM_BEGIN
FSB_L4_FFN_NORM_END
FSB_L4_FFN_BEGIN
FSB_L4_FFN_CPU_FALLBACK
FSB_L4_SWIGLU_BEGIN
[SwiGLU] width=27648 batch=1 n=27648 nbytes=110592
[SwiGLU] buf g(id=479 size=110592) u(id=480 size=110592) o(id=481 size=110592) d(id=482 size=4)
[SwiGLU] dispatch op=1 width=27648 batch=1
[SwiGLU] download n=27648
FSB_L4_SWIGLU_END
FSB_L4_DOWN_BEGIN
FSB_L4_DOWN_END
FSB_L4_FFN_END
FSB_L4_EXIT
FSB_L5_ENTER
FSB_L5_ATTN_NORM_BEGIN
FSB_L5_ATTN_NORM_END
FSB_L5_QKV_BEGIN
FSB_L5_QKV_CPU_FALLBACK
FSB_L5_QKV_END
FSB_L5_ROPE_KV_BEGIN b=0
FSB_L5_ROPE_KV_END
FSB_L5_ATTN_BEGIN
FSB_L5_ATTN_END
FSB_L5_OPROJ_BEGIN
FSB_L5_OPROJ_END
FSB_L5_FFN_NORM_BEGIN
FSB_L5_FFN_NORM_END
FSB_L5_FFN_BEGIN
FSB_L5_FFN_CPU_FALLBACK
FSB_L5_SWIGLU_BEGIN
[SwiGLU] width=27648 batch=1 n=27648 nbytes=110592
[SwiGLU] buf g(id=479 size=110592) u(id=480 size=110592) o(id=481 size=110592) d(id=482 size=4)
[SwiGLU] dispatch op=1 width=27648 batch=1
[SwiGLU] download n=27648
FSB_L5_SWIGLU_END
FSB_L5_DOWN_BEGIN
FSB_L5_DOWN_END
FSB_L5_FFN_END
FSB_L5_EXIT
FSB_L6_ENTER
FSB_L6_ATTN_NORM_BEGIN
FSB_L6_ATTN_NORM_END
FSB_L6_QKV_BEGIN
FSB_L6_QKV_CPU_FALLBACK
FSB_L6_QKV_END
FSB_L6_ROPE_KV_BEGIN b=0
FSB_L6_ROPE_KV_END
FSB_L6_ATTN_BEGIN
FSB_L6_ATTN_END
FSB_L6_OPROJ_BEGIN
FSB_L6_OPROJ_END
FSB_L6_FFN_NORM_BEGIN
FSB_L6_FFN_NORM_END
FSB_L6_FFN_BEGIN
FSB_L6_FFN_CPU_FALLBACK
FSB_L6_SWIGLU_BEGIN
[SwiGLU] width=27648 batch=1 n=27648 nbytes=110592
[SwiGLU] buf g(id=479 size=110592) u(id=480 size=110592) o(id=481 size=110592) d(id=482 size=4)
[SwiGLU] dispatch op=1 width=27648 batch=1
[SwiGLU] download n=27648
FSB_L6_SWIGLU_END
FSB_L6_DOWN_BEGIN
FSB_L6_DOWN_END
FSB_L6_FFN_END
FSB_L6_EXIT
FSB_L7_ENTER
FSB_L7_ATTN_NORM_BEGIN
FSB_L7_ATTN_NORM_END
FSB_L7_QKV_BEGIN
FSB_L7_QKV_CPU_FALLBACK
FSB_L7_QKV_END
FSB_L7_ROPE_KV_BEGIN b=0
FSB_L7_ROPE_KV_END
FSB_L7_ATTN_BEGIN
FSB_L7_ATTN_END
FSB_L7_OPROJ_BEGIN
FSB_L7_OPROJ_END
FSB_L7_FFN_NORM_BEGIN
FSB_L7_FFN_NORM_END
FSB_L7_FFN_BEGIN
FSB_L7_FFN_CPU_FALLBACK
FSB_L7_SWIGLU_BEGIN
[SwiGLU] width=27648 batch=1 n=27648 nbytes=110592
[SwiGLU] buf g(id=479 size=110592) u(id=480 size=110592) o(id=481 size=110592) d(id=482 size=4)
[SwiGLU] dispatch op=1 width=27648 batch=1
[SwiGLU] download n=27648
FSB_L7_SWIGLU_END
FSB_L7_DOWN_BEGIN
FSB_L7_DOWN_END
FSB_L7_FFN_END
FSB_L7_EXIT
FSB_L8_ENTER
FSB_L8_ATTN_NORM_BEGIN
FSB_L8_ATTN_NORM_END
FSB_L8_QKV_BEGIN
FSB_L8_QKV_CPU_FALLBACK
FSB_L8_QKV_END
FSB_L8_ROPE_KV_BEGIN b=0
FSB_L8_ROPE_KV_END
FSB_L8_ATTN_BEGIN
FSB_L8_ATTN_END
FSB_L8_OPROJ_BEGIN
FSB_L8_OPROJ_END
FSB_L8_FFN_NORM_BEGIN
FSB_L8_FFN_NORM_END
FSB_L8_FFN_BEGIN
FSB_L8_FFN_CPU_FALLBACK
FSB_L8_SWIGLU_BEGIN
[SwiGLU] width=27648 batch=1 n=27648 nbytes=110592
[SwiGLU] buf g(id=479 size=110592) u(id=480 size=110592) o(id=481 size=110592) d(id=482 size=4)
[SwiGLU] dispatch op=1 width=27648 batch=1
[SwiGLU] download n=27648
FSB_L8_SWIGLU_END
FSB_L8_DOWN_BEGIN
FSB_L8_DOWN_END
FSB_L8_FFN_END
FSB_L8_EXIT
FSB_L9_ENTER
FSB_L9_ATTN_NORM_BEGIN
FSB_L9_ATTN_NORM_END
FSB_L9_QKV_BEGIN
FSB_L9_QKV_CPU_FALLBACK
FSB_L9_QKV_END
FSB_L9_ROPE_KV_BEGIN b=0
FSB_L9_ROPE_KV_END
FSB_L9_ATTN_BEGIN
FSB_L9_ATTN_END
FSB_L9_OPROJ_BEGIN
FSB_L9_OPROJ_END
FSB_L9_FFN_NORM_BEGIN
FSB_L9_FFN_NORM_END
FSB_L9_FFN_BEGIN
FSB_L9_FFN_CPU_FALLBACK
FSB_L9_SWIGLU_BEGIN
[SwiGLU] width=27648 batch=1 n=27648 nbytes=110592
[SwiGLU] buf g(id=479 size=110592) u(id=480 size=110592) o(id=481 size=110592) d(id=482 size=4)
[SwiGLU] dispatch op=1 width=27648 batch=1
[SwiGLU] download n=27648
FSB_L9_SWIGLU_END
FSB_L9_DOWN_BEGIN
FSB_L9_DOWN_END
FSB_L9_FFN_END
FSB_L9_EXIT
FSB_L10_ENTER
FSB_L10_ATTN_NORM_BEGIN
FSB_L10_ATTN_NORM_END
FSB_L10_QKV_BEGIN
FSB_L10_QKV_CPU_FALLBACK
FSB_L10_QKV_END
FSB_L10_ROPE_KV_BEGIN b=0
FSB_L10_ROPE_KV_END
FSB_L10_ATTN_BEGIN
FSB_L10_ATTN_END
FSB_L10_OPROJ_BEGIN
FSB_L10_OPROJ_END
FSB_L10_FFN_NORM_BEGIN
FSB_L10_FFN_NORM_END
FSB_L10_FFN_BEGIN
FSB_L10_FFN_CPU_FALLBACK
FSB_L10_SWIGLU_BEGIN
[SwiGLU] width=27648 batch=1 n=27648 nbytes=110592
[SwiGLU] buf g(id=479 size=110592) u(id=480 size=110592) o(id=481 size=110592) d(id=482 size=4)
[SwiGLU] dispatch op=1 width=27648 batch=1
[SwiGLU] download n=27648
FSB_L10_SWIGLU_END
FSB_L10_DOWN_BEGIN
FSB_L10_DOWN_END
FSB_L10_FFN_END
FSB_L10_EXIT
FSB_L11_ENTER
FSB_L11_ATTN_NORM_BEGIN
FSB_L11_ATTN_NORM_END
FSB_L11_QKV_BEGIN
FSB_L11_QKV_CPU_FALLBACK
FSB_L11_QKV_END
FSB_L11_ROPE_KV_BEGIN b=0
FSB_L11_ROPE_KV_END
FSB_L11_ATTN_BEGIN
FSB_L11_ATTN_END
FSB_L11_OPROJ_BEGIN
FSB_L11_OPROJ_END
FSB_L11_FFN_NORM_BEGIN
FSB_L11_FFN_NORM_END
FSB_L11_FFN_BEGIN
FSB_L11_FFN_CPU_FALLBACK
FSB_L11_SWIGLU_BEGIN
[SwiGLU] width=27648 batch=1 n=27648 nbytes=110592
[SwiGLU] buf g(id=479 size=110592) u(id=480 size=110592) o(id=481 size=110592) d(id=482 size=4)
[SwiGLU] dispatch op=1 width=27648 batch=1
[SwiGLU] download n=27648
FSB_L11_SWIGLU_END
FSB_L11_DOWN_BEGIN
FSB_L11_DOWN_END
FSB_L11_FFN_END
FSB_L11_EXIT
FSB_L12_ENTER
FSB_L12_ATTN_NORM_BEGIN
FSB_L12_ATTN_NORM_END
FSB_L12_QKV_BEGIN
FSB_L12_QKV_CPU_FALLBACK
FSB_L12_QKV_END
FSB_L12_ROPE_KV_BEGIN b=0
FSB_L12_ROPE_KV_END
FSB_L12_ATTN_BEGIN
FSB_L12_ATTN_END
FSB_L12_OPROJ_BEGIN
FSB_L12_OPROJ_END
FSB_L12_FFN_NORM_BEGIN
FSB_L12_FFN_NORM_END
FSB_L12_FFN_BEGIN
FSB_L12_FFN_CPU_FALLBACK
FSB_L12_SWIGLU_BEGIN
[SwiGLU] width=27648 batch=1 n=27648 nbytes=110592
[SwiGLU] buf g(id=479 size=110592) u(id=480 size=110592) o(id=481 size=110592) d(id=482 size=4)
[SwiGLU] dispatch op=1 width=27648 batch=1
[SwiGLU] download n=27648
FSB_L12_SWIGLU_END
FSB_L12_DOWN_BEGIN
FSB_L12_DOWN_END
FSB_L12_FFN_END
FSB_L12_EXIT
FSB_L13_ENTER
FSB_L13_ATTN_NORM_BEGIN
FSB_L13_ATTN_NORM_END
FSB_L13_QKV_BEGIN
FSB_L13_QKV_CPU_FALLBACK
FSB_L13_QKV_END
FSB_L13_ROPE_KV_BEGIN b=0
FSB_L13_ROPE_KV_END
FSB_L13_ATTN_BEGIN
FSB_L13_ATTN_END
FSB_L13_OPROJ_BEGIN
FSB_L13_OPROJ_END
FSB_L13_FFN_NORM_BEGIN
FSB_L13_FFN_NORM_END
FSB_L13_FFN_BEGIN
FSB_L13_FFN_CPU_FALLBACK
FSB_L13_SWIGLU_BEGIN
[SwiGLU] width=27648 batch=1 n=27648 nbytes=110592
[SwiGLU] buf g(id=479 size=110592) u(id=480 size=110592) o(id=481 size=110592) d(id=482 size=4)
[SwiGLU] dispatch op=1 width=27648 batch=1
[SwiGLU] download n=27648
FSB_L13_SWIGLU_END
FSB_L13_DOWN_BEGIN
FSB_L13_DOWN_END
FSB_L13_FFN_END
FSB_L13_EXIT
FSB_L14_ENTER
FSB_L14_ATTN_NORM_BEGIN
FSB_L14_ATTN_NORM_END
FSB_L14_QKV_BEGIN
FSB_L14_QKV_CPU_FALLBACK
FSB_L14_QKV_END
FSB_L14_ROPE_KV_BEGIN b=0
FSB_L14_ROPE_KV_END
FSB_L14_ATTN_BEGIN
FSB_L14_ATTN_END
FSB_L14_OPROJ_BEGIN
FSB_L14_OPROJ_END
FSB_L14_FFN_NORM_BEGIN
FSB_L14_FFN_NORM_END
FSB_L14_FFN_BEGIN
FSB_L14_FFN_CPU_FALLBACK
FSB_L14_SWIGLU_BEGIN
[SwiGLU] width=27648 batch=1 n=27648 nbytes=110592
[SwiGLU] buf g(id=479 size=110592) u(id=480 size=110592) o(id=481 size=110592) d(id=482 size=4)
[SwiGLU] dispatch op=1 width=27648 batch=1
[SwiGLU] download n=27648
FSB_L14_SWIGLU_END
FSB_L14_DOWN_BEGIN
FSB_L14_DOWN_END
FSB_L14_FFN_END
FSB_L14_EXIT
FSB_L15_ENTER
FSB_L15_ATTN_NORM_BEGIN
FSB_L15_ATTN_NORM_END
FSB_L15_QKV_BEGIN
FSB_L15_QKV_CPU_FALLBACK
FSB_L15_QKV_END
FSB_L15_ROPE_KV_BEGIN b=0
FSB_L15_ROPE_KV_END
FSB_L15_ATTN_BEGIN
FSB_L15_ATTN_END
FSB_L15_OPROJ_BEGIN
FSB_L15_OPROJ_END
FSB_L15_FFN_NORM_BEGIN
FSB_L15_FFN_NORM_END
FSB_L15_FFN_BEGIN
FSB_L15_FFN_CPU_FALLBACK
FSB_L15_SWIGLU_BEGIN
[SwiGLU] width=27648 batch=1 n=27648 nbytes=110592
[SwiGLU] buf g(id=479 size=110592) u(id=480 size=110592) o(id=481 size=110592) d(id=482 size=4)
[SwiGLU] dispatch op=1 width=27648 batch=1
[SwiGLU] download n=27648
FSB_L15_SWIGLU_END
FSB_L15_DOWN_BEGIN
FSB_L15_DOWN_END
FSB_L15_FFN_END
FSB_L15_EXIT
FSB_L16_ENTER
FSB_L16_ATTN_NORM_BEGIN
FSB_L16_ATTN_NORM_END
FSB_L16_QKV_BEGIN
FSB_L16_QKV_CPU_FALLBACK
FSB_L16_QKV_END
FSB_L16_ROPE_KV_BEGIN b=0
FSB_L16_ROPE_KV_END
FSB_L16_ATTN_BEGIN
FSB_L16_ATTN_END
FSB_L16_OPROJ_BEGIN
FSB_L16_OPROJ_END
FSB_L16_FFN_NORM_BEGIN
FSB_L16_FFN_NORM_END
FSB_L16_FFN_BEGIN
FSB_L16_FFN_CPU_FALLBACK
FSB_L16_SWIGLU_BEGIN
[SwiGLU] width=27648 batch=1 n=27648 nbytes=110592
[SwiGLU] buf g(id=479 size=110592) u(id=480 size=110592) o(id=481 size=110592) d(id=482 size=4)
[SwiGLU] dispatch op=1 width=27648 batch=1
[SwiGLU] download n=27648
FSB_L16_SWIGLU_END
FSB_L16_DOWN_BEGIN
FSB_L16_DOWN_END
FSB_L16_FFN_END
FSB_L16_EXIT
FSB_L17_ENTER
FSB_L17_ATTN_NORM_BEGIN
FSB_L17_ATTN_NORM_END
FSB_L17_QKV_BEGIN
FSB_L17_QKV_CPU_FALLBACK
FSB_L17_QKV_END
FSB_L17_ROPE_KV_BEGIN b=0
FSB_L17_ROPE_KV_END
FSB_L17_ATTN_BEGIN
FSB_L17_ATTN_END
FSB_L17_OPROJ_BEGIN
FSB_L17_OPROJ_END
FSB_L17_FFN_NORM_BEGIN
FSB_L17_FFN_NORM_END
FSB_L17_FFN_BEGIN
FSB_L17_FFN_CPU_FALLBACK
FSB_L17_SWIGLU_BEGIN
[SwiGLU] width=27648 batch=1 n=27648 nbytes=110592
[SwiGLU] buf g(id=479 size=110592) u(id=480 size=110592) o(id=481 size=110592) d(id=482 size=4)
[SwiGLU] dispatch op=1 width=27648 batch=1
[SwiGLU] download n=27648
FSB_L17_SWIGLU_END
FSB_L17_DOWN_BEGIN
FSB_L17_DOWN_END
FSB_L17_FFN_END
FSB_L17_EXIT
FSB_L18_ENTER
FSB_L18_ATTN_NORM_BEGIN
FSB_L18_ATTN_NORM_END
FSB_L18_QKV_BEGIN
FSB_L18_QKV_CPU_FALLBACK
FSB_L18_QKV_END
FSB_L18_ROPE_KV_BEGIN b=0
FSB_L18_ROPE_KV_END
FSB_L18_ATTN_BEGIN
FSB_L18_ATTN_END
FSB_L18_OPROJ_BEGIN
FSB_L18_OPROJ_END
FSB_L18_FFN_NORM_BEGIN
FSB_L18_FFN_NORM_END
FSB_L18_FFN_BEGIN
FSB_L18_FFN_CPU_FALLBACK
FSB_L18_SWIGLU_BEGIN
[SwiGLU] width=27648 batch=1 n=27648 nbytes=110592
[SwiGLU] buf g(id=479 size=110592) u(id=480 size=110592) o(id=481 size=110592) d(id=482 size=4)
[SwiGLU] dispatch op=1 width=27648 batch=1
[SwiGLU] download n=27648
FSB_L18_SWIGLU_END
FSB_L18_DOWN_BEGIN
FSB_L18_DOWN_END
FSB_L18_FFN_END
FSB_L18_EXIT
FSB_L19_ENTER
FSB_L19_ATTN_NORM_BEGIN
FSB_L19_ATTN_NORM_END
FSB_L19_QKV_BEGIN
FSB_L19_QKV_CPU_FALLBACK
FSB_L19_QKV_END
FSB_L19_ROPE_KV_BEGIN b=0
FSB_L19_ROPE_KV_END
FSB_L19_ATTN_BEGIN
FSB_L19_ATTN_END
FSB_L19_OPROJ_BEGIN
FSB_L19_OPROJ_END
FSB_L19_FFN_NORM_BEGIN
FSB_L19_FFN_NORM_END
FSB_L19_FFN_BEGIN
FSB_L19_FFN_CPU_FALLBACK
FSB_L19_SWIGLU_BEGIN
[SwiGLU] width=27648 batch=1 n=27648 nbytes=110592
[SwiGLU] buf g(id=479 size=110592) u(id=480 size=110592) o(id=481 size=110592) d(id=482 size=4)
[SwiGLU] dispatch op=1 width=27648 batch=1
[SwiGLU] download n=27648
FSB_L19_SWIGLU_END
FSB_L19_DOWN_BEGIN
FSB_L19_DOWN_END
FSB_L19_FFN_END
FSB_L19_EXIT
FSB_L20_ENTER
FSB_L20_ATTN_NORM_BEGIN
FSB_L20_ATTN_NORM_END
FSB_L20_QKV_BEGIN
FSB_L20_QKV_CPU_FALLBACK
FSB_L20_QKV_END
FSB_L20_ROPE_KV_BEGIN b=0
FSB_L20_ROPE_KV_END
FSB_L20_ATTN_BEGIN
FSB_L20_ATTN_END
FSB_L20_OPROJ_BEGIN
FSB_L20_OPROJ_END
FSB_L20_FFN_NORM_BEGIN
FSB_L20_FFN_NORM_END
FSB_L20_FFN_BEGIN
FSB_L20_FFN_CPU_FALLBACK
FSB_L20_SWIGLU_BEGIN
[SwiGLU] width=27648 batch=1 n=27648 nbytes=110592
[SwiGLU] buf g(id=479 size=110592) u(id=480 size=110592) o(id=481 size=110592) d(id=482 size=4)
[SwiGLU] dispatch op=1 width=27648 batch=1
[SwiGLU] download n=27648
FSB_L20_SWIGLU_END
FSB_L20_DOWN_BEGIN
FSB_L20_DOWN_END
FSB_L20_FFN_END
FSB_L20_EXIT
FSB_L21_ENTER
FSB_L21_ATTN_NORM_BEGIN
FSB_L21_ATTN_NORM_END
FSB_L21_QKV_BEGIN
FSB_L21_QKV_CPU_FALLBACK
FSB_L21_QKV_END
FSB_L21_ROPE_KV_BEGIN b=0
FSB_L21_ROPE_KV_END
FSB_L21_ATTN_BEGIN
FSB_L21_ATTN_END
FSB_L21_OPROJ_BEGIN
FSB_L21_OPROJ_END
FSB_L21_FFN_NORM_BEGIN
FSB_L21_FFN_NORM_END
FSB_L21_FFN_BEGIN
FSB_L21_FFN_CPU_FALLBACK
FSB_L21_SWIGLU_BEGIN
[SwiGLU] width=27648 batch=1 n=27648 nbytes=110592
[SwiGLU] buf g(id=479 size=110592) u(id=480 size=110592) o(id=481 size=110592) d(id=482 size=4)
[SwiGLU] dispatch op=1 width=27648 batch=1
[SwiGLU] download n=27648
FSB_L21_SWIGLU_END
FSB_L21_DOWN_BEGIN
FSB_L21_DOWN_END
FSB_L21_FFN_END
FSB_L21_EXIT
FSB_L22_ENTER
FSB_L22_ATTN_NORM_BEGIN
FSB_L22_ATTN_NORM_END
FSB_L22_QKV_BEGIN
FSB_L22_QKV_CPU_FALLBACK
FSB_L22_QKV_END
FSB_L22_ROPE_KV_BEGIN b=0
FSB_L22_ROPE_KV_END
FSB_L22_ATTN_BEGIN
FSB_L22_ATTN_END
FSB_L22_OPROJ_BEGIN
FSB_L22_OPROJ_END
FSB_L22_FFN_NORM_BEGIN
FSB_L22_FFN_NORM_END
FSB_L22_FFN_BEGIN
FSB_L22_FFN_CPU_FALLBACK
FSB_L22_SWIGLU_BEGIN
[SwiGLU] width=27648 batch=1 n=27648 nbytes=110592
[SwiGLU] buf g(id=479 size=110592) u(id=480 size=110592) o(id=481 size=110592) d(id=482 size=4)
[SwiGLU] dispatch op=1 width=27648 batch=1
[SwiGLU] download n=27648
FSB_L22_SWIGLU_END
FSB_L22_DOWN_BEGIN
FSB_L22_DOWN_END
FSB_L22_FFN_END
FSB_L22_EXIT
FSB_L23_ENTER
FSB_L23_ATTN_NORM_BEGIN
FSB_L23_ATTN_NORM_END
FSB_L23_QKV_BEGIN
FSB_L23_QKV_CPU_FALLBACK
FSB_L23_QKV_END
FSB_L23_ROPE_KV_BEGIN b=0
FSB_L23_ROPE_KV_END
FSB_L23_ATTN_BEGIN
FSB_L23_ATTN_END
FSB_L23_OPROJ_BEGIN
FSB_L23_OPROJ_END
FSB_L23_FFN_NORM_BEGIN
FSB_L23_FFN_NORM_END
FSB_L23_FFN_BEGIN
FSB_L23_FFN_CPU_FALLBACK
FSB_L23_SWIGLU_BEGIN
[SwiGLU] width=27648 batch=1 n=27648 nbytes=110592
[SwiGLU] buf g(id=479 size=110592) u(id=480 size=110592) o(id=481 size=110592) d(id=482 size=4)
[SwiGLU] dispatch op=1 width=27648 batch=1
[SwiGLU] download n=27648
FSB_L23_SWIGLU_END
FSB_L23_DOWN_BEGIN
FSB_L23_DOWN_END
FSB_L23_FFN_END
FSB_L23_EXIT
FSB_L24_ENTER
FSB_L24_ATTN_NORM_BEGIN
FSB_L24_ATTN_NORM_END
FSB_L24_QKV_BEGIN
FSB_L24_QKV_CPU_FALLBACK
FSB_L24_QKV_END
FSB_L24_ROPE_KV_BEGIN b=0
FSB_L24_ROPE_KV_END
FSB_L24_ATTN_BEGIN
FSB_L24_ATTN_END
FSB_L24_OPROJ_BEGIN
FSB_L24_OPROJ_END
FSB_L24_FFN_NORM_BEGIN
FSB_L24_FFN_NORM_END
FSB_L24_FFN_BEGIN
FSB_L24_FFN_CPU_FALLBACK
FSB_L24_SWIGLU_BEGIN
[SwiGLU] width=27648 batch=1 n=27648 nbytes=110592
[SwiGLU] buf g(id=479 size=110592) u(id=480 size=110592) o(id=481 size=110592) d(id=482 size=4)
[SwiGLU] dispatch op=1 width=27648 batch=1
[SwiGLU] download n=27648
FSB_L24_SWIGLU_END
FSB_L24_DOWN_BEGIN
FSB_L24_DOWN_END
FSB_L24_FFN_END
FSB_L24_EXIT
FSB_L25_ENTER
FSB_L25_ATTN_NORM_BEGIN
FSB_L25_ATTN_NORM_END
FSB_L25_QKV_BEGIN
FSB_L25_QKV_CPU_FALLBACK
FSB_L25_QKV_END
FSB_L25_ROPE_KV_BEGIN b=0
FSB_L25_ROPE_KV_END
FSB_L25_ATTN_BEGIN
FSB_L25_ATTN_END
FSB_L25_OPROJ_BEGIN
FSB_L25_OPROJ_END
FSB_L25_FFN_NORM_BEGIN
FSB_L25_FFN_NORM_END
FSB_L25_FFN_BEGIN
FSB_L25_FFN_CPU_FALLBACK
FSB_L25_SWIGLU_BEGIN
[SwiGLU] width=27648 batch=1 n=27648 nbytes=110592
[SwiGLU] buf g(id=479 size=110592) u(id=480 size=110592) o(id=481 size=110592) d(id=482 size=4)
[SwiGLU] dispatch op=1 width=27648 batch=1
[SwiGLU] download n=27648
FSB_L25_SWIGLU_END
FSB_L25_DOWN_BEGIN
FSB_L25_DOWN_END
FSB_L25_FFN_END
FSB_L25_EXIT
FSB_L26_ENTER
FSB_L26_ATTN_NORM_BEGIN
FSB_L26_ATTN_NORM_END
FSB_L26_QKV_BEGIN
FSB_L26_QKV_CPU_FALLBACK
FSB_L26_QKV_END
FSB_L26_ROPE_KV_BEGIN b=0
FSB_L26_ROPE_KV_END
FSB_L26_ATTN_BEGIN
FSB_L26_ATTN_END
FSB_L26_OPROJ_BEGIN
FSB_L26_OPROJ_END
FSB_L26_FFN_NORM_BEGIN
FSB_L26_FFN_NORM_END
FSB_L26_FFN_BEGIN
FSB_L26_FFN_CPU_FALLBACK
FSB_L26_SWIGLU_BEGIN
[SwiGLU] width=27648 batch=1 n=27648 nbytes=110592
[SwiGLU] buf g(id=479 size=110592) u(id=480 size=110592) o(id=481 size=110592) d(id=482 size=4)
[SwiGLU] dispatch op=1 width=27648 batch=1
[SwiGLU] download n=27648
FSB_L26_SWIGLU_END
FSB_L26_DOWN_BEGIN
FSB_L26_DOWN_END
FSB_L26_FFN_END
FSB_L26_EXIT
FSB_L27_ENTER
FSB_L27_ATTN_NORM_BEGIN
FSB_L27_ATTN_NORM_END
FSB_L27_QKV_BEGIN
FSB_L27_QKV_CPU_FALLBACK
FSB_L27_QKV_END
FSB_L27_ROPE_KV_BEGIN b=0
FSB_L27_ROPE_KV_END
FSB_L27_ATTN_BEGIN
FSB_L27_ATTN_END
FSB_L27_OPROJ_BEGIN
FSB_L27_OPROJ_END
FSB_L27_FFN_NORM_BEGIN
FSB_L27_FFN_NORM_END
FSB_L27_FFN_BEGIN
FSB_L27_FFN_CPU_FALLBACK
FSB_L27_SWIGLU_BEGIN
[SwiGLU] width=27648 batch=1 n=27648 nbytes=110592
[SwiGLU] buf g(id=479 size=110592) u(id=480 size=110592) o(id=481 size=110592) d(id=482 size=4)
[SwiGLU] dispatch op=1 width=27648 batch=1
[SwiGLU] download n=27648
FSB_L27_SWIGLU_END
FSB_L27_DOWN_BEGIN
FSB_L27_DOWN_END
FSB_L27_FFN_END
FSB_L27_EXIT
FSB_L28_ENTER
FSB_L28_ATTN_NORM_BEGIN
FSB_L28_ATTN_NORM_END
FSB_L28_QKV_BEGIN
FSB_L28_QKV_CPU_FALLBACK
FSB_L28_QKV_END
FSB_L28_ROPE_KV_BEGIN b=0
FSB_L28_ROPE_KV_END
FSB_L28_ATTN_BEGIN
FSB_L28_ATTN_END
FSB_L28_OPROJ_BEGIN
FSB_L28_OPROJ_END
FSB_L28_FFN_NORM_BEGIN
FSB_L28_FFN_NORM_END
FSB_L28_FFN_BEGIN
FSB_L28_FFN_CPU_FALLBACK
FSB_L28_SWIGLU_BEGIN
[SwiGLU] width=27648 batch=1 n=27648 nbytes=110592
[SwiGLU] buf g(id=479 size=110592) u(id=480 size=110592) o(id=481 size=110592) d(id=482 size=4)
[SwiGLU] dispatch op=1 width=27648 batch=1
[SwiGLU] download n=27648
FSB_L28_SWIGLU_END
FSB_L28_DOWN_BEGIN
FSB_L28_DOWN_END
FSB_L28_FFN_END
FSB_L28_EXIT
FSB_L29_ENTER
FSB_L29_ATTN_NORM_BEGIN
FSB_L29_ATTN_NORM_END
FSB_L29_QKV_BEGIN
FSB_L29_QKV_CPU_FALLBACK
FSB_L29_QKV_END
FSB_L29_ROPE_KV_BEGIN b=0
FSB_L29_ROPE_KV_END
FSB_L29_ATTN_BEGIN
FSB_L29_ATTN_END
FSB_L29_OPROJ_BEGIN
FSB_L29_OPROJ_END
FSB_L29_FFN_NORM_BEGIN
FSB_L29_FFN_NORM_END
FSB_L29_FFN_BEGIN
FSB_L29_FFN_CPU_FALLBACK
FSB_L29_SWIGLU_BEGIN
[SwiGLU] width=27648 batch=1 n=27648 nbytes=110592
[SwiGLU] buf g(id=479 size=110592) u(id=480 size=110592) o(id=481 size=110592) d(id=482 size=4)
[SwiGLU] dispatch op=1 width=27648 batch=1
[SwiGLU] download n=27648
FSB_L29_SWIGLU_END
FSB_L29_DOWN_BEGIN
FSB_L29_DOWN_END
FSB_L29_FFN_END
FSB_L29_EXIT
FSB_L30_ENTER
FSB_L30_ATTN_NORM_BEGIN
FSB_L30_ATTN_NORM_END
FSB_L30_QKV_BEGIN
FSB_L30_QKV_CPU_FALLBACK
FSB_L30_QKV_END
FSB_L30_ROPE_KV_BEGIN b=0
FSB_L30_ROPE_KV_END
FSB_L30_ATTN_BEGIN
FSB_L30_ATTN_END
FSB_L30_OPROJ_BEGIN
FSB_L30_OPROJ_END
FSB_L30_FFN_NORM_BEGIN
FSB_L30_FFN_NORM_END
FSB_L30_FFN_BEGIN
FSB_L30_FFN_CPU_FALLBACK
FSB_L30_SWIGLU_BEGIN
[SwiGLU] width=27648 batch=1 n=27648 nbytes=110592
[SwiGLU] buf g(id=479 size=110592) u(id=480 size=110592) o(id=481 size=110592) d(id=482 size=4)
[SwiGLU] dispatch op=1 width=27648 batch=1
[SwiGLU] download n=27648
FSB_L30_SWIGLU_END
FSB_L30_DOWN_BEGIN
FSB_L30_DOWN_END
FSB_L30_FFN_END
FSB_L30_EXIT
FSB_L31_ENTER
FSB_L31_ATTN_NORM_BEGIN
FSB_L31_ATTN_NORM_END
FSB_L31_QKV_BEGIN
FSB_L31_QKV_CPU_FALLBACK
FSB_L31_QKV_END
FSB_L31_ROPE_KV_BEGIN b=0
FSB_L31_ROPE_KV_END
FSB_L31_ATTN_BEGIN
FSB_L31_ATTN_END
FSB_L31_OPROJ_BEGIN
FSB_L31_OPROJ_END
FSB_L31_FFN_NORM_BEGIN
FSB_L31_FFN_NORM_END
FSB_L31_FFN_BEGIN
FSB_L31_FFN_CPU_FALLBACK
FSB_L31_SWIGLU_BEGIN
[SwiGLU] width=27648 batch=1 n=27648 nbytes=110592
[SwiGLU] buf g(id=479 size=110592) u(id=480 size=110592) o(id=481 size=110592) d(id=482 size=4)
[SwiGLU] dispatch op=1 width=27648 batch=1
[SwiGLU] download n=27648
FSB_L31_SWIGLU_END
FSB_L31_DOWN_BEGIN
FSB_L31_DOWN_END
FSB_L31_FFN_END
FSB_L31_EXIT
FSB_L32_ENTER
FSB_L32_ATTN_NORM_BEGIN
FSB_L32_ATTN_NORM_END
FSB_L32_QKV_BEGIN
FSB_L32_QKV_CPU_FALLBACK
FSB_L32_QKV_END
FSB_L32_ROPE_KV_BEGIN b=0
FSB_L32_ROPE_KV_END
FSB_L32_ATTN_BEGIN
FSB_L32_ATTN_END
FSB_L32_OPROJ_BEGIN
FSB_L32_OPROJ_END
FSB_L32_FFN_NORM_BEGIN
FSB_L32_FFN_NORM_END
FSB_L32_FFN_BEGIN
FSB_L32_FFN_CPU_FALLBACK
FSB_L32_SWIGLU_BEGIN
[SwiGLU] width=27648 batch=1 n=27648 nbytes=110592
[SwiGLU] buf g(id=479 size=110592) u(id=480 size=110592) o(id=481 size=110592) d(id=482 size=4)
[SwiGLU] dispatch op=1 width=27648 batch=1
[SwiGLU] download n=27648
FSB_L32_SWIGLU_END
FSB_L32_DOWN_BEGIN
FSB_L32_DOWN_END
FSB_L32_FFN_END
FSB_L32_EXIT
FSB_L33_ENTER
FSB_L33_ATTN_NORM_BEGIN
FSB_L33_ATTN_NORM_END
FSB_L33_QKV_BEGIN
FSB_L33_QKV_CPU_FALLBACK
FSB_L33_QKV_END
FSB_L33_ROPE_KV_BEGIN b=0
FSB_L33_ROPE_KV_END
FSB_L33_ATTN_BEGIN
FSB_L33_ATTN_END
FSB_L33_OPROJ_BEGIN
FSB_L33_OPROJ_END
FSB_L33_FFN_NORM_BEGIN
FSB_L33_FFN_NORM_END
FSB_L33_FFN_BEGIN
FSB_L33_FFN_CPU_FALLBACK
FSB_L33_SWIGLU_BEGIN
[SwiGLU] width=27648 batch=1 n=27648 nbytes=110592
[SwiGLU] buf g(id=479 size=110592) u(id=480 size=110592) o(id=481 size=110592) d(id=482 size=4)
[SwiGLU] dispatch op=1 width=27648 batch=1
[SwiGLU] download n=27648
FSB_L33_SWIGLU_END
FSB_L33_DOWN_BEGIN
FSB_L33_DOWN_END
FSB_L33_FFN_END
FSB_L33_EXIT
FSB_L34_ENTER
FSB_L34_ATTN_NORM_BEGIN
FSB_L34_ATTN_NORM_END
FSB_L34_QKV_BEGIN
FSB_L34_QKV_CPU_FALLBACK
FSB_L34_QKV_END
FSB_L34_ROPE_KV_BEGIN b=0
FSB_L34_ROPE_KV_END
FSB_L34_ATTN_BEGIN
FSB_L34_ATTN_END
FSB_L34_OPROJ_BEGIN
FSB_L34_OPROJ_END
FSB_L34_FFN_NORM_BEGIN
FSB_L34_FFN_NORM_END
FSB_L34_FFN_BEGIN
FSB_L34_FFN_CPU_FALLBACK
FSB_L34_SWIGLU_BEGIN
[SwiGLU] width=27648 batch=1 n=27648 nbytes=110592
[SwiGLU] buf g(id=479 size=110592) u(id=480 size=110592) o(id=481 size=110592) d(id=482 size=4)
[SwiGLU] dispatch op=1 width=27648 batch=1
[SwiGLU] download n=27648
FSB_L34_SWIGLU_END
FSB_L34_DOWN_BEGIN
FSB_L34_DOWN_END
FSB_L34_FFN_END
FSB_L34_EXIT
FSB_L35_ENTER
FSB_L35_ATTN_NORM_BEGIN
FSB_L35_ATTN_NORM_END
FSB_L35_QKV_BEGIN
FSB_L35_QKV_CPU_FALLBACK
FSB_L35_QKV_END
FSB_L35_ROPE_KV_BEGIN b=0
FSB_L35_ROPE_KV_END
FSB_L35_ATTN_BEGIN
FSB_L35_ATTN_END
FSB_L35_OPROJ_BEGIN
FSB_L35_OPROJ_END
FSB_L35_FFN_NORM_BEGIN
FSB_L35_FFN_NORM_END
FSB_L35_FFN_BEGIN
FSB_L35_FFN_CPU_FALLBACK
FSB_L35_SWIGLU_BEGIN
[SwiGLU] width=27648 batch=1 n=27648 nbytes=110592
[SwiGLU] buf g(id=479 size=110592) u(id=480 size=110592) o(id=481 size=110592) d(id=482 size=4)
[SwiGLU] dispatch op=1 width=27648 batch=1
[SwiGLU] download n=27648
FSB_L35_SWIGLU_END
FSB_L35_DOWN_BEGIN
FSB_L35_DOWN_END
FSB_L35_FFN_END
FSB_L35_EXIT
FSB_L36_ENTER
FSB_L36_ATTN_NORM_BEGIN
FSB_L36_ATTN_NORM_END
FSB_L36_QKV_BEGIN
FSB_L36_QKV_CPU_FALLBACK
FSB_L36_QKV_END
FSB_L36_ROPE_KV_BEGIN b=0
FSB_L36_ROPE_KV_END
FSB_L36_ATTN_BEGIN
FSB_L36_ATTN_END
FSB_L36_OPROJ_BEGIN
FSB_L36_OPROJ_END
FSB_L36_FFN_NORM_BEGIN
FSB_L36_FFN_NORM_END
FSB_L36_FFN_BEGIN
FSB_L36_FFN_CPU_FALLBACK
FSB_L36_SWIGLU_BEGIN
[SwiGLU] width=27648 batch=1 n=27648 nbytes=110592
[SwiGLU] buf g(id=479 size=110592) u(id=480 size=110592) o(id=481 size=110592) d(id=482 size=4)
[SwiGLU] dispatch op=1 width=27648 batch=1
[SwiGLU] download n=27648
FSB_L36_SWIGLU_END
FSB_L36_DOWN_BEGIN
FSB_L36_DOWN_END
FSB_L36_FFN_END
FSB_L36_EXIT
FSB_L37_ENTER
FSB_L37_ATTN_NORM_BEGIN
FSB_L37_ATTN_NORM_END
FSB_L37_QKV_BEGIN
FSB_L37_QKV_CPU_FALLBACK
FSB_L37_QKV_END
FSB_L37_ROPE_KV_BEGIN b=0
FSB_L37_ROPE_KV_END
FSB_L37_ATTN_BEGIN
FSB_L37_ATTN_END
FSB_L37_OPROJ_BEGIN
FSB_L37_OPROJ_END
FSB_L37_FFN_NORM_BEGIN
FSB_L37_FFN_NORM_END
FSB_L37_FFN_BEGIN
FSB_L37_FFN_CPU_FALLBACK
FSB_L37_SWIGLU_BEGIN
[SwiGLU] width=27648 batch=1 n=27648 nbytes=110592
[SwiGLU] buf g(id=479 size=110592) u(id=480 size=110592) o(id=481 size=110592) d(id=482 size=4)
[SwiGLU] dispatch op=1 width=27648 batch=1
[SwiGLU] download n=27648
FSB_L37_SWIGLU_END
FSB_L37_DOWN_BEGIN
FSB_L37_DOWN_END
FSB_L37_FFN_END
FSB_L37_EXIT
FSB_L38_ENTER
FSB_L38_ATTN_NORM_BEGIN
FSB_L38_ATTN_NORM_END
FSB_L38_QKV_BEGIN
FSB_L38_QKV_CPU_FALLBACK
FSB_L38_QKV_END
FSB_L38_ROPE_KV_BEGIN b=0
FSB_L38_ROPE_KV_END
FSB_L38_ATTN_BEGIN
FSB_L38_ATTN_END
FSB_L38_OPROJ_BEGIN
FSB_L38_OPROJ_END
FSB_L38_FFN_NORM_BEGIN
FSB_L38_FFN_NORM_END
FSB_L38_FFN_BEGIN
FSB_L38_FFN_CPU_FALLBACK
FSB_L38_SWIGLU_BEGIN
[SwiGLU] width=27648 batch=1 n=27648 nbytes=110592
[SwiGLU] buf g(id=479 size=110592) u(id=480 size=110592) o(id=481 size=110592) d(id=482 size=4)
[SwiGLU] dispatch op=1 width=27648 batch=1
[SwiGLU] download n=27648
FSB_L38_SWIGLU_END
FSB_L38_DOWN_BEGIN
FSB_L38_DOWN_END
FSB_L38_FFN_END
FSB_L38_EXIT
FSB_L39_ENTER
FSB_L39_ATTN_NORM_BEGIN
FSB_L39_ATTN_NORM_END
FSB_L39_QKV_BEGIN
FSB_L39_QKV_CPU_FALLBACK
FSB_L39_QKV_END
FSB_L39_ROPE_KV_BEGIN b=0
FSB_L39_ROPE_KV_END
FSB_L39_ATTN_BEGIN
FSB_L39_ATTN_END
FSB_L39_OPROJ_BEGIN
FSB_L39_OPROJ_END
FSB_L39_FFN_NORM_BEGIN
