
  1>Checking Build System
  CMake is re-running because F:/~dev/build_streaming/CMakeFiles/generate.stamp is out-of-date.
    the file 'F:/~dev/CMakeLists.txt'
    is newer than 'F:/~dev/build_streaming/CMakeFiles/generate.stamp.depend'
    result='-1'
  -- Selecting Windows SDK version 10.0.26100.0 to target Windows 10.0.26200.
  -- Configuring done (0.1s)
  -- Generating done (0.1s)
  -- Build files have been written to: F:/~dev/build_streaming
  rawrxd_screenpilot_e2e.vcxproj -> F:\~dev\build_streaming\Release\rawrxd_screenpilot_e2e.lib
  deep2_benchmark.vcxproj -> F:\~dev\build_streaming\Release\deep2_benchmark.exe
  deep2_185in30_gate.vcxproj -> F:\~dev\build_streaming\Release\deep2_185in30_gate.exe
  Assembling F:\~dev\src\deep2\Classify.asm...
MASM : warning A4018: invalid command-line option : /arch:AVX512 [F:\~dev\build_streaming\rawr_monolith.vcxproj]
MASM : warning A4018: invalid command-line option : /fp:fast [F:\~dev\build_streaming\rawr_monolith.vcxproj]
MASM : warning A4018: invalid command-line option : /permissive- [F:\~dev\build_streaming\rawr_monolith.vcxproj]
MASM : warning A4018: invalid command-line option : /EHsc [F:\~dev\build_streaming\rawr_monolith.vcxproj]
MASM : warning A4008: invalid command-line option value, default is used : /W [F:\~dev\build_streaming\rawr_monolith.vcxproj]
  Assembling F:\~dev\rawrxd\src\rawr_classifier_scalar.asm...
MASM : warning A4018: invalid command-line option : /arch:AVX512 [F:\~dev\build_streaming\rawr_monolith.vcxproj]
MASM : warning A4018: invalid command-line option : /fp:fast [F:\~dev\build_streaming\rawr_monolith.vcxproj]
MASM : warning A4018: invalid command-line option : /permissive- [F:\~dev\build_streaming\rawr_monolith.vcxproj]
MASM : warning A4018: invalid command-line option : /EHsc [F:\~dev\build_streaming\rawr_monolith.vcxproj]
MASM : warning A4008: invalid command-line option value, default is used : /W [F:\~dev\build_streaming\rawr_monolith.vcxproj]
  Assembling F:\~dev\rawrxd\src\rawr_classifier_avx2.asm...
MASM : warning A4018: invalid command-line option : /arch:AVX512 [F:\~dev\build_streaming\rawr_monolith.vcxproj]
MASM : warning A4018: invalid command-line option : /fp:fast [F:\~dev\build_streaming\rawr_monolith.vcxproj]
MASM : warning A4018: invalid command-line option : /permissive- [F:\~dev\build_streaming\rawr_monolith.vcxproj]
MASM : warning A4018: invalid command-line option : /EHsc [F:\~dev\build_streaming\rawr_monolith.vcxproj]
MASM : warning A4008: invalid command-line option value, default is used : /W [F:\~dev\build_streaming\rawr_monolith.vcxproj]
  ContinuousEventLedger.cpp
  Beaconism.cpp
F:\~dev\rawrxd\src\deep2\Beaconism.cpp(125,30): warning C4996: 'getenv': This function or variable may be unsafe. Consider using _dupenv_s instead. To disable deprecation, use _CRT_SECURE_NO_WARNINGS. See online help for details. [F:\~dev\build_streaming\rawr_monolith.vcxproj]
F:\~dev\rawrxd\src\deep2\Beaconism.cpp(134,23): warning C4996: 'fopen': This function or variable may be unsafe. Consider using fopen_s instead. To disable deprecation, use _CRT_SECURE_NO_WARNINGS. See online help for details. [F:\~dev\build_streaming\rawr_monolith.vcxproj]
F:\~dev\rawrxd\src\deep2\Beaconism.cpp(141,25): warning C4996: 'fopen': This function or variable may be unsafe. Consider using fopen_s instead. To disable deprecation, use _CRT_SECURE_NO_WARNINGS. See online help for details. [F:\~dev\build_streaming\rawr_monolith.vcxproj]
F:\~dev\rawrxd\src\deep2\Beaconism.cpp(162,14): warning C4996: 'getenv': This function or variable may be unsafe. Consider using _dupenv_s instead. To disable deprecation, use _CRT_SECURE_NO_WARNINGS. See online help for details. [F:\~dev\build_streaming\rawr_monolith.vcxproj]
  GpuScheduler.cpp
F:\~dev\rawrxd\src\deep2\GpuScheduler.cpp(43,28): warning C4996: 'getenv': This function or variable may be unsafe. Consider using _dupenv_s instead. To disable deprecation, use _CRT_SECURE_NO_WARNINGS. See online help for details. [F:\~dev\build_streaming\rawr_monolith.vcxproj]
F:\~dev\rawrxd\src\deep2\GpuScheduler.cpp(184,64): warning C4100: 'work': unreferenced parameter [F:\~dev\build_streaming\rawr_monolith.vcxproj]
  TimeReverseDigest.cpp
  Generating Code...
  rawr_monolith.vcxproj -> F:\~dev\build_streaming\Release\rawr_monolith.exe
