
=== THRESHOLD ntok=1 ===
SPEC_SETUP_ENTER spec=1
SPEC_INIT_BEGIN
SPEC_INIT_OK
SPEC_LOAD_BEGIN
SPEC_LOAD_END ok=1
SPEC_VK_BEGIN spec=1
SPEC_VK_END initialized=1 devices=2
SPEC_CONFIG_BEGIN
SPEC_CONFIG_END
SPEC_SETUP_EXIT
THRESHOLD_SETUP_OK ntok=1
THRESHOLD_GEN_BEGIN ntok=1
RUN_TOKENIZE_BEGIN n=1
RUN_TOKENIZE_OK tokens=19
RUN_GENERATE_BEGIN prompt=19 out=1
[LOGITS] token=0 min=-20.3170 max=21.5677 mean=-2.7952 std=2.8943 argmax=198
[LOGITS_HEAD] -0.234033 -2.222256 1.278841 -3.019772 -2.336701
RUN_GENERATE_END got=1
THRESHOLD_GEN_END ntok=1 got=1
THRESHOLD_RESULT ntok=1 PASS

=== THRESHOLD ntok=2 ===
SPEC_SETUP_ENTER spec=1
SPEC_INIT_BEGIN
SPEC_INIT_OK
SPEC_LOAD_BEGIN
SPEC_LOAD_END ok=1
SPEC_VK_BEGIN spec=1
SPEC_VK_END initialized=1 devices=2
SPEC_CONFIG_BEGIN
SPEC_CONFIG_END
SPEC_SETUP_EXIT
THRESHOLD_SETUP_OK ntok=2
THRESHOLD_GEN_BEGIN ntok=2
RUN_TOKENIZE_BEGIN n=2
RUN_TOKENIZE_OK tokens=19
RUN_GENERATE_BEGIN prompt=19 out=2
SPEC_PATH_ENTER gen=0 rem=2
SPEC_BUILD_PROPOSALS_BEGIN
SPEC_BUILD_PROPOSALS_END count=1
SPEC_VSGW_BEGIN proposals=1
VSGW_ENTER proposals=1 maxEmit=2
VSGW_LOGITS_0_BEGIN
VSGW_LOGITS_0_END first=198
VSGW_KV_BASE=19 B=1
VSGW_ADVANCE_BY_BEGIN B=1
VSGW_ADVANCE_BY_OK kv=20
VSGW_FORWARD_BLOCK_BEGIN B=1 base=19
FSB_EMBED_BEGIN B=1
FSB_EMBED_OK
FSB_L0_ENTER
FSB_L0_ATTN_NORM_BEGIN
FSB_L0_ATTN_NORM_END
FSB_L0_QKV_BEGIN
FSB_L0_QKV_CPU_FALLBACK
FSB_L0_QKV_END
FSB_L0_ROPE_KV_BEGIN b=0
FSB_L0_ROPE_KV_END
FSB_L0_ATTN_BEGIN
FSB_L0_ATTN_END
FSB_L0_ATTN_END
FSB_L0_OPROJ_BEGIN
FSB_L0_OPROJ_END
FSB_L0_FFN_NORM_BEGIN
FSB_L0_FFN_NORM_END
FSB_L0_FFN_BEGIN
FSB_L0_FFN_CPU_FALLBACK
