MSBuild version 17.14.51+25f168cee for .NET Framework

  main_win32.cpp
  ide_inference_gate.cpp
  ide_agentic_gate.cpp
F:\~dev\rawrxd\src\win32app\ide_inference_gate.cpp(492,19): error C2039: 'ok': is not a member of 'Deep2::Deep2Engine::DecodeOneResult' [F:\~dev\rawrxd\win32ide_strict\build_v4\RawrXD-Win32IDE.vcxproj]
      F:\~dev\rawrxd\src\deep2\Deep2Engine.h(588,12):
      see declaration of 'Deep2::Deep2Engine::DecodeOneResult'
  
  Deep2Engine.cpp
  Deep2DualGpuRowSplit.cpp
  Deep2Engine_GpuMoEMLA.cpp
  Deep2Engine_Speculative.cpp
  Deep2Engine_VulkanRuntime.cpp
  Deep2Engine_GpuForward.cpp
  ContinuousExecution.cpp
  Win32ContinuousBridge.cpp
F:\~dev\rawrxd\src\deep2\streaming\Win32ContinuousBridge.hpp(3,9): warning C4005: 'NOMINMAX': macro redefinition [F:\~dev\rawrxd\win32ide_strict\build_v4\RawrXD-Win32IDE.vcxproj]
  (compiling source file '../../src/deep2/streaming/Win32ContinuousBridge.cpp')
      F:\~dev\rawrxd\src\deep2\streaming\Win32ContinuousBridge.hpp(3,9):
      'NOMINMAX' previously declared on the command line
  
  EventLedger.cpp
F:\~dev\rawrxd\src\deep2\streaming\EventLedger.hpp(15,7): error C2011: 'rawrxd::continuous::EventLedger': 'class' type redefinition [F:\~dev\rawrxd\win32ide_strict\build_v4\RawrXD-Win32IDE.vcxproj]
  (compiling source file '../../src/deep2/streaming/EventLedger.cpp')
      F:\~dev\rawrxd\src\deep2\streaming\ContinuousEventLedger.hpp(27,7):
      see declaration of 'rawrxd::continuous::EventLedger'
  
F:\~dev\rawrxd\src\deep2\streaming\EventLedger.cpp(5,19): error C2027: use of undefined type 'rawrxd::continuous::EventLedger' [F:\~dev\rawrxd\win32ide_strict\build_v4\RawrXD-Win32IDE.vcxproj]
      F:\~dev\rawrxd\src\deep2\streaming\ContinuousEventLedger.hpp(27,7):
      see declaration of 'rawrxd::continuous::EventLedger'
  
F:\~dev\rawrxd\src\deep2\streaming\EventLedger.cpp(6,36): error C2065: 'mu_': undeclared identifier [F:\~dev\rawrxd\win32ide_strict\build_v4\RawrXD-Win32IDE.vcxproj]
F:\~dev\rawrxd\src\deep2\streaming\EventLedger.cpp(7,17): error C2065: 'runs_': undeclared identifier [F:\~dev\rawrxd\win32ide_strict\build_v4\RawrXD-Win32IDE.vcxproj]
F:\~dev\rawrxd\src\deep2\streaming\EventLedger.cpp(7,15): error C2530: 'run': references must be initialized [F:\~dev\rawrxd\win32ide_strict\build_v4\RawrXD-Win32IDE.vcxproj]
F:\~dev\rawrxd\src\deep2\streaming\EventLedger.cpp(8,5): error C2065: 'Record': undeclared identifier [F:\~dev\rawrxd\win32ide_strict\build_v4\RawrXD-Win32IDE.vcxproj]
F:\~dev\rawrxd\src\deep2\streaming\EventLedger.cpp(8,12): error C2146: syntax error: missing ';' before identifier 'r' [F:\~dev\rawrxd\win32ide_strict\build_v4\RawrXD-Win32IDE.vcxproj]
F:\~dev\rawrxd\src\deep2\streaming\EventLedger.cpp(8,12): error C2065: 'r': undeclared identifier [F:\~dev\rawrxd\win32ide_strict\build_v4\RawrXD-Win32IDE.vcxproj]
F:\~dev\rawrxd\src\deep2\streaming\EventLedger.cpp(9,5): error C2065: 'r': undeclared identifier [F:\~dev\rawrxd\win32ide_strict\build_v4\RawrXD-Win32IDE.vcxproj]
F:\~dev\rawrxd\src\deep2\streaming\EventLedger.cpp(9,18): error C3536: 'run': cannot be used before it is initialized [F:\~dev\rawrxd\win32ide_strict\build_v4\RawrXD-Win32IDE.vcxproj]
F:\~dev\rawrxd\src\deep2\streaming\EventLedger.cpp(10,5): error C2065: 'r': undeclared identifier [F:\~dev\rawrxd\win32ide_strict\build_v4\RawrXD-Win32IDE.vcxproj]
F:\~dev\rawrxd\src\deep2\streaming\EventLedger.cpp(11,5): error C2065: 'r': undeclared identifier [F:\~dev\rawrxd\win32ide_strict\build_v4\RawrXD-Win32IDE.vcxproj]
F:\~dev\rawrxd\src\deep2\streaming\EventLedger.cpp(12,5): error C2065: 'r': undeclared identifier [F:\~dev\rawrxd\win32ide_strict\build_v4\RawrXD-Win32IDE.vcxproj]
F:\~dev\rawrxd\src\deep2\streaming\EventLedger.cpp(13,5): error C2065: 'r': undeclared identifier [F:\~dev\rawrxd\win32ide_strict\build_v4\RawrXD-Win32IDE.vcxproj]
F:\~dev\rawrxd\src\deep2\streaming\EventLedger.cpp(14,5): error C2065: 'r': undeclared identifier [F:\~dev\rawrxd\win32ide_strict\build_v4\RawrXD-Win32IDE.vcxproj]
F:\~dev\rawrxd\src\deep2\streaming\EventLedger.cpp(15,5): error C2065: 'r': undeclared identifier [F:\~dev\rawrxd\win32ide_strict\build_v4\RawrXD-Win32IDE.vcxproj]
F:\~dev\rawrxd\src\deep2\streaming\EventLedger.cpp(16,37): error C2065: 'r': undeclared identifier [F:\~dev\rawrxd\win32ide_strict\build_v4\RawrXD-Win32IDE.vcxproj]
F:\~dev\rawrxd\src\deep2\streaming\EventLedger.cpp(19,26): error C2027: use of undefined type 'rawrxd::continuous::EventLedger' [F:\~dev\rawrxd\win32ide_strict\build_v4\RawrXD-Win32IDE.vcxproj]
      F:\~dev\rawrxd\src\deep2\streaming\ContinuousEventLedger.hpp(27,7):
      see declaration of 'rawrxd::continuous::EventLedger'
  
F:\~dev\rawrxd\src\deep2\streaming\EventLedger.cpp(19,26): error C2065: 'Record': undeclared identifier [F:\~dev\rawrxd\win32ide_strict\build_v4\RawrXD-Win32IDE.vcxproj]
F:\~dev\rawrxd\src\deep2\streaming\EventLedger.cpp(19,6): error C2923: 'std::vector': 'Record' is not a valid template type argument for parameter '_Ty' [F:\~dev\rawrxd\win32ide_strict\build_v4\RawrXD-Win32IDE.vcxproj]
      F:\~dev\rawrxd\src\deep2\streaming\EventLedger.cpp(19,26):
      see declaration of 'Record'
  
F:\~dev\rawrxd\src\deep2\streaming\EventLedger.cpp(19,6): error C2976: 'std::vector': too few template arguments [F:\~dev\rawrxd\win32ide_strict\build_v4\RawrXD-Win32IDE.vcxproj]
      C:\Program Files (x86)\Microsoft Visual Studio\2022\BuildTools\VC\Tools\MSVC\14.44.35207\include\vector(442,7):
      see declaration of 'std::vector'
  
F:\~dev\rawrxd\src\deep2\streaming\EventLedger.cpp(19,47): error C2027: use of undefined type 'rawrxd::continuous::EventLedger' [F:\~dev\rawrxd\win32ide_strict\build_v4\RawrXD-Win32IDE.vcxproj]
      F:\~dev\rawrxd\src\deep2\streaming\ContinuousEventLedger.hpp(27,7):
      see declaration of 'rawrxd::continuous::EventLedger'
  
F:\~dev\rawrxd\src\deep2\streaming\EventLedger.cpp(19,47): error C2270: 'query': modifiers not allowed on nonmember functions [F:\~dev\rawrxd\win32ide_strict\build_v4\RawrXD-Win32IDE.vcxproj]
F:\~dev\rawrxd\src\deep2\streaming\EventLedger.cpp(19,47): error C2955: 'std::vector': use of class template requires template argument list [F:\~dev\rawrxd\win32ide_strict\build_v4\RawrXD-Win32IDE.vcxproj]
      C:\Program Files (x86)\Microsoft Visual Studio\2022\BuildTools\VC\Tools\MSVC\14.44.35207\include\vector(442,7):
      see declaration of 'std::vector'
  
F:\~dev\rawrxd\src\deep2\streaming\EventLedger.cpp(19,47): error C2079: 'rawrxd::continuous::query' uses undefined class 'std::vector' [F:\~dev\rawrxd\win32ide_strict\build_v4\RawrXD-Win32IDE.vcxproj]
F:\~dev\rawrxd\src\deep2\streaming\EventLedger.cpp(20,36): error C2065: 'mu_': undeclared identifier [F:\~dev\rawrxd\win32ide_strict\build_v4\RawrXD-Win32IDE.vcxproj]
F:\~dev\rawrxd\src\deep2\streaming\EventLedger.cpp(21,15): error C2065: 'runs_': undeclared identifier [F:\~dev\rawrxd\win32ide_strict\build_v4\RawrXD-Win32IDE.vcxproj]
F:\~dev\rawrxd\src\deep2\streaming\EventLedger.cpp(22,9): error C3536: 'it': cannot be used before it is initialized [F:\~dev\rawrxd\win32ide_strict\build_v4\RawrXD-Win32IDE.vcxproj]
F:\~dev\rawrxd\src\deep2\streaming\EventLedger.cpp(22,15): error C2065: 'runs_': undeclared identifier [F:\~dev\rawrxd\win32ide_strict\build_v4\RawrXD-Win32IDE.vcxproj]
F:\~dev\rawrxd\src\deep2\streaming\EventLedger.cpp(22,28): error C2512: 'std::vector': no appropriate default constructor available [F:\~dev\rawrxd\win32ide_strict\build_v4\RawrXD-Win32IDE.vcxproj]
      F:\~dev\rawrxd\src\deep2\streaming\EventLedger.cpp(22,28):
      'std::vector<_Ty,_Alloc>::vector(std::initializer_list<_Elem>,const _Alloc &)': cannot convert 'this' pointer from 'std::vector' to 'std::vector<_Ty,_Alloc> &'
          F:\~dev\rawrxd\src\deep2\streaming\EventLedger.cpp(22,28):
          Reason: cannot convert from 'std::vector' to 'std::vector<_Ty,_Alloc>'
          F:\~dev\rawrxd\src\deep2\streaming\EventLedger.cpp(22,28):
          Conversion requires a second user-defined-conversion operator or constructor
          F:\~dev\rawrxd\src\deep2\streaming\EventLedger.cpp(22,28):
          while trying to match the argument list '(initializer list)'
  
F:\~dev\rawrxd\src\deep2\streaming\EventLedger.cpp(26,26): error C2027: use of undefined type 'rawrxd::continuous::EventLedger' [F:\~dev\rawrxd\win32ide_strict\build_v4\RawrXD-Win32IDE.vcxproj]
      F:\~dev\rawrxd\src\deep2\streaming\ContinuousEventLedger.hpp(27,7):
      see declaration of 'rawrxd::continuous::EventLedger'
  
F:\~dev\rawrxd\src\deep2\streaming\EventLedger.cpp(26,26): error C2065: 'Record': undeclared identifier [F:\~dev\rawrxd\win32ide_strict\build_v4\RawrXD-Win32IDE.vcxproj]
F:\~dev\rawrxd\src\deep2\streaming\EventLedger.cpp(26,6): error C2923: 'std::vector': 'Record' is not a valid template type argument for parameter '_Ty' [F:\~dev\rawrxd\win32ide_strict\build_v4\RawrXD-Win32IDE.vcxproj]
      F:\~dev\rawrxd\src\deep2\streaming\EventLedger.cpp(26,26):
      see declaration of 'Record'
  
F:\~dev\rawrxd\src\deep2\streaming\EventLedger.cpp(26,6): error C2976: 'std::vector': too few template arguments [F:\~dev\rawrxd\win32ide_strict\build_v4\RawrXD-Win32IDE.vcxproj]
      C:\Program Files (x86)\Microsoft Visual Studio\2022\BuildTools\VC\Tools\MSVC\14.44.35207\include\vector(442,7):
      see declaration of 'std::vector'
  
F:\~dev\rawrxd\src\deep2\streaming\EventLedger.cpp(26,47): error C2027: use of undefined type 'rawrxd::continuous::EventLedger' [F:\~dev\rawrxd\win32ide_strict\build_v4\RawrXD-Win32IDE.vcxproj]
      F:\~dev\rawrxd\src\deep2\streaming\ContinuousEventLedger.hpp(27,7):
      see declaration of 'rawrxd::continuous::EventLedger'
  
F:\~dev\rawrxd\src\deep2\streaming\EventLedger.cpp(26,47): error C2270: 'replay': modifiers not allowed on nonmember functions [F:\~dev\rawrxd\win32ide_strict\build_v4\RawrXD-Win32IDE.vcxproj]
F:\~dev\rawrxd\src\deep2\streaming\EventLedger.cpp(26,47): error C2955: 'std::vector': use of class template requires template argument list [F:\~dev\rawrxd\win32ide_strict\build_v4\RawrXD-Win32IDE.vcxproj]
      C:\Program Files (x86)\Microsoft Visual Studio\2022\BuildTools\VC\Tools\MSVC\14.44.35207\include\vector(442,7):
      see declaration of 'std::vector'
  
F:\~dev\rawrxd\src\deep2\streaming\EventLedger.cpp(26,47): error C2079: 'rawrxd::continuous::replay' uses undefined class 'std::vector' [F:\~dev\rawrxd\win32ide_strict\build_v4\RawrXD-Win32IDE.vcxproj]
F:\~dev\rawrxd\src\deep2\streaming\EventLedger.cpp(27,36): error C2065: 'mu_': undeclared identifier [F:\~dev\rawrxd\win32ide_strict\build_v4\RawrXD-Win32IDE.vcxproj]
F:\~dev\rawrxd\src\deep2\streaming\EventLedger.cpp(28,15): error C2065: 'runs_': undeclared identifier [F:\~dev\rawrxd\win32ide_strict\build_v4\RawrXD-Win32IDE.vcxproj]
F:\~dev\rawrxd\src\deep2\streaming\EventLedger.cpp(29,9): error C3536: 'it': cannot be used before it is initialized [F:\~dev\rawrxd\win32ide_strict\build_v4\RawrXD-Win32IDE.vcxproj]
F:\~dev\rawrxd\src\deep2\streaming\EventLedger.cpp(29,15): error C2065: 'runs_': undeclared identifier [F:\~dev\rawrxd\win32ide_strict\build_v4\RawrXD-Win32IDE.vcxproj]
F:\~dev\rawrxd\src\deep2\streaming\EventLedger.cpp(30,17): error C2065: 'Record': undeclared identifier [F:\~dev\rawrxd\win32ide_strict\build_v4\RawrXD-Win32IDE.vcxproj]
F:\~dev\rawrxd\src\deep2\streaming\EventLedger.cpp(30,10): error C2923: 'std::vector': 'Record' is not a valid template type argument for parameter '_Ty' [F:\~dev\rawrxd\win32ide_strict\build_v4\RawrXD-Win32IDE.vcxproj]
      F:\~dev\rawrxd\src\deep2\streaming\EventLedger.cpp(30,17):
      see declaration of 'Record'
  
F:\~dev\rawrxd\src\deep2\streaming\EventLedger.cpp(30,10): error C2976: 'std::vector': too few template arguments [F:\~dev\rawrxd\win32ide_strict\build_v4\RawrXD-Win32IDE.vcxproj]
      C:\Program Files (x86)\Microsoft Visual Studio\2022\BuildTools\VC\Tools\MSVC\14.44.35207\include\vector(442,7):
      see declaration of 'std::vector'
  
F:\~dev\rawrxd\src\deep2\streaming\EventLedger.cpp(30,25): error C2641: cannot deduce template arguments for 'std::vector' [F:\~dev\rawrxd\win32ide_strict\build_v4\RawrXD-Win32IDE.vcxproj]
F:\~dev\rawrxd\src\deep2\streaming\EventLedger.cpp(30,25): error C2783: 'std::vector<_Ty,_Alloc> std::vector(void) noexcept(<expr>)': could not deduce template argument for '_Ty' [F:\~dev\rawrxd\win32ide_strict\build_v4\RawrXD-Win32IDE.vcxproj]
      C:\Program Files (x86)\Microsoft Visual Studio\2022\BuildTools\VC\Tools\MSVC\14.44.35207\include\vector(670,5):
      see declaration of 'std::vector'
  
F:\~dev\rawrxd\src\deep2\streaming\EventLedger.cpp(30,25): error C2780: 'std::vector<_Ty,_Alloc> std::vector(std::vector<_Ty,_Alloc>)': expects 1 arguments - 0 provided [F:\~dev\rawrxd\win32ide_strict\build_v4\RawrXD-Win32IDE.vcxproj]
      C:\Program Files (x86)\Microsoft Visual Studio\2022\BuildTools\VC\Tools\MSVC\14.44.35207\include\vector(442,7):
      see declaration of 'std::vector'
  
F:\~dev\rawrxd\src\deep2\streaming\EventLedger.cpp(31,22): error C2530: 'r': references must be initialized [F:\~dev\rawrxd\win32ide_strict\build_v4\RawrXD-Win32IDE.vcxproj]
F:\~dev\rawrxd\src\deep2\streaming\EventLedger.cpp(31,22): error C3531: 'r': a symbol whose type contains 'auto' must have an initializer [F:\~dev\rawrxd\win32ide_strict\build_v4\RawrXD-Win32IDE.vcxproj]
F:\~dev\rawrxd\src\deep2\streaming\EventLedger.cpp(31,24): error C2143: syntax error: missing ';' before ':' [F:\~dev\rawrxd\win32ide_strict\build_v4\RawrXD-Win32IDE.vcxproj]
F:\~dev\rawrxd\src\deep2\streaming\EventLedger.cpp(31,44): error C2143: syntax error: missing ';' before ')' [F:\~dev\rawrxd\win32ide_strict\build_v4\RawrXD-Win32IDE.vcxproj]
F:\~dev\rawrxd\src\deep2\streaming\EventLedger.cpp(33,17): error C2663: 'std::vector<_Ty,_Alloc>::push_back': no overloaded function has valid conversion for 'this' pointer [F:\~dev\rawrxd\win32ide_strict\build_v4\RawrXD-Win32IDE.vcxproj]
      C:\Program Files (x86)\Microsoft Visual Studio\2022\BuildTools\VC\Tools\MSVC\14.44.35207\include\vector(936,23):
      could be 'void std::vector<_Ty,_Alloc>::push_back(_Ty &&)'
          F:\~dev\rawrxd\src\deep2\streaming\EventLedger.cpp(33,17):
          'void std::vector<_Ty,_Alloc>::push_back(_Ty &&)': cannot convert 'this' pointer from 'std::vector' to 'std::vector<_Ty,_Alloc> &'
              F:\~dev\rawrxd\src\deep2\streaming\EventLedger.cpp(33,13):
              Reason: cannot convert from 'std::vector' to 'std::vector<_Ty,_Alloc>'
              F:\~dev\rawrxd\src\deep2\streaming\EventLedger.cpp(33,13):
              Conversion requires a second user-defined-conversion operator or constructor
      C:\Program Files (x86)\Microsoft Visual Studio\2022\BuildTools\VC\Tools\MSVC\14.44.35207\include\vector(932,23):
      or       'void std::vector<_Ty,_Alloc>::push_back(const _Ty &)'
          F:\~dev\rawrxd\src\deep2\streaming\EventLedger.cpp(33,17):
          'void std::vector<_Ty,_Alloc>::push_back(const _Ty &)': cannot convert 'this' pointer from 'std::vector' to 'std::vector<_Ty,_Alloc> &'
              F:\~dev\rawrxd\src\deep2\streaming\EventLedger.cpp(33,13):
              Reason: cannot convert from 'std::vector' to 'std::vector<_Ty,_Alloc>'
              F:\~dev\rawrxd\src\deep2\streaming\EventLedger.cpp(33,13):
              Conversion requires a second user-defined-conversion operator or constructor
      F:\~dev\rawrxd\src\deep2\streaming\EventLedger.cpp(33,17):
      while trying to match the argument list '(<error type>)'
  
F:\~dev\rawrxd\src\deep2\streaming\EventLedger.cpp(29,28): error C2512: 'std::vector': no appropriate default constructor available [F:\~dev\rawrxd\win32ide_strict\build_v4\RawrXD-Win32IDE.vcxproj]
      F:\~dev\rawrxd\src\deep2\streaming\EventLedger.cpp(29,28):
      'std::vector<_Ty,_Alloc>::vector(std::initializer_list<_Elem>,const _Alloc &)': cannot convert 'this' pointer from 'std::vector' to 'std::vector<_Ty,_Alloc> &'
          F:\~dev\rawrxd\src\deep2\streaming\EventLedger.cpp(29,28):
          Reason: cannot convert from 'std::vector' to 'std::vector<_Ty,_Alloc>'
          F:\~dev\rawrxd\src\deep2\streaming\EventLedger.cpp(29,28):
          Conversion requires a second user-defined-conversion operator or constructor
          F:\~dev\rawrxd\src\deep2\streaming\EventLedger.cpp(29,28):
          while trying to match the argument list '(initializer list)'
  
F:\~dev\rawrxd\src\deep2\streaming\EventLedger.cpp(36,5): error C2440: 'return': cannot convert from 'std::vector' to 'std::vector' [F:\~dev\rawrxd\win32ide_strict\build_v4\RawrXD-Win32IDE.vcxproj]
      F:\~dev\rawrxd\src\deep2\streaming\EventLedger.cpp(36,5):
      Cannot copy construct class 'std::vector' due to ambiguous copy constructors or no available copy constructor
  
F:\~dev\rawrxd\src\deep2\streaming\EventLedger.cpp(39,23): error C2027: use of undefined type 'rawrxd::continuous::EventLedger' [F:\~dev\rawrxd\win32ide_strict\build_v4\RawrXD-Win32IDE.vcxproj]
  streaming_inference_engine.cpp
      F:\~dev\rawrxd\src\deep2\streaming\ContinuousEventLedger.hpp(27,7):
      see declaration of 'rawrxd::continuous::EventLedger'
  
F:\~dev\rawrxd\src\deep2\streaming\EventLedger.cpp(39,23): error C2270: 'latestSequence': modifiers not allowed on nonmember functions [F:\~dev\rawrxd\win32ide_strict\build_v4\RawrXD-Win32IDE.vcxproj]
F:\~dev\rawrxd\src\deep2\streaming\EventLedger.cpp(40,36): error C2065: 'mu_': undeclared identifier [F:\~dev\rawrxd\win32ide_strict\build_v4\RawrXD-Win32IDE.vcxproj]
F:\~dev\rawrxd\src\deep2\streaming\EventLedger.cpp(41,15): error C2065: 'runs_': undeclared identifier [F:\~dev\rawrxd\win32ide_strict\build_v4\RawrXD-Win32IDE.vcxproj]
F:\~dev\rawrxd\src\deep2\streaming\EventLedger.cpp(42,9): error C3536: 'it': cannot be used before it is initialized [F:\~dev\rawrxd\win32ide_strict\build_v4\RawrXD-Win32IDE.vcxproj]
F:\~dev\rawrxd\src\deep2\streaming\EventLedger.cpp(42,15): error C2065: 'runs_': undeclared identifier [F:\~dev\rawrxd\win32ide_strict\build_v4\RawrXD-Win32IDE.vcxproj]
F:\~dev\rawrxd\src\deep2\streaming\EventLedger.cpp(46,19): error C2027: use of undefined type 'rawrxd::continuous::EventLedger' [F:\~dev\rawrxd\win32ide_strict\build_v4\RawrXD-Win32IDE.vcxproj]
      F:\~dev\rawrxd\src\deep2\streaming\ContinuousEventLedger.hpp(27,7):
      see declaration of 'rawrxd::continuous::EventLedger'
  
F:\~dev\rawrxd\src\deep2\streaming\EventLedger.cpp(47,36): error C2065: 'mu_': undeclared identifier [F:\~dev\rawrxd\win32ide_strict\build_v4\RawrXD-Win32IDE.vcxproj]
F:\~dev\rawrxd\src\deep2\streaming\EventLedger.cpp(48,15): error C2065: 'runs_': undeclared identifier [F:\~dev\rawrxd\win32ide_strict\build_v4\RawrXD-Win32IDE.vcxproj]
F:\~dev\rawrxd\src\deep2\streaming\EventLedger.cpp(49,9): error C3536: 'it': cannot be used before it is initialized [F:\~dev\rawrxd\win32ide_strict\build_v4\RawrXD-Win32IDE.vcxproj]
F:\~dev\rawrxd\src\deep2\streaming\EventLedger.cpp(49,15): error C2065: 'runs_': undeclared identifier [F:\~dev\rawrxd\win32ide_strict\build_v4\RawrXD-Win32IDE.vcxproj]
F:\~dev\rawrxd\src\deep2\streaming\EventLedger.cpp(50,16): error C2530: 'recs': references must be initialized [F:\~dev\rawrxd\win32ide_strict\build_v4\RawrXD-Win32IDE.vcxproj]
F:\~dev\rawrxd\src\deep2\streaming\EventLedger.cpp(52,28): error C3536: 'recs': cannot be used before it is initialized [F:\~dev\rawrxd\win32ide_strict\build_v4\RawrXD-Win32IDE.vcxproj]
F:\~dev\rawrxd\src\deep2\streaming\EventLedger.cpp(53,19): error C2109: subscript requires array or pointer type [F:\~dev\rawrxd\win32ide_strict\build_v4\RawrXD-Win32IDE.vcxproj]
F:\~dev\rawrxd\src\deep2\streaming\EventLedger.cpp(63,19): error C2027: use of undefined type 'rawrxd::continuous::EventLedger' [F:\~dev\rawrxd\win32ide_strict\build_v4\RawrXD-Win32IDE.vcxproj]
      F:\~dev\rawrxd\src\deep2\streaming\ContinuousEventLedger.hpp(27,7):
      see declaration of 'rawrxd::continuous::EventLedger'
  
F:\~dev\rawrxd\src\deep2\streaming\EventLedger.cpp(64,36): error C2065: 'mu_': undeclared identifier [F:\~dev\rawrxd\win32ide_strict\build_v4\RawrXD-Win32IDE.vcxproj]
F:\~dev\rawrxd\src\deep2\streaming\EventLedger.cpp(65,5): error C2065: 'runs_': undeclared identifier [F:\~dev\rawrxd\win32ide_strict\build_v4\RawrXD-Win32IDE.vcxproj]
F:\~dev\rawrxd\src\deep2\streaming\EventLedger.cpp(68,21): error C2027: use of undefined type 'rawrxd::continuous::EventLedger' [F:\~dev\rawrxd\win32ide_strict\build_v4\RawrXD-Win32IDE.vcxproj]
      F:\~dev\rawrxd\src\deep2\streaming\ContinuousEventLedger.hpp(27,7):
      see declaration of 'rawrxd::continuous::EventLedger'
  
F:\~dev\rawrxd\src\deep2\streaming\EventLedger.cpp(68,21): error C2270: 'totalRecords': modifiers not allowed on nonmember functions [F:\~dev\rawrxd\win32ide_strict\build_v4\RawrXD-Win32IDE.vcxproj]
F:\~dev\rawrxd\src\deep2\streaming\EventLedger.cpp(69,36): error C2065: 'mu_': undeclared identifier [F:\~dev\rawrxd\win32ide_strict\build_v4\RawrXD-Win32IDE.vcxproj]
F:\~dev\rawrxd\src\deep2\streaming\EventLedger.cpp(71,27): error C2065: 'runs_': undeclared identifier [F:\~dev\rawrxd\win32ide_strict\build_v4\RawrXD-Win32IDE.vcxproj]
F:\~dev\rawrxd\src\deep2\streaming\EventLedger.cpp(71,22): error C2530: 'kv': references must be initialized [F:\~dev\rawrxd\win32ide_strict\build_v4\RawrXD-Win32IDE.vcxproj]
F:\~dev\rawrxd\src\deep2\streaming\EventLedger.cpp(71,22): error C3531: 'kv': a symbol whose type contains 'auto' must have an initializer [F:\~dev\rawrxd\win32ide_strict\build_v4\RawrXD-Win32IDE.vcxproj]
F:\~dev\rawrxd\src\deep2\streaming\EventLedger.cpp(71,25): error C2143: syntax error: missing ';' before ':' [F:\~dev\rawrxd\win32ide_strict\build_v4\RawrXD-Win32IDE.vcxproj]
F:\~dev\rawrxd\src\deep2\streaming\EventLedger.cpp(71,32): error C2143: syntax error: missing ';' before ')' [F:\~dev\rawrxd\win32ide_strict\build_v4\RawrXD-Win32IDE.vcxproj]
F:\~dev\rawrxd\src\ai\streaming_inference_engine.cpp(120,19): error C2039: 'ok': is not a member of 'Deep2::Deep2Engine::DecodeOneResult' [F:\~dev\rawrxd\win32ide_strict\build_v4\RawrXD-Win32IDE.vcxproj]
      F:\~dev\rawrxd\src\deep2\Deep2Engine.h(588,12):
      see declaration of 'Deep2::Deep2Engine::DecodeOneResult'
  
  RawrXDAutoClosure.cpp
F:\~dev\rawrxd\src\closure\RawrXDAutoClosure.cpp(267,40): error C2678: binary '!': no operator found which takes a left-hand operand of type 'Deep2::Deep2Engine::ForwardResult' (or there is no acceptable conversion) [F:\~dev\rawrxd\win32ide_strict\build_v4\RawrXD-Win32IDE.vcxproj]
      F:\~dev\rawrxd\src\closure\RawrXDAutoClosure.cpp(267,40):
      could be 'built-in C++ operator!(bool)'
          F:\~dev\rawrxd\src\closure\RawrXDAutoClosure.cpp(267,40):
          '!': cannot convert argument 1 from 'Deep2::Deep2Engine::ForwardResult' to 'bool'
      F:\~dev\rawrxd\src\closure\RawrXDAutoClosure.cpp(267,40):
      while trying to match the argument list '(Deep2::Deep2Engine::ForwardResult)'
  
F:\~dev\rawrxd\src\closure\RawrXDAutoClosure.cpp(267,16): error C2088: built-in operator '!' cannot be applied to an operand of type 'Deep2::Deep2Engine::ForwardResult' [F:\~dev\rawrxd\win32ide_strict\build_v4\RawrXD-Win32IDE.vcxproj]
F:\~dev\rawrxd\src\closure\RawrXDAutoClosure.cpp(315,40): error C2678: binary '!': no operator found which takes a left-hand operand of type 'Deep2::Deep2Engine::ForwardResult' (or there is no acceptable conversion) [F:\~dev\rawrxd\win32ide_strict\build_v4\RawrXD-Win32IDE.vcxproj]
      F:\~dev\rawrxd\src\closure\RawrXDAutoClosure.cpp(315,40):
      could be 'built-in C++ operator!(bool)'
          F:\~dev\rawrxd\src\closure\RawrXDAutoClosure.cpp(315,40):
          '!': cannot convert argument 1 from 'Deep2::Deep2Engine::ForwardResult' to 'bool'
      F:\~dev\rawrxd\src\closure\RawrXDAutoClosure.cpp(315,40):
      while trying to match the argument list '(Deep2::Deep2Engine::ForwardResult)'
  
F:\~dev\rawrxd\src\closure\RawrXDAutoClosure.cpp(315,16): error C2088: built-in operator '!' cannot be applied to an operand of type 'Deep2::Deep2Engine::ForwardResult' [F:\~dev\rawrxd\win32ide_strict\build_v4\RawrXD-Win32IDE.vcxproj]
  RawrXDAgenticE2E.cpp
  Generating Code...
